Archive member included to satisfy reference by file (symbol)

/Users/alexv/projects/da14531/renesas/DA145xx_SDK/6.0.24.1464/projects/target_apps/ble_examples/thermometer/../../../../sdk/platform/system_library/output/Keil_5/da14535.lib(patch_3.o)
                              /Users/alexv/projects/da14531/renesas/DA145xx_SDK/6.0.24.1464/projects/target_apps/ble_examples/thermometer/build/DA14535/Users_alexv_projects_da14531_renesas_DA145xx_SDK_6.0.24.1464_projects_target_apps_ble_examples_thermometer_.._.._.._.._sdk_platform_arch_main_jump_table.o (symbol from plugin) (JT_llm_le_adv_report_ind_func)
/Users/alexv/projects/da14531/renesas/DA145xx_SDK/6.0.24.1464/projects/target_apps/ble_examples/thermometer/../../../../sdk/platform/system_library/output/Keil_5/da14535.lib(common.o)
                              /Users/alexv/projects/da14531/renesas/DA145xx_SDK/6.0.24.1464/projects/target_apps/ble_examples/thermometer/build/DA14535/Users_alexv_projects_da14531_renesas_DA145xx_SDK_6.0.24.1464_projects_target_apps_ble_examples_thermometer_.._.._.._.._sdk_platform_core_modules_rf_src_rf_531.o (symbol from plugin) (_WAIT10)
/Users/alexv/projects/da14531/renesas/DA145xx_SDK/6.0.24.1464/projects/target_apps/ble_examples/thermometer/../../../../sdk/platform/system_library/output/Keil_5/da14535.lib(arch_asm.o)
                              /Users/alexv/projects/da14531/renesas/DA145xx_SDK/6.0.24.1464/projects/target_apps/ble_examples/thermometer/../../../../sdk/platform/system_library/output/Keil_5/da14535.lib(common.o) (arch_asm_delay_us)
/Applications/ArmGNUToolchain/11.3.rel1/arm-none-eabi/bin/../lib/gcc/arm-none-eabi/11.3.1/../../../../arm-none-eabi/lib/thumb/v6-m/nofp/libg_nano.a(libc_a-exit.o)
                              /Applications/ArmGNUToolchain/11.3.rel1/arm-none-eabi/bin/../lib/gcc/arm-none-eabi/11.3.1/../../../../arm-none-eabi/lib/thumb/v6-m/nofp/crt0.o (exit)
/Applications/ArmGNUToolchain/11.3.rel1/arm-none-eabi/bin/../lib/gcc/arm-none-eabi/11.3.1/../../../../arm-none-eabi/lib/thumb/v6-m/nofp/libg_nano.a(libc_a-findfp.o)
                              /Applications/ArmGNUToolchain/11.3.rel1/arm-none-eabi/bin/../lib/gcc/arm-none-eabi/11.3.1/../../../../arm-none-eabi/lib/thumb/v6-m/nofp/libg_nano.a(libc_a-exit.o) (__stdio_exit_handler)
/Applications/ArmGNUToolchain/11.3.rel1/arm-none-eabi/bin/../lib/gcc/arm-none-eabi/11.3.1/../../../../arm-none-eabi/lib/thumb/v6-m/nofp/libg_nano.a(libc_a-fwalk.o)
                              /Applications/ArmGNUToolchain/11.3.rel1/arm-none-eabi/bin/../lib/gcc/arm-none-eabi/11.3.1/../../../../arm-none-eabi/lib/thumb/v6-m/nofp/libg_nano.a(libc_a-findfp.o) (_fwalk_sglue)
/Applications/ArmGNUToolchain/11.3.rel1/arm-none-eabi/bin/../lib/gcc/arm-none-eabi/11.3.1/../../../../arm-none-eabi/lib/thumb/v6-m/nofp/libg_nano.a(libc_a-memset.o)
                              /Applications/ArmGNUToolchain/11.3.rel1/arm-none-eabi/bin/../lib/gcc/arm-none-eabi/11.3.1/../../../../arm-none-eabi/lib/thumb/v6-m/nofp/crt0.o (memset)
/Applications/ArmGNUToolchain/11.3.rel1/arm-none-eabi/bin/../lib/gcc/arm-none-eabi/11.3.1/../../../../arm-none-eabi/lib/thumb/v6-m/nofp/libg_nano.a(libc_a-impure.o)
                              /Applications/ArmGNUToolchain/11.3.rel1/arm-none-eabi/bin/../lib/gcc/arm-none-eabi/11.3.1/../../../../arm-none-eabi/lib/thumb/v6-m/nofp/libg_nano.a(libc_a-findfp.o) (_impure_data)
/Applications/ArmGNUToolchain/11.3.rel1/arm-none-eabi/bin/../lib/gcc/arm-none-eabi/11.3.1/../../../../arm-none-eabi/lib/thumb/v6-m/nofp/libg_nano.a(libc_a-init.o)
                              /Applications/ArmGNUToolchain/11.3.rel1/arm-none-eabi/bin/../lib/gcc/arm-none-eabi/11.3.1/../../../../arm-none-eabi/lib/thumb/v6-m/nofp/crt0.o (__libc_init_array)
/Applications/ArmGNUToolchain/11.3.rel1/arm-none-eabi/bin/../lib/gcc/arm-none-eabi/11.3.1/../../../../arm-none-eabi/lib/thumb/v6-m/nofp/libg_nano.a(libc_a-lock.o)
                              /Applications/ArmGNUToolchain/11.3.rel1/arm-none-eabi/bin/../lib/gcc/arm-none-eabi/11.3.1/../../../../arm-none-eabi/lib/thumb/v6-m/nofp/libg_nano.a(libc_a-findfp.o) (__retarget_lock_init_recursive)
/Applications/ArmGNUToolchain/11.3.rel1/arm-none-eabi/bin/../lib/gcc/arm-none-eabi/11.3.1/../../../../arm-none-eabi/lib/thumb/v6-m/nofp/libg_nano.a(libc_a-aeabi_memcpy.o)
                              /Users/alexv/projects/da14531/renesas/DA145xx_SDK/6.0.24.1464/projects/target_apps/ble_examples/thermometer/../../../../sdk/platform/system_library/output/Keil_5/da14535.lib(patch_3.o) (__aeabi_memcpy)
/Applications/ArmGNUToolchain/11.3.rel1/arm-none-eabi/bin/../lib/gcc/arm-none-eabi/11.3.1/../../../../arm-none-eabi/lib/thumb/v6-m/nofp/libg_nano.a(libc_a-mallocr.o)
                              /Applications/ArmGNUToolchain/11.3.rel1/arm-none-eabi/bin/../lib/gcc/arm-none-eabi/11.3.1/../../../../arm-none-eabi/lib/thumb/v6-m/nofp/libg_nano.a(libc_a-findfp.o) (_malloc_r)
[...]
Memory Configuration

Name             Origin             Length             Attributes
LR_IROM1         0x0000000007fc0000 0x00000000000000c0 xrw
LR_IROM2         0x0000000007fc00c0 0x0000000000000050 xrw
LR_IROM3         0x0000000007fc0110 0x000000000000ca14 xrw
LR_RETAINED_RAM0 0x0000000007fccb24 0x00000000000014dc rw
LR_FREE_AREA_AT_TX_CNTL_BUFFER 0x0000000007fce884 0x00000000000000de xrw
LR_FREE_AREA_AT_TX_ADV_1_BUFFER 0x0000000007fce988 0x00000000000000e0 xrw
LR_FREE_AREA_AT_TX_ADV_2_BUFFER 0x0000000007fcea90 0x00000000000000de xrw
LR_FREE_AREA_AT_TX_ADV_3_BUFFER 0x0000000007fceb94 0x00000000000000e0 xrw
LR_FREE_AREA     0x0000000007fcf4ac 0x00000000000003f0 xrw
LR_RETAINED_TRNG_STATE 0x0000000007fcf89c 0x0000000000000004 rw
LR_RETAINED_CHACHA_STATE 0x0000000007fcf8a0 0x0000000000000060 rw
*default*        0x0000000000000000 0xffffffffffffffff

Linker script and memory map

LOAD /Applications/ArmGNUToolchain/11.3.rel1/arm-none-eabi/bin/../lib/gcc/arm-none-eabi/11.3.1/thumb/v6-m/nofp/crti.o
LOAD /Applications/ArmGNUToolchain/11.3.rel1/arm-none-eabi/bin/../lib/gcc/arm-none-eabi/11.3.1/thumb/v6-m/nofp/crtbegin.o
LOAD /Applications/ArmGNUToolchain/11.3.rel1/arm-none-eabi/bin/../lib/gcc/arm-none-eabi/11.3.1/../../../../arm-none-eabi/lib/thumb/v6-m/nofp/crt0.o
LOAD /Users/alexv/projects/da14531/renesas/DA145xx_SDK/6.0.24.1464/projects/target_apps/ble_examples/thermometer/build/DA14535/Users_alexv_projects_da14531_renesas_DA145xx_SDK_6.0.24.1464_projects_target_apps_ble_examples_thermometer_.._.._.._.._sdk_platform_arch_main_hardfault_handler.o
LOAD /var/folders/c6/60mxml0x32l7wff0nk0_tkx80000gp/T//ccldQAed.ltrans0.ltrans.o
LOAD /Users/alexv/projects/da14531/renesas/DA145xx_SDK/6.0.24.1464/projects/target_apps/ble_examples/thermometer/build/DA14535/Users_alexv_projects_da14531_renesas_DA145xx_SDK_6.0.24.1464_projects_target_apps_ble_examples_thermometer_.._.._.._.._sdk_platform_arch_main_nmi_handler.o
LOAD /Users/alexv/projects/da14531/renesas/DA145xx_SDK/6.0.24.1464/projects/target_apps/ble_examples/thermometer/build/DA14535/Users_alexv_projects_da14531_renesas_DA145xx_SDK_6.0.24.1464_projects_target_apps_ble_examples_thermometer_.._.._.._.._sdk_platform_arch_boot_startup_DA14535.o
LOAD /Users/alexv/projects/da14531/renesas/DA145xx_SDK/6.0.24.1464/projects/target_apps/ble_examples/thermometer/build/DA14535/Users_alexv_projects_da14531_renesas_DA145xx_SDK_6.0.24.1464_projects_target_apps_ble_examples_thermometer_.._.._.._.._sdk_platform_arch_boot_system_DA14535.o
LOAD /Users/alexv/projects/da14531/renesas/DA145xx_SDK/6.0.24.1464/projects/target_apps/ble_examples/thermometer/build/DA14535/Users_alexv_projects_da14531_renesas_DA145xx_SDK_6.0.24.1464_projects_target_apps_ble_examples_thermometer_.._.._.._.._sdk_app_modules_src_app_common_app.o
LOAD /Users/alexv/projects/da14531/renesas/DA145xx_SDK/6.0.24.1464/projects/target_apps/ble_examples/thermometer/build/DA14535/Users_alexv_projects_da14531_renesas_DA145xx_SDK_6.0.24.1464_projects_target_apps_ble_examples_thermometer_.._.._.._.._sdk_app_modules_src_app_bass_app_bass.o
LOAD /Users/alexv/projects/da14531/renesas/DA145xx_SDK/6.0.24.1464/projects/target_apps/ble_examples/thermometer/build/DA14535/Users_alexv_projects_da14531_renesas_DA145xx_SDK_6.0.24.1464_projects_target_apps_ble_examples_thermometer_.._.._.._.._sdk_app_modules_src_app_bass_app_bass_task.o
LOAD /Users/alexv/projects/da14531/renesas/DA145xx_SDK/6.0.24.1464/projects/target_apps/ble_examples/thermometer/build/DA14535/Users_alexv_projects_da14531_renesas_DA145xx_SDK_6.0.24.1464_projects_target_apps_ble_examples_thermometer_.._.._.._.._sdk_app_modules_src_app_diss_app_diss.o
LOAD /Users/alexv/projects/da14531/renesas/DA145xx_SDK/6.0.24.1464/projects/target_apps/ble_examples/thermometer/build/DA14535/Users_alexv_projects_da14531_renesas_DA145xx_SDK_6.0.24.1464_projects_target_apps_ble_examples_thermometer_.._.._.._.._sdk_app_modules_src_app_diss_app_diss_task.o
LOAD /Users/alexv/projects/da14531/renesas/DA145xx_SDK/6.0.24.1464/projects/target_apps/ble_examples/thermometer/build/DA14535/Users_alexv_projects_da14531_renesas_DA145xx_SDK_6.0.24.1464_projects_target_apps_ble_examples_thermometer_.._.._.._.._sdk_app_modules_src_app_bond_db_app_bond_db.o
LOAD /Users/alexv/projects/da14531/renesas/DA145xx_SDK/6.0.24.1464/projects/target_apps/ble_examples/thermometer/build/DA14535/Users_alexv_projects_da14531_renesas_DA145xx_SDK_6.0.24.1464_projects_target_apps_ble_examples_thermometer_.._.._.._.._sdk_app_modules_src_app_default_hnd_app_default_handlers.o
LOAD /Users/alexv/projects/da14531/renesas/DA145xx_SDK/6.0.24.1464/projects/target_apps/ble_examples/thermometer/build/DA14535/Users_alexv_projects_da14531_renesas_DA145xx_SDK_6.0.24.1464_projects_target_apps_ble_examples_thermometer_.._.._.._.._sdk_app_modules_src_app_easy_app_easy_crypto.o
LOAD /Users/alexv/projects/da14531/renesas/DA145xx_SDK/6.0.24.1464/projects/target_apps/ble_examples/thermometer/build/DA14535/Users_alexv_projects_da14531_renesas_DA145xx_SDK_6.0.24.1464_projects_target_apps_ble_examples_thermometer_.._.._.._.._sdk_app_modules_src_app_easy_app_easy_msg_utils.o
LOAD /Users/alexv/projects/da14531/renesas/DA145xx_SDK/6.0.24.1464/projects/target_apps/ble_examples/thermometer/build/DA14535/Users_alexv_projects_da14531_renesas_DA145xx_SDK_6.0.24.1464_projects_target_apps_ble_examples_thermometer_.._.._.._.._sdk_app_modules_src_app_easy_app_easy_security.o
LOAD /Users/alexv/projects/da14531/renesas/DA145xx_SDK/6.0.24.1464/projects/target_apps/ble_examples/thermometer/build/DA14535/Users_alexv_projects_da14531_renesas_DA145xx_SDK_6.0.24.1464_projects_target_apps_ble_examples_thermometer_.._.._.._.._sdk_app_modules_src_app_easy_app_easy_storage.o
LOAD /Users/alexv/projects/da14531/renesas/DA145xx_SDK/6.0.24.1464/projects/target_apps/ble_examples/thermometer/build/DA14535/Users_alexv_projects_da14531_renesas_DA145xx_SDK_6.0.24.1464_projects_target_apps_ble_examples_thermometer_.._.._.._.._sdk_app_modules_src_app_easy_app_easy_timer.o
LOAD /Users/alexv/projects/da14531/renesas/DA145xx_SDK/6.0.24.1464/projects/target_apps/ble_examples/thermometer/build/DA14535/Users_alexv_projects_da14531_renesas_DA145xx_SDK_6.0.24.1464_projects_target_apps_ble_examples_thermometer_.._.._.._.._sdk_app_modules_src_app_entry_app_entry_point.o
LOAD /Users/alexv/projects/da14531/renesas/DA145xx_SDK/6.0.24.1464/projects/target_apps/ble_examples/thermometer/build/DA14535/Users_alexv_projects_da14531_renesas_DA145xx_SDK_6.0.24.1464_projects_target_apps_ble_examples_thermometer_.._.._.._.._sdk_app_modules_src_app_htpt_app_htpt.o
LOAD /Users/alexv/projects/da14531/renesas/DA145xx_SDK/6.0.24.1464/projects/target_apps/ble_examples/thermometer/build/DA14535/Users_alexv_projects_da14531_renesas_DA145xx_SDK_6.0.24.1464_projects_target_apps_ble_examples_thermometer_.._.._.._.._sdk_app_modules_src_app_htpt_app_htpt_task.o
LOAD /Users/alexv/projects/da14531/renesas/DA145xx_SDK/6.0.24.1464/projects/target_apps/ble_examples/thermometer/build/DA14535/Users_alexv_projects_da14531_renesas_DA145xx_SDK_6.0.24.1464_projects_target_apps_ble_examples_thermometer_.._.._.._.._sdk_app_modules_src_app_common_app_msg_utils.o
LOAD /Users/alexv/projects/da14531/renesas/DA145xx_SDK/6.0.24.1464/projects/target_apps/ble_examples/thermometer/build/DA14535/Users_alexv_projects_da14531_renesas_DA145xx_SDK_6.0.24.1464_projects_target_apps_ble_examples_thermometer_.._.._.._.._sdk_app_modules_src_app_sec_app_security.o
LOAD /Users/alexv/projects/da14531/renesas/DA145xx_SDK/6.0.24.1464/projects/target_apps/ble_examples/thermometer/build/DA14535/Users_alexv_projects_da14531_renesas_DA145xx_SDK_6.0.24.1464_projects_target_apps_ble_examples_thermometer_.._.._.._.._sdk_app_modules_src_app_sec_app_security_task.o
LOAD /Users/alexv/projects/da14531/renesas/DA145xx_SDK/6.0.24.1464/projects/target_apps/ble_examples/thermometer/build/DA14535/Users_alexv_projects_da14531_renesas_DA145xx_SDK_6.0.24.1464_projects_target_apps_ble_examples_thermometer_.._.._.._.._sdk_app_modules_src_app_common_app_task.o
LOAD /Users/alexv/projects/da14531/renesas/DA145xx_SDK/6.0.24.1464/projects/target_apps/ble_examples/thermometer/build/DA14535/Users_alexv_projects_da14531_renesas_DA145xx_SDK_6.0.24.1464_projects_target_apps_ble_examples_thermometer_.._.._.._.._sdk_app_modules_src_app_common_app_utils.o
LOAD /Users/alexv/projects/da14531/renesas/DA145xx_SDK/6.0.24.1464/projects/target_apps/ble_examples/thermometer/build/DA14535/Users_alexv_projects_da14531_renesas_DA145xx_SDK_6.0.24.1464_projects_target_apps_ble_examples_thermometer_.._.._.._.._sdk_platform_core_modules_arch_console_arch_console.o
LOAD /Users/alexv/projects/da14531/renesas/DA145xx_SDK/6.0.24.1464/projects/target_apps/ble_examples/thermometer/build/DA14535/Users_alexv_projects_da14531_renesas_DA145xx_SDK_6.0.24.1464_projects_target_apps_ble_examples_thermometer_.._.._.._.._sdk_platform_arch_main_arch_hibernation.o
LOAD /Users/alexv/projects/da14531/renesas/DA145xx_SDK/6.0.24.1464/projects/target_apps/ble_examples/thermometer/build/DA14535/Users_alexv_projects_da14531_renesas_DA145xx_SDK_6.0.24.1464_projects_target_apps_ble_examples_thermometer_.._.._.._.._sdk_platform_arch_main_arch_main.o
LOAD /Users/alexv/projects/da14531/renesas/DA145xx_SDK/6.0.24.1464/projects/target_apps/ble_examples/thermometer/build/DA14535/Users_alexv_projects_da14531_renesas_DA145xx_SDK_6.0.24.1464_projects_target_apps_ble_examples_thermometer_.._.._.._.._sdk_platform_arch_main_arch_rom.o
LOAD /Users/alexv/projects/da14531/renesas/DA145xx_SDK/6.0.24.1464/projects/target_apps/ble_examples/thermometer/build/DA14535/Users_alexv_projects_da14531_renesas_DA145xx_SDK_6.0.24.1464_projects_target_apps_ble_examples_thermometer_.._.._.._.._sdk_platform_arch_main_arch_sleep.o
LOAD /Users/alexv/projects/da14531/renesas/DA145xx_SDK/6.0.24.1464/projects/target_apps/ble_examples/thermometer/build/DA14535/Users_alexv_projects_da14531_renesas_DA145xx_SDK_6.0.24.1464_projects_target_apps_ble_examples_thermometer_.._.._.._.._sdk_platform_arch_main_arch_system.o
LOAD /Users/alexv/projects/da14531/renesas/DA145xx_SDK/6.0.24.1464/projects/target_apps/ble_examples/thermometer/build/DA14535/Users_alexv_projects_da14531_renesas_DA145xx_SDK_6.0.24.1464_projects_target_apps_ble_examples_thermometer_.._.._.._.._third_party_rand_chacha20.o
LOAD /Users/alexv/projects/da14531/renesas/DA145xx_SDK/6.0.24.1464/projects/target_apps/ble_examples/thermometer/build/DA14535/Users_alexv_projects_da14531_renesas_DA145xx_SDK_6.0.24.1464_projects_target_apps_ble_examples_thermometer_.._.._.._.._third_party_hash_hash.o
LOAD /Users/alexv/projects/da14531/renesas/DA145xx_SDK/6.0.24.1464/projects/target_apps/ble_examples/thermometer/build/DA14535/Users_alexv_projects_da14531_renesas_DA145xx_SDK_6.0.24.1464_projects_target_apps_ble_examples_thermometer_.._.._.._.._sdk_platform_arch_main_jump_table.o
LOAD /Users/alexv/projects/da14531/renesas/DA145xx_SDK/6.0.24.1464/projects/target_apps/ble_examples/thermometer/build/DA14535/Users_alexv_projects_da14531_renesas_DA145xx_SDK_6.0.24.1464_projects_target_apps_ble_examples_thermometer_.._.._.._.._sdk_platform_core_modules_nvds_src_nvds.o
LOAD /Users/alexv/projects/da14531/renesas/DA145xx_SDK/6.0.24.1464/projects/target_apps/ble_examples/thermometer/build/DA14535/Users_alexv_projects_da14531_renesas_DA145xx_SDK_6.0.24.1464_projects_target_apps_ble_examples_thermometer_.._.._.._.._sdk_platform_utilities_otp_cs_otp_cs.o
LOAD /Users/alexv/projects/da14531/renesas/DA145xx_SDK/6.0.24.1464/projects/target_apps/ble_examples/thermometer/build/DA14535/Users_alexv_projects_da14531_renesas_DA145xx_SDK_6.0.24.1464_projects_target_apps_ble_examples_thermometer_.._.._.._.._sdk_platform_utilities_otp_hdr_otp_hdr.o
LOAD /Users/alexv/projects/da14531/renesas/DA145xx_SDK/6.0.24.1464/projects/target_apps/ble_examples/thermometer/build/DA14535/Users_alexv_projects_da14531_renesas_DA145xx_SDK_6.0.24.1464_projects_target_apps_ble_examples_thermometer_.._.._.._.._sdk_platform_system_library_src_DA14531_system_library_531.o
LOAD /Users/alexv/projects/da14531/renesas/DA145xx_SDK/6.0.24.1464/projects/target_apps/ble_examples/thermometer/build/DA14535/Users_alexv_projects_da14531_renesas_DA145xx_SDK_6.0.24.1464_projects_target_apps_ble_examples_thermometer_.._.._.._.._sdk_platform_system_library_src_DA14531_01_system_library_531_01.o
LOAD /Users/alexv/projects/da14531/renesas/DA145xx_SDK/6.0.24.1464/projects/target_apps/ble_examples/thermometer/build/DA14535/Users_alexv_projects_da14531_renesas_DA145xx_SDK_6.0.24.1464_projects_target_apps_ble_examples_thermometer_.._.._.._.._sdk_platform_system_library_src_DA14535_system_library_535.o
LOAD /Users/alexv/projects/da14531/renesas/DA145xx_SDK/6.0.24.1464/projects/target_apps/ble_examples/thermometer/build/DA14535/Users_alexv_projects_da14531_renesas_DA145xx_SDK_6.0.24.1464_projects_target_apps_ble_examples_thermometer_.._.._.._.._sdk_platform_system_library_src_DA14585_586_system_library_585_586.o
LOAD /Users/alexv/projects/da14531/renesas/DA145xx_SDK/6.0.24.1464/projects/target_apps/ble_examples/thermometer/build/DA14535/Users_alexv_projects_da14531_renesas_DA145xx_SDK_6.0.24.1464_projects_target_apps_ble_examples_thermometer_.._.._.._.._sdk_platform_core_modules_rf_src_ble_arp.o
LOAD /Users/alexv/projects/da14531/renesas/DA145xx_SDK/6.0.24.1464/projects/target_apps/ble_examples/thermometer/build/DA14535/Users_alexv_projects_da14531_renesas_DA145xx_SDK_6.0.24.1464_projects_target_apps_ble_examples_thermometer_.._.._.._.._sdk_platform_core_modules_rf_src_rf_531.o
LOAD /Users/alexv/projects/da14531/renesas/DA145xx_SDK/6.0.24.1464/projects/target_apps/ble_examples/thermometer/build/DA14535/Users_alexv_projects_da14531_renesas_DA145xx_SDK_6.0.24.1464_projects_target_apps_ble_examples_thermometer_.._.._.._.._sdk_ble_stack_rwble_rwble.o
LOAD /Users/alexv/projects/da14531/renesas/DA145xx_SDK/6.0.24.1464/projects/target_apps/ble_examples/thermometer/build/DA14535/Users_alexv_projects_da14531_renesas_DA145xx_SDK_6.0.24.1464_projects_target_apps_ble_examples_thermometer_.._.._.._.._sdk_platform_core_modules_rwip_src_rwip.o
LOAD /Users/alexv/projects/da14531/renesas/DA145xx_SDK/6.0.24.1464/projects/target_apps/ble_examples/thermometer/build/DA14535/Users_alexv_projects_da14531_renesas_DA145xx_SDK_6.0.24.1464_projects_target_apps_ble_examples_thermometer_.._.._.._.._sdk_platform_driver_adc_adc_531.o
LOAD /Users/alexv/projects/da14531/renesas/DA145xx_SDK/6.0.24.1464/projects/target_apps/ble_examples/thermometer/build/DA14535/Users_alexv_projects_da14531_renesas_DA145xx_SDK_6.0.24.1464_projects_target_apps_ble_examples_thermometer_.._.._.._.._sdk_platform_driver_battery_battery.o
LOAD /Users/alexv/projects/da14531/renesas/DA145xx_SDK/6.0.24.1464/projects/target_apps/ble_examples/thermometer/build/DA14535/Users_alexv_projects_da14531_renesas_DA145xx_SDK_6.0.24.1464_projects_target_apps_ble_examples_thermometer_.._.._.._.._sdk_platform_driver_dma_dma.o
LOAD /Users/alexv/projects/da14531/renesas/DA145xx_SDK/6.0.24.1464/projects/target_apps/ble_examples/thermometer/build/DA14535/Users_alexv_projects_da14531_renesas_DA145xx_SDK_6.0.24.1464_projects_target_apps_ble_examples_thermometer_.._.._.._.._sdk_platform_driver_gpio_gpio.o
LOAD /Users/alexv/projects/da14531/renesas/DA145xx_SDK/6.0.24.1464/projects/target_apps/ble_examples/thermometer/build/DA14535/Users_alexv_projects_da14531_renesas_DA145xx_SDK_6.0.24.1464_projects_target_apps_ble_examples_thermometer_.._.._.._.._sdk_platform_driver_hw_otpc_hw_otpc_531.o
LOAD /Users/alexv/projects/da14531/renesas/DA145xx_SDK/6.0.24.1464/projects/target_apps/ble_examples/thermometer/build/DA14535/Users_alexv_projects_da14531_renesas_DA145xx_SDK_6.0.24.1464_projects_target_apps_ble_examples_thermometer_.._.._.._.._sdk_platform_driver_i2c_i2c.o
LOAD /Users/alexv/projects/da14531/renesas/DA145xx_SDK/6.0.24.1464/projects/target_apps/ble_examples/thermometer/build/DA14535/Users_alexv_projects_da14531_renesas_DA145xx_SDK_6.0.24.1464_projects_target_apps_ble_examples_thermometer_.._.._.._.._sdk_platform_driver_syscntl_syscntl.o
LOAD /Users/alexv/projects/da14531/renesas/DA145xx_SDK/6.0.24.1464/projects/target_apps/ble_examples/thermometer/build/DA14535/Users_alexv_projects_da14531_renesas_DA145xx_SDK_6.0.24.1464_projects_target_apps_ble_examples_thermometer_.._.._.._.._sdk_platform_driver_timer_timer1.o
LOAD /Users/alexv/projects/da14531/renesas/DA145xx_SDK/6.0.24.1464/projects/target_apps/ble_examples/thermometer/build/DA14535/Users_alexv_projects_da14531_renesas_DA145xx_SDK_6.0.24.1464_projects_target_apps_ble_examples_thermometer_.._.._.._.._sdk_platform_driver_trng_trng.o
LOAD /Users/alexv/projects/da14531/renesas/DA145xx_SDK/6.0.24.1464/projects/target_apps/ble_examples/thermometer/build/DA14535/Users_alexv_projects_da14531_renesas_DA145xx_SDK_6.0.24.1464_projects_target_apps_ble_examples_thermometer_.._.._.._.._sdk_platform_driver_uart_uart.o
LOAD /Users/alexv/projects/da14531/renesas/DA145xx_SDK/6.0.24.1464/projects/target_apps/ble_examples/thermometer/build/DA14535/Users_alexv_projects_da14531_renesas_DA145xx_SDK_6.0.24.1464_projects_target_apps_ble_examples_thermometer_.._.._.._.._sdk_platform_driver_wkupct_quadec_wkupct_quadec.o
LOAD /Users/alexv/projects/da14531/renesas/DA145xx_SDK/6.0.24.1464/projects/target_apps/ble_examples/thermometer/build/DA14535/Users_alexv_projects_da14531_renesas_DA145xx_SDK_6.0.24.1464_projects_target_apps_ble_examples_thermometer_.._.._.._.._sdk_ble_stack_profiles_bas_bass_src_bass.o
LOAD /Users/alexv/projects/da14531/renesas/DA145xx_SDK/6.0.24.1464/projects/target_apps/ble_examples/thermometer/build/DA14535/Users_alexv_projects_da14531_renesas_DA145xx_SDK_6.0.24.1464_projects_target_apps_ble_examples_thermometer_.._.._.._.._sdk_ble_stack_profiles_bas_bass_src_bass_task.o
LOAD /Users/alexv/projects/da14531/renesas/DA145xx_SDK/6.0.24.1464/projects/target_apps/ble_examples/thermometer/build/DA14535/Users_alexv_projects_da14531_renesas_DA145xx_SDK_6.0.24.1464_projects_target_apps_ble_examples_thermometer_.._.._.._.._sdk_ble_stack_profiles_dis_diss_src_diss.o
LOAD /Users/alexv/projects/da14531/renesas/DA145xx_SDK/6.0.24.1464/projects/target_apps/ble_examples/thermometer/build/DA14535/Users_alexv_projects_da14531_renesas_DA145xx_SDK_6.0.24.1464_projects_target_apps_ble_examples_thermometer_.._.._.._.._sdk_ble_stack_profiles_dis_diss_src_diss_task.o
LOAD /Users/alexv/projects/da14531/renesas/DA145xx_SDK/6.0.24.1464/projects/target_apps/ble_examples/thermometer/build/DA14535/Users_alexv_projects_da14531_renesas_DA145xx_SDK_6.0.24.1464_projects_target_apps_ble_examples_thermometer_.._.._.._.._sdk_ble_stack_profiles_htp_htpt_src_htpt.o
LOAD /Users/alexv/projects/da14531/renesas/DA145xx_SDK/6.0.24.1464/projects/target_apps/ble_examples/thermometer/build/DA14535/Users_alexv_projects_da14531_renesas_DA145xx_SDK_6.0.24.1464_projects_target_apps_ble_examples_thermometer_.._.._.._.._sdk_ble_stack_profiles_htp_htpt_src_htpt_task.o
LOAD /Users/alexv/projects/da14531/renesas/DA145xx_SDK/6.0.24.1464/projects/target_apps/ble_examples/thermometer/build/DA14535/Users_alexv_projects_da14531_renesas_DA145xx_SDK_6.0.24.1464_projects_target_apps_ble_examples_thermometer_.._.._.._.._sdk_ble_stack_profiles_prf.o
LOAD /Users/alexv/projects/da14531/renesas/DA145xx_SDK/6.0.24.1464/projects/target_apps/ble_examples/thermometer/build/DA14535/Users_alexv_projects_da14531_renesas_DA145xx_SDK_6.0.24.1464_projects_target_apps_ble_examples_thermometer_.._.._.._.._sdk_ble_stack_profiles_prf_utils.o
LOAD /Users/alexv/projects/da14531/renesas/DA145xx_SDK/6.0.24.1464/projects/target_apps/ble_examples/thermometer/build/DA14535/Users_alexv_projects_da14531_renesas_DA145xx_SDK_6.0.24.1464_projects_target_apps_ble_examples_thermometer_src_thermometer.o
LOAD /Users/alexv/projects/da14531/renesas/DA145xx_SDK/6.0.24.1464/projects/target_apps/ble_examples/thermometer/build/DA14535/Users_alexv_projects_da14531_renesas_DA145xx_SDK_6.0.24.1464_projects_target_apps_ble_examples_thermometer_src_i2c_temp_sensor.o
LOAD /Users/alexv/projects/da14531/renesas/DA145xx_SDK/6.0.24.1464/projects/target_apps/ble_examples/thermometer/build/DA14535/Users_alexv_projects_da14531_renesas_DA145xx_SDK_6.0.24.1464_projects_target_apps_ble_examples_thermometer_src_platform_user_periph_setup.o
LOAD /Users/alexv/projects/da14531/renesas/DA145xx_SDK/6.0.24.1464/projects/target_apps/ble_examples/thermometer/../../../../sdk/platform/system_library/output/Keil_5/da14535.lib
START GROUP
LOAD /Applications/ArmGNUToolchain/11.3.rel1/arm-none-eabi/bin/../lib/gcc/arm-none-eabi/11.3.1/thumb/v6-m/nofp/libgcc.a
LOAD /Applications/ArmGNUToolchain/11.3.rel1/arm-none-eabi/bin/../lib/gcc/arm-none-eabi/11.3.1/../../../../arm-none-eabi/lib/thumb/v6-m/nofp/libg_nano.a
LOAD /Applications/ArmGNUToolchain/11.3.rel1/arm-none-eabi/bin/../lib/gcc/arm-none-eabi/11.3.1/../../../../arm-none-eabi/lib/thumb/v6-m/nofp/libc_nano.a
END GROUP
START GROUP
LOAD /Applications/ArmGNUToolchain/11.3.rel1/arm-none-eabi/bin/../lib/gcc/arm-none-eabi/11.3.1/thumb/v6-m/nofp/libgcc.a
LOAD /Applications/ArmGNUToolchain/11.3.rel1/arm-none-eabi/bin/../lib/gcc/arm-none-eabi/11.3.1/../../../../arm-none-eabi/lib/thumb/v6-m/nofp/libc_nano.a
LOAD /Applications/ArmGNUToolchain/11.3.rel1/arm-none-eabi/bin/../lib/gcc/arm-none-eabi/11.3.1/../../../../arm-none-eabi/lib/thumb/v6-m/nofp/libnosys.a
END GROUP
START GROUP
LOAD /Applications/ArmGNUToolchain/11.3.rel1/arm-none-eabi/bin/../lib/gcc/arm-none-eabi/11.3.1/thumb/v6-m/nofp/libgcc.a
LOAD /Applications/ArmGNUToolchain/11.3.rel1/arm-none-eabi/bin/../lib/gcc/arm-none-eabi/11.3.1/../../../../arm-none-eabi/lib/thumb/v6-m/nofp/libc_nano.a
LOAD /Applications/ArmGNUToolchain/11.3.rel1/arm-none-eabi/bin/../lib/gcc/arm-none-eabi/11.3.1/../../../../arm-none-eabi/lib/thumb/v6-m/nofp/libnosys.a
END GROUP
LOAD /Applications/ArmGNUToolchain/11.3.rel1/arm-none-eabi/bin/../lib/gcc/arm-none-eabi/11.3.1/thumb/v6-m/nofp/crtend.o
LOAD /Applications/ArmGNUToolchain/11.3.rel1/arm-none-eabi/bin/../lib/gcc/arm-none-eabi/11.3.1/thumb/v6-m/nofp/crtn.o
                0x0000000007fc0110                __ER_IROM3_BASE__ = ORIGIN (LR_IROM3)
                0x000000000000ca14                __ER_IROM3_LENGTH__ = LENGTH (LR_IROM3)

ER_IROM1        0x0000000007fc0000       0xc0
 *(.vectors)
 .vectors       0x0000000007fc0000       0xa0 /var/folders/c6/60mxml0x32l7wff0nk0_tkx80000gp/T//ccldQAed.ltrans0.ltrans.o
                0x0000000007fc0000                __Vectors
 *(otp_cs_booter)
 otp_cs_booter  0x0000000007fc00a0        0x8 /var/folders/c6/60mxml0x32l7wff0nk0_tkx80000gp/T//ccldQAed.ltrans0.ltrans.o
                0x00000000000000c0                . = 0xc0
 *fill*         0x0000000007fc00a8       0x18 

ER_IROM2        0x0000000007fc00c0       0x50
 *(patch_table)
 patch_table    0x0000000007fc00c0       0x50 /var/folders/c6/60mxml0x32l7wff0nk0_tkx80000gp/T//ccldQAed.ltrans0.ltrans.o
                0x0000000007fc00c0                patch_table_var

ER_IROM3        0x0000000007fc0110     0x53df
 *(.isr_impl)
 *(.text.disp_heaplog)
 *(.text*)
 .text.deregister_tm_clones
                0x0000000007fc0110       0x20 /Applications/ArmGNUToolchain/11.3.rel1/arm-none-eabi/bin/../lib/gcc/arm-none-eabi/11.3.1/thumb/v6-m/nofp/crtbegin.o
 .text.register_tm_clones
                0x0000000007fc0130       0x28 /Applications/ArmGNUToolchain/11.3.rel1/arm-none-eabi/bin/../lib/gcc/arm-none-eabi/11.3.1/thumb/v6-m/nofp/crtbegin.o
 .text.__do_global_dtors_aux
                0x0000000007fc0158       0x2c /Applications/ArmGNUToolchain/11.3.rel1/arm-none-eabi/bin/../lib/gcc/arm-none-eabi/11.3.1/thumb/v6-m/nofp/crtbegin.o
 .text.frame_dummy
                0x0000000007fc0184       0x24 /Applications/ArmGNUToolchain/11.3.rel1/arm-none-eabi/bin/../lib/gcc/arm-none-eabi/11.3.1/thumb/v6-m/nofp/crtbegin.o
 .text          0x0000000007fc01a8       0x80 /Applications/ArmGNUToolchain/11.3.rel1/arm-none-eabi/bin/../lib/gcc/arm-none-eabi/11.3.1/../../../../arm-none-eabi/lib/thumb/v6-m/nofp/crt0.o
                0x0000000007fc01a8                _stack_init
                0x0000000007fc01b4                _mainCRTStartup
                0x0000000007fc01b4                _start
 .text.Default_Handler
                0x0000000007fc0228        0x2 /var/folders/c6/60mxml0x32l7wff0nk0_tkx80000gp/T//ccldQAed.ltrans0.ltrans.o
 *fill*         0x0000000007fc022a        0x2 
 .text.HardFault_Handler
                0x0000000007fc022c       0x20 /var/folders/c6/60mxml0x32l7wff0nk0_tkx80000gp/T//ccldQAed.ltrans0.ltrans.o
 .text.NMI_Handler
                0x0000000007fc024c       0x20 /var/folders/c6/60mxml0x32l7wff0nk0_tkx80000gp/T//ccldQAed.ltrans0.ltrans.o
 .text.app_db_init_next
                0x0000000007fc026c       0x6c /var/folders/c6/60mxml0x32l7wff0nk0_tkx80000gp/T//ccldQAed.ltrans0.ltrans.o
 .text.bass_enable_rsp_handler
                0x0000000007fc02d8        0x4 /var/folders/c6/60mxml0x32l7wff0nk0_tkx80000gp/T//ccldQAed.ltrans0.ltrans.o
 .text.bass_batt_level_upd_rsp_handler
                0x0000000007fc02dc        0x4 /var/folders/c6/60mxml0x32l7wff0nk0_tkx80000gp/T//ccldQAed.ltrans0.ltrans.o
 .text.bass_batt_level_ntf_cfg_ind_handler
                0x0000000007fc02e0        0x4 /var/folders/c6/60mxml0x32l7wff0nk0_tkx80000gp/T//ccldQAed.ltrans0.ltrans.o
 .text.app_dis_init
                0x0000000007fc02e4        0x2 /var/folders/c6/60mxml0x32l7wff0nk0_tkx80000gp/T//ccldQAed.ltrans0.ltrans.o
 *fill*         0x0000000007fc02e6        0x2 
 .text.default_app_on_get_dev_appearance
                0x0000000007fc02e8        0xc /var/folders/c6/60mxml0x32l7wff0nk0_tkx80000gp/T//ccldQAed.ltrans0.ltrans.o
 .text.default_app_on_get_dev_slv_pref_params
                0x0000000007fc02f4       0x12 /var/folders/c6/60mxml0x32l7wff0nk0_tkx80000gp/T//ccldQAed.ltrans0.ltrans.o
 .text.default_app_update_params_request
                0x0000000007fc0306        0xc /var/folders/c6/60mxml0x32l7wff0nk0_tkx80000gp/T//ccldQAed.ltrans0.ltrans.o
 *fill*         0x0000000007fc0312        0x2 
 .text.app_msg_utils_api_process_handler
                0x0000000007fc0314       0x30 /var/folders/c6/60mxml0x32l7wff0nk0_tkx80000gp/T//ccldQAed.ltrans0.ltrans.o
 .text.timer_modified_handler
                0x0000000007fc0344        0x2 /var/folders/c6/60mxml0x32l7wff0nk0_tkx80000gp/T//ccldQAed.ltrans0.ltrans.o
 .text.htpt_enable_cfm_handler
                0x0000000007fc0346        0x4 /var/folders/c6/60mxml0x32l7wff0nk0_tkx80000gp/T//ccldQAed.ltrans0.ltrans.o
 .text.htpt_meas_send_cfm_handler
                0x0000000007fc034a        0x4 /var/folders/c6/60mxml0x32l7wff0nk0_tkx80000gp/T//ccldQAed.ltrans0.ltrans.o
 *fill*         0x0000000007fc034e        0x2 
 .text.app_check_BLE_active
                0x0000000007fc0350       0x34 /var/folders/c6/60mxml0x32l7wff0nk0_tkx80000gp/T//ccldQAed.ltrans0.ltrans.o
 .text.gapc_encrypt_req_ind_handler
                0x0000000007fc0384        0x4 /var/folders/c6/60mxml0x32l7wff0nk0_tkx80000gp/T//ccldQAed.ltrans0.ltrans.o
 .text.gapc_encrypt_ind_handler
                0x0000000007fc0388       0x18 /var/folders/c6/60mxml0x32l7wff0nk0_tkx80000gp/T//ccldQAed.ltrans0.ltrans.o
 .text.gapm_addr_solved_ind_handler
                0x0000000007fc03a0        0x4 /var/folders/c6/60mxml0x32l7wff0nk0_tkx80000gp/T//ccldQAed.ltrans0.ltrans.o
 .text.lld_sleep_lpcycles_2_us_rcx_func
                0x0000000007fc03a4       0x28 /var/folders/c6/60mxml0x32l7wff0nk0_tkx80000gp/T//ccldQAed.ltrans0.ltrans.o
 .text.lld_sleep_us_2_lpcycles_sel_func
                0x0000000007fc03cc       0x20 /var/folders/c6/60mxml0x32l7wff0nk0_tkx80000gp/T//ccldQAed.ltrans0.ltrans.o
 .text.lld_sleep_lpcycles_2_us_sel_func
                0x0000000007fc03ec        0x8 /var/folders/c6/60mxml0x32l7wff0nk0_tkx80000gp/T//ccldQAed.ltrans0.ltrans.o
 .text.crypto_init_func
                0x0000000007fc03f4        0x2 /var/folders/c6/60mxml0x32l7wff0nk0_tkx80000gp/T//ccldQAed.ltrans0.ltrans.o
 .text.dbg_init_func_empty
                0x0000000007fc03f6        0x2 /var/folders/c6/60mxml0x32l7wff0nk0_tkx80000gp/T//ccldQAed.ltrans0.ltrans.o
 .text.dbg_platform_reset_complete_func_empty
                0x0000000007fc03f8        0x2 /var/folders/c6/60mxml0x32l7wff0nk0_tkx80000gp/T//ccldQAed.ltrans0.ltrans.o
 *fill*         0x0000000007fc03fa        0x2 
 .text.platform_reset_func
                0x0000000007fc03fc       0x24 /var/folders/c6/60mxml0x32l7wff0nk0_tkx80000gp/T//ccldQAed.ltrans0.ltrans.o
 .text.otp_cs_store_user_handler
                0x0000000007fc0420       0x48 /var/folders/c6/60mxml0x32l7wff0nk0_tkx80000gp/T//ccldQAed.ltrans0.ltrans.o
 .text.pd_sys_func
                0x0000000007fc0468       0x1c /var/folders/c6/60mxml0x32l7wff0nk0_tkx80000gp/T//ccldQAed.ltrans0.ltrans.o
 .text.pd_id21_func
                0x0000000007fc0484       0x38 /var/folders/c6/60mxml0x32l7wff0nk0_tkx80000gp/T//ccldQAed.ltrans0.ltrans.o
 .text.rf_reg_rd
                0x0000000007fc04bc        0x4 /var/folders/c6/60mxml0x32l7wff0nk0_tkx80000gp/T//ccldQAed.ltrans0.ltrans.o
 .text.rf_reg_wr
                0x0000000007fc04c0        0x2 /var/folders/c6/60mxml0x32l7wff0nk0_tkx80000gp/T//ccldQAed.ltrans0.ltrans.o
 .text.rf_reset
                0x0000000007fc04c2        0x2 /var/folders/c6/60mxml0x32l7wff0nk0_tkx80000gp/T//ccldQAed.ltrans0.ltrans.o
 .text.rf_rssi_convert
                0x0000000007fc04c4       0x30 /var/folders/c6/60mxml0x32l7wff0nk0_tkx80000gp/T//ccldQAed.ltrans0.ltrans.o
 .text.RADIOCNTL_Handler
                0x0000000007fc04f4        0x2 /var/folders/c6/60mxml0x32l7wff0nk0_tkx80000gp/T//ccldQAed.ltrans0.ltrans.o
 .text.rf_force_agc_enable
                0x0000000007fc04f6        0x2 /var/folders/c6/60mxml0x32l7wff0nk0_tkx80000gp/T//ccldQAed.ltrans0.ltrans.o
 .text.rf_txpwr_dbm_get
                0x0000000007fc04f8       0x2c /var/folders/c6/60mxml0x32l7wff0nk0_tkx80000gp/T//ccldQAed.ltrans0.ltrans.o
 .text.set_recommended_settings
                0x0000000007fc0524      0x2d8 /var/folders/c6/60mxml0x32l7wff0nk0_tkx80000gp/T//ccldQAed.ltrans0.ltrans.o
 .text.lld_sleep_compensate_func
                0x0000000007fc07fc       0x58 /var/folders/c6/60mxml0x32l7wff0nk0_tkx80000gp/T//ccldQAed.ltrans0.ltrans.o
 .text.dlg_error_isr
                0x0000000007fc0854        0x4 /var/folders/c6/60mxml0x32l7wff0nk0_tkx80000gp/T//ccldQAed.ltrans0.ltrans.o
 .text.ADC_Handler
                0x0000000007fc0858       0x1c /var/folders/c6/60mxml0x32l7wff0nk0_tkx80000gp/T//ccldQAed.ltrans0.ltrans.o
 .text.batt_cal_cr2032
                0x0000000007fc0874       0x2c /var/folders/c6/60mxml0x32l7wff0nk0_tkx80000gp/T//ccldQAed.ltrans0.ltrans.o
 .text.tx_reply
                0x0000000007fc08a0       0x3c /var/folders/c6/60mxml0x32l7wff0nk0_tkx80000gp/T//ccldQAed.ltrans0.ltrans.o
 .text.intr_master_transmit_buffer_handler
                0x0000000007fc08dc       0xb4 /var/folders/c6/60mxml0x32l7wff0nk0_tkx80000gp/T//ccldQAed.ltrans0.ltrans.o
 .text.rx_reply
                0x0000000007fc0990       0x3c /var/folders/c6/60mxml0x32l7wff0nk0_tkx80000gp/T//ccldQAed.ltrans0.ltrans.o
 .text.intr_master_receive_buffer_handler
                0x0000000007fc09cc       0xbc /var/folders/c6/60mxml0x32l7wff0nk0_tkx80000gp/T//ccldQAed.ltrans0.ltrans.o
 .text.I2C_Handler
                0x0000000007fc0a88       0x30 /var/folders/c6/60mxml0x32l7wff0nk0_tkx80000gp/T//ccldQAed.ltrans0.ltrans.o
 .text.SWTIM1_Handler
                0x0000000007fc0ab8       0x5c /var/folders/c6/60mxml0x32l7wff0nk0_tkx80000gp/T//ccldQAed.ltrans0.ltrans.o
 .text.bass_create
                0x0000000007fc0b14       0x10 /var/folders/c6/60mxml0x32l7wff0nk0_tkx80000gp/T//ccldQAed.ltrans0.ltrans.o
 .text.bass_cleanup
                0x0000000007fc0b24       0x10 /var/folders/c6/60mxml0x32l7wff0nk0_tkx80000gp/T//ccldQAed.ltrans0.ltrans.o
 .text.bass_prf_itf_get
                0x0000000007fc0b34        0x8 /var/folders/c6/60mxml0x32l7wff0nk0_tkx80000gp/T//ccldQAed.ltrans0.ltrans.o
 .text.diss_create
                0x0000000007fc0b3c        0x2 /var/folders/c6/60mxml0x32l7wff0nk0_tkx80000gp/T//ccldQAed.ltrans0.ltrans.o
 .text.diss_cleanup
                0x0000000007fc0b3e        0x2 /var/folders/c6/60mxml0x32l7wff0nk0_tkx80000gp/T//ccldQAed.ltrans0.ltrans.o
 .text.diss_prf_itf_get
                0x0000000007fc0b40        0x8 /var/folders/c6/60mxml0x32l7wff0nk0_tkx80000gp/T//ccldQAed.ltrans0.ltrans.o
 .text.diss_value_to_handle
                0x0000000007fc0b48       0x2e /var/folders/c6/60mxml0x32l7wff0nk0_tkx80000gp/T//ccldQAed.ltrans0.ltrans.o
 .text.htpt_create
                0x0000000007fc0b76        0xa /var/folders/c6/60mxml0x32l7wff0nk0_tkx80000gp/T//ccldQAed.ltrans0.ltrans.o
 .text.htpt_prf_itf_get
                0x0000000007fc0b80        0x8 /var/folders/c6/60mxml0x32l7wff0nk0_tkx80000gp/T//ccldQAed.ltrans0.ltrans.o
 .text.htpt_att_hdl_get
                0x0000000007fc0b88       0x38 /var/folders/c6/60mxml0x32l7wff0nk0_tkx80000gp/T//ccldQAed.ltrans0.ltrans.o
 .text.htpt_att_idx_get
                0x0000000007fc0bc0       0x70 /var/folders/c6/60mxml0x32l7wff0nk0_tkx80000gp/T//ccldQAed.ltrans0.ltrans.o
 .text.uart_rx_isr.constprop.0
                0x0000000007fc0c30       0x5c /var/folders/c6/60mxml0x32l7wff0nk0_tkx80000gp/T//ccldQAed.ltrans0.ltrans.o
 .text.UART2_Handler
                0x0000000007fc0c8c       0xcc /var/folders/c6/60mxml0x32l7wff0nk0_tkx80000gp/T//ccldQAed.ltrans0.ltrans.o
 .text.i2c_master_transmit_buffer_async.constprop.0
                0x0000000007fc0d58       0x48 /var/folders/c6/60mxml0x32l7wff0nk0_tkx80000gp/T//ccldQAed.ltrans0.ltrans.o
 .text.calibrate_rcx20.constprop.0
                0x0000000007fc0da0       0x30 /var/folders/c6/60mxml0x32l7wff0nk0_tkx80000gp/T//ccldQAed.ltrans0.ltrans.o
 .text.battery_get_lvl.constprop.0
                0x0000000007fc0dd0        0xc /var/folders/c6/60mxml0x32l7wff0nk0_tkx80000gp/T//ccldQAed.ltrans0.ltrans.o
 .text.arch_ble_force_wakeup.isra.0
                0x0000000007fc0ddc       0x34 /var/folders/c6/60mxml0x32l7wff0nk0_tkx80000gp/T//ccldQAed.ltrans0.ltrans.o
 .text.Reset_Handler
                0x0000000007fc0e10       0x6c /var/folders/c6/60mxml0x32l7wff0nk0_tkx80000gp/T//ccldQAed.ltrans0.ltrans.o
                0x0000000007fc0e10                Reset_Handler
 .text.app_easy_gap_advertise_stop_handler
                0x0000000007fc0e7c       0x20 /var/folders/c6/60mxml0x32l7wff0nk0_tkx80000gp/T//ccldQAed.ltrans0.ltrans.o
 .text.app_easy_gap_dev_configure
                0x0000000007fc0e9c       0x7c /var/folders/c6/60mxml0x32l7wff0nk0_tkx80000gp/T//ccldQAed.ltrans0.ltrans.o
 .text.ltk_exch_create_msg
                0x0000000007fc0f18       0x34 /var/folders/c6/60mxml0x32l7wff0nk0_tkx80000gp/T//ccldQAed.ltrans0.ltrans.o
 .text.app_easy_security_send_pairing_rsp.constprop.0
                0x0000000007fc0f4c       0x4c /var/folders/c6/60mxml0x32l7wff0nk0_tkx80000gp/T//ccldQAed.ltrans0.ltrans.o
 .text.default_app_on_pairing_request
                0x0000000007fc0f98        0x8 /var/folders/c6/60mxml0x32l7wff0nk0_tkx80000gp/T//ccldQAed.ltrans0.ltrans.o
 .text.app_bass_create_db
                0x0000000007fc0fa0       0x4c /var/folders/c6/60mxml0x32l7wff0nk0_tkx80000gp/T//ccldQAed.ltrans0.ltrans.o
 .text.app_diss_create_db
                0x0000000007fc0fec       0x38 /var/folders/c6/60mxml0x32l7wff0nk0_tkx80000gp/T//ccldQAed.ltrans0.ltrans.o
 .text.app_htpt_create_db
                0x0000000007fc1024       0x40 /var/folders/c6/60mxml0x32l7wff0nk0_tkx80000gp/T//ccldQAed.ltrans0.ltrans.o
 .text.app_bass_enable
                0x0000000007fc1064       0x64 /var/folders/c6/60mxml0x32l7wff0nk0_tkx80000gp/T//ccldQAed.ltrans0.ltrans.o
 .text.app_bass_timer_handler
                0x0000000007fc10c8       0x84 /var/folders/c6/60mxml0x32l7wff0nk0_tkx80000gp/T//ccldQAed.ltrans0.ltrans.o
 .text.app_bass_alert_timer_handler
                0x0000000007fc114c       0x48 /var/folders/c6/60mxml0x32l7wff0nk0_tkx80000gp/T//ccldQAed.ltrans0.ltrans.o
 .text.app_bass_process_handler
                0x0000000007fc1194       0x20 /var/folders/c6/60mxml0x32l7wff0nk0_tkx80000gp/T//ccldQAed.ltrans0.ltrans.o
 .text.user_catch_rest_hndl
                0x0000000007fc11b4        0xc /var/folders/c6/60mxml0x32l7wff0nk0_tkx80000gp/T//ccldQAed.ltrans0.ltrans.o
 .text.app_diss_process_handler
                0x0000000007fc11c0       0x20 /var/folders/c6/60mxml0x32l7wff0nk0_tkx80000gp/T//ccldQAed.ltrans0.ltrans.o
 .text.app_htpt_process_handler
                0x0000000007fc11e0       0x20 /var/folders/c6/60mxml0x32l7wff0nk0_tkx80000gp/T//ccldQAed.ltrans0.ltrans.o
 .text.app_sec_process_handler
                0x0000000007fc1200       0x20 /var/folders/c6/60mxml0x32l7wff0nk0_tkx80000gp/T//ccldQAed.ltrans0.ltrans.o
 .text.diss_value_req_ind_handler
                0x0000000007fc1220       0x54 /var/folders/c6/60mxml0x32l7wff0nk0_tkx80000gp/T//ccldQAed.ltrans0.ltrans.o
 .text.default_app_on_get_dev_name
                0x0000000007fc1274       0x18 /var/folders/c6/60mxml0x32l7wff0nk0_tkx80000gp/T//ccldQAed.ltrans0.ltrans.o
 .text.default_app_on_set_dev_info
                0x0000000007fc128c       0x34 /var/folders/c6/60mxml0x32l7wff0nk0_tkx80000gp/T//ccldQAed.ltrans0.ltrans.o
 .text.pd_rad_func
                0x0000000007fc12c0       0x34 /var/folders/c6/60mxml0x32l7wff0nk0_tkx80000gp/T//ccldQAed.ltrans0.ltrans.o
 .text.pd_adpll_func
                0x0000000007fc12f4       0x38 /var/folders/c6/60mxml0x32l7wff0nk0_tkx80000gp/T//ccldQAed.ltrans0.ltrans.o
 .text.ble_init_arp_func
                0x0000000007fc132c       0x54 /var/folders/c6/60mxml0x32l7wff0nk0_tkx80000gp/T//ccldQAed.ltrans0.ltrans.o
 .text.app_easy_security_tk_exch.constprop.0
                0x0000000007fc1380       0x5c /var/folders/c6/60mxml0x32l7wff0nk0_tkx80000gp/T//ccldQAed.ltrans0.ltrans.o
 .text.default_app_on_tk_exch
                0x0000000007fc13dc       0x44 /var/folders/c6/60mxml0x32l7wff0nk0_tkx80000gp/T//ccldQAed.ltrans0.ltrans.o
 .text.htpt_cleanup
                0x0000000007fc1420       0x18 /var/folders/c6/60mxml0x32l7wff0nk0_tkx80000gp/T//ccldQAed.ltrans0.ltrans.o
 .text.default_app_generate_static_random_addr
                0x0000000007fc1438       0x32 /var/folders/c6/60mxml0x32l7wff0nk0_tkx80000gp/T//ccldQAed.ltrans0.ltrans.o
 .text.ba431_get_rand_func
                0x0000000007fc146a       0x18 /var/folders/c6/60mxml0x32l7wff0nk0_tkx80000gp/T//ccldQAed.ltrans0.ltrans.o
 *fill*         0x0000000007fc1482        0x2 
 .text.default_app_on_ltk_exch
                0x0000000007fc1484       0xa0 /var/folders/c6/60mxml0x32l7wff0nk0_tkx80000gp/T//ccldQAed.ltrans0.ltrans.o
 .text.gapc_bond_req_ind_handler
                0x0000000007fc1524       0x58 /var/folders/c6/60mxml0x32l7wff0nk0_tkx80000gp/T//ccldQAed.ltrans0.ltrans.o
 .text.create_timer
                0x0000000007fc157c       0x40 /var/folders/c6/60mxml0x32l7wff0nk0_tkx80000gp/T//ccldQAed.ltrans0.ltrans.o
 .text.app_easy_timer
                0x0000000007fc15bc       0x44 /var/folders/c6/60mxml0x32l7wff0nk0_tkx80000gp/T//ccldQAed.ltrans0.ltrans.o
 .text.led_blink_cb
                0x0000000007fc1600       0x50 /var/folders/c6/60mxml0x32l7wff0nk0_tkx80000gp/T//ccldQAed.ltrans0.ltrans.o
 .text.handle_sample_done
                0x0000000007fc1650       0xdc /var/folders/c6/60mxml0x32l7wff0nk0_tkx80000gp/T//ccldQAed.ltrans0.ltrans.o
 .text.on_trigger_done
                0x0000000007fc172c       0x44 /var/folders/c6/60mxml0x32l7wff0nk0_tkx80000gp/T//ccldQAed.ltrans0.ltrans.o
 .text.on_read_done
                0x0000000007fc1770       0x20 /var/folders/c6/60mxml0x32l7wff0nk0_tkx80000gp/T//ccldQAed.ltrans0.ltrans.o
 .text.app_timer_api_process_handler
                0x0000000007fc1790      0x10c /var/folders/c6/60mxml0x32l7wff0nk0_tkx80000gp/T//ccldQAed.ltrans0.ltrans.o
 .text.app_easy_timer_cancel
                0x0000000007fc189c       0x54 /var/folders/c6/60mxml0x32l7wff0nk0_tkx80000gp/T//ccldQAed.ltrans0.ltrans.o
 .text.default_advertise_operation
                0x0000000007fc18f0       0xb4 /var/folders/c6/60mxml0x32l7wff0nk0_tkx80000gp/T//ccldQAed.ltrans0.ltrans.o
 .text.default_app_on_set_dev_config_complete
                0x0000000007fc19a4       0x10 /var/folders/c6/60mxml0x32l7wff0nk0_tkx80000gp/T//ccldQAed.ltrans0.ltrans.o
 .text.start_temp_timer
                0x0000000007fc19b4       0x28 /var/folders/c6/60mxml0x32l7wff0nk0_tkx80000gp/T//ccldQAed.ltrans0.ltrans.o
 .text.stop_temp_timer
                0x0000000007fc19dc       0x78 /var/folders/c6/60mxml0x32l7wff0nk0_tkx80000gp/T//ccldQAed.ltrans0.ltrans.o
 .text.htpt_cfg_indntf_ind_handler
                0x0000000007fc1a54       0x24 /var/folders/c6/60mxml0x32l7wff0nk0_tkx80000gp/T//ccldQAed.ltrans0.ltrans.o
 .text.app_htpt_enable
                0x0000000007fc1a78       0x34 /var/folders/c6/60mxml0x32l7wff0nk0_tkx80000gp/T//ccldQAed.ltrans0.ltrans.o
 .text.app_htpt_send_measurement_interval_chg_cfm
                0x0000000007fc1aac       0x2c /var/folders/c6/60mxml0x32l7wff0nk0_tkx80000gp/T//ccldQAed.ltrans0.ltrans.o
 .text.htpt_meas_intv_chg_ind_handler
                0x0000000007fc1ad8       0x4c /var/folders/c6/60mxml0x32l7wff0nk0_tkx80000gp/T//ccldQAed.ltrans0.ltrans.o
 .text.bass_notify_batt_lvl
                0x0000000007fc1b24       0x70 /var/folders/c6/60mxml0x32l7wff0nk0_tkx80000gp/T//ccldQAed.ltrans0.ltrans.o
 .text.gattc_att_info_req_ind_handler.lto_priv.1
                0x0000000007fc1b94       0x64 /var/folders/c6/60mxml0x32l7wff0nk0_tkx80000gp/T//ccldQAed.ltrans0.ltrans.o
 .text.gattc_read_req_ind_handler.lto_priv.2
                0x0000000007fc1bf8       0xbc /var/folders/c6/60mxml0x32l7wff0nk0_tkx80000gp/T//ccldQAed.ltrans0.ltrans.o
 .text.send_indication_cb
                0x0000000007fc1cb4       0x88 /var/folders/c6/60mxml0x32l7wff0nk0_tkx80000gp/T//ccldQAed.ltrans0.ltrans.o
 .text.bass_get_att_idx.constprop.0
                0x0000000007fc1d3c       0x80 /var/folders/c6/60mxml0x32l7wff0nk0_tkx80000gp/T//ccldQAed.ltrans0.ltrans.o
 .text.gattc_att_info_req_ind_handler.lto_priv.0
                0x0000000007fc1dbc       0x54 /var/folders/c6/60mxml0x32l7wff0nk0_tkx80000gp/T//ccldQAed.ltrans0.ltrans.o
 .text.gapc_bond_ind_handler
                0x0000000007fc1e10      0x104 /var/folders/c6/60mxml0x32l7wff0nk0_tkx80000gp/T//ccldQAed.ltrans0.ltrans.o
 .text.app_button_wakeup_cb
                0x0000000007fc1f14       0x20 /var/folders/c6/60mxml0x32l7wff0nk0_tkx80000gp/T//ccldQAed.ltrans0.ltrans.o
 .text.WKUP_QUADEC_Handler
                0x0000000007fc1f34       0xc4 /var/folders/c6/60mxml0x32l7wff0nk0_tkx80000gp/T//ccldQAed.ltrans0.ltrans.o
 .text.check_sys_startup_period
                0x0000000007fc1ff8       0x18 /var/folders/c6/60mxml0x32l7wff0nk0_tkx80000gp/T//ccldQAed.ltrans0.ltrans.o
 .text.stop_led_blink
                0x0000000007fc2010       0x28 /var/folders/c6/60mxml0x32l7wff0nk0_tkx80000gp/T//ccldQAed.ltrans0.ltrans.o
 .text.start_led_blink
                0x0000000007fc2038       0x2c /var/folders/c6/60mxml0x32l7wff0nk0_tkx80000gp/T//ccldQAed.ltrans0.ltrans.o
 .text.user_app_on_db_init_complete
                0x0000000007fc2064       0x2c /var/folders/c6/60mxml0x32l7wff0nk0_tkx80000gp/T//ccldQAed.ltrans0.ltrans.o
 .text.user_app_on_connection
                0x0000000007fc2090       0xac /var/folders/c6/60mxml0x32l7wff0nk0_tkx80000gp/T//ccldQAed.ltrans0.ltrans.o
 .text.user_app_on_disconnect
                0x0000000007fc213c       0x3c /var/folders/c6/60mxml0x32l7wff0nk0_tkx80000gp/T//ccldQAed.ltrans0.ltrans.o
 .text.dia_srand_func
                0x0000000007fc2178       0x10 /var/folders/c6/60mxml0x32l7wff0nk0_tkx80000gp/T//ccldQAed.ltrans0.ltrans.o
 .text.read_rcx_freq
                0x0000000007fc2188       0x40 /var/folders/c6/60mxml0x32l7wff0nk0_tkx80000gp/T//ccldQAed.ltrans0.ltrans.o
 .text.set_sleep_delay
                0x0000000007fc21c8       0x80 /var/folders/c6/60mxml0x32l7wff0nk0_tkx80000gp/T//ccldQAed.ltrans0.ltrans.o
 .text.lld_sleep_init_func
                0x0000000007fc2248       0x20 /var/folders/c6/60mxml0x32l7wff0nk0_tkx80000gp/T//ccldQAed.ltrans0.ltrans.o
 .text.dia_rand_func
                0x0000000007fc2268        0x8 /var/folders/c6/60mxml0x32l7wff0nk0_tkx80000gp/T//ccldQAed.ltrans0.ltrans.o
 .text.otp_cs_load_pd_rad
                0x0000000007fc2270       0x2c /var/folders/c6/60mxml0x32l7wff0nk0_tkx80000gp/T//ccldQAed.ltrans0.ltrans.o
 .text.otp_cs_load_pd_adpll
                0x0000000007fc229c       0x30 /var/folders/c6/60mxml0x32l7wff0nk0_tkx80000gp/T//ccldQAed.ltrans0.ltrans.o
 .text.rf_init_func
                0x0000000007fc22cc       0xdc /var/folders/c6/60mxml0x32l7wff0nk0_tkx80000gp/T//ccldQAed.ltrans0.ltrans.o
 .text.rf_reinit_func
                0x0000000007fc23a8       0x78 /var/folders/c6/60mxml0x32l7wff0nk0_tkx80000gp/T//ccldQAed.ltrans0.ltrans.o
 .text.BLE_WAKEUP_LP_Handler
                0x0000000007fc2420       0x80 /var/folders/c6/60mxml0x32l7wff0nk0_tkx80000gp/T//ccldQAed.ltrans0.ltrans.o
 .text.dlg_slp_isr
                0x0000000007fc24a0       0x2c /var/folders/c6/60mxml0x32l7wff0nk0_tkx80000gp/T//ccldQAed.ltrans0.ltrans.o
 .text.dlg_finetgtim_isr
                0x0000000007fc24cc        0xc /var/folders/c6/60mxml0x32l7wff0nk0_tkx80000gp/T//ccldQAed.ltrans0.ltrans.o
 .text.dlg_cscnt_isr
                0x0000000007fc24d8       0x18 /var/folders/c6/60mxml0x32l7wff0nk0_tkx80000gp/T//ccldQAed.ltrans0.ltrans.o
 .text.dlg_rx_isr
                0x0000000007fc24f0        0x8 /var/folders/c6/60mxml0x32l7wff0nk0_tkx80000gp/T//ccldQAed.ltrans0.ltrans.o
 .text.dlg_event_isr
                0x0000000007fc24f8       0x1c /var/folders/c6/60mxml0x32l7wff0nk0_tkx80000gp/T//ccldQAed.ltrans0.ltrans.o
 .text.dlg_eventapfa_isr
                0x0000000007fc2514        0xa /var/folders/c6/60mxml0x32l7wff0nk0_tkx80000gp/T//ccldQAed.ltrans0.ltrans.o
 *fill*         0x0000000007fc251e        0x2 
 .text.rwble_isr
                0x0000000007fc2520       0x34 /var/folders/c6/60mxml0x32l7wff0nk0_tkx80000gp/T//ccldQAed.ltrans0.ltrans.o
 .text.adc_init
                0x0000000007fc2554       0x30 /var/folders/c6/60mxml0x32l7wff0nk0_tkx80000gp/T//ccldQAed.ltrans0.ltrans.o
 .text.batt_cal_volt_cr2032
                0x0000000007fc2584       0x70 /var/folders/c6/60mxml0x32l7wff0nk0_tkx80000gp/T//ccldQAed.ltrans0.ltrans.o
 .text.GPIOn_Handler.part.0
                0x0000000007fc25f4       0x34 /var/folders/c6/60mxml0x32l7wff0nk0_tkx80000gp/T//ccldQAed.ltrans0.ltrans.o
 .text.GPIO0_Handler
                0x0000000007fc2628        0xa /var/folders/c6/60mxml0x32l7wff0nk0_tkx80000gp/T//ccldQAed.ltrans0.ltrans.o
 .text.GPIO1_Handler
                0x0000000007fc2632        0xa /var/folders/c6/60mxml0x32l7wff0nk0_tkx80000gp/T//ccldQAed.ltrans0.ltrans.o
 .text.GPIO2_Handler
                0x0000000007fc263c        0xa /var/folders/c6/60mxml0x32l7wff0nk0_tkx80000gp/T//ccldQAed.ltrans0.ltrans.o
 .text.GPIO3_Handler
                0x0000000007fc2646        0xa /var/folders/c6/60mxml0x32l7wff0nk0_tkx80000gp/T//ccldQAed.ltrans0.ltrans.o
 .text.GPIO4_Handler
                0x0000000007fc2650        0xa /var/folders/c6/60mxml0x32l7wff0nk0_tkx80000gp/T//ccldQAed.ltrans0.ltrans.o
 .text.bass_destroy
                0x0000000007fc265a       0x1c /var/folders/c6/60mxml0x32l7wff0nk0_tkx80000gp/T//ccldQAed.ltrans0.ltrans.o
 *fill*         0x0000000007fc2676        0x2 
 .text.bass_exe_operation
                0x0000000007fc2678       0xf0 /var/folders/c6/60mxml0x32l7wff0nk0_tkx80000gp/T//ccldQAed.ltrans0.ltrans.o
 .text.gattc_cmp_evt_handler.lto_priv.0
                0x0000000007fc2768       0x10 /var/folders/c6/60mxml0x32l7wff0nk0_tkx80000gp/T//ccldQAed.ltrans0.ltrans.o
 .text.htpt_destroy
                0x0000000007fc2778       0x1c /var/folders/c6/60mxml0x32l7wff0nk0_tkx80000gp/T//ccldQAed.ltrans0.ltrans.o
 .text.htpt_exe_operation
                0x0000000007fc2794       0xd4 /var/folders/c6/60mxml0x32l7wff0nk0_tkx80000gp/T//ccldQAed.ltrans0.ltrans.o
 .text.gattc_cmp_evt_handler.lto_priv.1
                0x0000000007fc2868        0xa /var/folders/c6/60mxml0x32l7wff0nk0_tkx80000gp/T//ccldQAed.ltrans0.ltrans.o
 *fill*         0x0000000007fc2872        0x2 
 .text.bass_init
                0x0000000007fc2874      0x158 /var/folders/c6/60mxml0x32l7wff0nk0_tkx80000gp/T//ccldQAed.ltrans0.ltrans.o
 .text.htpt_init
                0x0000000007fc29cc      0x118 /var/folders/c6/60mxml0x32l7wff0nk0_tkx80000gp/T//ccldQAed.ltrans0.ltrans.o
 .text.bass_batt_level_upd_req_handler
                0x0000000007fc2ae4       0x6c /var/folders/c6/60mxml0x32l7wff0nk0_tkx80000gp/T//ccldQAed.ltrans0.ltrans.o
 .text.diss_value_cfm_handler
                0x0000000007fc2b50       0x88 /var/folders/c6/60mxml0x32l7wff0nk0_tkx80000gp/T//ccldQAed.ltrans0.ltrans.o
 .text.htpt_meas_intv_upd_req_handler
                0x0000000007fc2bd8       0xac /var/folders/c6/60mxml0x32l7wff0nk0_tkx80000gp/T//ccldQAed.ltrans0.ltrans.o
 .text.htpt_meas_intv_chg_cfm_handler
                0x0000000007fc2c84       0x74 /var/folders/c6/60mxml0x32l7wff0nk0_tkx80000gp/T//ccldQAed.ltrans0.ltrans.o
 .text.bass_enable_req_handler
                0x0000000007fc2cf8       0x80 /var/folders/c6/60mxml0x32l7wff0nk0_tkx80000gp/T//ccldQAed.ltrans0.ltrans.o
 .text.htpt_enable_req_handler
                0x0000000007fc2d78       0x50 /var/folders/c6/60mxml0x32l7wff0nk0_tkx80000gp/T//ccldQAed.ltrans0.ltrans.o
 .text.gattc_write_req_ind_handler.lto_priv.0
                0x0000000007fc2dc8       0xb8 /var/folders/c6/60mxml0x32l7wff0nk0_tkx80000gp/T//ccldQAed.ltrans0.ltrans.o
 .text.gattc_read_req_ind_handler.lto_priv.1
                0x0000000007fc2e80       0xe0 /var/folders/c6/60mxml0x32l7wff0nk0_tkx80000gp/T//ccldQAed.ltrans0.ltrans.o
 .text.htpt_update_ntf_ind_cfg
                0x0000000007fc2f60       0x68 /var/folders/c6/60mxml0x32l7wff0nk0_tkx80000gp/T//ccldQAed.ltrans0.ltrans.o
 .text.gattc_write_req_ind_handler.lto_priv.1
                0x0000000007fc2fc8      0x124 /var/folders/c6/60mxml0x32l7wff0nk0_tkx80000gp/T//ccldQAed.ltrans0.ltrans.o
 .text.gattc_read_req_ind_handler.lto_priv.0
                0x0000000007fc30ec       0xcc /var/folders/c6/60mxml0x32l7wff0nk0_tkx80000gp/T//ccldQAed.ltrans0.ltrans.o
 .text.diss_init
                0x0000000007fc31b8       0xbc /var/folders/c6/60mxml0x32l7wff0nk0_tkx80000gp/T//ccldQAed.ltrans0.ltrans.o
 .text.diss_destroy
                0x0000000007fc3274       0x22 /var/folders/c6/60mxml0x32l7wff0nk0_tkx80000gp/T//ccldQAed.ltrans0.ltrans.o
 *fill*         0x0000000007fc3296        0x2 
 .text.diss_set_value_req_handler
                0x0000000007fc3298       0xc0 /var/folders/c6/60mxml0x32l7wff0nk0_tkx80000gp/T//ccldQAed.ltrans0.ltrans.o
 .text.htpt_temp_send_req_handler
                0x0000000007fc3358      0x104 /var/folders/c6/60mxml0x32l7wff0nk0_tkx80000gp/T//ccldQAed.ltrans0.ltrans.o
 .text.aht20_read_cb
                0x0000000007fc345c       0x9c /var/folders/c6/60mxml0x32l7wff0nk0_tkx80000gp/T//ccldQAed.ltrans0.ltrans.o
 .text.i2c_temp_sensor_trigger.constprop.0
                0x0000000007fc34f8       0x7c /var/folders/c6/60mxml0x32l7wff0nk0_tkx80000gp/T//ccldQAed.ltrans0.ltrans.o
 .text.sample_gap_cb
                0x0000000007fc3574       0x2c /var/folders/c6/60mxml0x32l7wff0nk0_tkx80000gp/T//ccldQAed.ltrans0.ltrans.o
 .text.on_data_read
                0x0000000007fc35a0       0xb8 /var/folders/c6/60mxml0x32l7wff0nk0_tkx80000gp/T//ccldQAed.ltrans0.ltrans.o
 .text.on_reset_sent
                0x0000000007fc3658        0x8 /var/folders/c6/60mxml0x32l7wff0nk0_tkx80000gp/T//ccldQAed.ltrans0.ltrans.o
 .text.on_status_read
                0x0000000007fc3660       0x64 /var/folders/c6/60mxml0x32l7wff0nk0_tkx80000gp/T//ccldQAed.ltrans0.ltrans.o
 .text.on_init_sent
                0x0000000007fc36c4       0x18 /var/folders/c6/60mxml0x32l7wff0nk0_tkx80000gp/T//ccldQAed.ltrans0.ltrans.o
 .text.on_trigger_sent
                0x0000000007fc36dc       0x28 /var/folders/c6/60mxml0x32l7wff0nk0_tkx80000gp/T//ccldQAed.ltrans0.ltrans.o
 .text.temp_timer_cb
                0x0000000007fc3704      0x13c /var/folders/c6/60mxml0x32l7wff0nk0_tkx80000gp/T//ccldQAed.ltrans0.ltrans.o
 .text.app_button_enable
                0x0000000007fc3840       0x80 /var/folders/c6/60mxml0x32l7wff0nk0_tkx80000gp/T//ccldQAed.ltrans0.ltrans.o
 .text.app_advertise_complete
                0x0000000007fc38c0      0x154 /var/folders/c6/60mxml0x32l7wff0nk0_tkx80000gp/T//ccldQAed.ltrans0.ltrans.o
 .text.periph_init
                0x0000000007fc3a14       0xa8 /var/folders/c6/60mxml0x32l7wff0nk0_tkx80000gp/T//ccldQAed.ltrans0.ltrans.o
 .text.app_button_press_cb
                0x0000000007fc3abc       0x4c /var/folders/c6/60mxml0x32l7wff0nk0_tkx80000gp/T//ccldQAed.ltrans0.ltrans.o
 .text.HardFault_HandlerC
                0x0000000007fc3b08      0x118 /var/folders/c6/60mxml0x32l7wff0nk0_tkx80000gp/T//ccldQAed.ltrans0.ltrans.o
                0x0000000007fc3b08                HardFault_HandlerC
 .text.NMI_HandlerC
                0x0000000007fc3c20      0x150 /var/folders/c6/60mxml0x32l7wff0nk0_tkx80000gp/T//ccldQAed.ltrans0.ltrans.o
                0x0000000007fc3c20                NMI_HandlerC
 .text.startup.main
                0x0000000007fc3d70      0xcf0 /var/folders/c6/60mxml0x32l7wff0nk0_tkx80000gp/T//ccldQAed.ltrans0.ltrans.o
                0x0000000007fc3d70                main
 .text          0x0000000007fc4a60      0x148 /Users/alexv/projects/da14531/renesas/DA145xx_SDK/6.0.24.1464/projects/target_apps/ble_examples/thermometer/../../../../sdk/platform/system_library/output/Keil_5/da14535.lib(patch_3.o)
                0x0000000007fc4a60                JT_llm_le_adv_report_ind_func
                0x0000000007fc4b8c                patch_data1
                0x0000000007fc4b8e                patch_data2
                0x0000000007fc4b90                patch_global_vars_init
 .text.exit     0x0000000007fc4ba8       0x28 /Applications/ArmGNUToolchain/11.3.rel1/arm-none-eabi/bin/../lib/gcc/arm-none-eabi/11.3.1/../../../../arm-none-eabi/lib/thumb/v6-m/nofp/libg_nano.a(libc_a-exit.o)
                0x0000000007fc4ba8                exit
 .text.memset   0x0000000007fc4bd0       0x10 /Applications/ArmGNUToolchain/11.3.rel1/arm-none-eabi/bin/../lib/gcc/arm-none-eabi/11.3.1/../../../../arm-none-eabi/lib/thumb/v6-m/nofp/libg_nano.a(libc_a-memset.o)
                0x0000000007fc4bd0                memset
 .text.__libc_init_array
                0x0000000007fc4be0       0x48 /Applications/ArmGNUToolchain/11.3.rel1/arm-none-eabi/bin/../lib/gcc/arm-none-eabi/11.3.1/../../../../arm-none-eabi/lib/thumb/v6-m/nofp/libg_nano.a(libc_a-init.o)
                0x0000000007fc4be0                __libc_init_array
 .text.memcpy   0x0000000007fc4c28       0x12 /Applications/ArmGNUToolchain/11.3.rel1/arm-none-eabi/bin/../lib/gcc/arm-none-eabi/11.3.1/../../../../arm-none-eabi/lib/thumb/v6-m/nofp/libg_nano.a(libc_a-memcpy-stub.o)
                0x0000000007fc4c28                memcpy
 *fill*         0x0000000007fc4c3a        0x2 
 .text._exit    0x0000000007fc4c3c        0x4 /Applications/ArmGNUToolchain/11.3.rel1/arm-none-eabi/bin/../lib/gcc/arm-none-eabi/11.3.1/../../../../arm-none-eabi/lib/thumb/v6-m/nofp/libnosys.a(_exit.o)
                0x0000000007fc4c3c                _exit
 .text          0x0000000007fc4c40       0x14 /Applications/ArmGNUToolchain/11.3.rel1/arm-none-eabi/bin/../lib/gcc/arm-none-eabi/11.3.1/thumb/v6-m/nofp/libgcc.a(_thumb1_case_sqi.o)
                0x0000000007fc4c40                __gnu_thumb1_case_sqi
 .text          0x0000000007fc4c54       0x14 /Applications/ArmGNUToolchain/11.3.rel1/arm-none-eabi/bin/../lib/gcc/arm-none-eabi/11.3.1/thumb/v6-m/nofp/libgcc.a(_thumb1_case_uqi.o)
                0x0000000007fc4c54                __gnu_thumb1_case_uqi
                0x0000000007fc4c68                . = ALIGN (0x4)
 *(.init)
 .init          0x0000000007fc4c68        0x4 /Applications/ArmGNUToolchain/11.3.rel1/arm-none-eabi/bin/../lib/gcc/arm-none-eabi/11.3.1/thumb/v6-m/nofp/crti.o
                0x0000000007fc4c68                _init
 .init          0x0000000007fc4c6c        0x8 /Applications/ArmGNUToolchain/11.3.rel1/arm-none-eabi/bin/../lib/gcc/arm-none-eabi/11.3.1/thumb/v6-m/nofp/crtn.o
 *(.fini)
 .fini          0x0000000007fc4c74        0x4 /Applications/ArmGNUToolchain/11.3.rel1/arm-none-eabi/bin/../lib/gcc/arm-none-eabi/11.3.1/thumb/v6-m/nofp/crti.o
                0x0000000007fc4c74                _fini
 .fini          0x0000000007fc4c78        0x8 /Applications/ArmGNUToolchain/11.3.rel1/arm-none-eabi/bin/../lib/gcc/arm-none-eabi/11.3.1/thumb/v6-m/nofp/crtn.o
 *(.rodata*)
 .rodata.rf_rssi_convert.cst1
                0x0000000007fc4c80        0x1 /var/folders/c6/60mxml0x32l7wff0nk0_tkx80000gp/T//ccldQAed.ltrans0.ltrans.o
 .rodata.default_advertise_operation.str1.1
                0x0000000007fc4c81        0xe /var/folders/c6/60mxml0x32l7wff0nk0_tkx80000gp/T//ccldQAed.ltrans0.ltrans.o
 .rodata.str1.1
                0x0000000007fc4c8f       0x3f /var/folders/c6/60mxml0x32l7wff0nk0_tkx80000gp/T//ccldQAed.ltrans0.ltrans.o
 *fill*         0x0000000007fc4cce        0x2 
 .rodata        0x0000000007fc4cd0       0xa8 /var/folders/c6/60mxml0x32l7wff0nk0_tkx80000gp/T//ccldQAed.ltrans0.ltrans.o
 .rodata.CSWTCH.1
                0x0000000007fc4d78        0x9 /var/folders/c6/60mxml0x32l7wff0nk0_tkx80000gp/T//ccldQAed.ltrans0.ltrans.o
 *fill*         0x0000000007fc4d81        0x3 
 .rodata.CSWTCH.2
                0x0000000007fc4d84       0x24 /var/folders/c6/60mxml0x32l7wff0nk0_tkx80000gp/T//ccldQAed.ltrans0.ltrans.o
 .rodata.TASK_DESC_APP
                0x0000000007fc4da8       0x10 /var/folders/c6/60mxml0x32l7wff0nk0_tkx80000gp/T//ccldQAed.ltrans0.ltrans.o
 .rodata.app_bass_process_handlers
                0x0000000007fc4db8       0x28 /var/folders/c6/60mxml0x32l7wff0nk0_tkx80000gp/T//ccldQAed.ltrans0.ltrans.o
 .rodata.app_diss_process_handlers
                0x0000000007fc4de0        0x8 /var/folders/c6/60mxml0x32l7wff0nk0_tkx80000gp/T//ccldQAed.ltrans0.ltrans.o
 .rodata.app_htpt_process_handlers
                0x0000000007fc4de8       0x20 /var/folders/c6/60mxml0x32l7wff0nk0_tkx80000gp/T//ccldQAed.ltrans0.ltrans.o
 .rodata.app_process_handlers
                0x0000000007fc4e08       0x20 /var/folders/c6/60mxml0x32l7wff0nk0_tkx80000gp/T//ccldQAed.ltrans0.ltrans.o
 .rodata.app_sec_process_handlers
                0x0000000007fc4e28       0x28 /var/folders/c6/60mxml0x32l7wff0nk0_tkx80000gp/T//ccldQAed.ltrans0.ltrans.o
 .rodata.bas_att_db
                0x0000000007fc4e50       0x3c /var/folders/c6/60mxml0x32l7wff0nk0_tkx80000gp/T//ccldQAed.ltrans0.ltrans.o
 .rodata.bass_default_handler
                0x0000000007fc4e8c        0x8 /var/folders/c6/60mxml0x32l7wff0nk0_tkx80000gp/T//ccldQAed.ltrans0.ltrans.o
 .rodata.bass_default_state
                0x0000000007fc4e94       0x30 /var/folders/c6/60mxml0x32l7wff0nk0_tkx80000gp/T//ccldQAed.ltrans0.ltrans.o
 .rodata.bass_itf
                0x0000000007fc4ec4       0x10 /var/folders/c6/60mxml0x32l7wff0nk0_tkx80000gp/T//ccldQAed.ltrans0.ltrans.o
 .rodata.ble_irq
                0x0000000007fc4ed4       0x58 /var/folders/c6/60mxml0x32l7wff0nk0_tkx80000gp/T//ccldQAed.ltrans0.ltrans.o
 .rodata.diss_att_db
                0x0000000007fc4f2c       0xe4 /var/folders/c6/60mxml0x32l7wff0nk0_tkx80000gp/T//ccldQAed.ltrans0.ltrans.o
 .rodata.diss_default_handler
                0x0000000007fc5010        0x8 /var/folders/c6/60mxml0x32l7wff0nk0_tkx80000gp/T//ccldQAed.ltrans0.ltrans.o
 .rodata.diss_default_state
                0x0000000007fc5018       0x18 /var/folders/c6/60mxml0x32l7wff0nk0_tkx80000gp/T//ccldQAed.ltrans0.ltrans.o
 .rodata.diss_itf
                0x0000000007fc5030       0x10 /var/folders/c6/60mxml0x32l7wff0nk0_tkx80000gp/T//ccldQAed.ltrans0.ltrans.o
 .rodata.htpt_att_db
                0x0000000007fc5040       0x9c /var/folders/c6/60mxml0x32l7wff0nk0_tkx80000gp/T//ccldQAed.ltrans0.ltrans.o
 .rodata.htpt_default_handler
                0x0000000007fc50dc        0x8 /var/folders/c6/60mxml0x32l7wff0nk0_tkx80000gp/T//ccldQAed.ltrans0.ltrans.o
 .rodata.htpt_default_state
                0x0000000007fc50e4       0x40 /var/folders/c6/60mxml0x32l7wff0nk0_tkx80000gp/T//ccldQAed.ltrans0.ltrans.o
 .rodata.htpt_itf
                0x0000000007fc5124       0x10 /var/folders/c6/60mxml0x32l7wff0nk0_tkx80000gp/T//ccldQAed.ltrans0.ltrans.o
 .rodata.my_custom_msg_handlers
                0x0000000007fc5134        0x8 /var/folders/c6/60mxml0x32l7wff0nk0_tkx80000gp/T//ccldQAed.ltrans0.ltrans.o
 .rodata.nvds_data_storage
                0x0000000007fc513c        0xe /var/folders/c6/60mxml0x32l7wff0nk0_tkx80000gp/T//ccldQAed.ltrans0.ltrans.o
 *fill*         0x0000000007fc514a        0x2 
 .rodata.prf_funcs
                0x0000000007fc514c       0x30 /var/folders/c6/60mxml0x32l7wff0nk0_tkx80000gp/T//ccldQAed.ltrans0.ltrans.o
 .rodata.prf_if
                0x0000000007fc517c       0x20 /var/folders/c6/60mxml0x32l7wff0nk0_tkx80000gp/T//ccldQAed.ltrans0.ltrans.o
 .rodata.rom_app_task_cfg
                0x0000000007fc519c       0x20 /var/folders/c6/60mxml0x32l7wff0nk0_tkx80000gp/T//ccldQAed.ltrans0.ltrans.o
 .rodata.rom_cfg_table_var
                0x0000000007fc51bc       0xf8 /var/folders/c6/60mxml0x32l7wff0nk0_tkx80000gp/T//ccldQAed.ltrans0.ltrans.o
 .rodata.rom_chacha20_cfg
                0x0000000007fc52b4       0x10 /var/folders/c6/60mxml0x32l7wff0nk0_tkx80000gp/T//ccldQAed.ltrans0.ltrans.o
 .rodata.rom_func_addr_table_var
                0x0000000007fc52c4      0x180 /var/folders/c6/60mxml0x32l7wff0nk0_tkx80000gp/T//ccldQAed.ltrans0.ltrans.o
 .rodata.rom_nvds_cfg
                0x0000000007fc5444        0x8 /var/folders/c6/60mxml0x32l7wff0nk0_tkx80000gp/T//ccldQAed.ltrans0.ltrans.o
 .rodata.rom_prf_cfg
                0x0000000007fc544c        0xc /var/folders/c6/60mxml0x32l7wff0nk0_tkx80000gp/T//ccldQAed.ltrans0.ltrans.o
 .rodata.user_app_callbacks
                0x0000000007fc5458       0x84 /var/folders/c6/60mxml0x32l7wff0nk0_tkx80000gp/T//ccldQAed.ltrans0.ltrans.o
 .rodata.user_prf_funcs
                0x0000000007fc54dc        0xc /var/folders/c6/60mxml0x32l7wff0nk0_tkx80000gp/T//ccldQAed.ltrans0.ltrans.o
 .rodata.user_security_conf
                0x0000000007fc54e8        0x7 /var/folders/c6/60mxml0x32l7wff0nk0_tkx80000gp/T//ccldQAed.ltrans0.ltrans.o

.eh_frame       0x0000000007fc54f0        0x0
 .eh_frame      0x0000000007fc54f0        0x0 /Applications/ArmGNUToolchain/11.3.rel1/arm-none-eabi/bin/../lib/gcc/arm-none-eabi/11.3.1/thumb/v6-m/nofp/crtbegin.o

.glue_7         0x0000000007fc54f0        0x0
 .glue_7        0x0000000007fc54f0        0x0 linker stubs

.glue_7t        0x0000000007fc54f0        0x0
 .glue_7t       0x0000000007fc54f0        0x0 linker stubs

.vfp11_veneer   0x0000000007fc54f0        0x0
 .vfp11_veneer  0x0000000007fc54f0        0x0 linker stubs

.v4_bx          0x0000000007fc54f0        0x0
 .v4_bx         0x0000000007fc54f0        0x0 linker stubs

.iplt           0x0000000007fc54f0        0x0
 .iplt          0x0000000007fc54f0        0x0 /Applications/ArmGNUToolchain/11.3.rel1/arm-none-eabi/bin/../lib/gcc/arm-none-eabi/11.3.1/thumb/v6-m/nofp/crtbegin.o

.ARM.extab
 *(.ARM.extab* .gnu.linkonce.armextab.*)
                0x0000000007fc54ef                __exidx_start = .

.ARM.exidx      0x0000000007fc54f0        0x8
 *(.ARM.exidx* .gnu.linkonce.armexidx.*)
 .ARM.exidx     0x0000000007fc54f0        0x8 /Applications/ArmGNUToolchain/11.3.rel1/arm-none-eabi/bin/../lib/gcc/arm-none-eabi/11.3.1/../../../../arm-none-eabi/lib/thumb/v6-m/nofp/crt0.o
                                         0x10 (size before relaxing)
                0x0000000007fc54f8                __exidx_end = .

.rel.dyn        0x0000000007fc54f8        0x0
 .rel.iplt      0x0000000007fc54f8        0x0 /Applications/ArmGNUToolchain/11.3.rel1/arm-none-eabi/bin/../lib/gcc/arm-none-eabi/11.3.1/thumb/v6-m/nofp/crtbegin.o

.copy.table     0x0000000007fc54f8        0xc
                0x0000000007fc54f8                . = ALIGN (0x4)
                0x0000000007fc54f8                __copy_table_start__ = .
                0x0000000007fc54f8        0x4 LONG 0x7fc5514 __etext
                0x0000000007fc54fc        0x4 LONG 0x7fc5514 __data_start__
                0x0000000007fc5500        0x4 LONG 0x14 (__data_end__ - __data_start__)
                0x0000000007fc5504                __copy_table_end__ = .

.zero.table     0x0000000007fc5504       0x10
                0x0000000007fc5504                . = ALIGN (0x4)
                0x0000000007fc5504                __zero_table_start__ = .
                0x0000000007fc5504        0x4 LONG 0x7fc65dc __bss_start__
                0x0000000007fc5508        0x4 LONG 0x80 (__bss_end__ - __bss_start__)
                0x0000000007fc550c        0x4 LONG 0x7fccb28 __ret_data_start__
                0x0000000007fc5510        0x4 LONG 0x344 (__ret_data_end__ - __ret_data_start__)
                0x0000000007fc5514                __zero_table_end__ = .
                0x0000000007fc5514                __etext = ALIGN (0x4)

.data           0x0000000007fc5514       0x14
                0x0000000007fc5514                __data_start__ = .
 *(vtable)
 *(.data*)
 .data.current_conidx
                0x0000000007fc5514        0x1 /var/folders/c6/60mxml0x32l7wff0nk0_tkx80000gp/T//ccldQAed.ltrans0.ltrans.o
 *fill*         0x0000000007fc5515        0x3 
 .data.startup_sleep_delay
                0x0000000007fc5518        0x4 /var/folders/c6/60mxml0x32l7wff0nk0_tkx80000gp/T//ccldQAed.ltrans0.ltrans.o
 .data.temp_interval_ticks
                0x0000000007fc551c        0x4 /var/folders/c6/60mxml0x32l7wff0nk0_tkx80000gp/T//ccldQAed.ltrans0.ltrans.o
                0x0000000007fc5520                . = ALIGN (0x4)
                0x0000000007fc5520                PROVIDE (__preinit_array_start = .)
 *(.preinit_array)
                0x0000000007fc5520                PROVIDE (__preinit_array_end = .)
                0x0000000007fc5520                . = ALIGN (0x4)
                0x0000000007fc5520                PROVIDE (__init_array_start = .)
 *(SORT_BY_NAME(.init_array.*))
 *(.init_array)
 .init_array    0x0000000007fc5520        0x4 /Applications/ArmGNUToolchain/11.3.rel1/arm-none-eabi/bin/../lib/gcc/arm-none-eabi/11.3.1/thumb/v6-m/nofp/crtbegin.o
                0x0000000007fc5524                PROVIDE (__init_array_end = .)
                0x0000000007fc5524                . = ALIGN (0x4)
                [!provide]                        PROVIDE (__fini_array_start = .)
 *(SORT_BY_NAME(.fini_array.*))
 *(.fini_array)
 .fini_array    0x0000000007fc5524        0x4 /Applications/ArmGNUToolchain/11.3.rel1/arm-none-eabi/bin/../lib/gcc/arm-none-eabi/11.3.1/thumb/v6-m/nofp/crtbegin.o
                [!provide]                        PROVIDE (__fini_array_end = .)
 *(.jcr*)
                0x0000000007fc5528                . = ALIGN (0x4)
                0x0000000007fc5528                __data_end__ = .
                0x0000000007fc5528                __code_area_end__ = .

.tm_clone_table
                0x0000000007fc5528        0x0
 .tm_clone_table
                0x0000000007fc5528        0x0 /Applications/ArmGNUToolchain/11.3.rel1/arm-none-eabi/bin/../lib/gcc/arm-none-eabi/11.3.1/thumb/v6-m/nofp/crtbegin.o
 .tm_clone_table
                0x0000000007fc5528        0x0 /Applications/ArmGNUToolchain/11.3.rel1/arm-none-eabi/bin/../lib/gcc/arm-none-eabi/11.3.1/thumb/v6-m/nofp/crtend.o

.igot.plt       0x0000000007fc5528        0x0
 .igot.plt      0x0000000007fc5528        0x0 /Applications/ArmGNUToolchain/11.3.rel1/arm-none-eabi/bin/../lib/gcc/arm-none-eabi/11.3.1/thumb/v6-m/nofp/crtbegin.o

chacha20_state  0x0000000007fc5528       0x60
 chacha20_state
                0x0000000007fc5528       0x60 /var/folders/c6/60mxml0x32l7wff0nk0_tkx80000gp/T//ccldQAed.ltrans0.ltrans.o

heap_db_area    0x0000000007fc5588      0x40c
 heap_db_area   0x0000000007fc5588      0x40c /var/folders/c6/60mxml0x32l7wff0nk0_tkx80000gp/T//ccldQAed.ltrans0.ltrans.o

heap_env_area   0x0000000007fc5994      0x2bc
 heap_env_area  0x0000000007fc5994      0x2bc /var/folders/c6/60mxml0x32l7wff0nk0_tkx80000gp/T//ccldQAed.ltrans0.ltrans.o

heap_mem_area_not_ret
                0x0000000007fc5c50      0x40c
 heap_mem_area_not_ret
                0x0000000007fc5c50      0x40c /var/folders/c6/60mxml0x32l7wff0nk0_tkx80000gp/T//ccldQAed.ltrans0.ltrans.o

heap_msg_area   0x0000000007fc605c      0x57c
 heap_msg_area  0x0000000007fc605c      0x57c /var/folders/c6/60mxml0x32l7wff0nk0_tkx80000gp/T//ccldQAed.ltrans0.ltrans.o

trng_state      0x0000000007fc65d8        0x4
 trng_state     0x0000000007fc65d8        0x4 /var/folders/c6/60mxml0x32l7wff0nk0_tkx80000gp/T//ccldQAed.ltrans0.ltrans.o

.bss            0x0000000007fc65dc       0x80
                0x0000000007fc65dc                . = ALIGN (0x4)
                0x0000000007fc65dc                __bss_start__ = .
 *(.bss*)
 .bss.completed.1
                0x0000000007fc65dc        0x1 /Applications/ArmGNUToolchain/11.3.rel1/arm-none-eabi/bin/../lib/gcc/arm-none-eabi/11.3.1/thumb/v6-m/nofp/crtbegin.o
 *fill*         0x0000000007fc65dd        0x3 
 .bss.object.0  0x0000000007fc65e0       0x18 /Applications/ArmGNUToolchain/11.3.rel1/arm-none-eabi/bin/../lib/gcc/arm-none-eabi/11.3.1/thumb/v6-m/nofp/crtbegin.o
 .bss.aht20_read_timer
                0x0000000007fc65f8        0x1 /var/folders/c6/60mxml0x32l7wff0nk0_tkx80000gp/T//ccldQAed.ltrans0.ltrans.o
 *fill*         0x0000000007fc65f9        0x1 
 .bss.cal_val   0x0000000007fc65fa        0x2 /var/folders/c6/60mxml0x32l7wff0nk0_tkx80000gp/T//ccldQAed.ltrans0.ltrans.o
 .bss.extra_samples
                0x0000000007fc65fc        0x4 /var/folders/c6/60mxml0x32l7wff0nk0_tkx80000gp/T//ccldQAed.ltrans0.ltrans.o
 .bss.indications_enabled
                0x0000000007fc6600        0x1 /var/folders/c6/60mxml0x32l7wff0nk0_tkx80000gp/T//ccldQAed.ltrans0.ltrans.o
 .bss.led_blink_timer
                0x0000000007fc6601        0x1 /var/folders/c6/60mxml0x32l7wff0nk0_tkx80000gp/T//ccldQAed.ltrans0.ltrans.o
 .bss.led_state
                0x0000000007fc6602        0x1 /var/folders/c6/60mxml0x32l7wff0nk0_tkx80000gp/T//ccldQAed.ltrans0.ltrans.o
 *fill*         0x0000000007fc6603        0x1 
 .bss.otp_hdr_timestamp
                0x0000000007fc6604        0x4 /var/folders/c6/60mxml0x32l7wff0nk0_tkx80000gp/T//ccldQAed.ltrans0.ltrans.o
 .bss.rwip_sleep_step
                0x0000000007fc6608        0x4 /var/folders/c6/60mxml0x32l7wff0nk0_tkx80000gp/T//ccldQAed.ltrans0.ltrans.o
 .bss.s_cmd_buf
                0x0000000007fc660c        0x3 /var/folders/c6/60mxml0x32l7wff0nk0_tkx80000gp/T//ccldQAed.ltrans0.ltrans.o
 .bss.s_consecutive_fail_cycles
                0x0000000007fc660f        0x1 /var/folders/c6/60mxml0x32l7wff0nk0_tkx80000gp/T//ccldQAed.ltrans0.ltrans.o
 .bss.s_measurement_pending
                0x0000000007fc6610        0x1 /var/folders/c6/60mxml0x32l7wff0nk0_tkx80000gp/T//ccldQAed.ltrans0.ltrans.o
 *fill*         0x0000000007fc6611        0x1 
 .bss.s_pending_temp_x100
                0x0000000007fc6612        0x2 /var/folders/c6/60mxml0x32l7wff0nk0_tkx80000gp/T//ccldQAed.ltrans0.ltrans.o
 .bss.s_read_cb
                0x0000000007fc6614        0x4 /var/folders/c6/60mxml0x32l7wff0nk0_tkx80000gp/T//ccldQAed.ltrans0.ltrans.o
 .bss.s_rx_buf  0x0000000007fc6618        0x7 /var/folders/c6/60mxml0x32l7wff0nk0_tkx80000gp/T//ccldQAed.ltrans0.ltrans.o
 .bss.s_sample_attempts
                0x0000000007fc661f        0x1 /var/folders/c6/60mxml0x32l7wff0nk0_tkx80000gp/T//ccldQAed.ltrans0.ltrans.o
 .bss.s_sample_count
                0x0000000007fc6620        0x1 /var/folders/c6/60mxml0x32l7wff0nk0_tkx80000gp/T//ccldQAed.ltrans0.ltrans.o
 *fill*         0x0000000007fc6621        0x1 
 .bss.s_samples
                0x0000000007fc6622        0x6 /var/folders/c6/60mxml0x32l7wff0nk0_tkx80000gp/T//ccldQAed.ltrans0.ltrans.o
 .bss.s_status_buf
                0x0000000007fc6628        0x1 /var/folders/c6/60mxml0x32l7wff0nk0_tkx80000gp/T//ccldQAed.ltrans0.ltrans.o
 *fill*         0x0000000007fc6629        0x3 
 .bss.s_trig_cb
                0x0000000007fc662c        0x4 /var/folders/c6/60mxml0x32l7wff0nk0_tkx80000gp/T//ccldQAed.ltrans0.ltrans.o
 .bss.sample_gap_timer
                0x0000000007fc6630        0x1 /var/folders/c6/60mxml0x32l7wff0nk0_tkx80000gp/T//ccldQAed.ltrans0.ltrans.o
 .bss.send_ind_timer
                0x0000000007fc6631        0x1 /var/folders/c6/60mxml0x32l7wff0nk0_tkx80000gp/T//ccldQAed.ltrans0.ltrans.o
 .bss.syscntl_dcdc_state
                0x0000000007fc6632        0x2 /var/folders/c6/60mxml0x32l7wff0nk0_tkx80000gp/T//ccldQAed.ltrans0.ltrans.o
 .bss.temp_timer
                0x0000000007fc6634        0x1 /var/folders/c6/60mxml0x32l7wff0nk0_tkx80000gp/T//ccldQAed.ltrans0.ltrans.o
 .bss.therm_state
                0x0000000007fc6635        0x1 /var/folders/c6/60mxml0x32l7wff0nk0_tkx80000gp/T//ccldQAed.ltrans0.ltrans.o
 *fill*         0x0000000007fc6636        0x2 
 .bss.trng_bits
                0x0000000007fc6638       0x10 /var/folders/c6/60mxml0x32l7wff0nk0_tkx80000gp/T//ccldQAed.ltrans0.ltrans.o
 .bss.twext_value
                0x0000000007fc6648        0x4 /var/folders/c6/60mxml0x32l7wff0nk0_tkx80000gp/T//ccldQAed.ltrans0.ltrans.o
 .bss.twirq_reset_value
                0x0000000007fc664c        0x4 /var/folders/c6/60mxml0x32l7wff0nk0_tkx80000gp/T//ccldQAed.ltrans0.ltrans.o
 .bss.twirq_set_value
                0x0000000007fc6650        0x4 /var/folders/c6/60mxml0x32l7wff0nk0_tkx80000gp/T//ccldQAed.ltrans0.ltrans.o
 .bss.txdiv_trim
                0x0000000007fc6654        0x4 /var/folders/c6/60mxml0x32l7wff0nk0_tkx80000gp/T//ccldQAed.ltrans0.ltrans.o
 .bss.__stdio_exit_handler
                0x0000000007fc6658        0x4 /Applications/ArmGNUToolchain/11.3.rel1/arm-none-eabi/bin/../lib/gcc/arm-none-eabi/11.3.1/../../../../arm-none-eabi/lib/thumb/v6-m/nofp/libg_nano.a(libc_a-findfp.o)
                0x0000000007fc6658                __stdio_exit_handler
 *(COMMON)
                0x0000000007fc665c                . = ALIGN (0x4)
                0x0000000007fc665c                __bss_end__ = .

ER_PRODTEST     0x0000000007fc665c        0x0
                0x0000000007fc665c                . = ALIGN (0x4)
 *(prodtest_uninit)

ER_NZI          0x0000000007fc665c        0x0
                0x0000000007fc665c                . = ALIGN (0x4)
                0x0000000007fc665c                __heap_mem_area_not_ret_start__ = .
 *jump_table.o(heap_mem_area_not_ret)
                0x0000000007fc665c                __heap_mem_area_not_ret_end__ = .

.heap           0x0000000007fc665c        0x0
                0x0000000007fc665c                __end__ = .
                0x0000000007fc665c                PROVIDE (end = .)
 *(.heap*)
                0x0000000007fc665c                __HeapLimit = .

.stack_dummy    0x0000000007fc665c      0x700
                0x0000000007fc665c                __StackLimit = .
 *(stack)
 stack          0x0000000007fc665c      0x700 /var/folders/c6/60mxml0x32l7wff0nk0_tkx80000gp/T//ccldQAed.ltrans0.ltrans.o
                0x0000000007fc665c                stack_var
                0x0000000007fc6d5c                __StackTop = .
                0x0000000007fc6d5c                PROVIDE (__stack = __StackTop)

ER_STATEFUL_HIBERNATION
 *(stateful_hibernation)
                0x0000000000000001                ASSERT ((__StackLimit >= __HeapLimit), region RAM overflowed with stack)

RET_DATA_UNINIT
                0x0000000007fccb24        0x0
                0x0000000007fccb24                . = ALIGN (0x4)
                0x0000000007fccb24                __retention_mem_area_uninit_start__ = .
 *(retention_mem_area_uninit)
                0x0000000007fccb24                . = ALIGN (0x4)
                0x0000000007fccb24                __retention_mem_area_uninit_end__ = .

RET_DATA        0x0000000007fccb28      0x344
                0x0000000007fccb28                __ret_data_start__ = .
                0x0000000007fccb28                . = ALIGN (0x4)
 *(retention_mem_area0)
 retention_mem_area0
                0x0000000007fccb28      0x344 /var/folders/c6/60mxml0x32l7wff0nk0_tkx80000gp/T//ccldQAed.ltrans0.ltrans.o
                0x0000000007fcce6c                . = ALIGN (0x4)
                0x0000000007fcce6c                __ret_data_end__ = .
                0x0000000000000001                ASSERT ((0x898 > SIZEOF (RET_DATA)), CFG_RET_DATA_SIZE value must be increased.)

RET_HEAP        0x0000000007fcce6c        0x0
                0x0000000007fcce6c                . = ALIGN (0x4)
                0x0000000007fcce6c                __db_heap_start__ = .
 *jump_table.o(heap_env_area)
 *jump_table.o(heap_db_area)
 *jump_table.o(heap_msg_area)
                0x0000000007fcce6c                . = ALIGN (0x4)
                0x0000000007fcce6c                __db_heap_end__ = .

ER_FREE_AREA_AT_TX_CNTL_BUFFER
                0x0000000007fce884        0x0
                0x0000000007fce884                . = ALIGN (0x4)
                0x0000000007fce884                __free_area_at_tx_cntl_buffer_start__ = .
 *(free_area)
                0x0000000007fce884                . = ALIGN (0x4)
                0x0000000007fce884                __free_area_at_tx_cntl_buffer_end__ = .

ER_FREE_AREA_AT_TX_ADV_1_BUFFER
                0x0000000007fce988        0x0
                0x0000000007fce988                . = ALIGN (0x4)
                0x0000000007fce988                __free_area_at_tx_adv_1_buffer_start__ = .
 *(free_area)
                0x0000000007fce988                . = ALIGN (0x4)
                0x0000000007fce988                __free_area_at_tx_adv_1_buffer_end__ = .

ER_FREE_AREA_AT_TX_ADV_2_BUFFER
                0x0000000007fcea90        0x0
                0x0000000007fcea90                . = ALIGN (0x4)
                0x0000000007fcea90                __free_area_at_tx_adv_2_buffer_start__ = .
 *(free_area)
                0x0000000007fcea90                . = ALIGN (0x4)
                0x0000000007fcea90                __free_area_at_tx_adv_2_buffer_end__ = .

ER_FREE_AREA_AT_TX_ADV_3_BUFFER
                0x0000000007fceb94        0x0
                0x0000000007fceb94                . = ALIGN (0x4)
                0x0000000007fceb94                __free_area_at_tx_adv_3_buffer_start__ = .
 *(free_area)
                0x0000000007fceb94                . = ALIGN (0x4)
                0x0000000007fceb94                __free_area_at_tx_adv_3_buffer_end__ = .

ER_FREE_AREA    0x0000000007fcf4ac        0x0
                0x0000000007fcf4ac                . = ALIGN (0x4)
                0x0000000007fcf4ac                __free_area_start__ = .
 *(free_area)
                0x0000000007fcf4ac                __free_area_end__ = .

RET_DATA_UNINIT_TRNG_STATE
 *trng.o(trng_state)

RET_DATA_UNINIT_CHACHA_STATE
 *chacha20.o(chacha20_state)
                0x0000000007f02001                uECC_vli_add = 0x7f02001
                0x0000000007f02019                uECC_vli_sub = 0x7f02019
                0x0000000007f02035                uECC_vli_mult = 0x7f02035
                0x0000000007f02159                set_system_clocks = 0x7f02159
                0x0000000007f0216b                set_peripheral_clocks = 0x7f0216b
                0x0000000007f02183                rf_workaround_init = 0x7f02183
                0x0000000007f02185                get_stack_usage = 0x7f02185
                0x0000000007f0218d                rwip_eif_get_func = 0x7f0218d
                0x0000000007f0219d                rwip_set_em_base = 0x7f0219d
                0x0000000007f021a3                platform_initialization = 0x7f021a3
                0x0000000007f02255                ble_init = 0x7f02255
                0x0000000007f022cb                ble_regs_push = 0x7f022cb
                0x0000000007f02323                ble_regs_pop = 0x7f02323
                0x0000000007f02441                platform_sleep = 0x7f02441
                0x0000000007f02639                rf_init = 0x7f02639
                0x0000000007f02641                rf_reinit = 0x7f02641
                0x0000000007f02649                smpc_check_param = 0x7f02649
                0x0000000007f02653                smpc_pdu_recv = 0x7f02653
                0x0000000007f0265d                lld_sleep_compensate = 0x7f0265d
                0x0000000007f02667                lld_sleep_init = 0x7f02667
                0x0000000007f02671                lld_sleep_us_2_lpcycles = 0x7f02671
                0x0000000007f0267b                lld_sleep_lpcycles_2_us = 0x7f0267b
                0x0000000007f02685                uart_flow_off = 0x7f02685
                0x0000000007f0268d                uart_finish_transfers = 0x7f0268d
                0x0000000007f02695                uart_read = 0x7f02695
                0x0000000007f0269d                uart_write = 0x7f0269d
                0x0000000007f026a5                UART_Handler = 0x7f026a5
                0x0000000007f026ad                uart_init = 0x7f026ad
                0x0000000007f026b5                uart_flow_on = 0x7f026b5
                0x0000000007f026bd                gtl_init = 0x7f026bd
                0x0000000007f026c5                gtl_eif_init = 0x7f026c5
                0x0000000007f026cd                gtl_eif_read_start = 0x7f026cd
                0x0000000007f026d5                gtl_eif_read_hdr = 0x7f026d5
                0x0000000007f026dd                gtl_eif_read_payl = 0x7f026dd
                0x0000000007f026e5                gtl_eif_tx_done = 0x7f026e5
                0x0000000007f026ed                gtl_eif_rx_done = 0x7f026ed
                0x0000000007f026f5                h4tl_init = 0x7f026f5
                0x0000000007f026fd                h4tl_read_start = 0x7f026fd
                0x0000000007f02705                h4tl_read_hdr = 0x7f02705
                0x0000000007f0270d                h4tl_read_payl = 0x7f0270d
                0x0000000007f02715                h4tl_read_next_out_of_sync = 0x7f02715
                0x0000000007f0271d                h4tl_out_of_sync = 0x7f0271d
                0x0000000007f02725                h4tl_tx_done = 0x7f02725
                0x0000000007f0272d                h4tl_rx_done = 0x7f0272d
                0x0000000007f02735                ke_task_init = 0x7f02735
                0x0000000007f0273d                ke_timer_init = 0x7f0273d
                0x0000000007f02745                llm_encryption_done = 0x7f02745
                0x0000000007f0274d                nvds_get = 0x7f0274d
                0x0000000007f02755                nvds_del = 0x7f02755
                0x0000000007f0275d                nvds_put = 0x7f0275d
                0x0000000007f02765                rwip_eif_get = 0x7f02765
                0x0000000007f0276d                platform_reset = 0x7f0276d
                0x0000000007f02777                lld_test_stop = 0x7f02777
                0x0000000007f02781                lld_test_mode_tx = 0x7f02781
                0x0000000007f0278b                lld_test_mode_rx = 0x7f0278b
                0x0000000007f02795                prf_init = 0x7f02795
                0x0000000007f0279f                prf_add_profile = 0x7f0279f
                0x0000000007f027a9                prf_create = 0x7f027a9
                0x0000000007f027b3                prf_cleanup = 0x7f027b3
                0x0000000007f027bd                prf_get_id_from_task = 0x7f027bd
                0x0000000007f027c7                prf_get_task_from_id = 0x7f027c7
                0x0000000007f027d1                nvds_init = 0x7f027d1
                0x0000000007f027d9                SetSystemVars = 0x7f027d9
                0x0000000007f027e3                dbg_init = 0x7f027e3
                0x0000000007f027ed                dbg_platform_reset_complete = 0x7f027ed
                0x0000000007f027f7                hci_rd_local_supp_feats_cmd_handler = 0x7f027f7
                0x0000000007f02807                l2cc_pdu_pack = 0x7f02807
                0x0000000007f0281d                l2cc_pdu_unpack = 0x7f0281d
                0x0000000007f02835                l2c_send_lecb_message = 0x7f02835
                0x0000000007f0283f                l2c_process_sdu = 0x7f0283f
                0x0000000007f02849                l2cc_pdu_recv_ind_handler = 0x7f02849
                0x0000000007f02859                gapc_lecb_connect_cfm_handler = 0x7f02859
                0x0000000007f02869                atts_l2cc_pdu_recv_handler = 0x7f02869
                0x0000000007f02873                attc_l2cc_pdu_recv_handler = 0x7f02873
                0x0000000007f0287d                crypto_init = 0x7f0287d
                0x0000000007f02887                llm_le_adv_report_ind = 0x7f02887
                0x0000000007f02891                PK_PointMult = 0x7f02891
                0x0000000007f0289b                llm_p256_start = 0x7f0289b
                0x0000000007f028a5                llm_create_p256_key = 0x7f028a5
                0x0000000007f028b1                llm_p256_req_handler = 0x7f028b1
                0x0000000007f028c3                llc_le_length_effective = 0x7f028c3
                0x0000000007f028cf                llc_le_length_conn_init = 0x7f028cf
                0x0000000007f028db                lld_data_tx_prog = 0x7f028db
                0x0000000007f028e7                lld_data_tx_check = 0x7f028e7
                0x0000000007f028f3                llc_pdu_send = 0x7f028f3
                0x0000000007f028ff                dia_rand = 0x7f028ff
                0x0000000007f0290b                dia_srand = 0x7f0290b
                0x0000000007f02917                llc_data_notif = 0x7f02917
                0x0000000007f02931                ba431_get_rand = 0x7f02931
                0x0000000007f0293d                smpc_public_key_exchange_start = 0x7f0293d
                0x0000000007f02949                smpc_dhkey_calc_ind = 0x7f02949
                0x0000000007f02955                smpm_ecdh_key_create = 0x7f02955
                0x0000000007f02961                ble_init_arp = 0x7f02961
                0x0000000007f0296d                llm_util_aa_gen = 0x7f0296d
                0x0000000007f0297d                co_buf_init = 0x7f0297d
                0x0000000007f02a41                co_buf_rx_free = 0x7f02a41
                0x0000000007f02a5b                co_buf_rx_buffer_get = 0x7f02a5b
                0x0000000007f02a65                co_buf_tx_buffer_get = 0x7f02a65
                0x0000000007f02a8d                co_list_init = 0x7f02a8d
                0x0000000007f02a9d                co_list_pop_front = 0x7f02a9d
                0x0000000007f02abf                co_list_flush = 0x7f02abf
                0x0000000007f02ad5                co_list_push_back = 0x7f02ad5
                0x0000000007f02af9                co_list_pool_init = 0x7f02af9
                0x0000000007f02b61                co_list_push_front = 0x7f02b61
                0x0000000007f02b7d                co_list_extract = 0x7f02b7d
                0x0000000007f02bcd                co_list_find = 0x7f02bcd
                0x0000000007f02be3                co_list_merge = 0x7f02be3
                0x0000000007f02bff                co_list_insert_before = 0x7f02bff
                0x0000000007f02c37                co_list_insert_after = 0x7f02c37
                0x0000000007f02c73                co_list_size = 0x7f02c73
                0x0000000007f02c87                co_bdaddr_compare = 0x7f02c87
                0x0000000007f02ca3                co_array_reverse = 0x7f02ca3
                0x0000000007f02cc5                llc_init = 0x7f02cc5
                0x0000000007f02cf1                llc_common_nb_of_pkt_comp_evt_send = 0x7f02cf1
                0x0000000007f02d11                llc_acl_tx_data_flush = 0x7f02d11
                0x0000000007f02d79                llc_stop = 0x7f02d79
                0x0000000007f02dc5                llc_reset = 0x7f02dc5
                0x0000000007f02de7                llc_le_length_effective_func = 0x7f02de7
                0x0000000007f02ea3                llc_le_length_conn_init_func = 0x7f02ea3
                0x0000000007f02f01                llc_le_con_cmp_evt_send = 0x7f02f01
                0x0000000007f02f87                llc_start = 0x7f02f87
                0x0000000007f03051                llc_acl_tx_data_squash = 0x7f03051
                0x0000000007f03113                llc_acl_tx_desc_flushed = 0x7f03113
                0x0000000007f03183                llc_acl_tx_data_process = 0x7f03183
                0x0000000007f031d1                llc_discon_event_complete_send = 0x7f031d1
                0x0000000007f031f3                llc_con_update_complete_send = 0x7f031f3
                0x0000000007f0322d                llc_ltk_req_send = 0x7f0322d
                0x0000000007f03265                llc_feats_rd_event_send = 0x7f03265
                0x0000000007f032a1                llc_version_rd_event_send = 0x7f032a1
                0x0000000007f032d3                llc_common_cmd_complete_send = 0x7f032d3
                0x0000000007f032f1                llc_common_cmd_status_send = 0x7f032f1
                0x0000000007f0330d                llc_common_cmd_discard = 0x7f0330d
                0x0000000007f03315                llc_common_flush_occurred_send = 0x7f03315
                0x0000000007f0332f                llc_common_enc_key_ref_comp_evt_send = 0x7f0332f
                0x0000000007f0334d                llc_common_enc_change_evt_send = 0x7f0334d
                0x0000000007f033b5                llc_con_update_ind = 0x7f033b5
                0x0000000007f03447                llc_lsto_con_update = 0x7f03447
                0x0000000007f03481                llc_map_update_ind = 0x7f03481
                0x0000000007f03551                llc_chnl_map_req_send = 0x7f03551
                0x0000000007f0356d                llc_add_bad_chnl = 0x7f0356d
                0x0000000007f03601                llc_pdu_send_func = 0x7f03601
                0x0000000007f03673                llc_version_ind_pdu_send = 0x7f03673
                0x0000000007f036cd                llc_ch_map_update_pdu_send = 0x7f036cd
                0x0000000007f0371d                llc_pause_enc_req_pdu_send = 0x7f0371d
                0x0000000007f03769                llc_pause_enc_rsp_pdu_send = 0x7f03769
                0x0000000007f037cf                llc_enc_req_pdu_send = 0x7f037cf
                0x0000000007f0389b                llc_enc_rsp_pdu_send = 0x7f0389b
                0x0000000007f03939                llc_start_enc_rsp_pdu_send = 0x7f03939
                0x0000000007f03991                llc_reject_ind_pdu_send = 0x7f03991
                0x0000000007f03a2f                llc_con_update_pdu_send = 0x7f03a2f
                0x0000000007f03a85                llc_con_param_req_pdu_send = 0x7f03a85
                0x0000000007f03b13                llc_con_param_rsp_pdu_send = 0x7f03b13
                0x0000000007f03ba1                llc_feats_req_pdu_send = 0x7f03ba1
                0x0000000007f03c01                llc_start_enc_req_pdu_send = 0x7f03c01
                0x0000000007f03cb5                llc_terminate_ind_pdu_send = 0x7f03cb5
                0x0000000007f03d29                llc_unknown_rsp_send_pdu = 0x7f03d29
                0x0000000007f03d5d                llc_length_req_pdu_send = 0x7f03d5d
                0x0000000007f03e29                llc_length_rsp_pdu_send = 0x7f03e29
                0x0000000007f03e99                llc_length_ind = 0x7f03e99
                0x0000000007f03f25                llc_ping_req_pdu_send = 0x7f03f25
                0x0000000007f03f55                llc_ping_rsp_pdu_send = 0x7f03f55
                0x0000000007f03f85                llc_feats_req_ind = 0x7f03f85
                0x0000000007f03ff5                llc_feats_rsp_ind = 0x7f03ff5
                0x0000000007f04069                llc_vers_ind_ind = 0x7f04069
                0x0000000007f040fd                llc_terminate_ind = 0x7f040fd
                0x0000000007f04139                llc_pause_enc_req_ind = 0x7f04139
                0x0000000007f04169                llc_pause_enc_rsp_ind = 0x7f04169
                0x0000000007f041df                llc_enc_req_ind = 0x7f041df
                0x0000000007f0429f                llc_enc_rsp_ind = 0x7f0429f
                0x0000000007f0434b                llc_start_enc_req_ind = 0x7f0434b
                0x0000000007f043b9                llc_start_enc_rsp_ind = 0x7f043b9
                0x0000000007f04441                llc_cntl_rcv = 0x7f04441
                0x0000000007f044cf                llcp_con_param_req_pdu_unpk = 0x7f044cf
                0x0000000007f04547                llcp_con_param_rsp_pdu_unpk = 0x7f04547
                0x0000000007f045bf                llc_con_update_req_ind = 0x7f045bf
                0x0000000007f04619                llc_ch_map_req_ind = 0x7f04619
                0x0000000007f0469d                llc_data_rcv = 0x7f0469d
                0x0000000007f0571f                lld_drop_packet_check = 0x7f0571f
                0x0000000007f06a49                llc_util_get_free_conhdl = 0x7f06a49
                0x0000000007f06a79                llc_util_dicon_procedure = 0x7f06a79
                0x0000000007f06adb                llc_util_gen_skdx = 0x7f06adb
                0x0000000007f06aef                llc_util_update_channel_map = 0x7f06aef
                0x0000000007f06b01                llc_util_set_llcp_discard_enable = 0x7f06b01
                0x0000000007f06b19                llc_util_set_auth_payl_to_margin = 0x7f06b19
                0x0000000007f06b41                llm_add_bad_chnl = 0x7f06b41
                0x0000000007f06b7d                llc_data_notif_func = 0x7f06b7d
                0x0000000007f06c89                lld_init = 0x7f06c89
                0x0000000007f06dd5                lld_reset = 0x7f06dd5
                0x0000000007f06e23                lld_adv_start = 0x7f06e23
                0x0000000007f06f63                lld_adv_stop = 0x7f06f63
                0x0000000007f06f89                lld_scan_start = 0x7f06f89
                0x0000000007f070cd                lld_scan_stop = 0x7f070cd
                0x0000000007f07105                lld_con_start = 0x7f07105
                0x0000000007f07497                lld_move_to_master = 0x7f07497
                0x0000000007f0752f                lld_con_update_req = 0x7f0752f
                0x0000000007f075ad                lld_con_update_after_param_req = 0x7f075ad
                0x0000000007f07799                lld_con_param_rsp = 0x7f07799