<!doctype html public "-//w3c//dtd html 4.0 transitional//en">
<html><head>
<title>Static Call Graph - [.\out_DA14535\Objects\empty_peripheral_template_535.axf]</title></head>
<body><HR>
<H1>Static Call Graph for image .\out_DA14535\Objects\empty_peripheral_template_535.axf</H1><HR>
<BR><P>#&#060CALLGRAPH&#062# ARM Linker, 6230001: Last Updated: Tue Feb 10 02:24:30 2026
<BR><P>
<H3>Maximum Stack Usage =        128 bytes + Unknown(Cycles, Untraceable Function Pointers)</H3><H3>
Call chain for Maximum Stack Depth:</H3>
main &rArr; system_init &rArr; user_app_init &rArr; aht20_init &rArr; aht20_i2c_write
<P>
<H3>
Mutually Recursive functions
</H3> <LI><a href="#[12]">BLE_RF_DIAG_Handler</a>&nbsp;&nbsp;&nbsp;&rArr;&nbsp;&nbsp;&nbsp;<a href="#[12]">BLE_RF_DIAG_Handler</a><BR>
</UL>
<P>
<H3>
Function Pointers
</H3><UL>
 <LI><a href="#[10]">ADC_Handler</a> from adc_531.o(.text) referenced from startup_da14535.o(RESET)
 <LI><a href="#[12]">BLE_RF_DIAG_Handler</a> from startup_da14535.o(startup_code_DA14xxx) referenced from startup_da14535.o(RESET)
 <LI><a href="#[a]">BLE_WAKEUP_LP_Handler</a> from rwble.o(.text) referenced from startup_da14535.o(RESET)
 <LI><a href="#[4]">BusFault_Handler</a> from startup_da14535.o(startup_code_DA14xxx) referenced from startup_da14535.o(RESET)
 <LI><a href="#[1d]">DMA_Handler</a> from startup_da14535.o(startup_code_DA14xxx) referenced from startup_da14535.o(RESET)
 <LI><a href="#[14]">GPIO0_Handler</a> from gpio.o(.text) referenced from startup_da14535.o(RESET)
 <LI><a href="#[15]">GPIO1_Handler</a> from gpio.o(.text) referenced from startup_da14535.o(RESET)
 <LI><a href="#[16]">GPIO2_Handler</a> from gpio.o(.text) referenced from startup_da14535.o(RESET)
 <LI><a href="#[17]">GPIO3_Handler</a> from gpio.o(.text) referenced from startup_da14535.o(RESET)
 <LI><a href="#[18]">GPIO4_Handler</a> from gpio.o(.text) referenced from startup_da14535.o(RESET)
 <LI><a href="#[38]">GPIO_ConfigurePin</a> from gpio.o(.text) referenced from user_periph_setup.o(.text)
 <LI><a href="#[2]">HardFault_Handler</a> from startup_da14535.o(startup_code_DA14xxx) referenced from startup_da14535.o(RESET)
 <LI><a href="#[3f]">HardFault_HandlerC</a> from hardfault_handler.o(.text.HardFault_HandlerC) referenced from startup_da14535.o(startup_code_DA14xxx)
 <LI><a href="#[e]">I2C_Handler</a> from i2c.o(.text) referenced from startup_da14535.o(RESET)
 <LI><a href="#[9e]">JT_llm_le_adv_report_ind_func</a> from patch_3.o(.text) referenced from jump_table.o(.rodata.rom_func_addr_table_var)
 <LI><a href="#[11]">KEYBRD_Handler</a> from startup_da14535.o(startup_code_DA14xxx) referenced from startup_da14535.o(RESET)
 <LI><a href="#[3]">MemManage_Handler</a> from startup_da14535.o(startup_code_DA14xxx) referenced from startup_da14535.o(RESET)
 <LI><a href="#[1]">NMI_Handler</a> from startup_da14535.o(startup_code_DA14xxx) referenced from startup_da14535.o(RESET)
 <LI><a href="#[3e]">NMI_HandlerC</a> from nmi_handler.o(.text.NMI_HandlerC) referenced from startup_da14535.o(startup_code_DA14xxx)
 <LI><a href="#[9f]">PK_PointMult_func</a> from da14535_symbols.txt(ABSOLUTE) referenced from jump_table.o(.rodata.rom_func_addr_table_var)
 <LI><a href="#[8]">PendSV_Handler</a> from startup_da14535.o(startup_code_DA14xxx) referenced from startup_da14535.o(RESET)
 <LI><a href="#[31]">RADIOCNTL_Handler</a> from ble_arp.o(.text) referenced from ble_arp.o(.text)
 <LI><a href="#[1f]">RESERVED21_Handler</a> from startup_da14535.o(startup_code_DA14xxx) referenced from startup_da14535.o(RESET)
 <LI><a href="#[20]">RESERVED22_Handler</a> from startup_da14535.o(startup_code_DA14xxx) referenced from startup_da14535.o(RESET)
 <LI><a href="#[21]">RESERVED23_Handler</a> from startup_da14535.o(startup_code_DA14xxx) referenced from startup_da14535.o(RESET)
 <LI><a href="#[13]">RFCAL_Handler</a> from startup_da14535.o(startup_code_DA14xxx) referenced from startup_da14535.o(RESET)
 <LI><a href="#[1c]">RTC_Handler</a> from startup_da14535.o(startup_code_DA14xxx) referenced from startup_da14535.o(RESET)
 <LI><a href="#[0]">Reset_Handler</a> from startup_da14535.o(startup_code_DA14xxx) referenced from startup_da14535.o(RESET)
 <LI><a href="#[f]">SPI_Handler</a> from startup_da14535.o(startup_code_DA14xxx) referenced from startup_da14535.o(RESET)
 <LI><a href="#[7]">SVC_Handler</a> from startup_da14535.o(startup_code_DA14xxx) referenced from startup_da14535.o(RESET)
 <LI><a href="#[1b]">SWTIM1_Handler</a> from startup_da14535.o(startup_code_DA14xxx) referenced from startup_da14535.o(RESET)
 <LI><a href="#[19]">SWTIM_Handler</a> from startup_da14535.o(startup_code_DA14xxx) referenced from startup_da14535.o(RESET)
 <LI><a href="#[6]">SecureFault_Handler</a> from startup_da14535.o(startup_code_DA14xxx) referenced from startup_da14535.o(RESET)
 <LI><a href="#[9]">SysTick_Handler</a> from systick.o(.text) referenced from startup_da14535.o(RESET)
 <LI><a href="#[d]">UART2_Handler</a> from uart.o(.text) referenced from startup_da14535.o(RESET)
 <LI><a href="#[c]">UART_Handler</a> from da14535_symbols.txt(ABSOLUTE) referenced from startup_da14535.o(RESET)
 <LI><a href="#[6a]">UART_Handler_func</a> from da14535_symbols.txt(ABSOLUTE) referenced from jump_table.o(.rodata.rom_func_addr_table_var)
 <LI><a href="#[5]">UsageFault_Handler</a> from startup_da14535.o(startup_code_DA14xxx) referenced from startup_da14535.o(RESET)
 <LI><a href="#[1a]">WKUP_QUADEC_Handler</a> from wkupct_quadec.o(.text) referenced from startup_da14535.o(RESET)
 <LI><a href="#[1e]">XTAL32M_RDY_Handler</a> from startup_da14535.o(startup_code_DA14xxx) referenced from startup_da14535.o(RESET)
 <LI><a href="#[3b]">adv_data_update_timer_cb</a> from user_peripheral.o(.text) referenced 2 times from user_peripheral.o(.text)
 <LI><a href="#[4f]">app_custs1_create_db</a> from app_customs.o(.text) referenced from user_custs_config.o(.rodata.cust_prf_funcs)
 <LI><a href="#[44]">app_custs1_process_handler</a> from app_customs_task.o(.text) referenced from app_entry_point.o(.rodata.app_process_handlers)
 <LI><a href="#[5b]">app_db_init_next</a> from app.o(.text) referenced from app_entry_point.o(.rodata.rom_app_task_cfg)
 <LI><a href="#[57]">app_diss_create_db</a> from app_diss.o(.text) referenced from app.o(.rodata.prf_funcs)
 <LI><a href="#[43]">app_diss_process_handler</a> from app_diss_task.o(.text) referenced from app_entry_point.o(.rodata.app_process_handlers)
 <LI><a href="#[35]">app_easy_gap_advertise_stop_handler</a> from app.o(.text) referenced from app.o(.text)
 <LI><a href="#[5a]">app_easy_gap_dev_configure</a> from app.o(.text) referenced from app_entry_point.o(.rodata.rom_app_task_cfg)
 <LI><a href="#[41]">app_gap_process_handler</a> from da14535_symbols.txt(ABSOLUTE) referenced from app_entry_point.o(.rodata.app_process_handlers)
 <LI><a href="#[42]">app_timer_api_process_handler</a> from app_easy_timer.o(.text) referenced from app_entry_point.o(.rodata.app_process_handlers)
 <LI><a href="#[60]">arch_force_active_mode</a> from arch_sleep.o(.text) referenced from arch_console.o(.rodata.rom_console_cfg)
 <LI><a href="#[39]">arch_printf</a> from da14535_symbols.txt(ABSOLUTE) referenced from user_peripheral.o(.text)
 <LI><a href="#[3a]">arch_printf_flush</a> from da14535_symbols.txt(ABSOLUTE) referenced from user_peripheral.o(.text)
 <LI><a href="#[5f]">arch_restore_sleep_mode</a> from arch_sleep.o(.text) referenced from arch_console.o(.rodata.rom_console_cfg)
 <LI><a href="#[9c]">attc_l2cc_pdu_recv_handler_func</a> from da14535_symbols.txt(ABSOLUTE) referenced from jump_table.o(.rodata.rom_func_addr_table_var)
 <LI><a href="#[9b]">atts_l2cc_pdu_recv_handler_func</a> from da14535_symbols.txt(ABSOLUTE) referenced from jump_table.o(.rodata.rom_func_addr_table_var)
 <LI><a href="#[aa]">ba431_get_rand_func</a> from jump_table.o(.text) referenced from jump_table.o(.rodata.rom_func_addr_table_var)
 <LI><a href="#[ae]">ble_init_arp_func</a> from ble_arp.o(.text) referenced from jump_table.o(.rodata.rom_func_addr_table_var)
 <LI><a href="#[2c]">check_sys_startup_period</a> from arch_system.o(.text) referenced from rwip.o(.text)
 <LI><a href="#[9d]">crypto_init_func</a> from jump_table.o(.text) referenced from jump_table.o(.rodata.rom_func_addr_table_var)
 <LI><a href="#[59]">custs1_prf_itf_get</a> from da14535_symbols.txt(ABSOLUTE) referenced from prf.o(.rodata.prf_if)
 <LI><a href="#[61]">custs_get_func_callbacks</a> from app_customs.o(.text) referenced from custs1.o(.rodata.rom_cust_prf_cfg)
 <LI><a href="#[92]">dbg_init_func_empty</a> from jump_table.o(.text) referenced from jump_table.o(.rodata.rom_func_addr_table_var)
 <LI><a href="#[93]">dbg_platform_reset_complete_func_empty</a> from jump_table.o(.text) referenced from jump_table.o(.rodata.rom_func_addr_table_var)
 <LI><a href="#[ba]">default_app_generate_static_random_addr</a> from app_default_handlers.o(.text) referenced from app_entry_point.o(.rodata.user_app_callbacks)
 <LI><a href="#[b4]">default_app_on_db_init_complete</a> from app_default_handlers.o(.text) referenced from app_entry_point.o(.rodata.user_app_callbacks)
 <LI><a href="#[b6]">default_app_on_get_dev_appearance</a> from app_default_handlers.o(.text) referenced from app_entry_point.o(.rodata.user_app_callbacks)
 <LI><a href="#[b5]">default_app_on_get_dev_name</a> from app_default_handlers.o(.text) referenced from app_entry_point.o(.rodata.user_app_callbacks)
 <LI><a href="#[b7]">default_app_on_get_dev_slv_pref_params</a> from app_default_handlers.o(.text) referenced from app_entry_point.o(.rodata.user_app_callbacks)
 <LI><a href="#[b2]">default_app_on_set_dev_config_complete</a> from app_default_handlers.o(.text) referenced from app_entry_point.o(.rodata.user_app_callbacks)
 <LI><a href="#[b8]">default_app_on_set_dev_info</a> from app_default_handlers.o(.text) referenced from app_entry_point.o(.rodata.user_app_callbacks)
 <LI><a href="#[b9]">default_app_update_params_request</a> from app_default_handlers.o(.text) referenced from app_entry_point.o(.rodata.user_app_callbacks)
 <LI><a href="#[a8]">dia_rand_func</a> from jump_table.o(.text) referenced from jump_table.o(.rodata.rom_func_addr_table_var)
 <LI><a href="#[a9]">dia_srand_func</a> from jump_table.o(.text) referenced from jump_table.o(.rodata.rom_func_addr_table_var)
 <LI><a href="#[56]">diss_cleanup</a> from diss.o(.text) referenced from diss.o(.rodata.diss_itf)
 <LI><a href="#[55]">diss_create</a> from diss.o(.text) referenced from diss.o(.rodata.diss_itf)
 <LI><a href="#[54]">diss_destroy</a> from diss.o(.text) referenced from diss.o(.rodata.diss_itf)
 <LI><a href="#[53]">diss_init</a> from diss.o(.text) referenced from diss.o(.rodata.diss_itf)
 <LI><a href="#[58]">diss_prf_itf_get</a> from diss.o(.text) referenced from prf.o(.rodata.prf_if)
 <LI><a href="#[50]">diss_set_value_req_handler</a> from diss_task.o(.text) referenced from diss_task.o(.rodata.diss_default_state)
 <LI><a href="#[52]">diss_value_cfm_handler</a> from diss_task.o(.text) referenced from diss_task.o(.rodata.diss_default_state)
 <LI><a href="#[40]">diss_value_req_ind_handler</a> from app_diss_task.o(.text) referenced from app_diss_task.o(.rodata.app_diss_process_handlers)
 <LI><a href="#[4d]">dlg_cscnt_isr</a> from rwble.o(.text) referenced from rwble.o(.rodata.ble_irq)
 <LI><a href="#[4e]">dlg_error_isr</a> from rwble.o(.text) referenced from rwble.o(.rodata.ble_irq)
 <LI><a href="#[47]">dlg_event_isr</a> from rwble.o(.text) referenced from rwble.o(.rodata.ble_irq)
 <LI><a href="#[48]">dlg_eventapfa_isr</a> from rwble.o(.text) referenced from rwble.o(.rodata.ble_irq)
 <LI><a href="#[45]">dlg_finetgtim_isr</a> from rwble.o(.text) referenced from rwble.o(.rodata.ble_irq)
 <LI><a href="#[46]">dlg_rx_isr</a> from rwble.o(.text) referenced from rwble.o(.rodata.ble_irq)
 <LI><a href="#[4c]">dlg_slp_isr</a> from rwble.o(.text) referenced from rwble.o(.rodata.ble_irq)
 <LI><a href="#[49]">ea_sw_isr</a> from da14535_symbols.txt(ABSOLUTE) referenced from rwble.o(.rodata.ble_irq)
 <LI><a href="#[9a]">gapc_lecb_connect_cfm_handler_func</a> from da14535_symbols.txt(ABSOLUTE) referenced from jump_table.o(.rodata.rom_func_addr_table_var)
 <LI><a href="#[51]">gattc_read_req_ind_handler</a> from diss_task.o(.text) referenced from diss_task.o(.rodata.diss_default_state)
 <LI><a href="#[6c]">gtl_eif_init_func</a> from da14535_symbols.txt(ABSOLUTE) referenced from jump_table.o(.rodata.rom_func_addr_table_var)
 <LI><a href="#[6e]">gtl_eif_read_hdr_func</a> from da14535_symbols.txt(ABSOLUTE) referenced from jump_table.o(.rodata.rom_func_addr_table_var)
 <LI><a href="#[6f]">gtl_eif_read_payl_func</a> from da14535_symbols.txt(ABSOLUTE) referenced from jump_table.o(.rodata.rom_func_addr_table_var)
 <LI><a href="#[6d]">gtl_eif_read_start_func</a> from da14535_symbols.txt(ABSOLUTE) referenced from jump_table.o(.rodata.rom_func_addr_table_var)
 <LI><a href="#[71]">gtl_eif_rx_done_func</a> from da14535_symbols.txt(ABSOLUTE) referenced from jump_table.o(.rodata.rom_func_addr_table_var)
 <LI><a href="#[70]">gtl_eif_tx_done_func</a> from da14535_symbols.txt(ABSOLUTE) referenced from jump_table.o(.rodata.rom_func_addr_table_var)
 <LI><a href="#[6b]">gtl_init_func</a> from da14535_symbols.txt(ABSOLUTE) referenced from jump_table.o(.rodata.rom_func_addr_table_var)
 <LI><a href="#[72]">h4tl_init_func</a> from da14535_symbols.txt(ABSOLUTE) referenced from jump_table.o(.rodata.rom_func_addr_table_var)
 <LI><a href="#[77]">h4tl_out_of_sync_func</a> from da14535_symbols.txt(ABSOLUTE) referenced from jump_table.o(.rodata.rom_func_addr_table_var)
 <LI><a href="#[74]">h4tl_read_hdr_func</a> from da14535_symbols.txt(ABSOLUTE) referenced from jump_table.o(.rodata.rom_func_addr_table_var)
 <LI><a href="#[76]">h4tl_read_next_out_of_sync_func</a> from da14535_symbols.txt(ABSOLUTE) referenced from jump_table.o(.rodata.rom_func_addr_table_var)
 <LI><a href="#[75]">h4tl_read_payl_func</a> from da14535_symbols.txt(ABSOLUTE) referenced from jump_table.o(.rodata.rom_func_addr_table_var)
 <LI><a href="#[73]">h4tl_read_start_func</a> from da14535_symbols.txt(ABSOLUTE) referenced from jump_table.o(.rodata.rom_func_addr_table_var)
 <LI><a href="#[79]">h4tl_rx_done_func</a> from da14535_symbols.txt(ABSOLUTE) referenced from jump_table.o(.rodata.rom_func_addr_table_var)
 <LI><a href="#[78]">h4tl_tx_done_func</a> from da14535_symbols.txt(ABSOLUTE) referenced from jump_table.o(.rodata.rom_func_addr_table_var)
 <LI><a href="#[94]">hci_rd_local_supp_feats_cmd_handler_func</a> from da14535_symbols.txt(ABSOLUTE) referenced from jump_table.o(.rodata.rom_func_addr_table_var)
 <LI><a href="#[29]">intr_master_receive_buffer_handler</a> from i2c.o(.text) referenced from i2c.o(.text)
 <LI><a href="#[28]">intr_master_transmit_buffer_handler</a> from i2c.o(.text) referenced from i2c.o(.text)
 <LI><a href="#[2a]">intr_slave_receive_buffer_handler</a> from i2c.o(.text) referenced from i2c.o(.text)
 <LI><a href="#[2b]">intr_slave_transmit_buffer_handler</a> from i2c.o(.text) referenced from i2c.o(.text)
 <LI><a href="#[7a]">ke_task_init_func</a> from da14535_symbols.txt(ABSOLUTE) referenced from jump_table.o(.rodata.rom_func_addr_table_var)
 <LI><a href="#[7b]">ke_timer_init_func</a> from da14535_symbols.txt(ABSOLUTE) referenced from jump_table.o(.rodata.rom_func_addr_table_var)
 <LI><a href="#[98]">l2c_process_sdu_func</a> from da14535_symbols.txt(ABSOLUTE) referenced from jump_table.o(.rodata.rom_func_addr_table_var)
 <LI><a href="#[97]">l2c_send_lecb_message_func</a> from da14535_symbols.txt(ABSOLUTE) referenced from jump_table.o(.rodata.rom_func_addr_table_var)
 <LI><a href="#[95]">l2cc_pdu_pack_func</a> from da14535_symbols.txt(ABSOLUTE) referenced from jump_table.o(.rodata.rom_func_addr_table_var)
 <LI><a href="#[99]">l2cc_pdu_recv_ind_handler_func</a> from da14535_symbols.txt(ABSOLUTE) referenced from jump_table.o(.rodata.rom_func_addr_table_var)
 <LI><a href="#[96]">l2cc_pdu_unpack_func</a> from da14535_symbols.txt(ABSOLUTE) referenced from jump_table.o(.rodata.rom_func_addr_table_var)
 <LI><a href="#[a4]">llc_le_length_conn_init_func</a> from da14535_symbols.txt(ABSOLUTE) referenced from jump_table.o(.rodata.rom_func_addr_table_var)
 <LI><a href="#[a3]">llc_le_length_effective_func</a> from da14535_symbols.txt(ABSOLUTE) referenced from jump_table.o(.rodata.rom_func_addr_table_var)
 <LI><a href="#[a7]">llc_pdu_send_func</a> from da14535_symbols.txt(ABSOLUTE) referenced from jump_table.o(.rodata.rom_func_addr_table_var)
 <LI><a href="#[4b]">lld_crypt_isr</a> from da14535_symbols.txt(ABSOLUTE) referenced from rwble.o(.rodata.ble_irq)
 <LI><a href="#[a6]">lld_data_tx_check_func</a> from da14535_symbols.txt(ABSOLUTE) referenced from jump_table.o(.rodata.rom_func_addr_table_var)
 <LI><a href="#[a5]">lld_data_tx_prog_func</a> from da14535_symbols.txt(ABSOLUTE) referenced from jump_table.o(.rodata.rom_func_addr_table_var)
 <LI><a href="#[4a]">lld_evt_timer_isr</a> from da14535_symbols.txt(ABSOLUTE) referenced from rwble.o(.rodata.ble_irq)
 <LI><a href="#[83]">lld_sleep_compensate_func</a> from rwble.o(.text) referenced from jump_table.o(.rodata.rom_func_addr_table_var)
 <LI><a href="#[84]">lld_sleep_init_func</a> from arch_system.o(.text) referenced from jump_table.o(.rodata.rom_func_addr_table_var)
 <LI><a href="#[86]">lld_sleep_lpcycles_2_us_sel_func</a> from arch_system.o(.text) referenced from jump_table.o(.rodata.rom_func_addr_table_var)
 <LI><a href="#[85]">lld_sleep_us_2_lpcycles_sel_func</a> from arch_system.o(.text) referenced from jump_table.o(.rodata.rom_func_addr_table_var)
 <LI><a href="#[89]">lld_test_mode_rx_func</a> from da14535_symbols.txt(ABSOLUTE) referenced from jump_table.o(.rodata.rom_func_addr_table_var)
 <LI><a href="#[88]">lld_test_mode_tx_func</a> from da14535_symbols.txt(ABSOLUTE) referenced from jump_table.o(.rodata.rom_func_addr_table_var)
 <LI><a href="#[87]">lld_test_stop_func</a> from da14535_symbols.txt(ABSOLUTE) referenced from jump_table.o(.rodata.rom_func_addr_table_var)
 <LI><a href="#[a1]">llm_create_p256_key_func</a> from da14535_symbols.txt(ABSOLUTE) referenced from jump_table.o(.rodata.rom_func_addr_table_var)
 <LI><a href="#[7c]">llm_encryption_done_func</a> from da14535_symbols.txt(ABSOLUTE) referenced from jump_table.o(.rodata.rom_func_addr_table_var)
 <LI><a href="#[a2]">llm_p256_req_handler_func</a> from da14535_symbols.txt(ABSOLUTE) referenced from jump_table.o(.rodata.rom_func_addr_table_var)
 <LI><a href="#[a0]">llm_p256_start_dummy_func</a> from jump_table.o(.text) referenced from jump_table.o(.rodata.rom_func_addr_table_var)
 <LI><a href="#[af]">llm_util_aa_gen_func</a> from da14535_symbols.txt(ABSOLUTE) referenced from jump_table.o(.rodata.rom_func_addr_table_var)
 <LI><a href="#[22]">main</a> from arch_main.o(.text) referenced from entry9a.o(.ARM.Collect$$$$0000000B)
 <LI><a href="#[7f]">nvds_del_func</a> from da14535_symbols.txt(ABSOLUTE) referenced from jump_table.o(.rodata.rom_func_addr_table_var)
 <LI><a href="#[7d]">nvds_get_func</a> from da14535_symbols.txt(ABSOLUTE) referenced from jump_table.o(.rodata.rom_func_addr_table_var)
 <LI><a href="#[80]">nvds_init_func</a> from da14535_symbols.txt(ABSOLUTE) referenced from jump_table.o(.rodata.rom_func_addr_table_var)
 <LI><a href="#[7e]">nvds_put_func</a> from da14535_symbols.txt(ABSOLUTE) referenced from jump_table.o(.rodata.rom_func_addr_table_var)
 <LI><a href="#[27]">otp_cs_store_user_handler</a> from otp_cs.o(.text) referenced from otp_cs.o(.text)
 <LI><a href="#[3c]">param_update_request_timer_cb</a> from user_peripheral.o(.text) referenced from user_peripheral.o(.text)
 <LI><a href="#[25]">pd_adpll_func</a> from otp_cs.o(.text) referenced from otp_cs.o(.text)
 <LI><a href="#[26]">pd_id21_func</a> from otp_cs.o(.text) referenced from otp_cs.o(.text)
 <LI><a href="#[24]">pd_rad_func</a> from otp_cs.o(.text) referenced from otp_cs.o(.text)
 <LI><a href="#[23]">pd_sys_func</a> from otp_cs.o(.text) referenced from otp_cs.o(.text)
 <LI><a href="#[82]">platform_reset_func</a> from jump_table.o(.text) referenced from jump_table.o(.rodata.rom_func_addr_table_var)
 <LI><a href="#[8d]">prf_add_profile_func</a> from da14535_symbols.txt(ABSOLUTE) referenced from jump_table.o(.rodata.rom_func_addr_table_var)
 <LI><a href="#[8f]">prf_cleanup_func</a> from da14535_symbols.txt(ABSOLUTE) referenced from jump_table.o(.rodata.rom_func_addr_table_var)
 <LI><a href="#[8e]">prf_create_func</a> from da14535_symbols.txt(ABSOLUTE) referenced from jump_table.o(.rodata.rom_func_addr_table_var)
 <LI><a href="#[90]">prf_get_id_from_task_func</a> from da14535_symbols.txt(ABSOLUTE) referenced from jump_table.o(.rodata.rom_func_addr_table_var)
 <LI><a href="#[91]">prf_get_task_from_id_func</a> from da14535_symbols.txt(ABSOLUTE) referenced from jump_table.o(.rodata.rom_func_addr_table_var)
 <LI><a href="#[8c]">prf_init_func</a> from da14535_symbols.txt(ABSOLUTE) referenced from jump_table.o(.rodata.rom_func_addr_table_var)
 <LI><a href="#[34]">rf_force_agc_enable</a> from ble_arp.o(.text) referenced from ble_arp.o(.text)
 <LI><a href="#[62]">rf_init_func</a> from ble_arp.o(.text) referenced from jump_table.o(.rodata.rom_func_addr_table_var)
 <LI><a href="#[2e]">rf_reg_rd</a> from ble_arp.o(.text) referenced from ble_arp.o(.text)
 <LI><a href="#[2d]">rf_reg_wr</a> from ble_arp.o(.text) referenced from ble_arp.o(.text)
 <LI><a href="#[63]">rf_reinit_func</a> from ble_arp.o(.text) referenced from jump_table.o(.rodata.rom_func_addr_table_var)
 <LI><a href="#[32]">rf_reset</a> from ble_arp.o(.text) referenced from ble_arp.o(.text)
 <LI><a href="#[33]">rf_rssi_convert</a> from ble_arp.o(.text) referenced from ble_arp.o(.text)
 <LI><a href="#[30]">rf_sleep</a> from da14535_symbols.txt(ABSOLUTE) referenced from ble_arp.o(.text)
 <LI><a href="#[2f]">rf_txpwr_dbm_get</a> from ble_arp.o(.text) referenced from ble_arp.o(.text)
 <LI><a href="#[b]">rwble_isr</a> from rwble.o(.text) referenced from startup_da14535.o(RESET)
 <LI><a href="#[81]">rwip_eif_get_func</a> from da14535_symbols.txt(ABSOLUTE) referenced from jump_table.o(.rodata.rom_func_addr_table_var)
 <LI><a href="#[8a]">smpc_check_param_func</a> from da14535_symbols.txt(ABSOLUTE) referenced from jump_table.o(.rodata.rom_func_addr_table_var)
 <LI><a href="#[ac]">smpc_dhkey_calc_ind_func</a> from da14535_symbols.txt(ABSOLUTE) referenced from jump_table.o(.rodata.rom_func_addr_table_var)
 <LI><a href="#[8b]">smpc_pdu_recv_func</a> from da14535_symbols.txt(ABSOLUTE) referenced from jump_table.o(.rodata.rom_func_addr_table_var)
 <LI><a href="#[ab]">smpc_public_key_exchange_start_func</a> from da14535_symbols.txt(ABSOLUTE) referenced from jump_table.o(.rodata.rom_func_addr_table_var)
 <LI><a href="#[ad]">smpm_ecdh_key_create_func</a> from da14535_symbols.txt(ABSOLUTE) referenced from jump_table.o(.rodata.rom_func_addr_table_var)
 <LI><a href="#[3d]">tick_timer_cb</a> from user_custs1_impl.o(.text) referenced 2 times from user_custs1_impl.o(.text)
 <LI><a href="#[37]">timer_canceled_handler</a> from app_easy_timer.o(.text) referenced 3 times from app_easy_timer.o(.text)
 <LI><a href="#[36]">timer_modified_handler</a> from app_easy_timer.o(.text) referenced 2 times from app_easy_timer.o(.text)
 <LI><a href="#[5e]">uart_finish_transfers_adapt</a> from arch_console.o(.text) referenced from arch_console.o(.rodata.rom_console_cfg)
 <LI><a href="#[67]">uart_finish_transfers_func</a> from da14535_symbols.txt(ABSOLUTE) referenced from jump_table.o(.rodata.rom_func_addr_table_var)
 <LI><a href="#[66]">uart_flow_off_func</a> from da14535_symbols.txt(ABSOLUTE) referenced from jump_table.o(.rodata.rom_func_addr_table_var)
 <LI><a href="#[65]">uart_flow_on_func</a> from da14535_symbols.txt(ABSOLUTE) referenced from jump_table.o(.rodata.rom_func_addr_table_var)
 <LI><a href="#[64]">uart_init_func</a> from da14535_symbols.txt(ABSOLUTE) referenced from jump_table.o(.rodata.rom_func_addr_table_var)
 <LI><a href="#[68]">uart_read_func</a> from da14535_symbols.txt(ABSOLUTE) referenced from jump_table.o(.rodata.rom_func_addr_table_var)
 <LI><a href="#[5d]">uart_write_adapt</a> from arch_console.o(.text) referenced from arch_console.o(.rodata.rom_console_cfg)
 <LI><a href="#[69]">uart_write_func</a> from da14535_symbols.txt(ABSOLUTE) referenced from jump_table.o(.rodata.rom_func_addr_table_var)
 <LI><a href="#[b3]">user_app_adv_undirect_complete</a> from user_peripheral.o(.text) referenced from app_entry_point.o(.rodata.user_app_callbacks)
 <LI><a href="#[b0]">user_app_connection</a> from user_peripheral.o(.text) referenced from app_entry_point.o(.rodata.user_app_callbacks)
 <LI><a href="#[b1]">user_app_disconnect</a> from user_peripheral.o(.text) referenced from app_entry_point.o(.rodata.user_app_callbacks)
 <LI><a href="#[5c]">user_catch_rest_hndl</a> from user_peripheral.o(.text) referenced from app_entry_point.o(.rodata.rom_app_task_cfg)
</UL>
<P>
<H3>
Global Symbols
</H3>
<P><STRONG><a name="[81]"></a>rwip_eif_get_func</STRONG> (Thumb, 0 bytes, Stack size 0 bytes, da14535_symbols.txt(ABSOLUTE), UNUSED)
<BR>[Address Reference Count : 1]<UL><LI> jump_table.o(.rodata.rom_func_addr_table_var)
</UL>
<P><STRONG><a name="[f1]"></a>ble_init</STRONG> (Thumb, 0 bytes, Stack size 0 bytes, da14535_symbols.txt(ABSOLUTE))
<BR><BR>[Called By]<UL><LI><a href="#[c1]">&gt;&gt;</a>&nbsp;&nbsp;&nbsp;system_init
</UL>

<P><STRONG><a name="[148]"></a>ble_regs_push</STRONG> (Thumb, 0 bytes, Stack size 0 bytes, da14535_symbols.txt(ABSOLUTE))
<BR><BR>[Called By]<UL><LI><a href="#[147]">&gt;&gt;</a>&nbsp;&nbsp;&nbsp;patched_ble_regs_push
</UL>

<P><STRONG><a name="[149]"></a>ble_regs_pop</STRONG> (Thumb, 0 bytes, Stack size 0 bytes, da14535_symbols.txt(ABSOLUTE))
<BR><BR>[Called By]<UL><LI><a href="#[13e]">&gt;&gt;</a>&nbsp;&nbsp;&nbsp;patched_ble_regs_pop
</UL>

<P><STRONG><a name="[144]"></a>rf_reinit</STRONG> (Thumb, 0 bytes, Stack size 0 bytes, da14535_symbols.txt(ABSOLUTE))
<BR><BR>[Called By]<UL><LI><a href="#[4c]">&gt;&gt;</a>&nbsp;&nbsp;&nbsp;dlg_slp_isr
</UL>

<P><STRONG><a name="[c]"></a>UART_Handler</STRONG> (Thumb, 0 bytes, Stack size 0 bytes, da14535_symbols.txt(ABSOLUTE), UNUSED)
<BR>[Address Reference Count : 1]<UL><LI> startup_da14535.o(RESET)
</UL>
<P><STRONG><a name="[1c1]"></a>prf_get_task_from_id</STRONG> (Thumb, 0 bytes, Stack size 0 bytes, da14535_symbols.txt(ABSOLUTE))
<BR><BR>[Called By]<UL><LI><a href="#[1b5]">&gt;&gt;</a>&nbsp;&nbsp;&nbsp;user_svc1_time_read_req_handler
<LI><a href="#[3d]">&gt;&gt;</a>&nbsp;&nbsp;&nbsp;tick_timer_cb
</UL>

<P><STRONG><a name="[cd]"></a>dia_rand</STRONG> (Thumb, 0 bytes, Stack size 0 bytes, da14535_symbols.txt(ABSOLUTE))
<BR><BR>[Called By]<UL><LI><a href="#[aa]">&gt;&gt;</a>&nbsp;&nbsp;&nbsp;ba431_get_rand_func
<LI><a href="#[ba]">&gt;&gt;</a>&nbsp;&nbsp;&nbsp;default_app_generate_static_random_addr
</UL>

<P><STRONG><a name="[1c8]"></a>co_buf_rx_buffer_get</STRONG> (Thumb, 0 bytes, Stack size 0 bytes, da14535_symbols.txt(ABSOLUTE))
<BR><BR>[Called By]<UL><LI><a href="#[9e]">&gt;&gt;</a>&nbsp;&nbsp;&nbsp;JT_llm_le_adv_report_ind_func
</UL>

<P><STRONG><a name="[16a]"></a>co_list_init</STRONG> (Thumb, 0 bytes, Stack size 0 bytes, da14535_symbols.txt(ABSOLUTE))
<BR><BR>[Called By]<UL><LI><a href="#[53]">&gt;&gt;</a>&nbsp;&nbsp;&nbsp;diss_init
</UL>

<P><STRONG><a name="[16c]"></a>co_list_pop_front</STRONG> (Thumb, 0 bytes, Stack size 0 bytes, da14535_symbols.txt(ABSOLUTE))
<BR><BR>[Called By]<UL><LI><a href="#[54]">&gt;&gt;</a>&nbsp;&nbsp;&nbsp;diss_destroy
</UL>

<P><STRONG><a name="[172]"></a>co_list_push_back</STRONG> (Thumb, 0 bytes, Stack size 0 bytes, da14535_symbols.txt(ABSOLUTE))
<BR><BR>[Called By]<UL><LI><a href="#[9e]">&gt;&gt;</a>&nbsp;&nbsp;&nbsp;JT_llm_le_adv_report_ind_func
<LI><a href="#[50]">&gt;&gt;</a>&nbsp;&nbsp;&nbsp;diss_set_value_req_handler
</UL>

<P><STRONG><a name="[171]"></a>co_list_extract</STRONG> (Thumb, 0 bytes, Stack size 0 bytes, da14535_symbols.txt(ABSOLUTE))
<BR><BR>[Called By]<UL><LI><a href="#[50]">&gt;&gt;</a>&nbsp;&nbsp;&nbsp;diss_set_value_req_handler
</UL>

<P><STRONG><a name="[1cb]"></a>co_list_size</STRONG> (Thumb, 0 bytes, Stack size 0 bytes, da14535_symbols.txt(ABSOLUTE))
<BR><BR>[Called By]<UL><LI><a href="#[9e]">&gt;&gt;</a>&nbsp;&nbsp;&nbsp;JT_llm_le_adv_report_ind_func
</UL>

<P><STRONG><a name="[1ca]"></a>co_bdaddr_compare</STRONG> (Thumb, 0 bytes, Stack size 0 bytes, da14535_symbols.txt(ABSOLUTE))
<BR><BR>[Called By]<UL><LI><a href="#[9e]">&gt;&gt;</a>&nbsp;&nbsp;&nbsp;JT_llm_le_adv_report_ind_func
</UL>

<P><STRONG><a name="[a3]"></a>llc_le_length_effective_func</STRONG> (Thumb, 0 bytes, Stack size 0 bytes, da14535_symbols.txt(ABSOLUTE), UNUSED)
<BR>[Address Reference Count : 1]<UL><LI> jump_table.o(.rodata.rom_func_addr_table_var)
</UL>
<P><STRONG><a name="[a4]"></a>llc_le_length_conn_init_func</STRONG> (Thumb, 0 bytes, Stack size 0 bytes, da14535_symbols.txt(ABSOLUTE), UNUSED)
<BR>[Address Reference Count : 1]<UL><LI> jump_table.o(.rodata.rom_func_addr_table_var)
</UL>
<P><STRONG><a name="[a7]"></a>llc_pdu_send_func</STRONG> (Thumb, 0 bytes, Stack size 0 bytes, da14535_symbols.txt(ABSOLUTE), UNUSED)
<BR>[Address Reference Count : 1]<UL><LI> jump_table.o(.rodata.rom_func_addr_table_var)
</UL>
<P><STRONG><a name="[4b]"></a>lld_crypt_isr</STRONG> (Thumb, 0 bytes, Stack size 0 bytes, da14535_symbols.txt(ABSOLUTE), UNUSED)
<BR>[Address Reference Count : 1]<UL><LI> rwble.o(.rodata.ble_irq)
</UL>
<P><STRONG><a name="[88]"></a>lld_test_mode_tx_func</STRONG> (Thumb, 0 bytes, Stack size 0 bytes, da14535_symbols.txt(ABSOLUTE), UNUSED)
<BR>[Address Reference Count : 1]<UL><LI> jump_table.o(.rodata.rom_func_addr_table_var)
</UL>
<P><STRONG><a name="[89]"></a>lld_test_mode_rx_func</STRONG> (Thumb, 0 bytes, Stack size 0 bytes, da14535_symbols.txt(ABSOLUTE), UNUSED)
<BR>[Address Reference Count : 1]<UL><LI> jump_table.o(.rodata.rom_func_addr_table_var)
</UL>
<P><STRONG><a name="[87]"></a>lld_test_stop_func</STRONG> (Thumb, 0 bytes, Stack size 0 bytes, da14535_symbols.txt(ABSOLUTE), UNUSED)
<BR>[Address Reference Count : 1]<UL><LI> jump_table.o(.rodata.rom_func_addr_table_var)
</UL>
<P><STRONG><a name="[a6]"></a>lld_data_tx_check_func</STRONG> (Thumb, 0 bytes, Stack size 0 bytes, da14535_symbols.txt(ABSOLUTE), UNUSED)
<BR>[Address Reference Count : 1]<UL><LI> jump_table.o(.rodata.rom_func_addr_table_var)
</UL>
<P><STRONG><a name="[a5]"></a>lld_data_tx_prog_func</STRONG> (Thumb, 0 bytes, Stack size 0 bytes, da14535_symbols.txt(ABSOLUTE), UNUSED)
<BR>[Address Reference Count : 1]<UL><LI> jump_table.o(.rodata.rom_func_addr_table_var)
</UL>
<P><STRONG><a name="[4a]"></a>lld_evt_timer_isr</STRONG> (Thumb, 0 bytes, Stack size 0 bytes, da14535_symbols.txt(ABSOLUTE), UNUSED)
<BR>[Address Reference Count : 1]<UL><LI> rwble.o(.rodata.ble_irq)
</UL>
<P><STRONG><a name="[141]"></a>lld_evt_end_isr</STRONG> (Thumb, 0 bytes, Stack size 0 bytes, da14535_symbols.txt(ABSOLUTE))
<BR><BR>[Called By]<UL><LI><a href="#[48]">&gt;&gt;</a>&nbsp;&nbsp;&nbsp;dlg_eventapfa_isr
<LI><a href="#[47]">&gt;&gt;</a>&nbsp;&nbsp;&nbsp;dlg_event_isr
</UL>

<P><STRONG><a name="[140]"></a>lld_evt_rx_isr</STRONG> (Thumb, 0 bytes, Stack size 0 bytes, da14535_symbols.txt(ABSOLUTE))
<BR><BR>[Called By]<UL><LI><a href="#[46]">&gt;&gt;</a>&nbsp;&nbsp;&nbsp;dlg_rx_isr
</UL>

<P><STRONG><a name="[14e]"></a>lld_sleep_enter</STRONG> (Thumb, 0 bytes, Stack size 0 bytes, da14535_symbols.txt(ABSOLUTE))
<BR><BR>[Called By]<UL><LI><a href="#[c7]">&gt;&gt;</a>&nbsp;&nbsp;&nbsp;rwip_sleep
</UL>

<P><STRONG><a name="[7c]"></a>llm_encryption_done_func</STRONG> (Thumb, 0 bytes, Stack size 0 bytes, da14535_symbols.txt(ABSOLUTE), UNUSED)
<BR>[Address Reference Count : 1]<UL><LI> jump_table.o(.rodata.rom_func_addr_table_var)
</UL>
<P><STRONG><a name="[a1]"></a>llm_create_p256_key_func</STRONG> (Thumb, 0 bytes, Stack size 0 bytes, da14535_symbols.txt(ABSOLUTE), UNUSED)
<BR>[Address Reference Count : 1]<UL><LI> jump_table.o(.rodata.rom_func_addr_table_var)
</UL>
<P><STRONG><a name="[a2]"></a>llm_p256_req_handler_func</STRONG> (Thumb, 0 bytes, Stack size 0 bytes, da14535_symbols.txt(ABSOLUTE), UNUSED)
<BR>[Address Reference Count : 1]<UL><LI> jump_table.o(.rodata.rom_func_addr_table_var)
</UL>
<P><STRONG><a name="[94]"></a>hci_rd_local_supp_feats_cmd_handler_func</STRONG> (Thumb, 0 bytes, Stack size 0 bytes, da14535_symbols.txt(ABSOLUTE), UNUSED)
<BR>[Address Reference Count : 1]<UL><LI> jump_table.o(.rodata.rom_func_addr_table_var)
</UL>
<P><STRONG><a name="[af]"></a>llm_util_aa_gen_func</STRONG> (Thumb, 0 bytes, Stack size 0 bytes, da14535_symbols.txt(ABSOLUTE), UNUSED)
<BR>[Address Reference Count : 1]<UL><LI> jump_table.o(.rodata.rom_func_addr_table_var)
</UL>
<P><STRONG><a name="[9f]"></a>PK_PointMult_func</STRONG> (Thumb, 0 bytes, Stack size 0 bytes, da14535_symbols.txt(ABSOLUTE), UNUSED)
<BR>[Address Reference Count : 1]<UL><LI> jump_table.o(.rodata.rom_func_addr_table_var)
</UL>
<P><STRONG><a name="[13f]"></a>ea_finetimer_isr</STRONG> (Thumb, 0 bytes, Stack size 0 bytes, da14535_symbols.txt(ABSOLUTE))
<BR><BR>[Called By]<UL><LI><a href="#[4d]">&gt;&gt;</a>&nbsp;&nbsp;&nbsp;dlg_cscnt_isr
<LI><a href="#[45]">&gt;&gt;</a>&nbsp;&nbsp;&nbsp;dlg_finetgtim_isr
</UL>

<P><STRONG><a name="[49]"></a>ea_sw_isr</STRONG> (Thumb, 0 bytes, Stack size 0 bytes, da14535_symbols.txt(ABSOLUTE), UNUSED)
<BR>[Address Reference Count : 1]<UL><LI> rwble.o(.rodata.ble_irq)
</UL>
<P><STRONG><a name="[c4]"></a>ea_sleep_check</STRONG> (Thumb, 0 bytes, Stack size 0 bytes, da14535_symbols.txt(ABSOLUTE))
<BR><BR>[Called By]<UL><LI><a href="#[22]">&gt;&gt;</a>&nbsp;&nbsp;&nbsp;main
</UL>

<P><STRONG><a name="[64]"></a>uart_init_func</STRONG> (Thumb, 0 bytes, Stack size 0 bytes, da14535_symbols.txt(ABSOLUTE), UNUSED)
<BR>[Address Reference Count : 1]<UL><LI> jump_table.o(.rodata.rom_func_addr_table_var)
</UL>
<P><STRONG><a name="[65]"></a>uart_flow_on_func</STRONG> (Thumb, 0 bytes, Stack size 0 bytes, da14535_symbols.txt(ABSOLUTE), UNUSED)
<BR>[Address Reference Count : 1]<UL><LI> jump_table.o(.rodata.rom_func_addr_table_var)
</UL>
<P><STRONG><a name="[66]"></a>uart_flow_off_func</STRONG> (Thumb, 0 bytes, Stack size 0 bytes, da14535_symbols.txt(ABSOLUTE), UNUSED)
<BR>[Address Reference Count : 1]<UL><LI> jump_table.o(.rodata.rom_func_addr_table_var)
</UL>
<P><STRONG><a name="[67]"></a>uart_finish_transfers_func</STRONG> (Thumb, 0 bytes, Stack size 0 bytes, da14535_symbols.txt(ABSOLUTE), UNUSED)
<BR>[Address Reference Count : 1]<UL><LI> jump_table.o(.rodata.rom_func_addr_table_var)
</UL>
<P><STRONG><a name="[68]"></a>uart_read_func</STRONG> (Thumb, 0 bytes, Stack size 0 bytes, da14535_symbols.txt(ABSOLUTE), UNUSED)
<BR>[Address Reference Count : 1]<UL><LI> jump_table.o(.rodata.rom_func_addr_table_var)
</UL>
<P><STRONG><a name="[69]"></a>uart_write_func</STRONG> (Thumb, 0 bytes, Stack size 0 bytes, da14535_symbols.txt(ABSOLUTE), UNUSED)
<BR>[Address Reference Count : 1]<UL><LI> jump_table.o(.rodata.rom_func_addr_table_var)
</UL>
<P><STRONG><a name="[6a]"></a>UART_Handler_func</STRONG> (Thumb, 0 bytes, Stack size 0 bytes, da14535_symbols.txt(ABSOLUTE), UNUSED)
<BR>[Address Reference Count : 1]<UL><LI> jump_table.o(.rodata.rom_func_addr_table_var)
</UL>
<P><STRONG><a name="[6b]"></a>gtl_init_func</STRONG> (Thumb, 0 bytes, Stack size 0 bytes, da14535_symbols.txt(ABSOLUTE), UNUSED)
<BR>[Address Reference Count : 1]<UL><LI> jump_table.o(.rodata.rom_func_addr_table_var)
</UL>
<P><STRONG><a name="[6d]"></a>gtl_eif_read_start_func</STRONG> (Thumb, 0 bytes, Stack size 0 bytes, da14535_symbols.txt(ABSOLUTE), UNUSED)
<BR>[Address Reference Count : 1]<UL><LI> jump_table.o(.rodata.rom_func_addr_table_var)
</UL>
<P><STRONG><a name="[6e]"></a>gtl_eif_read_hdr_func</STRONG> (Thumb, 0 bytes, Stack size 0 bytes, da14535_symbols.txt(ABSOLUTE), UNUSED)
<BR>[Address Reference Count : 1]<UL><LI> jump_table.o(.rodata.rom_func_addr_table_var)
</UL>
<P><STRONG><a name="[6f]"></a>gtl_eif_read_payl_func</STRONG> (Thumb, 0 bytes, Stack size 0 bytes, da14535_symbols.txt(ABSOLUTE), UNUSED)
<BR>[Address Reference Count : 1]<UL><LI> jump_table.o(.rodata.rom_func_addr_table_var)
</UL>
<P><STRONG><a name="[70]"></a>gtl_eif_tx_done_func</STRONG> (Thumb, 0 bytes, Stack size 0 bytes, da14535_symbols.txt(ABSOLUTE), UNUSED)
<BR>[Address Reference Count : 1]<UL><LI> jump_table.o(.rodata.rom_func_addr_table_var)
</UL>
<P><STRONG><a name="[71]"></a>gtl_eif_rx_done_func</STRONG> (Thumb, 0 bytes, Stack size 0 bytes, da14535_symbols.txt(ABSOLUTE), UNUSED)
<BR>[Address Reference Count : 1]<UL><LI> jump_table.o(.rodata.rom_func_addr_table_var)
</UL>
<P><STRONG><a name="[6c]"></a>gtl_eif_init_func</STRONG> (Thumb, 0 bytes, Stack size 0 bytes, da14535_symbols.txt(ABSOLUTE), UNUSED)
<BR>[Address Reference Count : 1]<UL><LI> jump_table.o(.rodata.rom_func_addr_table_var)
</UL>
<P><STRONG><a name="[d1]"></a>hci_send_2_host</STRONG> (Thumb, 0 bytes, Stack size 0 bytes, da14535_symbols.txt(ABSOLUTE))
<BR><BR>[Called By]<UL><LI><a href="#[9e]">&gt;&gt;</a>&nbsp;&nbsp;&nbsp;JT_llm_le_adv_report_ind_func
<LI><a href="#[a0]">&gt;&gt;</a>&nbsp;&nbsp;&nbsp;llm_p256_start_dummy_func
</UL>

<P><STRONG><a name="[73]"></a>h4tl_read_start_func</STRONG> (Thumb, 0 bytes, Stack size 0 bytes, da14535_symbols.txt(ABSOLUTE), UNUSED)
<BR>[Address Reference Count : 1]<UL><LI> jump_table.o(.rodata.rom_func_addr_table_var)
</UL>
<P><STRONG><a name="[74]"></a>h4tl_read_hdr_func</STRONG> (Thumb, 0 bytes, Stack size 0 bytes, da14535_symbols.txt(ABSOLUTE), UNUSED)
<BR>[Address Reference Count : 1]<UL><LI> jump_table.o(.rodata.rom_func_addr_table_var)
</UL>
<P><STRONG><a name="[75]"></a>h4tl_read_payl_func</STRONG> (Thumb, 0 bytes, Stack size 0 bytes, da14535_symbols.txt(ABSOLUTE), UNUSED)
<BR>[Address Reference Count : 1]<UL><LI> jump_table.o(.rodata.rom_func_addr_table_var)
</UL>
<P><STRONG><a name="[76]"></a>h4tl_read_next_out_of_sync_func</STRONG> (Thumb, 0 bytes, Stack size 0 bytes, da14535_symbols.txt(ABSOLUTE), UNUSED)
<BR>[Address Reference Count : 1]<UL><LI> jump_table.o(.rodata.rom_func_addr_table_var)
</UL>
<P><STRONG><a name="[77]"></a>h4tl_out_of_sync_func</STRONG> (Thumb, 0 bytes, Stack size 0 bytes, da14535_symbols.txt(ABSOLUTE), UNUSED)
<BR>[Address Reference Count : 1]<UL><LI> jump_table.o(.rodata.rom_func_addr_table_var)
</UL>
<P><STRONG><a name="[78]"></a>h4tl_tx_done_func</STRONG> (Thumb, 0 bytes, Stack size 0 bytes, da14535_symbols.txt(ABSOLUTE), UNUSED)
<BR>[Address Reference Count : 1]<UL><LI> jump_table.o(.rodata.rom_func_addr_table_var)
</UL>
<P><STRONG><a name="[79]"></a>h4tl_rx_done_func</STRONG> (Thumb, 0 bytes, Stack size 0 bytes, da14535_symbols.txt(ABSOLUTE), UNUSED)
<BR>[Address Reference Count : 1]<UL><LI> jump_table.o(.rodata.rom_func_addr_table_var)
</UL>
<P><STRONG><a name="[72]"></a>h4tl_init_func</STRONG> (Thumb, 0 bytes, Stack size 0 bytes, da14535_symbols.txt(ABSOLUTE), UNUSED)
<BR>[Address Reference Count : 1]<UL><LI> jump_table.o(.rodata.rom_func_addr_table_var)
</UL>
<P><STRONG><a name="[9c]"></a>attc_l2cc_pdu_recv_handler_func</STRONG> (Thumb, 0 bytes, Stack size 0 bytes, da14535_symbols.txt(ABSOLUTE), UNUSED)
<BR>[Address Reference Count : 1]<UL><LI> jump_table.o(.rodata.rom_func_addr_table_var)
</UL>
<P><STRONG><a name="[167]"></a>attm_svc_create_db</STRONG> (Thumb, 0 bytes, Stack size 0 bytes, da14535_symbols.txt(ABSOLUTE))
<BR><BR>[Called By]<UL><LI><a href="#[53]">&gt;&gt;</a>&nbsp;&nbsp;&nbsp;diss_init
</UL>

<P><STRONG><a name="[9b]"></a>atts_l2cc_pdu_recv_handler_func</STRONG> (Thumb, 0 bytes, Stack size 0 bytes, da14535_symbols.txt(ABSOLUTE), UNUSED)
<BR>[Address Reference Count : 1]<UL><LI> jump_table.o(.rodata.rom_func_addr_table_var)
</UL>
<P><STRONG><a name="[8b]"></a>smpc_pdu_recv_func</STRONG> (Thumb, 0 bytes, Stack size 0 bytes, da14535_symbols.txt(ABSOLUTE), UNUSED)
<BR>[Address Reference Count : 1]<UL><LI> jump_table.o(.rodata.rom_func_addr_table_var)
</UL>
<P><STRONG><a name="[99]"></a>l2cc_pdu_recv_ind_handler_func</STRONG> (Thumb, 0 bytes, Stack size 0 bytes, da14535_symbols.txt(ABSOLUTE), UNUSED)
<BR>[Address Reference Count : 1]<UL><LI> jump_table.o(.rodata.rom_func_addr_table_var)
</UL>
<P><STRONG><a name="[9a]"></a>gapc_lecb_connect_cfm_handler_func</STRONG> (Thumb, 0 bytes, Stack size 0 bytes, da14535_symbols.txt(ABSOLUTE), UNUSED)
<BR>[Address Reference Count : 1]<UL><LI> jump_table.o(.rodata.rom_func_addr_table_var)
</UL>
<P><STRONG><a name="[95]"></a>l2cc_pdu_pack_func</STRONG> (Thumb, 0 bytes, Stack size 0 bytes, da14535_symbols.txt(ABSOLUTE), UNUSED)
<BR>[Address Reference Count : 1]<UL><LI> jump_table.o(.rodata.rom_func_addr_table_var)
</UL>
<P><STRONG><a name="[96]"></a>l2cc_pdu_unpack_func</STRONG> (Thumb, 0 bytes, Stack size 0 bytes, da14535_symbols.txt(ABSOLUTE), UNUSED)
<BR>[Address Reference Count : 1]<UL><LI> jump_table.o(.rodata.rom_func_addr_table_var)
</UL>
<P><STRONG><a name="[98]"></a>l2c_process_sdu_func</STRONG> (Thumb, 0 bytes, Stack size 0 bytes, da14535_symbols.txt(ABSOLUTE), UNUSED)
<BR>[Address Reference Count : 1]<UL><LI> jump_table.o(.rodata.rom_func_addr_table_var)
</UL>
<P><STRONG><a name="[97]"></a>l2c_send_lecb_message_func</STRONG> (Thumb, 0 bytes, Stack size 0 bytes, da14535_symbols.txt(ABSOLUTE), UNUSED)
<BR>[Address Reference Count : 1]<UL><LI> jump_table.o(.rodata.rom_func_addr_table_var)
</UL>
<P><STRONG><a name="[8a]"></a>smpc_check_param_func</STRONG> (Thumb, 0 bytes, Stack size 0 bytes, da14535_symbols.txt(ABSOLUTE), UNUSED)
<BR>[Address Reference Count : 1]<UL><LI> jump_table.o(.rodata.rom_func_addr_table_var)
</UL>
<P><STRONG><a name="[ab]"></a>smpc_public_key_exchange_start_func</STRONG> (Thumb, 0 bytes, Stack size 0 bytes, da14535_symbols.txt(ABSOLUTE), UNUSED)
<BR>[Address Reference Count : 1]<UL><LI> jump_table.o(.rodata.rom_func_addr_table_var)
</UL>
<P><STRONG><a name="[ac]"></a>smpc_dhkey_calc_ind_func</STRONG> (Thumb, 0 bytes, Stack size 0 bytes, da14535_symbols.txt(ABSOLUTE), UNUSED)
<BR>[Address Reference Count : 1]<UL><LI> jump_table.o(.rodata.rom_func_addr_table_var)
</UL>
<P><STRONG><a name="[ad]"></a>smpm_ecdh_key_create_func</STRONG> (Thumb, 0 bytes, Stack size 0 bytes, da14535_symbols.txt(ABSOLUTE), UNUSED)
<BR>[Address Reference Count : 1]<UL><LI> jump_table.o(.rodata.rom_func_addr_table_var)
</UL>
<P><STRONG><a name="[168]"></a>ke_malloc</STRONG> (Thumb, 0 bytes, Stack size 0 bytes, da14535_symbols.txt(ABSOLUTE))
<BR><BR>[Called By]<UL><LI><a href="#[9e]">&gt;&gt;</a>&nbsp;&nbsp;&nbsp;JT_llm_le_adv_report_ind_func
<LI><a href="#[50]">&gt;&gt;</a>&nbsp;&nbsp;&nbsp;diss_set_value_req_handler
<LI><a href="#[53]">&gt;&gt;</a>&nbsp;&nbsp;&nbsp;diss_init
</UL>

<P><STRONG><a name="[16d]"></a>ke_free</STRONG> (Thumb, 0 bytes, Stack size 0 bytes, da14535_symbols.txt(ABSOLUTE))
<BR><BR>[Called By]<UL><LI><a href="#[50]">&gt;&gt;</a>&nbsp;&nbsp;&nbsp;diss_set_value_req_handler
<LI><a href="#[54]">&gt;&gt;</a>&nbsp;&nbsp;&nbsp;diss_destroy
</UL>

<P><STRONG><a name="[d0]"></a>ke_msg_alloc</STRONG> (Thumb, 0 bytes, Stack size 0 bytes, da14535_symbols.txt(ABSOLUTE))
<BR><BR>[Called By]<UL><LI><a href="#[9e]">&gt;&gt;</a>&nbsp;&nbsp;&nbsp;JT_llm_le_adv_report_ind_func
<LI><a href="#[a0]">&gt;&gt;</a>&nbsp;&nbsp;&nbsp;llm_p256_start_dummy_func
<LI><a href="#[1b6]">&gt;&gt;</a>&nbsp;&nbsp;&nbsp;user_svc1_rest_att_info_req_handler
<LI><a href="#[1b5]">&gt;&gt;</a>&nbsp;&nbsp;&nbsp;user_svc1_time_read_req_handler
<LI><a href="#[4f]">&gt;&gt;</a>&nbsp;&nbsp;&nbsp;app_custs1_create_db
<LI><a href="#[1ab]">&gt;&gt;</a>&nbsp;&nbsp;&nbsp;app_easy_timer_modify
<LI><a href="#[1a8]">&gt;&gt;</a>&nbsp;&nbsp;&nbsp;create_timer
<LI><a href="#[5c]">&gt;&gt;</a>&nbsp;&nbsp;&nbsp;user_catch_rest_hndl
<LI><a href="#[42]">&gt;&gt;</a>&nbsp;&nbsp;&nbsp;app_timer_api_process_handler
<LI><a href="#[40]">&gt;&gt;</a>&nbsp;&nbsp;&nbsp;diss_value_req_ind_handler
<LI><a href="#[57]">&gt;&gt;</a>&nbsp;&nbsp;&nbsp;app_diss_create_db
<LI><a href="#[1a2]">&gt;&gt;</a>&nbsp;&nbsp;&nbsp;app_easy_gap_get_peer_features
<LI><a href="#[19e]">&gt;&gt;</a>&nbsp;&nbsp;&nbsp;app_easy_gap_scan_stop
<LI><a href="#[19c]">&gt;&gt;</a>&nbsp;&nbsp;&nbsp;app_easy_gap_start_scan_get_active
<LI><a href="#[191]">&gt;&gt;</a>&nbsp;&nbsp;&nbsp;app_easy_timer_cancel
<LI><a href="#[1a0]">&gt;&gt;</a>&nbsp;&nbsp;&nbsp;app_easy_gap_dev_config_create_msg
<LI><a href="#[199]">&gt;&gt;</a>&nbsp;&nbsp;&nbsp;app_easy_gap_start_connection_to_msg_create
<LI><a href="#[196]">&gt;&gt;</a>&nbsp;&nbsp;&nbsp;app_easy_gap_param_update_msg_create
<LI><a href="#[18e]">&gt;&gt;</a>&nbsp;&nbsp;&nbsp;app_easy_gap_non_connectable_advertise_start_create_msg
<LI><a href="#[18b]">&gt;&gt;</a>&nbsp;&nbsp;&nbsp;app_easy_gap_directed_advertise_start_create_msg
<LI><a href="#[188]">&gt;&gt;</a>&nbsp;&nbsp;&nbsp;app_easy_gap_undirected_advertise_start_create_msg
<LI><a href="#[52]">&gt;&gt;</a>&nbsp;&nbsp;&nbsp;diss_value_cfm_handler
<LI><a href="#[51]">&gt;&gt;</a>&nbsp;&nbsp;&nbsp;gattc_read_req_ind_handler
<LI><a href="#[50]">&gt;&gt;</a>&nbsp;&nbsp;&nbsp;diss_set_value_req_handler
<LI><a href="#[3d]">&gt;&gt;</a>&nbsp;&nbsp;&nbsp;tick_timer_cb
</UL>

<P><STRONG><a name="[173]"></a>ke_msg_send</STRONG> (Thumb, 0 bytes, Stack size 0 bytes, da14535_symbols.txt(ABSOLUTE))
<BR><BR>[Called By]<UL><LI><a href="#[1b6]">&gt;&gt;</a>&nbsp;&nbsp;&nbsp;user_svc1_rest_att_info_req_handler
<LI><a href="#[1b5]">&gt;&gt;</a>&nbsp;&nbsp;&nbsp;user_svc1_time_read_req_handler
<LI><a href="#[4f]">&gt;&gt;</a>&nbsp;&nbsp;&nbsp;app_custs1_create_db
<LI><a href="#[1ab]">&gt;&gt;</a>&nbsp;&nbsp;&nbsp;app_easy_timer_modify
<LI><a href="#[1a8]">&gt;&gt;</a>&nbsp;&nbsp;&nbsp;create_timer
<LI><a href="#[1a5]">&gt;&gt;</a>&nbsp;&nbsp;&nbsp;app_msg_send_wakeup_ble
<LI><a href="#[5c]">&gt;&gt;</a>&nbsp;&nbsp;&nbsp;user_catch_rest_hndl
<LI><a href="#[42]">&gt;&gt;</a>&nbsp;&nbsp;&nbsp;app_timer_api_process_handler
<LI><a href="#[40]">&gt;&gt;</a>&nbsp;&nbsp;&nbsp;diss_value_req_ind_handler
<LI><a href="#[57]">&gt;&gt;</a>&nbsp;&nbsp;&nbsp;app_diss_create_db
<LI><a href="#[1a2]">&gt;&gt;</a>&nbsp;&nbsp;&nbsp;app_easy_gap_get_peer_features
<LI><a href="#[5a]">&gt;&gt;</a>&nbsp;&nbsp;&nbsp;app_easy_gap_dev_configure
<LI><a href="#[19e]">&gt;&gt;</a>&nbsp;&nbsp;&nbsp;app_easy_gap_scan_stop
<LI><a href="#[19d]">&gt;&gt;</a>&nbsp;&nbsp;&nbsp;app_easy_gap_start_scan
<LI><a href="#[19b]">&gt;&gt;</a>&nbsp;&nbsp;&nbsp;app_easy_gap_start_connection_to
<LI><a href="#[197]">&gt;&gt;</a>&nbsp;&nbsp;&nbsp;app_easy_gap_param_update_start
<LI><a href="#[191]">&gt;&gt;</a>&nbsp;&nbsp;&nbsp;app_easy_timer_cancel
<LI><a href="#[18f]">&gt;&gt;</a>&nbsp;&nbsp;&nbsp;app_easy_gap_non_connectable_advertise_start
<LI><a href="#[18c]">&gt;&gt;</a>&nbsp;&nbsp;&nbsp;app_easy_gap_directed_advertise_start
<LI><a href="#[178]">&gt;&gt;</a>&nbsp;&nbsp;&nbsp;app_easy_gap_undirected_advertise_start
<LI><a href="#[52]">&gt;&gt;</a>&nbsp;&nbsp;&nbsp;diss_value_cfm_handler
<LI><a href="#[51]">&gt;&gt;</a>&nbsp;&nbsp;&nbsp;gattc_read_req_ind_handler
<LI><a href="#[50]">&gt;&gt;</a>&nbsp;&nbsp;&nbsp;diss_set_value_req_handler
<LI><a href="#[3d]">&gt;&gt;</a>&nbsp;&nbsp;&nbsp;tick_timer_cb
</UL>

<P><STRONG><a name="[7a]"></a>ke_task_init_func</STRONG> (Thumb, 0 bytes, Stack size 0 bytes, da14535_symbols.txt(ABSOLUTE), UNUSED)
<BR>[Address Reference Count : 1]<UL><LI> jump_table.o(.rodata.rom_func_addr_table_var)
</UL>
<P><STRONG><a name="[186]"></a>ke_task_create</STRONG> (Thumb, 0 bytes, Stack size 0 bytes, da14535_symbols.txt(ABSOLUTE))
<BR><BR>[Called By]<UL><LI><a href="#[f4]">&gt;&gt;</a>&nbsp;&nbsp;&nbsp;app_init
</UL>

<P><STRONG><a name="[16b]"></a>ke_state_set</STRONG> (Thumb, 0 bytes, Stack size 0 bytes, da14535_symbols.txt(ABSOLUTE))
<BR><BR>[Called By]<UL><LI><a href="#[f4]">&gt;&gt;</a>&nbsp;&nbsp;&nbsp;app_init
<LI><a href="#[19d]">&gt;&gt;</a>&nbsp;&nbsp;&nbsp;app_easy_gap_start_scan
<LI><a href="#[18f]">&gt;&gt;</a>&nbsp;&nbsp;&nbsp;app_easy_gap_non_connectable_advertise_start
<LI><a href="#[18c]">&gt;&gt;</a>&nbsp;&nbsp;&nbsp;app_easy_gap_directed_advertise_start
<LI><a href="#[178]">&gt;&gt;</a>&nbsp;&nbsp;&nbsp;app_easy_gap_undirected_advertise_start
<LI><a href="#[52]">&gt;&gt;</a>&nbsp;&nbsp;&nbsp;diss_value_cfm_handler
<LI><a href="#[51]">&gt;&gt;</a>&nbsp;&nbsp;&nbsp;gattc_read_req_ind_handler
<LI><a href="#[53]">&gt;&gt;</a>&nbsp;&nbsp;&nbsp;diss_init
</UL>

<P><STRONG><a name="[174]"></a>ke_state_get</STRONG> (Thumb, 0 bytes, Stack size 0 bytes, da14535_symbols.txt(ABSOLUTE))
<BR><BR>[Called By]<UL><LI><a href="#[18f]">&gt;&gt;</a>&nbsp;&nbsp;&nbsp;app_easy_gap_non_connectable_advertise_start
<LI><a href="#[52]">&gt;&gt;</a>&nbsp;&nbsp;&nbsp;diss_value_cfm_handler
<LI><a href="#[51]">&gt;&gt;</a>&nbsp;&nbsp;&nbsp;gattc_read_req_ind_handler
</UL>

<P><STRONG><a name="[7b]"></a>ke_timer_init_func</STRONG> (Thumb, 0 bytes, Stack size 0 bytes, da14535_symbols.txt(ABSOLUTE), UNUSED)
<BR>[Address Reference Count : 1]<UL><LI> jump_table.o(.rodata.rom_func_addr_table_var)
</UL>
<P><STRONG><a name="[1a9]"></a>ke_timer_set</STRONG> (Thumb, 0 bytes, Stack size 0 bytes, da14535_symbols.txt(ABSOLUTE))
<BR><BR>[Called By]<UL><LI><a href="#[1a8]">&gt;&gt;</a>&nbsp;&nbsp;&nbsp;create_timer
<LI><a href="#[42]">&gt;&gt;</a>&nbsp;&nbsp;&nbsp;app_timer_api_process_handler
</UL>

<P><STRONG><a name="[1aa]"></a>ke_timer_clear</STRONG> (Thumb, 0 bytes, Stack size 0 bytes, da14535_symbols.txt(ABSOLUTE))
<BR><BR>[Called By]<UL><LI><a href="#[1ab]">&gt;&gt;</a>&nbsp;&nbsp;&nbsp;app_easy_timer_modify
<LI><a href="#[191]">&gt;&gt;</a>&nbsp;&nbsp;&nbsp;app_easy_timer_cancel
</UL>

<P><STRONG><a name="[c2]"></a>rwip_schedule</STRONG> (Thumb, 0 bytes, Stack size 0 bytes, da14535_symbols.txt(ABSOLUTE))
<BR><BR>[Called By]<UL><LI><a href="#[22]">&gt;&gt;</a>&nbsp;&nbsp;&nbsp;main
</UL>

<P><STRONG><a name="[143]"></a>rwip_wakeup</STRONG> (Thumb, 0 bytes, Stack size 0 bytes, da14535_symbols.txt(ABSOLUTE))
<BR><BR>[Called By]<UL><LI><a href="#[4c]">&gt;&gt;</a>&nbsp;&nbsp;&nbsp;dlg_slp_isr
</UL>

<P><STRONG><a name="[145]"></a>rwip_wakeup_end</STRONG> (Thumb, 0 bytes, Stack size 0 bytes, da14535_symbols.txt(ABSOLUTE))
<BR><BR>[Called By]<UL><LI><a href="#[4d]">&gt;&gt;</a>&nbsp;&nbsp;&nbsp;dlg_cscnt_isr
</UL>

<P><STRONG><a name="[da]"></a>rwip_wakeup_delay_set</STRONG> (Thumb, 0 bytes, Stack size 0 bytes, da14535_symbols.txt(ABSOLUTE))
<BR><BR>[Called By]<UL><LI><a href="#[d7]">&gt;&gt;</a>&nbsp;&nbsp;&nbsp;set_sleep_delay
</UL>

<P><STRONG><a name="[d8]"></a>__aeabi_uidiv</STRONG> (Thumb, 0 bytes, Stack size 0 bytes, da14535_symbols.txt(ABSOLUTE))
<BR><BR>[Called By]<UL><LI><a href="#[e1]">&gt;&gt;</a>&nbsp;&nbsp;&nbsp;lld_sleep_us_2_lpcycles_rcx_func
<LI><a href="#[d7]">&gt;&gt;</a>&nbsp;&nbsp;&nbsp;set_sleep_delay
<LI><a href="#[85]">&gt;&gt;</a>&nbsp;&nbsp;&nbsp;lld_sleep_us_2_lpcycles_sel_func
<LI><a href="#[83]">&gt;&gt;</a>&nbsp;&nbsp;&nbsp;lld_sleep_compensate_func
<LI><a href="#[1b5]">&gt;&gt;</a>&nbsp;&nbsp;&nbsp;user_svc1_time_read_req_handler
<LI><a href="#[161]">&gt;&gt;</a>&nbsp;&nbsp;&nbsp;kdco_calibration
<LI><a href="#[33]">&gt;&gt;</a>&nbsp;&nbsp;&nbsp;rf_rssi_convert
<LI><a href="#[3d]">&gt;&gt;</a>&nbsp;&nbsp;&nbsp;tick_timer_cb
</UL>

<P><STRONG><a name="[1be]"></a>__aeabi_uidivmod</STRONG> (Thumb, 0 bytes, Stack size 0 bytes, da14535_symbols.txt(ABSOLUTE))
<BR><BR>[Called By]<UL><LI><a href="#[1b5]">&gt;&gt;</a>&nbsp;&nbsp;&nbsp;user_svc1_time_read_req_handler
<LI><a href="#[3d]">&gt;&gt;</a>&nbsp;&nbsp;&nbsp;tick_timer_cb
</UL>

<P><STRONG><a name="[128]"></a>__aeabi_idiv</STRONG> (Thumb, 0 bytes, Stack size 0 bytes, da14535_symbols.txt(ABSOLUTE))
<BR><BR>[Called By]<UL><LI><a href="#[127]">&gt;&gt;</a>&nbsp;&nbsp;&nbsp;temp_calc
<LI><a href="#[3d]">&gt;&gt;</a>&nbsp;&nbsp;&nbsp;tick_timer_cb
</UL>

<P><STRONG><a name="[e2]"></a>__aeabi_lmul</STRONG> (Thumb, 0 bytes, Stack size 0 bytes, da14535_symbols.txt(ABSOLUTE))
<BR><BR>[Called By]<UL><LI><a href="#[d9]">&gt;&gt;</a>&nbsp;&nbsp;&nbsp;lld_sleep_lpcycles_2_us_rcx_func
<LI><a href="#[c7]">&gt;&gt;</a>&nbsp;&nbsp;&nbsp;rwip_sleep
</UL>

<P><STRONG><a name="[f8]"></a>__aeabi_memcpy</STRONG> (Thumb, 0 bytes, Stack size 0 bytes, da14535_symbols.txt(ABSOLUTE))
<BR><BR>[Called By]<UL><LI><a href="#[25]">&gt;&gt;</a>&nbsp;&nbsp;&nbsp;pd_adpll_func
<LI><a href="#[24]">&gt;&gt;</a>&nbsp;&nbsp;&nbsp;pd_rad_func
<LI><a href="#[f5]">&gt;&gt;</a>&nbsp;&nbsp;&nbsp;user_app_init
<LI><a href="#[f4]">&gt;&gt;</a>&nbsp;&nbsp;&nbsp;app_init
<LI><a href="#[ef]">&gt;&gt;</a>&nbsp;&nbsp;&nbsp;arch_rom_init
<LI><a href="#[ed]">&gt;&gt;</a>&nbsp;&nbsp;&nbsp;otp_cs_store
<LI><a href="#[ec]">&gt;&gt;</a>&nbsp;&nbsp;&nbsp;otp_hdr_get_bd_address
<LI><a href="#[ae]">&gt;&gt;</a>&nbsp;&nbsp;&nbsp;ble_init_arp_func
<LI><a href="#[9e]">&gt;&gt;</a>&nbsp;&nbsp;&nbsp;JT_llm_le_adv_report_ind_func
<LI><a href="#[62]">&gt;&gt;</a>&nbsp;&nbsp;&nbsp;rf_init_func
<LI><a href="#[3b]">&gt;&gt;</a>&nbsp;&nbsp;&nbsp;adv_data_update_timer_cb
<LI><a href="#[40]">&gt;&gt;</a>&nbsp;&nbsp;&nbsp;diss_value_req_ind_handler
<LI><a href="#[19a]">&gt;&gt;</a>&nbsp;&nbsp;&nbsp;app_easy_gap_start_connection_to_set
<LI><a href="#[18e]">&gt;&gt;</a>&nbsp;&nbsp;&nbsp;app_easy_gap_non_connectable_advertise_start_create_msg
<LI><a href="#[18b]">&gt;&gt;</a>&nbsp;&nbsp;&nbsp;app_easy_gap_directed_advertise_start_create_msg
<LI><a href="#[188]">&gt;&gt;</a>&nbsp;&nbsp;&nbsp;app_easy_gap_undirected_advertise_start_create_msg
<LI><a href="#[b8]">&gt;&gt;</a>&nbsp;&nbsp;&nbsp;default_app_on_set_dev_info
<LI><a href="#[b5]">&gt;&gt;</a>&nbsp;&nbsp;&nbsp;default_app_on_get_dev_name
<LI><a href="#[17f]">&gt;&gt;</a>&nbsp;&nbsp;&nbsp;user_app_adv_start
<LI><a href="#[52]">&gt;&gt;</a>&nbsp;&nbsp;&nbsp;diss_value_cfm_handler
<LI><a href="#[51]">&gt;&gt;</a>&nbsp;&nbsp;&nbsp;gattc_read_req_ind_handler
<LI><a href="#[50]">&gt;&gt;</a>&nbsp;&nbsp;&nbsp;diss_set_value_req_handler
</UL>

<P><STRONG><a name="[1a1]"></a>__aeabi_memclr</STRONG> (Thumb, 0 bytes, Stack size 0 bytes, da14535_symbols.txt(ABSOLUTE))
<BR><BR>[Called By]<UL><LI><a href="#[1a0]">&gt;&gt;</a>&nbsp;&nbsp;&nbsp;app_easy_gap_dev_config_create_msg
<LI><a href="#[185]">&gt;&gt;</a>&nbsp;&nbsp;&nbsp;app_generate_static_key
</UL>

<P><STRONG><a name="[169]"></a>__aeabi_memclr4</STRONG> (Thumb, 0 bytes, Stack size 0 bytes, da14535_symbols.txt(ABSOLUTE))
<BR><BR>[Called By]<UL><LI><a href="#[50]">&gt;&gt;</a>&nbsp;&nbsp;&nbsp;diss_set_value_req_handler
<LI><a href="#[53]">&gt;&gt;</a>&nbsp;&nbsp;&nbsp;diss_init
</UL>

<P><STRONG><a name="[f6]"></a>__aeabi_memclr8</STRONG> (Thumb, 0 bytes, Stack size 0 bytes, da14535_symbols.txt(ABSOLUTE))
<BR><BR>[Called By]<UL><LI><a href="#[ef]">&gt;&gt;</a>&nbsp;&nbsp;&nbsp;arch_rom_init
</UL>

<P><STRONG><a name="[106]"></a>__aeabi_llsl</STRONG> (Thumb, 0 bytes, Stack size 0 bytes, da14535_symbols.txt(ABSOLUTE))
<BR><BR>[Called By]<UL><LI><a href="#[e8]">&gt;&gt;</a>&nbsp;&nbsp;&nbsp;GPIO_init
<LI><a href="#[182]">&gt;&gt;</a>&nbsp;&nbsp;&nbsp;default_app_generate_unique_static_random_addr
</UL>

<P><STRONG><a name="[1c9]"></a>__ARM_common_switch8</STRONG> (Thumb, 0 bytes, Stack size 0 bytes, da14535_symbols.txt(ABSOLUTE))
<BR><BR>[Called By]<UL><LI><a href="#[9e]">&gt;&gt;</a>&nbsp;&nbsp;&nbsp;JT_llm_le_adv_report_ind_func
</UL>

<P><STRONG><a name="[1cf]"></a>SystemInit_ROM</STRONG> (Thumb, 0 bytes, Stack size 0 bytes, da14535_symbols.txt(ABSOLUTE))
<BR><BR>[Called By]<UL><LI><a href="#[1ce]">&gt;&gt;</a>&nbsp;&nbsp;&nbsp;SystemInit
</UL>

<P><STRONG><a name="[3a]"></a>arch_printf_flush</STRONG> (Thumb, 0 bytes, Stack size 0 bytes, da14535_symbols.txt(ABSOLUTE))
<BR><BR>[Called By]<UL><LI><a href="#[1bb]">&gt;&gt;</a>&nbsp;&nbsp;&nbsp;user_svc1_set_time_wr_ind_handler
<LI><a href="#[1ba]">&gt;&gt;</a>&nbsp;&nbsp;&nbsp;user_svc1_humidity_cfg_ind_handler
<LI><a href="#[1b9]">&gt;&gt;</a>&nbsp;&nbsp;&nbsp;user_svc1_time_cfg_ind_handler
<LI><a href="#[1b8]">&gt;&gt;</a>&nbsp;&nbsp;&nbsp;user_svc1_temperature_cfg_ind_handler
<LI><a href="#[1b7]">&gt;&gt;</a>&nbsp;&nbsp;&nbsp;user_svc1_buttons_cfg_ind_handler
<LI><a href="#[1b5]">&gt;&gt;</a>&nbsp;&nbsp;&nbsp;user_svc1_time_read_req_handler
<LI><a href="#[1b4]">&gt;&gt;</a>&nbsp;&nbsp;&nbsp;user_svc1_outputs_wr_ind_handler
<LI><a href="#[1b1]">&gt;&gt;</a>&nbsp;&nbsp;&nbsp;aht20_init
<LI><a href="#[b1]">&gt;&gt;</a>&nbsp;&nbsp;&nbsp;user_app_disconnect
<LI><a href="#[b0]">&gt;&gt;</a>&nbsp;&nbsp;&nbsp;user_app_connection
<LI><a href="#[1c7]">&gt;&gt;</a>&nbsp;&nbsp;&nbsp;i2c_scan_bus
</UL>
<BR>[Address Reference Count : 1]<UL><LI> user_peripheral.o(.text)
</UL>
<P><STRONG><a name="[39]"></a>arch_printf</STRONG> (Thumb, 0 bytes, Stack size 0 bytes, da14535_symbols.txt(ABSOLUTE))
<BR><BR>[Called By]<UL><LI><a href="#[1bb]">&gt;&gt;</a>&nbsp;&nbsp;&nbsp;user_svc1_set_time_wr_ind_handler
<LI><a href="#[1ba]">&gt;&gt;</a>&nbsp;&nbsp;&nbsp;user_svc1_humidity_cfg_ind_handler
<LI><a href="#[1b9]">&gt;&gt;</a>&nbsp;&nbsp;&nbsp;user_svc1_time_cfg_ind_handler
<LI><a href="#[1b8]">&gt;&gt;</a>&nbsp;&nbsp;&nbsp;user_svc1_temperature_cfg_ind_handler
<LI><a href="#[1b7]">&gt;&gt;</a>&nbsp;&nbsp;&nbsp;user_svc1_buttons_cfg_ind_handler
<LI><a href="#[1b5]">&gt;&gt;</a>&nbsp;&nbsp;&nbsp;user_svc1_time_read_req_handler
<LI><a href="#[1b4]">&gt;&gt;</a>&nbsp;&nbsp;&nbsp;user_svc1_outputs_wr_ind_handler
<LI><a href="#[1b1]">&gt;&gt;</a>&nbsp;&nbsp;&nbsp;aht20_init
<LI><a href="#[b1]">&gt;&gt;</a>&nbsp;&nbsp;&nbsp;user_app_disconnect
<LI><a href="#[b0]">&gt;&gt;</a>&nbsp;&nbsp;&nbsp;user_app_connection
<LI><a href="#[184]">&gt;&gt;</a>&nbsp;&nbsp;&nbsp;default_app_on_provide_local_irk
<LI><a href="#[1c7]">&gt;&gt;</a>&nbsp;&nbsp;&nbsp;i2c_scan_bus
<LI><a href="#[1c0]">&gt;&gt;</a>&nbsp;&nbsp;&nbsp;aht20_trigger_measurement
<LI><a href="#[1bf]">&gt;&gt;</a>&nbsp;&nbsp;&nbsp;aht20_read
<LI><a href="#[3d]">&gt;&gt;</a>&nbsp;&nbsp;&nbsp;tick_timer_cb
</UL>
<BR>[Address Reference Count : 1]<UL><LI> user_peripheral.o(.text)
</UL>
<P><STRONG><a name="[c6]"></a>arch_printf_process</STRONG> (Thumb, 0 bytes, Stack size 0 bytes, da14535_symbols.txt(ABSOLUTE))
<BR><BR>[Called By]<UL><LI><a href="#[22]">&gt;&gt;</a>&nbsp;&nbsp;&nbsp;main
</UL>

<P><STRONG><a name="[7d]"></a>nvds_get_func</STRONG> (Thumb, 0 bytes, Stack size 0 bytes, da14535_symbols.txt(ABSOLUTE), UNUSED)
<BR>[Address Reference Count : 1]<UL><LI> jump_table.o(.rodata.rom_func_addr_table_var)
</UL>
<P><STRONG><a name="[80]"></a>nvds_init_func</STRONG> (Thumb, 0 bytes, Stack size 0 bytes, da14535_symbols.txt(ABSOLUTE), UNUSED)
<BR>[Address Reference Count : 1]<UL><LI> jump_table.o(.rodata.rom_func_addr_table_var)
</UL>
<P><STRONG><a name="[7f]"></a>nvds_del_func</STRONG> (Thumb, 0 bytes, Stack size 0 bytes, da14535_symbols.txt(ABSOLUTE), UNUSED)
<BR>[Address Reference Count : 1]<UL><LI> jump_table.o(.rodata.rom_func_addr_table_var)
</UL>
<P><STRONG><a name="[7e]"></a>nvds_put_func</STRONG> (Thumb, 0 bytes, Stack size 0 bytes, da14535_symbols.txt(ABSOLUTE), UNUSED)
<BR>[Address Reference Count : 1]<UL><LI> jump_table.o(.rodata.rom_func_addr_table_var)
</UL>
<P><STRONG><a name="[d3]"></a>init_pwr_and_clk_ble_part_start_ROM</STRONG> (Thumb, 0 bytes, Stack size 0 bytes, da14535_symbols.txt(ABSOLUTE))
<BR><BR>[Called By]<UL><LI><a href="#[d2]">&gt;&gt;</a>&nbsp;&nbsp;&nbsp;init_pwr_and_clk_ble
</UL>

<P><STRONG><a name="[d4]"></a>init_pwr_and_clk_ble_part_rcx_ROM</STRONG> (Thumb, 0 bytes, Stack size 0 bytes, da14535_symbols.txt(ABSOLUTE))
<BR><BR>[Called By]<UL><LI><a href="#[d2]">&gt;&gt;</a>&nbsp;&nbsp;&nbsp;init_pwr_and_clk_ble
</UL>

<P><STRONG><a name="[d5]"></a>init_pwr_and_clk_ble_part_end_ROM</STRONG> (Thumb, 0 bytes, Stack size 0 bytes, da14535_symbols.txt(ABSOLUTE))
<BR><BR>[Called By]<UL><LI><a href="#[d2]">&gt;&gt;</a>&nbsp;&nbsp;&nbsp;init_pwr_and_clk_ble
</UL>

<P><STRONG><a name="[d6]"></a>calc_rcx_freq_ROM</STRONG> (Thumb, 0 bytes, Stack size 0 bytes, da14535_symbols.txt(ABSOLUTE))
<BR><BR>[Called By]<UL><LI><a href="#[c3]">&gt;&gt;</a>&nbsp;&nbsp;&nbsp;read_rcx_freq
</UL>

<P><STRONG><a name="[e3]"></a>check_sys_startup_period_ROM</STRONG> (Thumb, 0 bytes, Stack size 0 bytes, da14535_symbols.txt(ABSOLUTE))
<BR><BR>[Called By]<UL><LI><a href="#[2c]">&gt;&gt;</a>&nbsp;&nbsp;&nbsp;check_sys_startup_period
</UL>

<P><STRONG><a name="[e6]"></a>set_xtal32m_trim_value_ROM</STRONG> (Thumb, 0 bytes, Stack size 0 bytes, da14535_symbols.txt(ABSOLUTE))
<BR><BR>[Called By]<UL><LI><a href="#[e5]">&gt;&gt;</a>&nbsp;&nbsp;&nbsp;set_xtal32m_trim_value
</UL>

<P><STRONG><a name="[cf]"></a>csprng_seed</STRONG> (Thumb, 0 bytes, Stack size 0 bytes, da14535_symbols.txt(ABSOLUTE))
<BR><BR>[Called By]<UL><LI><a href="#[f0]">&gt;&gt;</a>&nbsp;&nbsp;&nbsp;init_rand_seed_from_trng
<LI><a href="#[a9]">&gt;&gt;</a>&nbsp;&nbsp;&nbsp;dia_srand_func
</UL>

<P><STRONG><a name="[ce]"></a>csprng_get_next_uint32</STRONG> (Thumb, 0 bytes, Stack size 0 bytes, da14535_symbols.txt(ABSOLUTE))
<BR><BR>[Called By]<UL><LI><a href="#[a8]">&gt;&gt;</a>&nbsp;&nbsp;&nbsp;dia_rand_func
</UL>

<P><STRONG><a name="[1ad]"></a>hash</STRONG> (Thumb, 0 bytes, Stack size 0 bytes, da14535_symbols.txt(ABSOLUTE), UNUSED)
<BR><BR>[Called By]<UL><LI><a href="#[185]">&gt;&gt;</a>&nbsp;&nbsp;&nbsp;app_generate_static_key
</UL>

<P><STRONG><a name="[fa]"></a>otp_cs_store_ROM</STRONG> (Thumb, 0 bytes, Stack size 0 bytes, da14535_symbols.txt(ABSOLUTE))
<BR><BR>[Called By]<UL><LI><a href="#[ed]">&gt;&gt;</a>&nbsp;&nbsp;&nbsp;otp_cs_store
</UL>

<P><STRONG><a name="[fc]"></a>otp_cs_load_pd_rad_ROM</STRONG> (Thumb, 0 bytes, Stack size 0 bytes, da14535_symbols.txt(ABSOLUTE))
<BR><BR>[Called By]<UL><LI><a href="#[fb]">&gt;&gt;</a>&nbsp;&nbsp;&nbsp;otp_cs_load_pd_rad
</UL>

<P><STRONG><a name="[fe]"></a>otp_cs_load_pd_adpll_ROM</STRONG> (Thumb, 0 bytes, Stack size 0 bytes, da14535_symbols.txt(ABSOLUTE))
<BR><BR>[Called By]<UL><LI><a href="#[fd]">&gt;&gt;</a>&nbsp;&nbsp;&nbsp;otp_cs_load_pd_adpll
</UL>

<P><STRONG><a name="[cb]"></a>arch_asm_delay_us</STRONG> (Thumb, 0 bytes, Stack size 0 bytes, da14535_symbols.txt(ABSOLUTE))
<BR><BR>[Called By]<UL><LI><a href="#[e7]">&gt;&gt;</a>&nbsp;&nbsp;&nbsp;arch_system_init_vdd_clamp_for_rcx
<LI><a href="#[e4]">&gt;&gt;</a>&nbsp;&nbsp;&nbsp;arch_set_pxact_gpio
<LI><a href="#[22]">&gt;&gt;</a>&nbsp;&nbsp;&nbsp;main
<LI><a href="#[164]">&gt;&gt;</a>&nbsp;&nbsp;&nbsp;_WAIT400
<LI><a href="#[160]">&gt;&gt;</a>&nbsp;&nbsp;&nbsp;_WAIT1000
<LI><a href="#[15f]">&gt;&gt;</a>&nbsp;&nbsp;&nbsp;_WAIT100
<LI><a href="#[15e]">&gt;&gt;</a>&nbsp;&nbsp;&nbsp;_WAIT10
<LI><a href="#[1cc]">&gt;&gt;</a>&nbsp;&nbsp;&nbsp;_WAIT
</UL>

<P><STRONG><a name="[150]"></a>syscntl_use_lowest_amba_clocks</STRONG> (Thumb, 0 bytes, Stack size 0 bytes, da14535_symbols.txt(ABSOLUTE))
<BR><BR>[Called By]<UL><LI><a href="#[c7]">&gt;&gt;</a>&nbsp;&nbsp;&nbsp;rwip_sleep
</UL>

<P><STRONG><a name="[11c]"></a>syscntl_use_highest_amba_clocks</STRONG> (Thumb, 0 bytes, Stack size 0 bytes, da14535_symbols.txt(ABSOLUTE))
<BR><BR>[Called By]<UL><LI><a href="#[1a]">&gt;&gt;</a>&nbsp;&nbsp;&nbsp;WKUP_QUADEC_Handler
<LI><a href="#[c7]">&gt;&gt;</a>&nbsp;&nbsp;&nbsp;rwip_sleep
<LI><a href="#[13d]">&gt;&gt;</a>&nbsp;&nbsp;&nbsp;power_up
</UL>

<P><STRONG><a name="[14d]"></a>syscntl_cfg_xtal32m_amp_reg</STRONG> (Thumb, 0 bytes, Stack size 0 bytes, da14535_symbols.txt(ABSOLUTE))
<BR><BR>[Called By]<UL><LI><a href="#[c7]">&gt;&gt;</a>&nbsp;&nbsp;&nbsp;rwip_sleep
</UL>

<P><STRONG><a name="[ca]"></a>syscntl_dcdc_set_level</STRONG> (Thumb, 0 bytes, Stack size 0 bytes, da14535_symbols.txt(ABSOLUTE))
<BR><BR>[Called By]<UL><LI><a href="#[22]">&gt;&gt;</a>&nbsp;&nbsp;&nbsp;main
<LI><a href="#[3f]">&gt;&gt;</a>&nbsp;&nbsp;&nbsp;HardFault_HandlerC
<LI><a href="#[3e]">&gt;&gt;</a>&nbsp;&nbsp;&nbsp;NMI_HandlerC
</UL>

<P><STRONG><a name="[100]"></a>syscntl_dcdc_turn_off_ROM</STRONG> (Thumb, 0 bytes, Stack size 0 bytes, da14535_symbols.txt(ABSOLUTE), UNUSED)
<BR><BR>[Called By]<UL><LI><a href="#[ff]">&gt;&gt;</a>&nbsp;&nbsp;&nbsp;syscntl_dcdc_turn_off
</UL>

<P><STRONG><a name="[102]"></a>syscntl_dcdc_turn_on_in_boost_ROM</STRONG> (Thumb, 0 bytes, Stack size 0 bytes, da14535_symbols.txt(ABSOLUTE))
<BR><BR>[Called By]<UL><LI><a href="#[101]">&gt;&gt;</a>&nbsp;&nbsp;&nbsp;syscntl_dcdc_turn_on_in_boost
</UL>

<P><STRONG><a name="[104]"></a>syscntl_dcdc_turn_on_in_buck_ROM</STRONG> (Thumb, 0 bytes, Stack size 0 bytes, da14535_symbols.txt(ABSOLUTE), UNUSED)
<BR><BR>[Called By]<UL><LI><a href="#[103]">&gt;&gt;</a>&nbsp;&nbsp;&nbsp;syscntl_dcdc_turn_on_in_buck
</UL>

<P><STRONG><a name="[108]"></a>GPIO_SetPinFunction_ROM</STRONG> (Thumb, 0 bytes, Stack size 0 bytes, da14535_symbols.txt(ABSOLUTE), UNUSED)
<BR><BR>[Called By]<UL><LI><a href="#[107]">&gt;&gt;</a>&nbsp;&nbsp;&nbsp;GPIO_SetPinFunction
</UL>

<P><STRONG><a name="[10a]"></a>GPIO_GetPinFunction_ROM</STRONG> (Thumb, 0 bytes, Stack size 0 bytes, da14535_symbols.txt(ABSOLUTE), UNUSED)
<BR><BR>[Called By]<UL><LI><a href="#[109]">&gt;&gt;</a>&nbsp;&nbsp;&nbsp;GPIO_GetPinFunction
</UL>

<P><STRONG><a name="[111]"></a>GPIO_SetInactive_ROM</STRONG> (Thumb, 0 bytes, Stack size 0 bytes, da14535_symbols.txt(ABSOLUTE))
<BR><BR>[Called By]<UL><LI><a href="#[110]">&gt;&gt;</a>&nbsp;&nbsp;&nbsp;GPIO_SetInactive
</UL>

<P><STRONG><a name="[10f]"></a>GPIO_SetActive_ROM</STRONG> (Thumb, 0 bytes, Stack size 0 bytes, da14535_symbols.txt(ABSOLUTE))
<BR><BR>[Called By]<UL><LI><a href="#[10e]">&gt;&gt;</a>&nbsp;&nbsp;&nbsp;GPIO_SetActive
</UL>

<P><STRONG><a name="[10b]"></a>GPIO_ConfigurePin_ROM</STRONG> (Thumb, 0 bytes, Stack size 0 bytes, da14535_symbols.txt(ABSOLUTE))
<BR><BR>[Called By]<UL><LI><a href="#[38]">&gt;&gt;</a>&nbsp;&nbsp;&nbsp;GPIO_ConfigurePin
</UL>

<P><STRONG><a name="[10d]"></a>GPIO_ConfigurePinPower_ROM</STRONG> (Thumb, 0 bytes, Stack size 0 bytes, da14535_symbols.txt(ABSOLUTE), UNUSED)
<BR><BR>[Called By]<UL><LI><a href="#[10c]">&gt;&gt;</a>&nbsp;&nbsp;&nbsp;GPIO_ConfigurePinPower
</UL>

<P><STRONG><a name="[113]"></a>GPIO_GetPinStatus_ROM</STRONG> (Thumb, 0 bytes, Stack size 0 bytes, da14535_symbols.txt(ABSOLUTE))
<BR><BR>[Called By]<UL><LI><a href="#[112]">&gt;&gt;</a>&nbsp;&nbsp;&nbsp;GPIO_GetPinStatus
</UL>

<P><STRONG><a name="[115]"></a>GPIO_is_valid_da14531_qfn_ROM</STRONG> (Thumb, 0 bytes, Stack size 0 bytes, da14535_symbols.txt(ABSOLUTE), UNUSED)
<BR><BR>[Called By]<UL><LI><a href="#[114]">&gt;&gt;</a>&nbsp;&nbsp;&nbsp;GPIO_is_valid
</UL>

<P><STRONG><a name="[117]"></a>GPIO_EnableIRQ_ROM</STRONG> (Thumb, 0 bytes, Stack size 0 bytes, da14535_symbols.txt(ABSOLUTE), UNUSED)
<BR><BR>[Called By]<UL><LI><a href="#[116]">&gt;&gt;</a>&nbsp;&nbsp;&nbsp;GPIO_EnableIRQ
</UL>

<P><STRONG><a name="[119]"></a>GPIO_ResetIRQ</STRONG> (Thumb, 0 bytes, Stack size 0 bytes, da14535_symbols.txt(ABSOLUTE))
<BR><BR>[Called By]<UL><LI><a href="#[118]">&gt;&gt;</a>&nbsp;&nbsp;&nbsp;GPIOn_Handler
</UL>

<P><STRONG><a name="[11b]"></a>GPIO_EnablePorPin_ROM</STRONG> (Thumb, 0 bytes, Stack size 0 bytes, da14535_symbols.txt(ABSOLUTE), UNUSED)
<BR><BR>[Called By]<UL><LI><a href="#[11a]">&gt;&gt;</a>&nbsp;&nbsp;&nbsp;GPIO_EnablePorPin
</UL>

<P><STRONG><a name="[11e]"></a>wkupct_enable_irq_ROM</STRONG> (Thumb, 0 bytes, Stack size 0 bytes, da14535_symbols.txt(ABSOLUTE), UNUSED)
<BR><BR>[Called By]<UL><LI><a href="#[11d]">&gt;&gt;</a>&nbsp;&nbsp;&nbsp;wkupct_enable_irq
</UL>

<P><STRONG><a name="[120]"></a>wkupct2_enable_irq_ROM</STRONG> (Thumb, 0 bytes, Stack size 0 bytes, da14535_symbols.txt(ABSOLUTE), UNUSED)
<BR><BR>[Called By]<UL><LI><a href="#[11f]">&gt;&gt;</a>&nbsp;&nbsp;&nbsp;wkupct2_enable_irq
</UL>

<P><STRONG><a name="[12a]"></a>trng_acquire</STRONG> (Thumb, 0 bytes, Stack size 0 bytes, da14535_symbols.txt(ABSOLUTE))
<BR><BR>[Called By]<UL><LI><a href="#[f0]">&gt;&gt;</a>&nbsp;&nbsp;&nbsp;init_rand_seed_from_trng
</UL>

<P><STRONG><a name="[12f]"></a>uart_enable</STRONG> (Thumb, 0 bytes, Stack size 0 bytes, da14535_symbols.txt(ABSOLUTE))
<BR><BR>[Called By]<UL><LI><a href="#[12e]">&gt;&gt;</a>&nbsp;&nbsp;&nbsp;uart_initialize
</UL>

<P><STRONG><a name="[131]"></a>uart_write_buffer</STRONG> (Thumb, 0 bytes, Stack size 0 bytes, da14535_symbols.txt(ABSOLUTE))
<BR><BR>[Called By]<UL><LI><a href="#[cc]">&gt;&gt;</a>&nbsp;&nbsp;&nbsp;periph_init
<LI><a href="#[bf]">&gt;&gt;</a>&nbsp;&nbsp;&nbsp;uart_send
</UL>

<P><STRONG><a name="[c0]"></a>uart_wait_tx_finish</STRONG> (Thumb, 0 bytes, Stack size 0 bytes, da14535_symbols.txt(ABSOLUTE))
<BR><BR>[Called By]<UL><LI><a href="#[cc]">&gt;&gt;</a>&nbsp;&nbsp;&nbsp;periph_init
<LI><a href="#[5e]">&gt;&gt;</a>&nbsp;&nbsp;&nbsp;uart_finish_transfers_adapt
</UL>

<P><STRONG><a name="[134]"></a>uart_read_buffer</STRONG> (Thumb, 0 bytes, Stack size 0 bytes, da14535_symbols.txt(ABSOLUTE), UNUSED)
<BR><BR>[Called By]<UL><LI><a href="#[133]">&gt;&gt;</a>&nbsp;&nbsp;&nbsp;uart_receive
</UL>

<P><STRONG><a name="[136]"></a>uart_disable_flow_control_ROM</STRONG> (Thumb, 0 bytes, Stack size 0 bytes, da14535_symbols.txt(ABSOLUTE), UNUSED)
<BR><BR>[Called By]<UL><LI><a href="#[135]">&gt;&gt;</a>&nbsp;&nbsp;&nbsp;uart_disable_flow_control
</UL>

<P><STRONG><a name="[1b0]"></a>i2c_init</STRONG> (Thumb, 0 bytes, Stack size 0 bytes, da14535_symbols.txt(ABSOLUTE))
<BR><BR>[Called By]<UL><LI><a href="#[cc]">&gt;&gt;</a>&nbsp;&nbsp;&nbsp;periph_init
</UL>

<P><STRONG><a name="[1c3]"></a>i2c_master_transmit_buffer_sync</STRONG> (Thumb, 0 bytes, Stack size 0 bytes, da14535_symbols.txt(ABSOLUTE))
<BR><BR>[Called By]<UL><LI><a href="#[1c2]">&gt;&gt;</a>&nbsp;&nbsp;&nbsp;aht20_i2c_write
</UL>

<P><STRONG><a name="[1c6]"></a>i2c_master_receive_buffer_sync</STRONG> (Thumb, 0 bytes, Stack size 0 bytes, da14535_symbols.txt(ABSOLUTE))
<BR><BR>[Called By]<UL><LI><a href="#[1c7]">&gt;&gt;</a>&nbsp;&nbsp;&nbsp;i2c_scan_bus
<LI><a href="#[1c5]">&gt;&gt;</a>&nbsp;&nbsp;&nbsp;aht20_i2c_read
</UL>

<P><STRONG><a name="[138]"></a>hw_otpc_enter_mode_ROM</STRONG> (Thumb, 0 bytes, Stack size 0 bytes, da14535_symbols.txt(ABSOLUTE))
<BR><BR>[Called By]<UL><LI><a href="#[ea]">&gt;&gt;</a>&nbsp;&nbsp;&nbsp;hw_otpc_enter_mode
</UL>

<P><STRONG><a name="[137]"></a>hw_otpc_init_ROM</STRONG> (Thumb, 0 bytes, Stack size 0 bytes, da14535_symbols.txt(ABSOLUTE))
<BR><BR>[Called By]<UL><LI><a href="#[c8]">&gt;&gt;</a>&nbsp;&nbsp;&nbsp;hw_otpc_init
</UL>

<P><STRONG><a name="[139]"></a>hw_otpc_disable_ROM</STRONG> (Thumb, 0 bytes, Stack size 0 bytes, da14535_symbols.txt(ABSOLUTE))
<BR><BR>[Called By]<UL><LI><a href="#[ee]">&gt;&gt;</a>&nbsp;&nbsp;&nbsp;hw_otpc_disable
</UL>

<P><STRONG><a name="[121]"></a>adc_init_ROM</STRONG> (Thumb, 0 bytes, Stack size 0 bytes, da14535_symbols.txt(ABSOLUTE))
<BR><BR>[Called By]<UL><LI><a href="#[db]">&gt;&gt;</a>&nbsp;&nbsp;&nbsp;adc_init
</UL>

<P><STRONG><a name="[123]"></a>adc_offset_calibrate_ROM</STRONG> (Thumb, 0 bytes, Stack size 0 bytes, da14535_symbols.txt(ABSOLUTE), UNUSED)
<BR><BR>[Called By]<UL><LI><a href="#[122]">&gt;&gt;</a>&nbsp;&nbsp;&nbsp;adc_offset_calibrate
</UL>

<P><STRONG><a name="[125]"></a>adc_correct_sample_ROM</STRONG> (Thumb, 0 bytes, Stack size 0 bytes, da14535_symbols.txt(ABSOLUTE), UNUSED)
<BR><BR>[Called By]<UL><LI><a href="#[124]">&gt;&gt;</a>&nbsp;&nbsp;&nbsp;adc_correct_sample
</UL>

<P><STRONG><a name="[126]"></a>adc_get_temp_ROM</STRONG> (Thumb, 0 bytes, Stack size 0 bytes, da14535_symbols.txt(ABSOLUTE))
<BR><BR>[Called By]<UL><LI><a href="#[de]">&gt;&gt;</a>&nbsp;&nbsp;&nbsp;adc_get_temp
</UL>

<P><STRONG><a name="[13c]"></a>BLE_WAKEUP_LP_Handler_ROM</STRONG> (Thumb, 0 bytes, Stack size 0 bytes, da14535_symbols.txt(ABSOLUTE))
<BR><BR>[Called By]<UL><LI><a href="#[a]">&gt;&gt;</a>&nbsp;&nbsp;&nbsp;BLE_WAKEUP_LP_Handler
</UL>

<P><STRONG><a name="[146]"></a>rwble_isr_ROM</STRONG> (Thumb, 0 bytes, Stack size 0 bytes, da14535_symbols.txt(ABSOLUTE))
<BR><BR>[Called By]<UL><LI><a href="#[b]">&gt;&gt;</a>&nbsp;&nbsp;&nbsp;rwble_isr
</UL>

<P><STRONG><a name="[14b]"></a>rwip_sleep_part1_ROM</STRONG> (Thumb, 0 bytes, Stack size 0 bytes, da14535_symbols.txt(ABSOLUTE))
<BR><BR>[Called By]<UL><LI><a href="#[c7]">&gt;&gt;</a>&nbsp;&nbsp;&nbsp;rwip_sleep
</UL>

<P><STRONG><a name="[14c]"></a>rwip_sleep_part2_ROM</STRONG> (Thumb, 0 bytes, Stack size 0 bytes, da14535_symbols.txt(ABSOLUTE))
<BR><BR>[Called By]<UL><LI><a href="#[c7]">&gt;&gt;</a>&nbsp;&nbsp;&nbsp;rwip_sleep
</UL>

<P><STRONG><a name="[162]"></a>en_hclk</STRONG> (Thumb, 0 bytes, Stack size 0 bytes, da14535_symbols.txt(ABSOLUTE), UNUSED)
<BR><BR>[Called By]<UL><LI><a href="#[161]">&gt;&gt;</a>&nbsp;&nbsp;&nbsp;kdco_calibration
</UL>

<P><STRONG><a name="[158]"></a>rf_calibration</STRONG> (Thumb, 0 bytes, Stack size 0 bytes, da14535_symbols.txt(ABSOLUTE))
<BR><BR>[Called By]<UL><LI><a href="#[e0]">&gt;&gt;</a>&nbsp;&nbsp;&nbsp;rf_recalibration
<LI><a href="#[62]">&gt;&gt;</a>&nbsp;&nbsp;&nbsp;rf_init_func
</UL>

<P><STRONG><a name="[154]"></a>rf_adplldig_activate</STRONG> (Thumb, 0 bytes, Stack size 0 bytes, da14535_symbols.txt(ABSOLUTE))
<BR><BR>[Called By]<UL><LI><a href="#[e0]">&gt;&gt;</a>&nbsp;&nbsp;&nbsp;rf_recalibration
<LI><a href="#[63]">&gt;&gt;</a>&nbsp;&nbsp;&nbsp;rf_reinit_func
<LI><a href="#[62]">&gt;&gt;</a>&nbsp;&nbsp;&nbsp;rf_init_func
</UL>

<P><STRONG><a name="[142]"></a>rf_adplldig_deactivate</STRONG> (Thumb, 0 bytes, Stack size 0 bytes, da14535_symbols.txt(ABSOLUTE))
<BR><BR>[Called By]<UL><LI><a href="#[e0]">&gt;&gt;</a>&nbsp;&nbsp;&nbsp;rf_recalibration
<LI><a href="#[63]">&gt;&gt;</a>&nbsp;&nbsp;&nbsp;rf_reinit_func
<LI><a href="#[62]">&gt;&gt;</a>&nbsp;&nbsp;&nbsp;rf_init_func
<LI><a href="#[47]">&gt;&gt;</a>&nbsp;&nbsp;&nbsp;dlg_event_isr
</UL>

<P><STRONG><a name="[30]"></a>rf_sleep</STRONG> (Thumb, 0 bytes, Stack size 0 bytes, da14535_symbols.txt(ABSOLUTE), UNUSED)
<BR>[Address Reference Count : 1]<UL><LI> ble_arp.o(.text)
</UL>
<P><STRONG><a name="[156]"></a>update_radiopwrupdn_pref_setting</STRONG> (Thumb, 0 bytes, Stack size 0 bytes, da14535_symbols.txt(ABSOLUTE))
<BR><BR>[Called By]<UL><LI><a href="#[e0]">&gt;&gt;</a>&nbsp;&nbsp;&nbsp;rf_recalibration
<LI><a href="#[63]">&gt;&gt;</a>&nbsp;&nbsp;&nbsp;rf_reinit_func
<LI><a href="#[62]">&gt;&gt;</a>&nbsp;&nbsp;&nbsp;rf_init_func
</UL>

<P><STRONG><a name="[157]"></a>rf_regs</STRONG> (Thumb, 0 bytes, Stack size 0 bytes, da14535_symbols.txt(ABSOLUTE))
<BR><BR>[Called By]<UL><LI><a href="#[63]">&gt;&gt;</a>&nbsp;&nbsp;&nbsp;rf_reinit_func
<LI><a href="#[62]">&gt;&gt;</a>&nbsp;&nbsp;&nbsp;rf_init_func
</UL>

<P><STRONG><a name="[15c]"></a>ble_update_arp_adpll_calib_vals_ROM</STRONG> (Thumb, 0 bytes, Stack size 0 bytes, da14535_symbols.txt(ABSOLUTE))
<BR><BR>[Called By]<UL><LI><a href="#[e0]">&gt;&gt;</a>&nbsp;&nbsp;&nbsp;rf_recalibration
</UL>

<P><STRONG><a name="[15b]"></a>ble_update_arp_adpll_div_val_ROM</STRONG> (Thumb, 0 bytes, Stack size 0 bytes, da14535_symbols.txt(ABSOLUTE))
<BR><BR>[Called By]<UL><LI><a href="#[63]">&gt;&gt;</a>&nbsp;&nbsp;&nbsp;rf_reinit_func
</UL>

<P><STRONG><a name="[159]"></a>ble_update_arp_ROM</STRONG> (Thumb, 0 bytes, Stack size 0 bytes, da14535_symbols.txt(ABSOLUTE))
<BR><BR>[Called By]<UL><LI><a href="#[62]">&gt;&gt;</a>&nbsp;&nbsp;&nbsp;rf_init_func
</UL>

<P><STRONG><a name="[8c]"></a>prf_init_func</STRONG> (Thumb, 0 bytes, Stack size 0 bytes, da14535_symbols.txt(ABSOLUTE), UNUSED)
<BR>[Address Reference Count : 1]<UL><LI> jump_table.o(.rodata.rom_func_addr_table_var)
</UL>
<P><STRONG><a name="[8d]"></a>prf_add_profile_func</STRONG> (Thumb, 0 bytes, Stack size 0 bytes, da14535_symbols.txt(ABSOLUTE), UNUSED)
<BR>[Address Reference Count : 1]<UL><LI> jump_table.o(.rodata.rom_func_addr_table_var)
</UL>
<P><STRONG><a name="[8e]"></a>prf_create_func</STRONG> (Thumb, 0 bytes, Stack size 0 bytes, da14535_symbols.txt(ABSOLUTE), UNUSED)
<BR>[Address Reference Count : 1]<UL><LI> jump_table.o(.rodata.rom_func_addr_table_var)
</UL>
<P><STRONG><a name="[8f]"></a>prf_cleanup_func</STRONG> (Thumb, 0 bytes, Stack size 0 bytes, da14535_symbols.txt(ABSOLUTE), UNUSED)
<BR>[Address Reference Count : 1]<UL><LI> jump_table.o(.rodata.rom_func_addr_table_var)
</UL>
<P><STRONG><a name="[16e]"></a>prf_env_get</STRONG> (Thumb, 0 bytes, Stack size 0 bytes, da14535_symbols.txt(ABSOLUTE))
<BR><BR>[Called By]<UL><LI><a href="#[52]">&gt;&gt;</a>&nbsp;&nbsp;&nbsp;diss_value_cfm_handler
<LI><a href="#[51]">&gt;&gt;</a>&nbsp;&nbsp;&nbsp;gattc_read_req_ind_handler
<LI><a href="#[50]">&gt;&gt;</a>&nbsp;&nbsp;&nbsp;diss_set_value_req_handler
</UL>

<P><STRONG><a name="[176]"></a>prf_dst_task_get</STRONG> (Thumb, 0 bytes, Stack size 0 bytes, da14535_symbols.txt(ABSOLUTE))
<BR><BR>[Called By]<UL><LI><a href="#[51]">&gt;&gt;</a>&nbsp;&nbsp;&nbsp;gattc_read_req_ind_handler
</UL>

<P><STRONG><a name="[90]"></a>prf_get_id_from_task_func</STRONG> (Thumb, 0 bytes, Stack size 0 bytes, da14535_symbols.txt(ABSOLUTE), UNUSED)
<BR>[Address Reference Count : 1]<UL><LI> jump_table.o(.rodata.rom_func_addr_table_var)
</UL>
<P><STRONG><a name="[91]"></a>prf_get_task_from_id_func</STRONG> (Thumb, 0 bytes, Stack size 0 bytes, da14535_symbols.txt(ABSOLUTE), UNUSED)
<BR>[Address Reference Count : 1]<UL><LI> jump_table.o(.rodata.rom_func_addr_table_var)
</UL>
<P><STRONG><a name="[59]"></a>custs1_prf_itf_get</STRONG> (Thumb, 0 bytes, Stack size 0 bytes, da14535_symbols.txt(ABSOLUTE), UNUSED)
<BR>[Address Reference Count : 1]<UL><LI> prf.o(.rodata.prf_if)
</UL>
<P><STRONG><a name="[181]"></a>app_db_init_start</STRONG> (Thumb, 0 bytes, Stack size 0 bytes, da14535_symbols.txt(ABSOLUTE))
<BR><BR>[Called By]<UL><LI><a href="#[b2]">&gt;&gt;</a>&nbsp;&nbsp;&nbsp;default_app_on_set_dev_config_complete
</UL>

<P><STRONG><a name="[189]"></a>append_device_name</STRONG> (Thumb, 0 bytes, Stack size 0 bytes, da14535_symbols.txt(ABSOLUTE))
<BR><BR>[Called By]<UL><LI><a href="#[18e]">&gt;&gt;</a>&nbsp;&nbsp;&nbsp;app_easy_gap_non_connectable_advertise_start_create_msg
<LI><a href="#[188]">&gt;&gt;</a>&nbsp;&nbsp;&nbsp;app_easy_gap_undirected_advertise_start_create_msg
</UL>

<P><STRONG><a name="[1bc]"></a>app_easy_gap_update_adv_data</STRONG> (Thumb, 0 bytes, Stack size 0 bytes, da14535_symbols.txt(ABSOLUTE))
<BR><BR>[Called By]<UL><LI><a href="#[3b]">&gt;&gt;</a>&nbsp;&nbsp;&nbsp;adv_data_update_timer_cb
</UL>

<P><STRONG><a name="[193]"></a>app_easy_gap_advertise_stop</STRONG> (Thumb, 0 bytes, Stack size 0 bytes, da14535_symbols.txt(ABSOLUTE))
<BR><BR>[Called By]<UL><LI><a href="#[35]">&gt;&gt;</a>&nbsp;&nbsp;&nbsp;app_easy_gap_advertise_stop_handler
</UL>

<P><STRONG><a name="[1a3]"></a>get_user_prf_srv_perm</STRONG> (Thumb, 0 bytes, Stack size 0 bytes, da14535_symbols.txt(ABSOLUTE))
<BR><BR>[Called By]<UL><LI><a href="#[4f]">&gt;&gt;</a>&nbsp;&nbsp;&nbsp;app_custs1_create_db
<LI><a href="#[57]">&gt;&gt;</a>&nbsp;&nbsp;&nbsp;app_diss_create_db
</UL>

<P><STRONG><a name="[17b]"></a>prf_init_srv_perm</STRONG> (Thumb, 0 bytes, Stack size 0 bytes, da14535_symbols.txt(ABSOLUTE))
<BR><BR>[Called By]<UL><LI><a href="#[179]">&gt;&gt;</a>&nbsp;&nbsp;&nbsp;default_app_on_init
</UL>

<P><STRONG><a name="[41]"></a>app_gap_process_handler</STRONG> (Thumb, 0 bytes, Stack size 0 bytes, da14535_symbols.txt(ABSOLUTE), UNUSED)
<BR>[Address Reference Count : 1]<UL><LI> app_entry_point.o(.rodata.app_process_handlers)
</UL>
[...]
</UL>
<P><STRONG><a name="[127]"></a>temp_calc</STRONG> (Thumb, 48 bytes, Stack size 8 bytes, adc_531.o(.text))
<BR><BR>[Stack]<UL><LI>Max Depth = 8<LI>Call Chain = temp_calc
</UL>
<BR>[Calls]<UL><LI><a href="#[128]">&gt;&gt;</a>&nbsp;&nbsp;&nbsp;__aeabi_idiv
</UL>
<BR>[Called By]<UL><LI><a href="#[129]">&gt;&gt;</a>&nbsp;&nbsp;&nbsp;adc_get_temp_async
<LI><a href="#[de]">&gt;&gt;</a>&nbsp;&nbsp;&nbsp;adc_get_temp
</UL>

<P><STRONG><a name="[12d]"></a>uart_rx_isr</STRONG> (Thumb, 56 bytes, Stack size 16 bytes, uart.o(.text))
<BR><BR>[Stack]<UL><LI>Max Depth = 16<LI>Call Chain = uart_rx_isr
</UL>
<BR>[Called By]<UL><LI><a href="#[d]">&gt;&gt;</a>&nbsp;&nbsp;&nbsp;UART2_Handler
</UL>

<P><STRONG><a name="[132]"></a>__NVIC_SetPriority</STRONG> (Thumb, 28 bytes, Stack size 0 bytes, uart.o(.text))
<BR><BR>[Called By]<UL><LI><a href="#[bf]">&gt;&gt;</a>&nbsp;&nbsp;&nbsp;uart_send
<LI><a href="#[133]">&gt;&gt;</a>&nbsp;&nbsp;&nbsp;uart_receive
</UL>

<P><STRONG><a name="[28]"></a>intr_master_transmit_buffer_handler</STRONG> (Thumb, 128 bytes, Stack size 16 bytes, i2c.o(.text))
<BR><BR>[Stack]<UL><LI>Max Depth = 24<LI>Call Chain = intr_master_transmit_buffer_handler &rArr; tx_reply
</UL>
<BR>[Calls]<UL><LI><a href="#[13a]">&gt;&gt;</a>&nbsp;&nbsp;&nbsp;tx_reply
</UL>
<BR>[Address Reference Count : 1]<UL><LI> i2c.o(.text)
</UL>
<P><STRONG><a name="[13a]"></a>tx_reply</STRONG> (Thumb, 36 bytes, Stack size 8 bytes, i2c.o(.text))
<BR><BR>[Stack]<UL><LI>Max Depth = 8<LI>Call Chain = tx_reply
</UL>
<BR>[Called By]<UL><LI><a href="#[2b]">&gt;&gt;</a>&nbsp;&nbsp;&nbsp;intr_slave_transmit_buffer_handler
<LI><a href="#[28]">&gt;&gt;</a>&nbsp;&nbsp;&nbsp;intr_master_transmit_buffer_handler
</UL>

<P><STRONG><a name="[29]"></a>intr_master_receive_buffer_handler</STRONG> (Thumb, 104 bytes, Stack size 16 bytes, i2c.o(.text))
<BR><BR>[Stack]<UL><LI>Max Depth = 24<LI>Call Chain = intr_master_receive_buffer_handler &rArr; rx_reply
</UL>
<BR>[Calls]<UL><LI><a href="#[13b]">&gt;&gt;</a>&nbsp;&nbsp;&nbsp;rx_reply
</UL>
<BR>[Address Reference Count : 1]<UL><LI> i2c.o(.text)
</UL>
<P><STRONG><a name="[13b]"></a>rx_reply</STRONG> (Thumb, 36 bytes, Stack size 8 bytes, i2c.o(.text))
<BR><BR>[Stack]<UL><LI>Max Depth = 8<LI>Call Chain = rx_reply
</UL>
<BR>[Called By]<UL><LI><a href="#[2a]">&gt;&gt;</a>&nbsp;&nbsp;&nbsp;intr_slave_receive_buffer_handler
<LI><a href="#[29]">&gt;&gt;</a>&nbsp;&nbsp;&nbsp;intr_master_receive_buffer_handler
</UL>

<P><STRONG><a name="[2a]"></a>intr_slave_receive_buffer_handler</STRONG> (Thumb, 68 bytes, Stack size 24 bytes, i2c.o(.text))
<BR><BR>[Stack]<UL><LI>Max Depth = 32<LI>Call Chain = intr_slave_receive_buffer_handler &rArr; rx_reply
</UL>
<BR>[Calls]<UL><LI><a href="#[13b]">&gt;&gt;</a>&nbsp;&nbsp;&nbsp;rx_reply
</UL>
<BR>[Address Reference Count : 1]<UL><LI> i2c.o(.text)
</UL>
<P><STRONG><a name="[2b]"></a>intr_slave_transmit_buffer_handler</STRONG> (Thumb, 132 bytes, Stack size 16 bytes, i2c.o(.text))
<BR><BR>[Stack]<UL><LI>Max Depth = 24<LI>Call Chain = intr_slave_transmit_buffer_handler &rArr; tx_reply
</UL>
<BR>[Calls]<UL><LI><a href="#[13a]">&gt;&gt;</a>&nbsp;&nbsp;&nbsp;tx_reply
</UL>
<BR>[Address Reference Count : 1]<UL><LI> i2c.o(.text)
</UL>
<P><STRONG><a name="[45]"></a>dlg_finetgtim_isr</STRONG> (Thumb, 14 bytes, Stack size 8 bytes, rwble.o(.text))
<BR><BR>[Stack]<UL><LI>Max Depth = 8<LI>Call Chain = dlg_finetgtim_isr
</UL>
<BR>[Calls]<UL><LI><a href="#[f2]">&gt;&gt;</a>&nbsp;&nbsp;&nbsp;calibrate_rcx20
<LI><a href="#[13f]">&gt;&gt;</a>&nbsp;&nbsp;&nbsp;ea_finetimer_isr
</UL>
<BR>[Address Reference Count : 1]<UL><LI> rwble.o(.rodata.ble_irq)
</UL>
<P><STRONG><a name="[46]"></a>dlg_rx_isr</STRONG> (Thumb, 8 bytes, Stack size 8 bytes, rwble.o(.text))
<BR><BR>[Stack]<UL><LI>Max Depth = 8<LI>Call Chain = dlg_rx_isr
</UL>
<BR>[Calls]<UL><LI><a href="#[140]">&gt;&gt;</a>&nbsp;&nbsp;&nbsp;lld_evt_rx_isr
</UL>
<BR>[Address Reference Count : 1]<UL><LI> rwble.o(.rodata.ble_irq)
</UL>
<P><STRONG><a name="[47]"></a>dlg_event_isr</STRONG> (Thumb, 20 bytes, Stack size 8 bytes, rwble.o(.text))
<BR><BR>[Stack]<UL><LI>Max Depth = 8<LI>Call Chain = dlg_event_isr
</UL>
<BR>[Calls]<UL><LI><a href="#[142]">&gt;&gt;</a>&nbsp;&nbsp;&nbsp;rf_adplldig_deactivate
<LI><a href="#[141]">&gt;&gt;</a>&nbsp;&nbsp;&nbsp;lld_evt_end_isr
</UL>
<BR>[Address Reference Count : 1]<UL><LI> rwble.o(.rodata.ble_irq)
</UL>
<P><STRONG><a name="[48]"></a>dlg_eventapfa_isr</STRONG> (Thumb, 10 bytes, Stack size 8 bytes, rwble.o(.text))
<BR><BR>[Stack]<UL><LI>Max Depth = 8<LI>Call Chain = dlg_eventapfa_isr
</UL>
<BR>[Calls]<UL><LI><a href="#[141]">&gt;&gt;</a>&nbsp;&nbsp;&nbsp;lld_evt_end_isr
</UL>
<BR>[Address Reference Count : 1]<UL><LI> rwble.o(.rodata.ble_irq)
</UL>
<P><STRONG><a name="[4c]"></a>dlg_slp_isr</STRONG> (Thumb, 36 bytes, Stack size 8 bytes, rwble.o(.text))
<BR><BR>[Stack]<UL><LI>Max Depth = 8<LI>Call Chain = dlg_slp_isr
</UL>
<BR>[Calls]<UL><LI><a href="#[f2]">&gt;&gt;</a>&nbsp;&nbsp;&nbsp;calibrate_rcx20
<LI><a href="#[144]">&gt;&gt;</a>&nbsp;&nbsp;&nbsp;rf_reinit
<LI><a href="#[143]">&gt;&gt;</a>&nbsp;&nbsp;&nbsp;rwip_wakeup
</UL>
<BR>[Address Reference Count : 1]<UL><LI> rwble.o(.rodata.ble_irq)
</UL>
<P><STRONG><a name="[4d]"></a>dlg_cscnt_isr</STRONG> (Thumb, 20 bytes, Stack size 8 bytes, rwble.o(.text))
<BR><BR>[Stack]<UL><LI>Max Depth = 8<LI>Call Chain = dlg_cscnt_isr
</UL>
<BR>[Calls]<UL><LI><a href="#[145]">&gt;&gt;</a>&nbsp;&nbsp;&nbsp;rwip_wakeup_end
<LI><a href="#[13f]">&gt;&gt;</a>&nbsp;&nbsp;&nbsp;ea_finetimer_isr
</UL>
<BR>[Address Reference Count : 1]<UL><LI> rwble.o(.rodata.ble_irq)
</UL>
<P><STRONG><a name="[4e]"></a>dlg_error_isr</STRONG> (Thumb, 4 bytes, Stack size 0 bytes, rwble.o(.text))
<BR>[Address Reference Count : 1]<UL><LI> rwble.o(.rodata.ble_irq)
</UL>
<P><STRONG><a name="[2f]"></a>rf_txpwr_dbm_get</STRONG> (Thumb, 36 bytes, Stack size 8 bytes, ble_arp.o(.text))
<BR><BR>[Stack]<UL><LI>Max Depth = 8<LI>Call Chain = rf_txpwr_dbm_get
</UL>
<BR>[Calls]<UL><LI><a href="#[15a]">&gt;&gt;</a>&nbsp;&nbsp;&nbsp;rf_pa_pwr_get
</UL>
<BR>[Address Reference Count : 1]<UL><LI> ble_arp.o(.text)
</UL>
<P><STRONG><a name="[31]"></a>RADIOCNTL_Handler</STRONG> (Thumb, 2 bytes, Stack size 0 bytes, ble_arp.o(.text))
<BR>[Address Reference Count : 1]<UL><LI> ble_arp.o(.text)
</UL>
<P><STRONG><a name="[32]"></a>rf_reset</STRONG> (Thumb, 2 bytes, Stack size 0 bytes, ble_arp.o(.text))
<BR>[Address Reference Count : 1]<UL><LI> ble_arp.o(.text)
</UL>
<P><STRONG><a name="[33]"></a>rf_rssi_convert</STRONG> (Thumb, 36 bytes, Stack size 8 bytes, ble_arp.o(.text))
<BR><BR>[Stack]<UL><LI>Max Depth = 8<LI>Call Chain = rf_rssi_convert
</UL>
<BR>[Calls]<UL><LI><a href="#[d8]">&gt;&gt;</a>&nbsp;&nbsp;&nbsp;__aeabi_uidiv
</UL>
<BR>[Address Reference Count : 1]<UL><LI> ble_arp.o(.text)
</UL>
<P><STRONG><a name="[34]"></a>rf_force_agc_enable</STRONG> (Thumb, 2 bytes, Stack size 0 bytes, ble_arp.o(.text))
<BR>[Address Reference Count : 1]<UL><LI> ble_arp.o(.text)
</UL>
<P><STRONG><a name="[53]"></a>diss_init</STRONG> (Thumb, 156 bytes, Stack size 64 bytes, diss.o(.text))
<BR><BR>[Stack]<UL><LI>Max Depth = 80<LI>Call Chain = diss_init &rArr; diss_compute_cfg_flag
</UL>
<BR>[Calls]<UL><LI><a href="#[16b]">&gt;&gt;</a>&nbsp;&nbsp;&nbsp;ke_state_set
<LI><a href="#[16a]">&gt;&gt;</a>&nbsp;&nbsp;&nbsp;co_list_init
<LI><a href="#[169]">&gt;&gt;</a>&nbsp;&nbsp;&nbsp;__aeabi_memclr4
<LI><a href="#[168]">&gt;&gt;</a>&nbsp;&nbsp;&nbsp;ke_malloc
<LI><a href="#[167]">&gt;&gt;</a>&nbsp;&nbsp;&nbsp;attm_svc_create_db
<LI><a href="#[166]">&gt;&gt;</a>&nbsp;&nbsp;&nbsp;diss_compute_cfg_flag
</UL>
<BR>[Address Reference Count : 1]<UL><LI> diss.o(.rodata.diss_itf)
</UL>
<P><STRONG><a name="[54]"></a>diss_destroy</STRONG> (Thumb, 38 bytes, Stack size 16 bytes, diss.o(.text))
<BR><BR>[Stack]<UL><LI>Max Depth = 16<LI>Call Chain = diss_destroy
</UL>
<BR>[Calls]<UL><LI><a href="#[16d]">&gt;&gt;</a>&nbsp;&nbsp;&nbsp;ke_free
<LI><a href="#[16c]">&gt;&gt;</a>&nbsp;&nbsp;&nbsp;co_list_pop_front
</UL>
<BR>[Address Reference Count : 1]<UL><LI> diss.o(.rodata.diss_itf)
</UL>
<P><STRONG><a name="[55]"></a>diss_create</STRONG> (Thumb, 2 bytes, Stack size 0 bytes, diss.o(.text))
<BR>[Address Reference Count : 1]<UL><LI> diss.o(.rodata.diss_itf)
</UL>
<P><STRONG><a name="[56]"></a>diss_cleanup</STRONG> (Thumb, 2 bytes, Stack size 0 bytes, diss.o(.text))
<BR>[Address Reference Count : 1]<UL><LI> diss.o(.rodata.diss_itf)
</UL>
<P><STRONG><a name="[50]"></a>diss_set_value_req_handler</STRONG> (Thumb, 168 bytes, Stack size 24 bytes, diss_task.o(.text))
<BR><BR>[Stack]<UL><LI>Max Depth = 40<LI>Call Chain = diss_set_value_req_handler &rArr; diss_value_to_handle
</UL>
<BR>[Calls]<UL><LI><a href="#[f8]">&gt;&gt;</a>&nbsp;&nbsp;&nbsp;__aeabi_memcpy
<LI><a href="#[d0]">&gt;&gt;</a>&nbsp;&nbsp;&nbsp;ke_msg_alloc
<LI><a href="#[173]">&gt;&gt;</a>&nbsp;&nbsp;&nbsp;ke_msg_send
<LI><a href="#[172]">&gt;&gt;</a>&nbsp;&nbsp;&nbsp;co_list_push_back
<LI><a href="#[171]">&gt;&gt;</a>&nbsp;&nbsp;&nbsp;co_list_extract
<LI><a href="#[16e]">&gt;&gt;</a>&nbsp;&nbsp;&nbsp;prf_env_get
<LI><a href="#[170]">&gt;&gt;</a>&nbsp;&nbsp;&nbsp;diss_check_val_len
<LI><a href="#[16f]">&gt;&gt;</a>&nbsp;&nbsp;&nbsp;diss_value_to_handle
<LI><a href="#[16d]">&gt;&gt;</a>&nbsp;&nbsp;&nbsp;ke_free
<LI><a href="#[169]">&gt;&gt;</a>&nbsp;&nbsp;&nbsp;__aeabi_memclr4
<LI><a href="#[168]">&gt;&gt;</a>&nbsp;&nbsp;&nbsp;ke_malloc
</UL>
<BR>[Address Reference Count : 1]<UL><LI> diss_task.o(.rodata.diss_default_state)
</UL>
<P><STRONG><a name="[51]"></a>gattc_read_req_ind_handler</STRONG> (Thumb, 200 bytes, Stack size 32 bytes, diss_task.o(.text))
<BR><BR>[Stack]<UL><LI>Max Depth = 40<LI>Call Chain = gattc_read_req_ind_handler &rArr; diss_handle_to_value
</UL>
<BR>[Calls]<UL><LI><a href="#[f8]">&gt;&gt;</a>&nbsp;&nbsp;&nbsp;__aeabi_memcpy
<LI><a href="#[d0]">&gt;&gt;</a>&nbsp;&nbsp;&nbsp;ke_msg_alloc
<LI><a href="#[176]">&gt;&gt;</a>&nbsp;&nbsp;&nbsp;prf_dst_task_get
<LI><a href="#[174]">&gt;&gt;</a>&nbsp;&nbsp;&nbsp;ke_state_get
<LI><a href="#[173]">&gt;&gt;</a>&nbsp;&nbsp;&nbsp;ke_msg_send
<LI><a href="#[16e]">&gt;&gt;</a>&nbsp;&nbsp;&nbsp;prf_env_get
<LI><a href="#[175]">&gt;&gt;</a>&nbsp;&nbsp;&nbsp;diss_handle_to_value
<LI><a href="#[16b]">&gt;&gt;</a>&nbsp;&nbsp;&nbsp;ke_state_set
</UL>
<BR>[Address Reference Count : 1]<UL><LI> diss_task.o(.rodata.diss_default_state)
</UL>
<P><STRONG><a name="[52]"></a>diss_value_cfm_handler</STRONG> (Thumb, 128 bytes, Stack size 24 bytes, diss_task.o(.text))
<BR><BR>[Stack]<UL><LI>Max Depth = 40<LI>Call Chain = diss_value_cfm_handler &rArr; diss_value_to_handle
</UL>
<BR>[Calls]<UL><LI><a href="#[f8]">&gt;&gt;</a>&nbsp;&nbsp;&nbsp;__aeabi_memcpy
<LI><a href="#[d0]">&gt;&gt;</a>&nbsp;&nbsp;&nbsp;ke_msg_alloc
<LI><a href="#[174]">&gt;&gt;</a>&nbsp;&nbsp;&nbsp;ke_state_get
<LI><a href="#[173]">&gt;&gt;</a>&nbsp;&nbsp;&nbsp;ke_msg_send
<LI><a href="#[16e]">&gt;&gt;</a>&nbsp;&nbsp;&nbsp;prf_env_get
<LI><a href="#[16f]">&gt;&gt;</a>&nbsp;&nbsp;&nbsp;diss_value_to_handle
<LI><a href="#[16b]">&gt;&gt;</a>&nbsp;&nbsp;&nbsp;ke_state_set
</UL>
<BR>[Address Reference Count : 1]<UL><LI> diss_task.o(.rodata.diss_default_state)
</UL>
<P><STRONG><a name="[188]"></a>app_easy_gap_undirected_advertise_start_create_msg</STRONG> (Thumb, 88 bytes, Stack size 16 bytes, app.o(.text))
<BR><BR>[Stack]<UL><LI>Max Depth = 16<LI>Call Chain = app_easy_gap_undirected_advertise_start_create_msg
</UL>
<BR>[Calls]<UL><LI><a href="#[f8]">&gt;&gt;</a>&nbsp;&nbsp;&nbsp;__aeabi_memcpy
<LI><a href="#[d0]">&gt;&gt;</a>&nbsp;&nbsp;&nbsp;ke_msg_alloc
<LI><a href="#[189]">&gt;&gt;</a>&nbsp;&nbsp;&nbsp;append_device_name
</UL>
<BR>[Called By]<UL><LI><a href="#[187]">&gt;&gt;</a>&nbsp;&nbsp;&nbsp;app_easy_gap_undirected_advertise_get_active
<LI><a href="#[178]">&gt;&gt;</a>&nbsp;&nbsp;&nbsp;app_easy_gap_undirected_advertise_start
</UL>

<P><STRONG><a name="[18b]"></a>app_easy_gap_directed_advertise_start_create_msg</STRONG> (Thumb, 92 bytes, Stack size 16 bytes, app.o(.text), UNUSED)
<BR><BR>[Calls]<UL><LI><a href="#[f8]">&gt;&gt;</a>&nbsp;&nbsp;&nbsp;__aeabi_memcpy
<LI><a href="#[d0]">&gt;&gt;</a>&nbsp;&nbsp;&nbsp;ke_msg_alloc
</UL>
<BR>[Called By]<UL><LI><a href="#[18c]">&gt;&gt;</a>&nbsp;&nbsp;&nbsp;app_easy_gap_directed_advertise_start
<LI><a href="#[18a]">&gt;&gt;</a>&nbsp;&nbsp;&nbsp;app_easy_gap_directed_advertise_get_active
</UL>

<P><STRONG><a name="[18e]"></a>app_easy_gap_non_connectable_advertise_start_create_msg</STRONG> (Thumb, 88 bytes, Stack size 16 bytes, app.o(.text), UNUSED)
<BR><BR>[Calls]<UL><LI><a href="#[f8]">&gt;&gt;</a>&nbsp;&nbsp;&nbsp;__aeabi_memcpy
<LI><a href="#[d0]">&gt;&gt;</a>&nbsp;&nbsp;&nbsp;ke_msg_alloc
<LI><a href="#[189]">&gt;&gt;</a>&nbsp;&nbsp;&nbsp;append_device_name
</UL>
<BR>[Called By]<UL><LI><a href="#[18f]">&gt;&gt;</a>&nbsp;&nbsp;&nbsp;app_easy_gap_non_connectable_advertise_start
<LI><a href="#[18d]">&gt;&gt;</a>&nbsp;&nbsp;&nbsp;app_easy_gap_non_connectable_advertise_get_active
</UL>

<P><STRONG><a name="[35]"></a>app_easy_gap_advertise_stop_handler</STRONG> (Thumb, 24 bytes, Stack size 8 bytes, app.o(.text))
<BR><BR>[Stack]<UL><LI>Max Depth = 8<LI>Call Chain = app_easy_gap_advertise_stop_handler
</UL>
<BR>[Calls]<UL><LI><a href="#[193]">&gt;&gt;</a>&nbsp;&nbsp;&nbsp;app_easy_gap_advertise_stop
</UL>
<BR>[Address Reference Count : 1]<UL><LI> app.o(.text)
</UL>
<P><STRONG><a name="[196]"></a>app_easy_gap_param_update_msg_create</STRONG> (Thumb, 68 bytes, Stack size 8 bytes, app.o(.text))
<BR><BR>[Stack]<UL><LI>Max Depth = 8<LI>Call Chain = app_easy_gap_param_update_msg_create
</UL>
<BR>[Calls]<UL><LI><a href="#[d0]">&gt;&gt;</a>&nbsp;&nbsp;&nbsp;ke_msg_alloc
</UL>
<BR>[Called By]<UL><LI><a href="#[197]">&gt;&gt;</a>&nbsp;&nbsp;&nbsp;app_easy_gap_param_update_start
<LI><a href="#[195]">&gt;&gt;</a>&nbsp;&nbsp;&nbsp;app_easy_gap_param_update_get_active
</UL>

<P><STRONG><a name="[199]"></a>app_easy_gap_start_connection_to_msg_create</STRONG> (Thumb, 68 bytes, Stack size 8 bytes, app.o(.text), UNUSED)
<BR><BR>[Calls]<UL><LI><a href="#[d0]">&gt;&gt;</a>&nbsp;&nbsp;&nbsp;ke_msg_alloc
</UL>
<BR>[Called By]<UL><LI><a href="#[19b]">&gt;&gt;</a>&nbsp;&nbsp;&nbsp;app_easy_gap_start_connection_to
<LI><a href="#[19a]">&gt;&gt;</a>&nbsp;&nbsp;&nbsp;app_easy_gap_start_connection_to_set
<LI><a href="#[198]">&gt;&gt;</a>&nbsp;&nbsp;&nbsp;app_easy_gap_start_connection_to_get_active
</UL>

<P><STRONG><a name="[1a0]"></a>app_easy_gap_dev_config_create_msg</STRONG> (Thumb, 92 bytes, Stack size 16 bytes, app.o(.text))
<BR><BR>[Stack]<UL><LI>Max Depth = 16<LI>Call Chain = app_easy_gap_dev_config_create_msg
</UL>
<BR>[Calls]<UL><LI><a href="#[d0]">&gt;&gt;</a>&nbsp;&nbsp;&nbsp;ke_msg_alloc
<LI><a href="#[1a1]">&gt;&gt;</a>&nbsp;&nbsp;&nbsp;__aeabi_memclr
</UL>
<BR>[Called By]<UL><LI><a href="#[5a]">&gt;&gt;</a>&nbsp;&nbsp;&nbsp;app_easy_gap_dev_configure
<LI><a href="#[19f]">&gt;&gt;</a>&nbsp;&nbsp;&nbsp;app_easy_gap_dev_config_get_active
</UL>

<P><STRONG><a name="[40]"></a>diss_value_req_ind_handler</STRONG> (Thumb, 124 bytes, Stack size 24 bytes, app_diss_task.o(.text))
<BR><BR>[Stack]<UL><LI>Max Depth = 24<LI>Call Chain = diss_value_req_ind_handler
</UL>
<BR>[Calls]<UL><LI><a href="#[f8]">&gt;&gt;</a>&nbsp;&nbsp;&nbsp;__aeabi_memcpy
<LI><a href="#[d0]">&gt;&gt;</a>&nbsp;&nbsp;&nbsp;ke_msg_alloc
<LI><a href="#[173]">&gt;&gt;</a>&nbsp;&nbsp;&nbsp;ke_msg_send
</UL>
<BR>[Address Reference Count : 1]<UL><LI> app_diss_task.o(.rodata.app_diss_process_handlers)
</UL>
<P><STRONG><a name="[1a8]"></a>create_timer</STRONG> (Thumb, 56 bytes, Stack size 16 bytes, app_easy_timer.o(.text))
<BR><BR>[Stack]<UL><LI>Max Depth = 24<LI>Call Chain = create_timer &rArr; arch_ble_force_wakeup
</UL>
<BR>[Calls]<UL><LI><a href="#[1a7]">&gt;&gt;</a>&nbsp;&nbsp;&nbsp;arch_ble_force_wakeup
<LI><a href="#[d0]">&gt;&gt;</a>&nbsp;&nbsp;&nbsp;ke_msg_alloc
<LI><a href="#[1a9]">&gt;&gt;</a>&nbsp;&nbsp;&nbsp;ke_timer_set
<LI><a href="#[1a6]">&gt;&gt;</a>&nbsp;&nbsp;&nbsp;app_check_BLE_active
<LI><a href="#[173]">&gt;&gt;</a>&nbsp;&nbsp;&nbsp;ke_msg_send
</UL>
<BR>[Called By]<UL><LI><a href="#[42]">&gt;&gt;</a>&nbsp;&nbsp;&nbsp;app_timer_api_process_handler
<LI><a href="#[192]">&gt;&gt;</a>&nbsp;&nbsp;&nbsp;app_easy_timer
</UL>

<P><STRONG><a name="[36]"></a>timer_modified_handler</STRONG> (Thumb, 2 bytes, Stack size 0 bytes, app_easy_timer.o(.text))
<BR>[Address Reference Count : 1]<UL><LI> app_easy_timer.o(.text)
</UL>
<P><STRONG><a name="[37]"></a>timer_canceled_handler</STRONG> (Thumb, 2 bytes, Stack size 0 bytes, app_easy_timer.o(.text))
<BR>[Address Reference Count : 1]<UL><LI> app_easy_timer.o(.text)
</UL>
<P><STRONG><a name="[3b]"></a>adv_data_update_timer_cb</STRONG> (Thumb, 68 bytes, Stack size 24 bytes, user_peripheral.o(.text))
<BR><BR>[Stack]<UL><LI>Max Depth = 64<LI>Call Chain = adv_data_update_timer_cb &rArr; app_easy_timer &rArr; create_timer &rArr; arch_ble_force_wakeup
</UL>
<BR>[Calls]<UL><LI><a href="#[f8]">&gt;&gt;</a>&nbsp;&nbsp;&nbsp;__aeabi_memcpy
<LI><a href="#[1bc]">&gt;&gt;</a>&nbsp;&nbsp;&nbsp;app_easy_gap_update_adv_data
<LI><a href="#[1b3]">&gt;&gt;</a>&nbsp;&nbsp;&nbsp;mnf_data_update
<LI><a href="#[192]">&gt;&gt;</a>&nbsp;&nbsp;&nbsp;app_easy_timer
</UL>
<BR>[Address Reference Count : 1]<UL><LI> user_peripheral.o(.text)
</UL>
<P><STRONG><a name="[3c]"></a>param_update_request_timer_cb</STRONG> (Thumb, 16 bytes, Stack size 8 bytes, user_peripheral.o(.text))
<BR><BR>[Stack]<UL><LI>Max Depth = 24<LI>Call Chain = param_update_request_timer_cb &rArr; app_easy_gap_param_update_start &rArr; app_easy_gap_param_update_msg_create
</UL>
<BR>[Calls]<UL><LI><a href="#[197]">&gt;&gt;</a>&nbsp;&nbsp;&nbsp;app_easy_gap_param_update_start
</UL>
<BR>[Address Reference Count : 1]<UL><LI> user_peripheral.o(.text)
</UL>
<P><STRONG><a name="[1b3]"></a>mnf_data_update</STRONG> (Thumb, 36 bytes, Stack size 0 bytes, user_peripheral.o(.text))
<BR><BR>[Called By]<UL><LI><a href="#[3b]">&gt;&gt;</a>&nbsp;&nbsp;&nbsp;adv_data_update_timer_cb
<LI><a href="#[b1]">&gt;&gt;</a>&nbsp;&nbsp;&nbsp;user_app_disconnect
</UL>

<P><STRONG><a name="[1c2]"></a>aht20_i2c_write</STRONG> (Thumb, 40 bytes, Stack size 16 bytes, user_aht20.o(.text))
<BR><BR>[Stack]<UL><LI>Max Depth = 16<LI>Call Chain = aht20_i2c_write
</UL>
<BR>[Calls]<UL><LI><a href="#[1c3]">&gt;&gt;</a>&nbsp;&nbsp;&nbsp;i2c_master_transmit_buffer_sync
</UL>
<BR>[Called By]<UL><LI><a href="#[1b1]">&gt;&gt;</a>&nbsp;&nbsp;&nbsp;aht20_init
<LI><a href="#[1c0]">&gt;&gt;</a>&nbsp;&nbsp;&nbsp;aht20_trigger_measurement
</UL>

<P><STRONG><a name="[1c5]"></a>aht20_i2c_read</STRONG> (Thumb, 36 bytes, Stack size 16 bytes, user_aht20.o(.text))
<BR><BR>[Stack]<UL><LI>Max Depth = 16<LI>Call Chain = aht20_i2c_read
</UL>
<BR>[Calls]<UL><LI><a href="#[1c6]">&gt;&gt;</a>&nbsp;&nbsp;&nbsp;i2c_master_receive_buffer_sync
</UL>
<BR>[Called By]<UL><LI><a href="#[1c4]">&gt;&gt;</a>&nbsp;&nbsp;&nbsp;aht20_is_busy
<LI><a href="#[1bf]">&gt;&gt;</a>&nbsp;&nbsp;&nbsp;aht20_read
</UL>
<P>
<H3>
Undefined Global Symbols
</H3>
<P><STRONG><a name="[e9]"></a>reset_indication</STRONG> (Unknown, 0 bytes, Stack size 0 bytes, UNDEFINED)
<BR><BR>[Called By]<UL><LI><a href="#[c1]">&gt;&gt;</a>&nbsp;&nbsp;&nbsp;system_init
</UL>

<P><STRONG><a name="[eb]"></a>sb_read_otp_header</STRONG> (Unknown, 0 bytes, Stack size 0 bytes, UNDEFINED)
<BR><BR>[Called By]<UL><LI><a href="#[c1]">&gt;&gt;</a>&nbsp;&nbsp;&nbsp;system_init
</UL>

<P><STRONG><a name="[f9]"></a>sb_set_debugger_mode</STRONG> (Unknown, 0 bytes, Stack size 0 bytes, UNDEFINED)
<BR><BR>[Called By]<UL><LI><a href="#[ed]">&gt;&gt;</a>&nbsp;&nbsp;&nbsp;otp_cs_store
</UL>
<HR></body></html>
