	.text
	.syntax unified
	.eabi_attribute	67, "2.09"	@ Tag_conformance
	.cpu	cortex-m0plus
	.eabi_attribute	6, 12	@ Tag_CPU_arch
	.eabi_attribute	7, 77	@ Tag_CPU_arch_profile
	.eabi_attribute	8, 0	@ Tag_ARM_ISA_use
	.eabi_attribute	9, 1	@ Tag_THUMB_ISA_use
	.eabi_attribute	34, 0	@ Tag_CPU_unaligned_access
	.eabi_attribute	17, 1	@ Tag_ABI_PCS_GOT_use
	.eabi_attribute	20, 2	@ Tag_ABI_FP_denormal
	.eabi_attribute	21, 0	@ Tag_ABI_FP_exceptions
	.eabi_attribute	23, 1	@ Tag_ABI_FP_number_model
	.eabi_attribute	24, 1	@ Tag_ABI_align_needed
	.eabi_attribute	25, 1	@ Tag_ABI_align_preserved
	.eabi_attribute	38, 1	@ Tag_ABI_FP_16bit_format
	.eabi_attribute	18, 2	@ Tag_ABI_PCS_wchar_t
	.eabi_attribute	26, 1	@ Tag_ABI_enum_size
	.eabi_attribute	14, 0	@ Tag_ABI_PCS_R9_use
	.file	"app_customs_common.c"
	.file	1 "C:\\Users\\teodor\\Desktop\\stem\\codeless\\6.0.24.1464\\projects\\target_apps\\ble_examples\\empty_peripheral_template\\Keil_5" "./../../../../../sdk/ble_stack/rwble_hl\\rwble_hl_error.h"
	.hidden	app_custs1_val_wr_validate      @ -- Begin function app_custs1_val_wr_validate
	.globl	app_custs1_val_wr_validate
	.p2align	1
	.type	app_custs1_val_wr_validate,%function
	.code	16                              @ @app_custs1_val_wr_validate
	.thumb_func
app_custs1_val_wr_validate:
.Lfunc_begin0:
	.file	2 "C:\\Users\\teodor\\Desktop\\stem\\codeless\\6.0.24.1464\\projects\\target_apps\\ble_examples\\empty_peripheral_template\\Keil_5" "../../../../../sdk/app_modules/src/app_custs/app_customs_common.c"
	.loc	2 55 0                          @ ../../../../../sdk/app_modules/src/app_custs/app_customs_common.c:55:0
	.fnstart
	.cfi_sections .debug_frame
	.cfi_startproc
@ %bb.0:
	@DEBUG_VALUE: app_custs1_val_wr_validate:att_idx <- $r0
	@DEBUG_VALUE: app_custs1_val_wr_validate:offset <- $r1
	@DEBUG_VALUE: app_custs1_val_wr_validate:len <- $r2
	@DEBUG_VALUE: app_custs1_val_wr_validate:value <- $r3
	movs	r0, #0
.Ltmp0:
	@DEBUG_VALUE: app_custs1_val_wr_validate:att_idx <- [DW_OP_LLVM_entry_value 1] $r0
	.loc	2 56 5 prologue_end             @ ../../../../../sdk/app_modules/src/app_custs/app_customs_common.c:56:5
	bx	lr
.Ltmp1:
.Lfunc_end0:
	.size	app_custs1_val_wr_validate, .Lfunc_end0-app_custs1_val_wr_validate
	.cfi_endproc
	.cantunwind
	.fnend
                                        @ -- End function
	.file	3 "C:\\Users\\teodor" "AppData\\Local\\Keil_v5\\ARM\\ARMCLANG\\bin\\..\\include\\stdint.h"
	.section	.debug_loc,"",%progbits
.Ldebug_loc0:
	.long	.Lfunc_begin0-.Lfunc_begin0
	.long	.Ltmp0-.Lfunc_begin0
	.short	1                               @ Loc expr size
	.byte	80                              @ DW_OP_reg0
	.long	.Ltmp0-.Lfunc_begin0
	.long	.Lfunc_end0-.Lfunc_begin0
	.short	4                               @ Loc expr size
	.byte	243                             @ DW_OP_GNU_entry_value
	.byte	1                               @ 1
	.byte	80                              @ DW_OP_reg0
	.byte	159                             @ DW_OP_stack_value
	.long	0
	.long	0
	.section	.debug_abbrev,"",%progbits
	.byte	1                               @ Abbreviation Code
	.byte	17                              @ DW_TAG_compile_unit
	.byte	1                               @ DW_CHILDREN_yes
	.byte	37                              @ DW_AT_producer
	.byte	14                              @ DW_FORM_strp
	.byte	19                              @ DW_AT_language
	.byte	5                               @ DW_FORM_data2
	.byte	3                               @ DW_AT_name
	.byte	14                              @ DW_FORM_strp
	.byte	16                              @ DW_AT_stmt_list
	.byte	23                              @ DW_FORM_sec_offset
	.byte	27                              @ DW_AT_comp_dir
	.byte	14                              @ DW_FORM_strp
	.byte	17                              @ DW_AT_low_pc
	.byte	1                               @ DW_FORM_addr
	.byte	18                              @ DW_AT_high_pc
	.byte	6                               @ DW_FORM_data4
	.byte	0                               @ EOM(1)
	.byte	0                               @ EOM(2)
	.byte	2                               @ Abbreviation Code
	.byte	4                               @ DW_TAG_enumeration_type
	.byte	1                               @ DW_CHILDREN_yes
	.byte	73                              @ DW_AT_type
	.byte	19                              @ DW_FORM_ref4
	.byte	3                               @ DW_AT_name
	.byte	14                              @ DW_FORM_strp
	.byte	11                              @ DW_AT_byte_size
	.byte	11                              @ DW_FORM_data1
	.byte	58                              @ DW_AT_decl_file
	.byte	11                              @ DW_FORM_data1
	.byte	59                              @ DW_AT_decl_line
	.byte	11                              @ DW_FORM_data1
	.byte	0                               @ EOM(1)
	.byte	0                               @ EOM(2)
	.byte	3                               @ Abbreviation Code
	.byte	40                              @ DW_TAG_enumerator
	.byte	0                               @ DW_CHILDREN_no
	.byte	3                               @ DW_AT_name
	.byte	14                              @ DW_FORM_strp
	.byte	28                              @ DW_AT_const_value
	.byte	15                              @ DW_FORM_udata
	.byte	0                               @ EOM(1)
	.byte	0                               @ EOM(2)
	.byte	4                               @ Abbreviation Code
	.byte	36                              @ DW_TAG_base_type
	.byte	0                               @ DW_CHILDREN_no
	.byte	3                               @ DW_AT_name
	.byte	14                              @ DW_FORM_strp
	.byte	62                              @ DW_AT_encoding
	.byte	11                              @ DW_FORM_data1
	.byte	11                              @ DW_AT_byte_size
	.byte	11                              @ DW_FORM_data1
	.byte	0                               @ EOM(1)
	.byte	0                               @ EOM(2)
	.byte	5                               @ Abbreviation Code
	.byte	46                              @ DW_TAG_subprogram
	.byte	1                               @ DW_CHILDREN_yes
	.byte	17                              @ DW_AT_low_pc
	.byte	1                               @ DW_FORM_addr
	.byte	18                              @ DW_AT_high_pc
	.byte	6                               @ DW_FORM_data4
	.byte	64                              @ DW_AT_frame_base
	.byte	24                              @ DW_FORM_exprloc
	.ascii	"\227B"                         @ DW_AT_GNU_all_call_sites
	.byte	25                              @ DW_FORM_flag_present
	.byte	3                               @ DW_AT_name
	.byte	14                              @ DW_FORM_strp
	.byte	58                              @ DW_AT_decl_file
	.byte	11                              @ DW_FORM_data1
	.byte	59                              @ DW_AT_decl_line
	.byte	11                              @ DW_FORM_data1
	.byte	39                              @ DW_AT_prototyped
	.byte	25                              @ DW_FORM_flag_present
	.byte	73                              @ DW_AT_type
	.byte	19                              @ DW_FORM_ref4
	.byte	63                              @ DW_AT_external
	.byte	25                              @ DW_FORM_flag_present
	.byte	0                               @ EOM(1)
	.byte	0                               @ EOM(2)
	.byte	6                               @ Abbreviation Code
	.byte	5                               @ DW_TAG_formal_parameter
	.byte	0                               @ DW_CHILDREN_no
	.byte	2                               @ DW_AT_location
	.byte	23                              @ DW_FORM_sec_offset
	.byte	3                               @ DW_AT_name
	.byte	14                              @ DW_FORM_strp
	.byte	58                              @ DW_AT_decl_file
	.byte	11                              @ DW_FORM_data1
	.byte	59                              @ DW_AT_decl_line
	.byte	11                              @ DW_FORM_data1
	.byte	73                              @ DW_AT_type
	.byte	19                              @ DW_FORM_ref4
	.byte	0                               @ EOM(1)
	.byte	0                               @ EOM(2)
	.byte	7                               @ Abbreviation Code
	.byte	5                               @ DW_TAG_formal_parameter
	.byte	0                               @ DW_CHILDREN_no
	.byte	2                               @ DW_AT_location
	.byte	24                              @ DW_FORM_exprloc
	.byte	3                               @ DW_AT_name
	.byte	14                              @ DW_FORM_strp
	.byte	58                              @ DW_AT_decl_file
	.byte	11                              @ DW_FORM_data1
	.byte	59                              @ DW_AT_decl_line
	.byte	11                              @ DW_FORM_data1
	.byte	73                              @ DW_AT_type
	.byte	19                              @ DW_FORM_ref4
	.byte	0                               @ EOM(1)
	.byte	0                               @ EOM(2)
	.byte	8                               @ Abbreviation Code
	.byte	22                              @ DW_TAG_typedef
	.byte	0                               @ DW_CHILDREN_no
	.byte	73                              @ DW_AT_type
	.byte	19                              @ DW_FORM_ref4
	.byte	3                               @ DW_AT_name
	.byte	14                              @ DW_FORM_strp
	.byte	58                              @ DW_AT_decl_file
	.byte	11                              @ DW_FORM_data1
	.byte	59                              @ DW_AT_decl_line
	.byte	11                              @ DW_FORM_data1
	.byte	0                               @ EOM(1)
	.byte	0                               @ EOM(2)
	.byte	9                               @ Abbreviation Code
	.byte	15                              @ DW_TAG_pointer_type
	.byte	0                               @ DW_CHILDREN_no
	.byte	73                              @ DW_AT_type
	.byte	19                              @ DW_FORM_ref4
	.byte	0                               @ EOM(1)
	.byte	0                               @ EOM(2)
	.byte	0                               @ EOM(3)
	.section	.debug_info,"",%progbits
.Lcu_begin0:
	.long	.Ldebug_info_end0-.Ldebug_info_start0 @ Length of Unit
.Ldebug_info_start0:
	.short	4                               @ DWARF version number
	.long	.debug_abbrev                   @ Offset Into Abbrev. Section
	.byte	4                               @ Address Size (in bytes)
	.byte	1                               @ Abbrev [1] 0xb:0x4b8 DW_TAG_compile_unit
	.long	.Linfo_string0                  @ DW_AT_producer
	.short	12                              @ DW_AT_language
	.long	.Linfo_string1                  @ DW_AT_name
	.long	.Lline_table_start0             @ DW_AT_stmt_list
	.long	.Linfo_string2                  @ DW_AT_comp_dir
	.long	.Lfunc_begin0                   @ DW_AT_low_pc
	.long	.Lfunc_end0-.Lfunc_begin0       @ DW_AT_high_pc
	.byte	2                               @ Abbrev [2] 0x26:0x427 DW_TAG_enumeration_type
	.long	1101                            @ DW_AT_type
	.long	.Linfo_string166                @ DW_AT_name
	.byte	1                               @ DW_AT_byte_size
	.byte	1                               @ DW_AT_decl_file
	.byte	43                              @ DW_AT_decl_line
	.byte	3                               @ Abbrev [3] 0x32:0x6 DW_TAG_enumerator
	.long	.Linfo_string4                  @ DW_AT_name
	.byte	0                               @ DW_AT_const_value
	.byte	3                               @ Abbrev [3] 0x38:0x6 DW_TAG_enumerator
	.long	.Linfo_string5                  @ DW_AT_name
	.byte	0                               @ DW_AT_const_value
	.byte	3                               @ Abbrev [3] 0x3e:0x6 DW_TAG_enumerator
	.long	.Linfo_string6                  @ DW_AT_name
	.byte	1                               @ DW_AT_const_value
	.byte	3                               @ Abbrev [3] 0x44:0x6 DW_TAG_enumerator
	.long	.Linfo_string7                  @ DW_AT_name
	.byte	2                               @ DW_AT_const_value
	.byte	3                               @ Abbrev [3] 0x4a:0x6 DW_TAG_enumerator
	.long	.Linfo_string8                  @ DW_AT_name
	.byte	3                               @ DW_AT_const_value
	.byte	3                               @ Abbrev [3] 0x50:0x6 DW_TAG_enumerator
	.long	.Linfo_string9                  @ DW_AT_name
	.byte	4                               @ DW_AT_const_value
	.byte	3                               @ Abbrev [3] 0x56:0x6 DW_TAG_enumerator
	.long	.Linfo_string10                 @ DW_AT_name
	.byte	5                               @ DW_AT_const_value
	.byte	3                               @ Abbrev [3] 0x5c:0x6 DW_TAG_enumerator
	.long	.Linfo_string11                 @ DW_AT_name
	.byte	6                               @ DW_AT_const_value
	.byte	3                               @ Abbrev [3] 0x62:0x6 DW_TAG_enumerator
	.long	.Linfo_string12                 @ DW_AT_name
	.byte	7                               @ DW_AT_const_value
	.byte	3                               @ Abbrev [3] 0x68:0x6 DW_TAG_enumerator
	.long	.Linfo_string13                 @ DW_AT_name
	.byte	8                               @ DW_AT_const_value
	.byte	3                               @ Abbrev [3] 0x6e:0x6 DW_TAG_enumerator
	.long	.Linfo_string14                 @ DW_AT_name
	.byte	9                               @ DW_AT_const_value
	.byte	3                               @ Abbrev [3] 0x74:0x6 DW_TAG_enumerator
	.long	.Linfo_string15                 @ DW_AT_name
	.byte	10                              @ DW_AT_const_value
	.byte	3                               @ Abbrev [3] 0x7a:0x6 DW_TAG_enumerator
	.long	.Linfo_string16                 @ DW_AT_name
	.byte	11                              @ DW_AT_const_value
	.byte	3                               @ Abbrev [3] 0x80:0x6 DW_TAG_enumerator
	.long	.Linfo_string17                 @ DW_AT_name
	.byte	12                              @ DW_AT_const_value
	.byte	3                               @ Abbrev [3] 0x86:0x6 DW_TAG_enumerator
	.long	.Linfo_string18                 @ DW_AT_name
	.byte	13                              @ DW_AT_const_value
	.byte	3                               @ Abbrev [3] 0x8c:0x6 DW_TAG_enumerator
	.long	.Linfo_string19                 @ DW_AT_name
	.byte	14                              @ DW_AT_const_value
	.byte	3                               @ Abbrev [3] 0x92:0x6 DW_TAG_enumerator
	.long	.Linfo_string20                 @ DW_AT_name
	.byte	15                              @ DW_AT_const_value
	.byte	3                               @ Abbrev [3] 0x98:0x6 DW_TAG_enumerator
	.long	.Linfo_string21                 @ DW_AT_name
	.byte	16                              @ DW_AT_const_value
	.byte	3                               @ Abbrev [3] 0x9e:0x6 DW_TAG_enumerator
	.long	.Linfo_string22                 @ DW_AT_name
	.byte	17                              @ DW_AT_const_value
	.byte	3                               @ Abbrev [3] 0xa4:0x7 DW_TAG_enumerator
	.long	.Linfo_string23                 @ DW_AT_name
	.ascii	"\200\001"                      @ DW_AT_const_value
	.byte	3                               @ Abbrev [3] 0xab:0x6 DW_TAG_enumerator
	.long	.Linfo_string24                 @ DW_AT_name
	.byte	48                              @ DW_AT_const_value
	.byte	3                               @ Abbrev [3] 0xb1:0x6 DW_TAG_enumerator
	.long	.Linfo_string25                 @ DW_AT_name
	.byte	49                              @ DW_AT_const_value
	.byte	3                               @ Abbrev [3] 0xb7:0x6 DW_TAG_enumerator
	.long	.Linfo_string26                 @ DW_AT_name
	.byte	50                              @ DW_AT_const_value
	.byte	3                               @ Abbrev [3] 0xbd:0x6 DW_TAG_enumerator
	.long	.Linfo_string27                 @ DW_AT_name
	.byte	51                              @ DW_AT_const_value
	.byte	3                               @ Abbrev [3] 0xc3:0x6 DW_TAG_enumerator
	.long	.Linfo_string28                 @ DW_AT_name
	.byte	52                              @ DW_AT_const_value
	.byte	3                               @ Abbrev [3] 0xc9:0x6 DW_TAG_enumerator
	.long	.Linfo_string29                 @ DW_AT_name
	.byte	53                              @ DW_AT_const_value
	.byte	3                               @ Abbrev [3] 0xcf:0x6 DW_TAG_enumerator
	.long	.Linfo_string30                 @ DW_AT_name
	.byte	54                              @ DW_AT_const_value
	.byte	3                               @ Abbrev [3] 0xd5:0x6 DW_TAG_enumerator
	.long	.Linfo_string31                 @ DW_AT_name
	.byte	55                              @ DW_AT_const_value
	.byte	3                               @ Abbrev [3] 0xdb:0x6 DW_TAG_enumerator
	.long	.Linfo_string32                 @ DW_AT_name
	.byte	56                              @ DW_AT_const_value
	.byte	3                               @ Abbrev [3] 0xe1:0x6 DW_TAG_enumerator
	.long	.Linfo_string33                 @ DW_AT_name
	.byte	57                              @ DW_AT_const_value
	.byte	3                               @ Abbrev [3] 0xe7:0x6 DW_TAG_enumerator
	.long	.Linfo_string34                 @ DW_AT_name
	.byte	58                              @ DW_AT_const_value
	.byte	3                               @ Abbrev [3] 0xed:0x6 DW_TAG_enumerator
	.long	.Linfo_string35                 @ DW_AT_name
	.byte	59                              @ DW_AT_const_value
	.byte	3                               @ Abbrev [3] 0xf3:0x6 DW_TAG_enumerator
	.long	.Linfo_string36                 @ DW_AT_name
	.byte	59                              @ DW_AT_const_value
	.byte	3                               @ Abbrev [3] 0xf9:0x6 DW_TAG_enumerator
	.long	.Linfo_string37                 @ DW_AT_name
	.byte	60                              @ DW_AT_const_value
	.byte	3                               @ Abbrev [3] 0xff:0x6 DW_TAG_enumerator
	.long	.Linfo_string38                 @ DW_AT_name
	.byte	61                              @ DW_AT_const_value
	.byte	3                               @ Abbrev [3] 0x105:0x6 DW_TAG_enumerator
	.long	.Linfo_string39                 @ DW_AT_name
	.byte	62                              @ DW_AT_const_value
	.byte	3                               @ Abbrev [3] 0x10b:0x6 DW_TAG_enumerator
	.long	.Linfo_string40                 @ DW_AT_name
	.byte	63                              @ DW_AT_const_value
	.byte	3                               @ Abbrev [3] 0x111:0x6 DW_TAG_enumerator
	.long	.Linfo_string41                 @ DW_AT_name
	.byte	64                              @ DW_AT_const_value
	.byte	3                               @ Abbrev [3] 0x117:0x6 DW_TAG_enumerator
	.long	.Linfo_string42                 @ DW_AT_name
	.byte	65                              @ DW_AT_const_value
	.byte	3                               @ Abbrev [3] 0x11d:0x6 DW_TAG_enumerator
	.long	.Linfo_string43                 @ DW_AT_name
	.byte	66                              @ DW_AT_const_value
	.byte	3                               @ Abbrev [3] 0x123:0x6 DW_TAG_enumerator
	.long	.Linfo_string44                 @ DW_AT_name
	.byte	67                              @ DW_AT_const_value
	.byte	3                               @ Abbrev [3] 0x129:0x6 DW_TAG_enumerator
	.long	.Linfo_string45                 @ DW_AT_name
	.byte	68                              @ DW_AT_const_value
	.byte	3                               @ Abbrev [3] 0x12f:0x6 DW_TAG_enumerator
	.long	.Linfo_string46                 @ DW_AT_name
	.byte	69                              @ DW_AT_const_value
	.byte	3                               @ Abbrev [3] 0x135:0x6 DW_TAG_enumerator
	.long	.Linfo_string47                 @ DW_AT_name
	.byte	70                              @ DW_AT_const_value
	.byte	3                               @ Abbrev [3] 0x13b:0x6 DW_TAG_enumerator
	.long	.Linfo_string48                 @ DW_AT_name
	.byte	71                              @ DW_AT_const_value
	.byte	3                               @ Abbrev [3] 0x141:0x6 DW_TAG_enumerator
	.long	.Linfo_string49                 @ DW_AT_name
	.byte	72                              @ DW_AT_const_value
	.byte	3                               @ Abbrev [3] 0x147:0x6 DW_TAG_enumerator
	.long	.Linfo_string50                 @ DW_AT_name
	.byte	73                              @ DW_AT_const_value
	.byte	3                               @ Abbrev [3] 0x14d:0x6 DW_TAG_enumerator
	.long	.Linfo_string51                 @ DW_AT_name
	.byte	74                              @ DW_AT_const_value
	.byte	3                               @ Abbrev [3] 0x153:0x6 DW_TAG_enumerator
	.long	.Linfo_string52                 @ DW_AT_name
	.byte	75                              @ DW_AT_const_value
	.byte	3                               @ Abbrev [3] 0x159:0x6 DW_TAG_enumerator
	.long	.Linfo_string53                 @ DW_AT_name
	.byte	76                              @ DW_AT_const_value
	.byte	3                               @ Abbrev [3] 0x15f:0x6 DW_TAG_enumerator
	.long	.Linfo_string54                 @ DW_AT_name
	.byte	80                              @ DW_AT_const_value
	.byte	3                               @ Abbrev [3] 0x165:0x6 DW_TAG_enumerator
	.long	.Linfo_string55                 @ DW_AT_name
	.byte	81                              @ DW_AT_const_value
	.byte	3                               @ Abbrev [3] 0x16b:0x6 DW_TAG_enumerator
	.long	.Linfo_string56                 @ DW_AT_name
	.byte	82                              @ DW_AT_const_value
	.byte	3                               @ Abbrev [3] 0x171:0x6 DW_TAG_enumerator
	.long	.Linfo_string57                 @ DW_AT_name
	.byte	83                              @ DW_AT_const_value
	.byte	3                               @ Abbrev [3] 0x177:0x6 DW_TAG_enumerator
	.long	.Linfo_string58                 @ DW_AT_name
	.byte	84                              @ DW_AT_const_value
	.byte	3                               @ Abbrev [3] 0x17d:0x6 DW_TAG_enumerator
	.long	.Linfo_string59                 @ DW_AT_name
	.byte	85                              @ DW_AT_const_value
	.byte	3                               @ Abbrev [3] 0x183:0x6 DW_TAG_enumerator
	.long	.Linfo_string60                 @ DW_AT_name
	.byte	86                              @ DW_AT_const_value
	.byte	3                               @ Abbrev [3] 0x189:0x6 DW_TAG_enumerator
	.long	.Linfo_string61                 @ DW_AT_name
	.byte	97                              @ DW_AT_const_value
	.byte	3                               @ Abbrev [3] 0x18f:0x6 DW_TAG_enumerator
	.long	.Linfo_string62                 @ DW_AT_name
	.byte	98                              @ DW_AT_const_value
	.byte	3                               @ Abbrev [3] 0x195:0x6 DW_TAG_enumerator
	.long	.Linfo_string63                 @ DW_AT_name
	.byte	99                              @ DW_AT_const_value
	.byte	3                               @ Abbrev [3] 0x19b:0x6 DW_TAG_enumerator
	.long	.Linfo_string64                 @ DW_AT_name
	.byte	100                             @ DW_AT_const_value
	.byte	3                               @ Abbrev [3] 0x1a1:0x6 DW_TAG_enumerator
	.long	.Linfo_string65                 @ DW_AT_name
	.byte	101                             @ DW_AT_const_value
	.byte	3                               @ Abbrev [3] 0x1a7:0x6 DW_TAG_enumerator
	.long	.Linfo_string66                 @ DW_AT_name
	.byte	102                             @ DW_AT_const_value
	.byte	3                               @ Abbrev [3] 0x1ad:0x6 DW_TAG_enumerator
	.long	.Linfo_string67                 @ DW_AT_name
	.byte	103                             @ DW_AT_const_value
	.byte	3                               @ Abbrev [3] 0x1b3:0x6 DW_TAG_enumerator
	.long	.Linfo_string68                 @ DW_AT_name
	.byte	104                             @ DW_AT_const_value
	.byte	3                               @ Abbrev [3] 0x1b9:0x6 DW_TAG_enumerator
	.long	.Linfo_string69                 @ DW_AT_name
	.byte	105                             @ DW_AT_const_value
	.byte	3                               @ Abbrev [3] 0x1bf:0x6 DW_TAG_enumerator
	.long	.Linfo_string70                 @ DW_AT_name
	.byte	106                             @ DW_AT_const_value
	.byte	3                               @ Abbrev [3] 0x1c5:0x6 DW_TAG_enumerator
	.long	.Linfo_string71                 @ DW_AT_name
	.byte	107                             @ DW_AT_const_value
	.byte	3                               @ Abbrev [3] 0x1cb:0x6 DW_TAG_enumerator
	.long	.Linfo_string72                 @ DW_AT_name
	.byte	108                             @ DW_AT_const_value
	.byte	3                               @ Abbrev [3] 0x1d1:0x6 DW_TAG_enumerator
	.long	.Linfo_string73                 @ DW_AT_name
	.byte	109                             @ DW_AT_const_value
	.byte	3                               @ Abbrev [3] 0x1d7:0x6 DW_TAG_enumerator
	.long	.Linfo_string74                 @ DW_AT_name
	.byte	110                             @ DW_AT_const_value
	.byte	3                               @ Abbrev [3] 0x1dd:0x6 DW_TAG_enumerator
	.long	.Linfo_string75                 @ DW_AT_name
	.byte	111                             @ DW_AT_const_value
	.byte	3                               @ Abbrev [3] 0x1e3:0x6 DW_TAG_enumerator
	.long	.Linfo_string76                 @ DW_AT_name
	.byte	113                             @ DW_AT_const_value
	.byte	3                               @ Abbrev [3] 0x1e9:0x6 DW_TAG_enumerator
	.long	.Linfo_string77                 @ DW_AT_name
	.byte	114                             @ DW_AT_const_value
	.byte	3                               @ Abbrev [3] 0x1ef:0x6 DW_TAG_enumerator
	.long	.Linfo_string78                 @ DW_AT_name
	.byte	115                             @ DW_AT_const_value
	.byte	3                               @ Abbrev [3] 0x1f5:0x6 DW_TAG_enumerator
	.long	.Linfo_string79                 @ DW_AT_name
	.byte	116                             @ DW_AT_const_value
	.byte	3                               @ Abbrev [3] 0x1fb:0x6 DW_TAG_enumerator
	.long	.Linfo_string80                 @ DW_AT_name
	.byte	117                             @ DW_AT_const_value
	.byte	3                               @ Abbrev [3] 0x201:0x6 DW_TAG_enumerator
	.long	.Linfo_string81                 @ DW_AT_name
	.byte	118                             @ DW_AT_const_value
	.byte	3                               @ Abbrev [3] 0x207:0x6 DW_TAG_enumerator
	.long	.Linfo_string82                 @ DW_AT_name
	.byte	119                             @ DW_AT_const_value
	.byte	3                               @ Abbrev [3] 0x20d:0x6 DW_TAG_enumerator
	.long	.Linfo_string83                 @ DW_AT_name
	.byte	120                             @ DW_AT_const_value
	.byte	3                               @ Abbrev [3] 0x213:0x6 DW_TAG_enumerator
	.long	.Linfo_string84                 @ DW_AT_name
	.byte	121                             @ DW_AT_const_value
	.byte	3                               @ Abbrev [3] 0x219:0x6 DW_TAG_enumerator
	.long	.Linfo_string85                 @ DW_AT_name
	.byte	122                             @ DW_AT_const_value
	.byte	3                               @ Abbrev [3] 0x21f:0x6 DW_TAG_enumerator
	.long	.Linfo_string86                 @ DW_AT_name
	.byte	123                             @ DW_AT_const_value
	.byte	3                               @ Abbrev [3] 0x225:0x6 DW_TAG_enumerator
	.long	.Linfo_string87                 @ DW_AT_name
	.byte	124                             @ DW_AT_const_value
	.byte	3                               @ Abbrev [3] 0x22b:0x6 DW_TAG_enumerator
	.long	.Linfo_string88                 @ DW_AT_name
	.byte	125                             @ DW_AT_const_value
	.byte	3                               @ Abbrev [3] 0x231:0x7 DW_TAG_enumerator
	.long	.Linfo_string89                 @ DW_AT_name
	.ascii	"\200\001"                      @ DW_AT_const_value
	.byte	3                               @ Abbrev [3] 0x238:0x7 DW_TAG_enumerator
	.long	.Linfo_string90                 @ DW_AT_name
	.ascii	"\201\001"                      @ DW_AT_const_value
	.byte	3                               @ Abbrev [3] 0x23f:0x7 DW_TAG_enumerator
	.long	.Linfo_string91                 @ DW_AT_name
	.ascii	"\202\001"                      @ DW_AT_const_value
	.byte	3                               @ Abbrev [3] 0x246:0x7 DW_TAG_enumerator
	.long	.Linfo_string92                 @ DW_AT_name
	.ascii	"\203\001"                      @ DW_AT_const_value
	.byte	3                               @ Abbrev [3] 0x24d:0x7 DW_TAG_enumerator
	.long	.Linfo_string93                 @ DW_AT_name
	.ascii	"\204\001"                      @ DW_AT_const_value
	.byte	3                               @ Abbrev [3] 0x254:0x7 DW_TAG_enumerator
	.long	.Linfo_string94                 @ DW_AT_name
	.ascii	"\205\001"                      @ DW_AT_const_value
	.byte	3                               @ Abbrev [3] 0x25b:0x7 DW_TAG_enumerator
	.long	.Linfo_string95                 @ DW_AT_name
	.ascii	"\206\001"                      @ DW_AT_const_value
	.byte	3                               @ Abbrev [3] 0x262:0x7 DW_TAG_enumerator
	.long	.Linfo_string96                 @ DW_AT_name
	.ascii	"\207\001"                      @ DW_AT_const_value
	.byte	3                               @ Abbrev [3] 0x269:0x7 DW_TAG_enumerator
	.long	.Linfo_string97                 @ DW_AT_name
	.ascii	"\210\001"                      @ DW_AT_const_value
	.byte	3                               @ Abbrev [3] 0x270:0x7 DW_TAG_enumerator
	.long	.Linfo_string98                 @ DW_AT_name
	.ascii	"\211\001"                      @ DW_AT_const_value
	.byte	3                               @ Abbrev [3] 0x277:0x7 DW_TAG_enumerator
	.long	.Linfo_string99                 @ DW_AT_name
	.ascii	"\212\001"                      @ DW_AT_const_value
	.byte	3                               @ Abbrev [3] 0x27e:0x7 DW_TAG_enumerator
	.long	.Linfo_string100                @ DW_AT_name
	.ascii	"\213\001"                      @ DW_AT_const_value
	.byte	3                               @ Abbrev [3] 0x285:0x7 DW_TAG_enumerator
	.long	.Linfo_string101                @ DW_AT_name
	.ascii	"\214\001"                      @ DW_AT_const_value
	.byte	3                               @ Abbrev [3] 0x28c:0x7 DW_TAG_enumerator
	.long	.Linfo_string102                @ DW_AT_name
	.ascii	"\215\001"                      @ DW_AT_const_value
	.byte	3                               @ Abbrev [3] 0x293:0x7 DW_TAG_enumerator
	.long	.Linfo_string103                @ DW_AT_name
	.ascii	"\216\001"                      @ DW_AT_const_value
	.byte	3                               @ Abbrev [3] 0x29a:0x7 DW_TAG_enumerator
	.long	.Linfo_string104                @ DW_AT_name
	.ascii	"\217\001"                      @ DW_AT_const_value
	.byte	3                               @ Abbrev [3] 0x2a1:0x7 DW_TAG_enumerator
	.long	.Linfo_string105                @ DW_AT_name
	.ascii	"\375\001"                      @ DW_AT_const_value
	.byte	3                               @ Abbrev [3] 0x2a8:0x7 DW_TAG_enumerator
	.long	.Linfo_string106                @ DW_AT_name
	.ascii	"\376\001"                      @ DW_AT_const_value
	.byte	3                               @ Abbrev [3] 0x2af:0x7 DW_TAG_enumerator
	.long	.Linfo_string107                @ DW_AT_name
	.ascii	"\377\001"                      @ DW_AT_const_value
	.byte	3                               @ Abbrev [3] 0x2b6:0x7 DW_TAG_enumerator
	.long	.Linfo_string108                @ DW_AT_name
	.ascii	"\221\001"                      @ DW_AT_const_value
	.byte	3                               @ Abbrev [3] 0x2bd:0x7 DW_TAG_enumerator
	.long	.Linfo_string109                @ DW_AT_name
	.ascii	"\222\001"                      @ DW_AT_const_value
	.byte	3                               @ Abbrev [3] 0x2c4:0x7 DW_TAG_enumerator
	.long	.Linfo_string110                @ DW_AT_name
	.ascii	"\223\001"                      @ DW_AT_const_value
	.byte	3                               @ Abbrev [3] 0x2cb:0x7 DW_TAG_enumerator
	.long	.Linfo_string111                @ DW_AT_name
	.ascii	"\224\001"                      @ DW_AT_const_value
	.byte	3                               @ Abbrev [3] 0x2d2:0x7 DW_TAG_enumerator
	.long	.Linfo_string112                @ DW_AT_name
	.ascii	"\225\001"                      @ DW_AT_const_value
	.byte	3                               @ Abbrev [3] 0x2d9:0x7 DW_TAG_enumerator
	.long	.Linfo_string113                @ DW_AT_name
	.ascii	"\226\001"                      @ DW_AT_const_value
	.byte	3                               @ Abbrev [3] 0x2e0:0x7 DW_TAG_enumerator
	.long	.Linfo_string114                @ DW_AT_name
	.ascii	"\227\001"                      @ DW_AT_const_value
	.byte	3                               @ Abbrev [3] 0x2e7:0x7 DW_TAG_enumerator
	.long	.Linfo_string115                @ DW_AT_name
	.ascii	"\230\001"                      @ DW_AT_const_value
	.byte	3                               @ Abbrev [3] 0x2ee:0x7 DW_TAG_enumerator
	.long	.Linfo_string116                @ DW_AT_name
	.ascii	"\231\001"                      @ DW_AT_const_value
	.byte	3                               @ Abbrev [3] 0x2f5:0x7 DW_TAG_enumerator
	.long	.Linfo_string117                @ DW_AT_name
	.ascii	"\232\001"                      @ DW_AT_const_value
	.byte	3                               @ Abbrev [3] 0x2fc:0x7 DW_TAG_enumerator
	.long	.Linfo_string118                @ DW_AT_name
	.ascii	"\233\001"                      @ DW_AT_const_value
	.byte	3                               @ Abbrev [3] 0x303:0x7 DW_TAG_enumerator
	.long	.Linfo_string119                @ DW_AT_name
	.ascii	"\234\001"                      @ DW_AT_const_value
	.byte	3                               @ Abbrev [3] 0x30a:0x7 DW_TAG_enumerator
	.long	.Linfo_string120                @ DW_AT_name
	.ascii	"\235\001"                      @ DW_AT_const_value
	.byte	3                               @ Abbrev [3] 0x311:0x7 DW_TAG_enumerator
	.long	.Linfo_string121                @ DW_AT_name
	.ascii	"\236\001"                      @ DW_AT_const_value
	.byte	3                               @ Abbrev [3] 0x318:0x7 DW_TAG_enumerator
	.long	.Linfo_string122                @ DW_AT_name
	.ascii	"\237\001"                      @ DW_AT_const_value
	.byte	3                               @ Abbrev [3] 0x31f:0x7 DW_TAG_enumerator
	.long	.Linfo_string123                @ DW_AT_name
	.ascii	"\240\001"                      @ DW_AT_const_value
	.byte	3                               @ Abbrev [3] 0x326:0x7 DW_TAG_enumerator
	.long	.Linfo_string124                @ DW_AT_name
	.ascii	"\241\001"                      @ DW_AT_const_value
	.byte	3                               @ Abbrev [3] 0x32d:0x7 DW_TAG_enumerator
	.long	.Linfo_string125                @ DW_AT_name
	.ascii	"\242\001"                      @ DW_AT_const_value
	.byte	3                               @ Abbrev [3] 0x334:0x7 DW_TAG_enumerator
	.long	.Linfo_string126                @ DW_AT_name
	.ascii	"\243\001"                      @ DW_AT_const_value
	.byte	3                               @ Abbrev [3] 0x33b:0x7 DW_TAG_enumerator
	.long	.Linfo_string127                @ DW_AT_name
	.ascii	"\244\001"                      @ DW_AT_const_value
	.byte	3                               @ Abbrev [3] 0x342:0x7 DW_TAG_enumerator
	.long	.Linfo_string128                @ DW_AT_name
	.ascii	"\245\001"                      @ DW_AT_const_value
	.byte	3                               @ Abbrev [3] 0x349:0x7 DW_TAG_enumerator
	.long	.Linfo_string129                @ DW_AT_name
	.ascii	"\246\001"                      @ DW_AT_const_value
	.byte	3                               @ Abbrev [3] 0x350:0x7 DW_TAG_enumerator
	.long	.Linfo_string130                @ DW_AT_name
	.ascii	"\247\001"                      @ DW_AT_const_value
	.byte	3                               @ Abbrev [3] 0x357:0x7 DW_TAG_enumerator
	.long	.Linfo_string131                @ DW_AT_name
	.ascii	"\250\001"                      @ DW_AT_const_value
	.byte	3                               @ Abbrev [3] 0x35e:0x7 DW_TAG_enumerator
	.long	.Linfo_string132                @ DW_AT_name
	.ascii	"\251\001"                      @ DW_AT_const_value
	.byte	3                               @ Abbrev [3] 0x365:0x7 DW_TAG_enumerator
	.long	.Linfo_string133                @ DW_AT_name
	.ascii	"\252\001"                      @ DW_AT_const_value
	.byte	3                               @ Abbrev [3] 0x36c:0x7 DW_TAG_enumerator
	.long	.Linfo_string134                @ DW_AT_name
	.ascii	"\253\001"                      @ DW_AT_const_value
	.byte	3                               @ Abbrev [3] 0x373:0x7 DW_TAG_enumerator
	.long	.Linfo_string135                @ DW_AT_name
	.ascii	"\254\001"                      @ DW_AT_const_value
	.byte	3                               @ Abbrev [3] 0x37a:0x7 DW_TAG_enumerator
	.long	.Linfo_string136                @ DW_AT_name
	.ascii	"\255\001"                      @ DW_AT_const_value
	.byte	3                               @ Abbrev [3] 0x381:0x7 DW_TAG_enumerator
	.long	.Linfo_string137                @ DW_AT_name
	.ascii	"\256\001"                      @ DW_AT_const_value
	.byte	3                               @ Abbrev [3] 0x388:0x7 DW_TAG_enumerator
	.long	.Linfo_string138                @ DW_AT_name
	.ascii	"\257\001"                      @ DW_AT_const_value
	.byte	3                               @ Abbrev [3] 0x38f:0x7 DW_TAG_enumerator
	.long	.Linfo_string139                @ DW_AT_name
	.ascii	"\260\001"                      @ DW_AT_const_value
	.byte	3                               @ Abbrev [3] 0x396:0x7 DW_TAG_enumerator
	.long	.Linfo_string140                @ DW_AT_name
	.ascii	"\261\001"                      @ DW_AT_const_value
	.byte	3                               @ Abbrev [3] 0x39d:0x7 DW_TAG_enumerator
	.long	.Linfo_string141                @ DW_AT_name
	.ascii	"\262\001"                      @ DW_AT_const_value
	.byte	3                               @ Abbrev [3] 0x3a4:0x7 DW_TAG_enumerator
	.long	.Linfo_string142                @ DW_AT_name
	.ascii	"\263\001"                      @ DW_AT_const_value
	.byte	3                               @ Abbrev [3] 0x3ab:0x7 DW_TAG_enumerator
	.long	.Linfo_string143                @ DW_AT_name
	.ascii	"\264\001"                      @ DW_AT_const_value
	.byte	3                               @ Abbrev [3] 0x3b2:0x7 DW_TAG_enumerator
	.long	.Linfo_string144                @ DW_AT_name
	.ascii	"\265\001"                      @ DW_AT_const_value
	.byte	3                               @ Abbrev [3] 0x3b9:0x7 DW_TAG_enumerator
	.long	.Linfo_string145                @ DW_AT_name
	.ascii	"\266\001"                      @ DW_AT_const_value
	.byte	3                               @ Abbrev [3] 0x3c0:0x7 DW_TAG_enumerator
	.long	.Linfo_string146                @ DW_AT_name
	.ascii	"\267\001"                      @ DW_AT_const_value
	.byte	3                               @ Abbrev [3] 0x3c7:0x7 DW_TAG_enumerator
	.long	.Linfo_string147                @ DW_AT_name
	.ascii	"\270\001"                      @ DW_AT_const_value
	.byte	3                               @ Abbrev [3] 0x3ce:0x7 DW_TAG_enumerator
	.long	.Linfo_string148                @ DW_AT_name
	.ascii	"\271\001"                      @ DW_AT_const_value
	.byte	3                               @ Abbrev [3] 0x3d5:0x7 DW_TAG_enumerator
	.long	.Linfo_string149                @ DW_AT_name
	.ascii	"\272\001"                      @ DW_AT_const_value
	.byte	3                               @ Abbrev [3] 0x3dc:0x7 DW_TAG_enumerator
	.long	.Linfo_string150                @ DW_AT_name
	.ascii	"\274\001"                      @ DW_AT_const_value
	.byte	3                               @ Abbrev [3] 0x3e3:0x7 DW_TAG_enumerator
	.long	.Linfo_string151                @ DW_AT_name
	.ascii	"\275\001"                      @ DW_AT_const_value
	.byte	3                               @ Abbrev [3] 0x3ea:0x7 DW_TAG_enumerator
	.long	.Linfo_string152                @ DW_AT_name
	.ascii	"\276\001"                      @ DW_AT_const_value
	.byte	3                               @ Abbrev [3] 0x3f1:0x7 DW_TAG_enumerator
	.long	.Linfo_string153                @ DW_AT_name
	.ascii	"\277\001"                      @ DW_AT_const_value
	.byte	3                               @ Abbrev [3] 0x3f8:0x7 DW_TAG_enumerator
	.long	.Linfo_string154                @ DW_AT_name
	.ascii	"\300\001"                      @ DW_AT_const_value
	.byte	3                               @ Abbrev [3] 0x3ff:0x7 DW_TAG_enumerator
	.long	.Linfo_string155                @ DW_AT_name
	.ascii	"\302\001"                      @ DW_AT_const_value
	.byte	3                               @ Abbrev [3] 0x406:0x7 DW_TAG_enumerator
	.long	.Linfo_string156                @ DW_AT_name
	.ascii	"\304\001"                      @ DW_AT_const_value
	.byte	3                               @ Abbrev [3] 0x40d:0x7 DW_TAG_enumerator
	.long	.Linfo_string157                @ DW_AT_name
	.ascii	"\305\001"                      @ DW_AT_const_value
	.byte	3                               @ Abbrev [3] 0x414:0x7 DW_TAG_enumerator
	.long	.Linfo_string158                @ DW_AT_name
	.ascii	"\306\001"                      @ DW_AT_const_value
	.byte	3                               @ Abbrev [3] 0x41b:0x7 DW_TAG_enumerator
	.long	.Linfo_string159                @ DW_AT_name
	.ascii	"\307\001"                      @ DW_AT_const_value
	.byte	3                               @ Abbrev [3] 0x422:0x7 DW_TAG_enumerator
	.long	.Linfo_string160                @ DW_AT_name
	.ascii	"\310\001"                      @ DW_AT_const_value
	.byte	3                               @ Abbrev [3] 0x429:0x7 DW_TAG_enumerator
	.long	.Linfo_string161                @ DW_AT_name
	.ascii	"\312\001"                      @ DW_AT_const_value
	.byte	3                               @ Abbrev [3] 0x430:0x7 DW_TAG_enumerator
	.long	.Linfo_string162                @ DW_AT_name
	.ascii	"\313\001"                      @ DW_AT_const_value
	.byte	3                               @ Abbrev [3] 0x437:0x7 DW_TAG_enumerator
	.long	.Linfo_string163                @ DW_AT_name
	.ascii	"\314\001"                      @ DW_AT_const_value
	.byte	3                               @ Abbrev [3] 0x43e:0x7 DW_TAG_enumerator
	.long	.Linfo_string164                @ DW_AT_name
	.ascii	"\315\001"                      @ DW_AT_const_value
	.byte	3                               @ Abbrev [3] 0x445:0x7 DW_TAG_enumerator
	.long	.Linfo_string165                @ DW_AT_name
	.ascii	"\316\001"                      @ DW_AT_const_value
	.byte	0                               @ End Of Children Mark
	.byte	4                               @ Abbrev [4] 0x44d:0x7 DW_TAG_base_type
	.long	.Linfo_string3                  @ DW_AT_name
	.byte	8                               @ DW_AT_encoding
	.byte	1                               @ DW_AT_byte_size
	.byte	5                               @ Abbrev [5] 0x454:0x4c DW_TAG_subprogram
	.long	.Lfunc_begin0                   @ DW_AT_low_pc
	.long	.Lfunc_end0-.Lfunc_begin0       @ DW_AT_high_pc
	.byte	1                               @ DW_AT_frame_base
	.byte	93
                                        @ DW_AT_GNU_all_call_sites
	.long	.Linfo_string167                @ DW_AT_name
	.byte	2                               @ DW_AT_decl_file
	.byte	54                              @ DW_AT_decl_line
                                        @ DW_AT_prototyped
	.long	1184                            @ DW_AT_type
                                        @ DW_AT_external
	.byte	6                               @ Abbrev [6] 0x469:0xf DW_TAG_formal_parameter
	.long	.Ldebug_loc0                    @ DW_AT_location
	.long	.Linfo_string169                @ DW_AT_name
	.byte	2                               @ DW_AT_decl_file
	.byte	54                              @ DW_AT_decl_line
	.long	1195                            @ DW_AT_type
	.byte	7                               @ Abbrev [7] 0x478:0xd DW_TAG_formal_parameter
	.byte	1                               @ DW_AT_location
	.byte	81
	.long	.Linfo_string172                @ DW_AT_name
	.byte	2                               @ DW_AT_decl_file
	.byte	54                              @ DW_AT_decl_line
	.long	1195                            @ DW_AT_type
	.byte	7                               @ Abbrev [7] 0x485:0xd DW_TAG_formal_parameter
	.byte	1                               @ DW_AT_location
	.byte	82
	.long	.Linfo_string173                @ DW_AT_name
	.byte	2                               @ DW_AT_decl_file
	.byte	54                              @ DW_AT_decl_line
	.long	1195                            @ DW_AT_type
	.byte	7                               @ Abbrev [7] 0x492:0xd DW_TAG_formal_parameter
	.byte	1                               @ DW_AT_location
	.byte	83
	.long	.Linfo_string174                @ DW_AT_name
	.byte	2                               @ DW_AT_decl_file
	.byte	54                              @ DW_AT_decl_line
	.long	1213                            @ DW_AT_type
	.byte	0                               @ End Of Children Mark
	.byte	8                               @ Abbrev [8] 0x4a0:0xb DW_TAG_typedef
	.long	1101                            @ DW_AT_type
	.long	.Linfo_string168                @ DW_AT_name
	.byte	3                               @ DW_AT_decl_file
	.byte	62                              @ DW_AT_decl_line
	.byte	8                               @ Abbrev [8] 0x4ab:0xb DW_TAG_typedef
	.long	1206                            @ DW_AT_type
	.long	.Linfo_string171                @ DW_AT_name
	.byte	3                               @ DW_AT_decl_file
	.byte	63                              @ DW_AT_decl_line
	.byte	4                               @ Abbrev [4] 0x4b6:0x7 DW_TAG_base_type
	.long	.Linfo_string170                @ DW_AT_name
	.byte	7                               @ DW_AT_encoding
	.byte	2                               @ DW_AT_byte_size
	.byte	9                               @ Abbrev [9] 0x4bd:0x5 DW_TAG_pointer_type
	.long	1184                            @ DW_AT_type
	.byte	0                               @ End Of Children Mark
.Ldebug_info_end0:
	.section	.debug_str,"MS",%progbits,1
.Linfo_string0:
	.asciz	"Component: Arm Compiler for Embedded 6.23 Tool: armclang [5f103000]" @ string offset=0
.Linfo_string1:
	.asciz	"../../../../../sdk/app_modules/src/app_custs\\app_customs_common.c" @ string offset=68
.Linfo_string2:
	.asciz	"C:\\Users\\teodor\\Desktop\\stem\\codeless\\6.0.24.1464\\projects\\target_apps\\ble_examples\\empty_peripheral_template\\Keil_5" @ string offset=134
.Linfo_string3:
	.asciz	"unsigned char"                 @ string offset=251
.Linfo_string4:
	.asciz	"GAP_ERR_NO_ERROR"              @ string offset=265
.Linfo_string5:
	.asciz	"ATT_ERR_NO_ERROR"              @ string offset=282
.Linfo_string6:
	.asciz	"ATT_ERR_INVALID_HANDLE"        @ string offset=299
.Linfo_string7:
	.asciz	"ATT_ERR_READ_NOT_PERMITTED"    @ string offset=322
.Linfo_string8:
	.asciz	"ATT_ERR_WRITE_NOT_PERMITTED"   @ string offset=349
.Linfo_string9:
	.asciz	"ATT_ERR_INVALID_PDU"           @ string offset=377
.Linfo_string10:
	.asciz	"ATT_ERR_INSUFF_AUTHEN"         @ string offset=397
.Linfo_string11:
	.asciz	"ATT_ERR_REQUEST_NOT_SUPPORTED" @ string offset=419
.Linfo_string12:
	.asciz	"ATT_ERR_INVALID_OFFSET"        @ string offset=449
.Linfo_string13:
	.asciz	"ATT_ERR_INSUFF_AUTHOR"         @ string offset=472
.Linfo_string14:
	.asciz	"ATT_ERR_PREPARE_QUEUE_FULL"    @ string offset=494
.Linfo_string15:
	.asciz	"ATT_ERR_ATTRIBUTE_NOT_FOUND"   @ string offset=521
.Linfo_string16:
	.asciz	"ATT_ERR_ATTRIBUTE_NOT_LONG"    @ string offset=549
.Linfo_string17:
	.asciz	"ATT_ERR_SHORT_ENC_KEY_SIZE"    @ string offset=576
.Linfo_string18:
	.asciz	"ATT_ERR_INVALID_ATTRIBUTE_VAL_LEN" @ string offset=603
.Linfo_string19:
	.asciz	"ATT_ERR_UNLIKELY_ERR"          @ string offset=637
.Linfo_string20:
	.asciz	"ATT_ERR_INSUFF_ENC"            @ string offset=658
.Linfo_string21:
	.asciz	"ATT_ERR_UNSUPP_GRP_TYPE"       @ string offset=677
.Linfo_string22:
	.asciz	"ATT_ERR_INSUFF_RESOURCE"       @ string offset=701
.Linfo_string23:
	.asciz	"ATT_ERR_APP_ERROR"             @ string offset=725
.Linfo_string24:
	.asciz	"L2C_ERR_CONNECTION_LOST"       @ string offset=743
.Linfo_string25:
	.asciz	"L2C_ERR_INVALID_MTU_EXCEED"    @ string offset=767
.Linfo_string26:
	.asciz	"L2C_ERR_INVALID_MPS_EXCEED"    @ string offset=794
.Linfo_string27:
	.asciz	"L2C_ERR_INVALID_CID"           @ string offset=821
.Linfo_string28:
	.asciz	"L2C_ERR_INVALID_PDU"           @ string offset=841
.Linfo_string29:
	.asciz	"L2C_ERR_NO_RES_AVAIL"          @ string offset=861
.Linfo_string30:
	.asciz	"L2C_ERR_INSUFF_AUTHEN"         @ string offset=882
.Linfo_string31:
	.asciz	"L2C_ERR_INSUFF_AUTHOR"         @ string offset=904
.Linfo_string32:
	.asciz	"L2C_ERR_SHORT_ENC_KEY_SIZE"    @ string offset=926
.Linfo_string33:
	.asciz	"L2C_ERR_INSUFF_ENC"            @ string offset=953
.Linfo_string34:
	.asciz	"L2C_ERR_LEPSM_NOT_SUPP"        @ string offset=972
.Linfo_string35:
	.asciz	"L2C_ERR_INSUFF_CREDIT"         @ string offset=995
.Linfo_string36:
	.asciz	"L2C_ERR_NO_MORE_CREDIT"        @ string offset=1017
.Linfo_string37:
	.asciz	"L2C_ERR_NOT_UNDERSTOOD"        @ string offset=1040
.Linfo_string38:
	.asciz	"L2C_ERR_INVALID_SCID"          @ string offset=1063
.Linfo_string39:
	.asciz	"L2C_ERR_SCID_ALLOCATED"        @ string offset=1084
.Linfo_string40:
	.asciz	"L2C_ERR_UNACCEPTABLE_PARAM"    @ string offset=1107
.Linfo_string41:
	.asciz	"GAP_ERR_INVALID_PARAM"         @ string offset=1134
.Linfo_string42:
	.asciz	"GAP_ERR_PROTOCOL_PROBLEM"      @ string offset=1156
.Linfo_string43:
	.asciz	"GAP_ERR_NOT_SUPPORTED"         @ string offset=1181
.Linfo_string44:
	.asciz	"GAP_ERR_COMMAND_DISALLOWED"    @ string offset=1203
.Linfo_string45:
	.asciz	"GAP_ERR_CANCELED"              @ string offset=1230
.Linfo_string46:
	.asciz	"GAP_ERR_TIMEOUT"               @ string offset=1247
.Linfo_string47:
	.asciz	"GAP_ERR_DISCONNECTED"          @ string offset=1263
.Linfo_string48:
	.asciz	"GAP_ERR_NOT_FOUND"             @ string offset=1284
.Linfo_string49:
	.asciz	"GAP_ERR_REJECTED"              @ string offset=1302
.Linfo_string50:
	.asciz	"GAP_ERR_PRIVACY_CFG_PB"        @ string offset=1319
.Linfo_string51:
	.asciz	"GAP_ERR_ADV_DATA_INVALID"      @ string offset=1342
.Linfo_string52:
	.asciz	"GAP_ERR_INSUFF_RESOURCES"      @ string offset=1367
.Linfo_string53:
	.asciz	"GAP_ERR_UNEXPECTED"            @ string offset=1392
.Linfo_string54:
	.asciz	"GATT_ERR_INVALID_ATT_LEN"      @ string offset=1411
.Linfo_string55:
	.asciz	"GATT_ERR_INVALID_TYPE_IN_SVC_SEARCH" @ string offset=1436
.Linfo_string56:
	.asciz	"GATT_ERR_WRITE"                @ string offset=1472
.Linfo_string57:
	.asciz	"GATT_ERR_SIGNED_WRITE"         @ string offset=1487
.Linfo_string58:
	.asciz	"GATT_ERR_ATTRIBUTE_CLIENT_MISSING" @ string offset=1509
.Linfo_string59:
	.asciz	"GATT_ERR_ATTRIBUTE_SERVER_MISSING" @ string offset=1543
.Linfo_string60:
	.asciz	"GATT_ERR_INVALID_PERM"         @ string offset=1577
.Linfo_string61:
	.asciz	"SMP_ERROR_LOC_PASSKEY_ENTRY_FAILED" @ string offset=1599
.Linfo_string62:
	.asciz	"SMP_ERROR_LOC_OOB_NOT_AVAILABLE" @ string offset=1634
.Linfo_string63:
	.asciz	"SMP_ERROR_LOC_AUTH_REQ"        @ string offset=1666
.Linfo_string64:
	.asciz	"SMP_ERROR_LOC_CONF_VAL_FAILED" @ string offset=1689
.Linfo_string65:
	.asciz	"SMP_ERROR_LOC_PAIRING_NOT_SUPP" @ string offset=1719
.Linfo_string66:
	.asciz	"SMP_ERROR_LOC_ENC_KEY_SIZE"    @ string offset=1750
.Linfo_string67:
	.asciz	"SMP_ERROR_LOC_CMD_NOT_SUPPORTED" @ string offset=1777
.Linfo_string68:
	.asciz	"SMP_ERROR_LOC_UNSPECIFIED_REASON" @ string offset=1809
.Linfo_string69:
	.asciz	"SMP_ERROR_LOC_REPEATED_ATTEMPTS" @ string offset=1842
.Linfo_string70:
	.asciz	"SMP_ERROR_LOC_INVALID_PARAM"   @ string offset=1874
.Linfo_string71:
	.asciz	"SMP_ERROR_LOC_REQ_DISALLOWED"  @ string offset=1902
.Linfo_string72:
	.asciz	"SMP_ERROR_LOC_LL_ERROR"        @ string offset=1931
.Linfo_string73:
	.asciz	"SMP_ERROR_LOC_ADDR_RESOLV_FAIL" @ string offset=1954
.Linfo_string74:
	.asciz	"SMP_ERROR_LOC_SIGN_VERIF_FAIL" @ string offset=1985
.Linfo_string75:
	.asciz	"SMP_ERROR_LOC_TIMEOUT"         @ string offset=2015
.Linfo_string76:
	.asciz	"SMP_ERROR_REM_PASSKEY_ENTRY_FAILED" @ string offset=2037
.Linfo_string77:
	.asciz	"SMP_ERROR_REM_OOB_NOT_AVAILABLE" @ string offset=2072
.Linfo_string78:
	.asciz	"SMP_ERROR_REM_AUTH_REQ"        @ string offset=2104
.Linfo_string79:
	.asciz	"SMP_ERROR_REM_CONF_VAL_FAILED" @ string offset=2127
.Linfo_string80:
	.asciz	"SMP_ERROR_REM_PAIRING_NOT_SUPP" @ string offset=2157
.Linfo_string81:
	.asciz	"SMP_ERROR_REM_ENC_KEY_SIZE"    @ string offset=2188
.Linfo_string82:
	.asciz	"SMP_ERROR_REM_CMD_NOT_SUPPORTED" @ string offset=2215
.Linfo_string83:
	.asciz	"SMP_ERROR_REM_UNSPECIFIED_REASON" @ string offset=2247
.Linfo_string84:
	.asciz	"SMP_ERROR_REM_REPEATED_ATTEMPTS" @ string offset=2280
.Linfo_string85:
	.asciz	"SMP_ERROR_REM_INVALID_PARAM"   @ string offset=2312
.Linfo_string86:
	.asciz	"SMP_ERROR_REM_ENC_KEY_MISSING" @ string offset=2340
.Linfo_string87:
	.asciz	"SMP_ERROR_REM_ENC_NOT_SUPPORTED" @ string offset=2370
.Linfo_string88:
	.asciz	"SMP_ERROR_REM_ENC_TIMEOUT"     @ string offset=2402
.Linfo_string89:
	.asciz	"PRF_APP_ERROR"                 @ string offset=2428
.Linfo_string90:
	.asciz	"PRF_ERR_INVALID_PARAM"         @ string offset=2442
.Linfo_string91:
	.asciz	"PRF_ERR_INEXISTENT_HDL"        @ string offset=2464
.Linfo_string92:
	.asciz	"PRF_ERR_STOP_DISC_CHAR_MISSING" @ string offset=2487
.Linfo_string93:
	.asciz	"PRF_ERR_MULTIPLE_SVC"          @ string offset=2518
.Linfo_string94:
	.asciz	"PRF_ERR_STOP_DISC_WRONG_CHAR_PROP" @ string offset=2539
.Linfo_string95:
	.asciz	"PRF_ERR_MULTIPLE_CHAR"         @ string offset=2573
.Linfo_string96:
	.asciz	"PRF_ERR_NOT_WRITABLE"          @ string offset=2595
.Linfo_string97:
	.asciz	"PRF_ERR_NOT_READABLE"          @ string offset=2616
.Linfo_string98:
	.asciz	"PRF_ERR_REQ_DISALLOWED"        @ string offset=2637
.Linfo_string99:
	.asciz	"PRF_ERR_NTF_DISABLED"          @ string offset=2660
.Linfo_string100:
	.asciz	"PRF_ERR_IND_DISABLED"          @ string offset=2681
.Linfo_string101:
	.asciz	"PRF_ERR_FEATURE_NOT_SUPPORTED" @ string offset=2702
.Linfo_string102:
	.asciz	"PRF_ERR_UNEXPECTED_LEN"        @ string offset=2732
.Linfo_string103:
	.asciz	"PRF_ERR_DISCONNECTED"          @ string offset=2755
.Linfo_string104:
	.asciz	"PRF_ERR_PROC_TIMEOUT"          @ string offset=2776
.Linfo_string105:
	.asciz	"PRF_CCCD_IMPR_CONFIGURED"      @ string offset=2797
.Linfo_string106:
	.asciz	"PRF_PROC_IN_PROGRESS"          @ string offset=2822
.Linfo_string107:
	.asciz	"PRF_OUT_OF_RANGE"              @ string offset=2843
.Linfo_string108:
	.asciz	"LL_ERR_UNKNOWN_HCI_COMMAND"    @ string offset=2860
.Linfo_string109:
	.asciz	"LL_ERR_UNKNOWN_CONNECTION_ID"  @ string offset=2887
.Linfo_string110:
	.asciz	"LL_ERR_HARDWARE_FAILURE"       @ string offset=2916
.Linfo_string111:
	.asciz	"LL_ERR_PAGE_TIMEOUT"           @ string offset=2940
.Linfo_string112:
	.asciz	"LL_ERR_AUTH_FAILURE"           @ string offset=2960
.Linfo_string113:
	.asciz	"LL_ERR_PIN_MISSING"            @ string offset=2980
.Linfo_string114:
	.asciz	"LL_ERR_MEMORY_CAPA_EXCEED"     @ string offset=2999
.Linfo_string115:
	.asciz	"LL_ERR_CON_TIMEOUT"            @ string offset=3025
.Linfo_string116:
	.asciz	"LL_ERR_CON_LIMIT_EXCEED"       @ string offset=3044
.Linfo_string117:
	.asciz	"LL_ERR_SYNC_CON_LIMIT_DEV_EXCEED" @ string offset=3068
.Linfo_string118:
	.asciz	"LL_ERR_ACL_CON_EXISTS"         @ string offset=3101
.Linfo_string119:
	.asciz	"LL_ERR_COMMAND_DISALLOWED"     @ string offset=3123
.Linfo_string120:
	.asciz	"LL_ERR_CONN_REJ_LIMITED_RESOURCES" @ string offset=3149
.Linfo_string121:
	.asciz	"LL_ERR_CONN_REJ_SECURITY_REASONS" @ string offset=3183
.Linfo_string122:
	.asciz	"LL_ERR_CONN_REJ_UNACCEPTABLE_BDADDR" @ string offset=3216
.Linfo_string123:
	.asciz	"LL_ERR_CONN_ACCEPT_TIMEOUT_EXCEED" @ string offset=3252
.Linfo_string124:
	.asciz	"LL_ERR_UNSUPPORTED"            @ string offset=3286
.Linfo_string125:
	.asciz	"LL_ERR_INVALID_HCI_PARAM"      @ string offset=3305
.Linfo_string126:
	.asciz	"LL_ERR_REMOTE_USER_TERM_CON"   @ string offset=3330
.Linfo_string127:
	.asciz	"LL_ERR_REMOTE_DEV_TERM_LOW_RESOURCES" @ string offset=3358
.Linfo_string128:
	.asciz	"LL_ERR_REMOTE_DEV_POWER_OFF"   @ string offset=3395
.Linfo_string129:
	.asciz	"LL_ERR_CON_TERM_BY_LOCAL_HOST" @ string offset=3423
.Linfo_string130:
	.asciz	"LL_ERR_REPEATED_ATTEMPTS"      @ string offset=3453
.Linfo_string131:
	.asciz	"LL_ERR_PAIRING_NOT_ALLOWED"    @ string offset=3478
.Linfo_string132:
	.asciz	"LL_ERR_UNKNOWN_LMP_PDU"        @ string offset=3505
.Linfo_string133:
	.asciz	"LL_ERR_UNSUPPORTED_REMOTE_FEATURE" @ string offset=3528
.Linfo_string134:
	.asciz	"LL_ERR_SCO_OFFSET_REJECTED"    @ string offset=3562
.Linfo_string135:
	.asciz	"LL_ERR_SCO_INTERVAL_REJECTED"  @ string offset=3589
.Linfo_string136:
	.asciz	"LL_ERR_SCO_AIR_MODE_REJECTED"  @ string offset=3618
.Linfo_string137:
	.asciz	"LL_ERR_INVALID_LMP_PARAM"      @ string offset=3647
.Linfo_string138:
	.asciz	"LL_ERR_UNSPECIFIED_ERROR"      @ string offset=3672
.Linfo_string139:
	.asciz	"LL_ERR_UNSUPPORTED_LMP_PARAM_VALUE" @ string offset=3697
.Linfo_string140:
	.asciz	"LL_ERR_ROLE_CHANGE_NOT_ALLOWED" @ string offset=3732
.Linfo_string141:
	.asciz	"LL_ERR_LMP_RSP_TIMEOUT"        @ string offset=3763
.Linfo_string142:
	.asciz	"LL_ERR_LMP_COLLISION"          @ string offset=3786
.Linfo_string143:
	.asciz	"LL_ERR_LMP_PDU_NOT_ALLOWED"    @ string offset=3807
.Linfo_string144:
	.asciz	"LL_ERR_ENC_MODE_NOT_ACCEPT"    @ string offset=3834
.Linfo_string145:
	.asciz	"LL_ERR_LINK_KEY_CANT_CHANGE"   @ string offset=3861
.Linfo_string146:
	.asciz	"LL_ERR_QOS_NOT_SUPPORTED"      @ string offset=3889
.Linfo_string147:
	.asciz	"LL_ERR_INSTANT_PASSED"         @ string offset=3914
.Linfo_string148:
	.asciz	"LL_ERR_PAIRING_WITH_UNIT_KEY_NOT_SUP" @ string offset=3936
.Linfo_string149:
	.asciz	"LL_ERR_DIFF_TRANSACTION_COLLISION" @ string offset=3973
.Linfo_string150:
	.asciz	"LL_ERR_QOS_UNACCEPTABLE_PARAM" @ string offset=4007
.Linfo_string151:
	.asciz	"LL_ERR_QOS_REJECTED"           @ string offset=4037
.Linfo_string152:
	.asciz	"LL_ERR_CHANNEL_CLASS_NOT_SUP"  @ string offset=4057
.Linfo_string153:
	.asciz	"LL_ERR_INSUFFICIENT_SECURITY"  @ string offset=4086
.Linfo_string154:
	.asciz	"LL_ERR_PARAM_OUT_OF_MAND_RANGE" @ string offset=4115
.Linfo_string155:
	.asciz	"LL_ERR_ROLE_SWITCH_PEND"       @ string offset=4146
.Linfo_string156:
	.asciz	"LL_ERR_RESERVED_SLOT_VIOLATION" @ string offset=4170
.Linfo_string157:
	.asciz	"LL_ERR_ROLE_SWITCH_FAIL"       @ string offset=4201
.Linfo_string158:
	.asciz	"LL_ERR_EIR_TOO_LARGE"          @ string offset=4225
.Linfo_string159:
	.asciz	"LL_ERR_SP_NOT_SUPPORTED_HOST"  @ string offset=4246
.Linfo_string160:
	.asciz	"LL_ERR_HOST_BUSY_PAIRING"      @ string offset=4275
.Linfo_string161:
	.asciz	"LL_ERR_CONTROLLER_BUSY"        @ string offset=4300
.Linfo_string162:
	.asciz	"LL_ERR_UNACCEPTABLE_CONN_INT"  @ string offset=4323
.Linfo_string163:
	.asciz	"LL_ERR_DIRECT_ADV_TO"          @ string offset=4352
.Linfo_string164:
	.asciz	"LL_ERR_TERMINATED_MIC_FAILURE" @ string offset=4373
.Linfo_string165:
	.asciz	"LL_ERR_CONN_FAILED_TO_BE_EST"  @ string offset=4403
.Linfo_string166:
	.asciz	"hl_err"                        @ string offset=4432
.Linfo_string167:
	.asciz	"app_custs1_val_wr_validate"    @ string offset=4439
.Linfo_string168:
	.asciz	"uint8_t"                       @ string offset=4466
.Linfo_string169:
	.asciz	"att_idx"                       @ string offset=4474
.Linfo_string170:
	.asciz	"unsigned short"                @ string offset=4482
.Linfo_string171:
	.asciz	"uint16_t"                      @ string offset=4497
.Linfo_string172:
	.asciz	"offset"                        @ string offset=4506
.Linfo_string173:
	.asciz	"len"                           @ string offset=4513
.Linfo_string174:
	.asciz	"value"                         @ string offset=4517
	.ident	"Component: Arm Compiler for Embedded 6.23 Tool: armclang [5f103000]"
	.section	".note.GNU-stack","",%progbits
	.eabi_attribute	30, 4	@ Tag_ABI_optimization_goals
	.ARM_attribute	16, 1	@ Tag_AV_eba
	.section	.debug_line,"",%progbits
.Lline_table_start0:
