	.text
	.syntax unified
	.eabi_attribute	67, "2.09"	@ Tag_conformance
	.cpu	cortex-m0plus
	.eabi_attribute	6, 12	@ Tag_CPU_arch
	.eabi_attribute	7, 77	@ Tag_CPU_arch_profile
	.eabi_attribute	8, 0	@ Tag_ARM_ISA_use
	.eabi_attribute	9, 1	@ Tag_THUMB_ISA_use
	.eabi_attribute	34, 0	@ Tag_CPU_unaligned_access
	.eabi_attribute	17, 1	@ Tag_ABI_PCS_GOT_use
	.eabi_attribute	20, 2	@ Tag_ABI_FP_denormal
	.eabi_attribute	21, 0	@ Tag_ABI_FP_exceptions
	.eabi_attribute	23, 1	@ Tag_ABI_FP_number_model
	.eabi_attribute	24, 1	@ Tag_ABI_align_needed
	.eabi_attribute	25, 1	@ Tag_ABI_align_preserved
	.eabi_attribute	38, 1	@ Tag_ABI_FP_16bit_format
	.eabi_attribute	18, 2	@ Tag_ABI_PCS_wchar_t
	.eabi_attribute	26, 1	@ Tag_ABI_enum_size
	.eabi_attribute	14, 0	@ Tag_ABI_PCS_R9_use
	.file	"app_diss.c"
	.file	1 "C:\\Users\\teodor\\Desktop\\stem\\codeless\\6.0.24.1464\\projects\\target_apps\\ble_examples\\empty_peripheral_template\\Keil_5" "./../../../../../sdk/ble_stack/host/gap/gapm\\gapm_task.h"
	.file	2 "C:\\Users\\teodor\\Desktop\\stem\\codeless\\6.0.24.1464\\projects\\target_apps\\ble_examples\\empty_peripheral_template\\Keil_5" "./../../../../../sdk/platform/core_modules/rwip/api\\rwip_config.h"
	.file	3 "C:\\Users\\teodor\\Desktop\\stem\\codeless\\6.0.24.1464\\projects\\target_apps\\ble_examples\\empty_peripheral_template\\Keil_5" "./../../../../../sdk/app_modules/api\\app_prf_perm_types.h"
	.file	4 "C:\\Users\\teodor\\Desktop\\stem\\codeless\\6.0.24.1464\\projects\\target_apps\\ble_examples\\empty_peripheral_template\\Keil_5" "./../../../../../sdk/ble_stack/profiles/dis/diss/api\\diss.h"
	.file	5 "C:\\Users\\teodor" "AppData\\Local\\Keil_v5\\ARM\\ARMCLANG\\bin\\..\\include\\stdint.h"
	.file	6 "C:\\Users\\teodor\\Desktop\\stem\\codeless\\6.0.24.1464\\projects\\target_apps\\ble_examples\\empty_peripheral_template\\Keil_5" "./../../../../../sdk/ble_stack/profiles/dis/diss/api\\diss_task.h"
	.hidden	app_dis_init                    @ -- Begin function app_dis_init
	.globl	app_dis_init
	.p2align	1
	.type	app_dis_init,%function
	.code	16                              @ @app_dis_init
	.thumb_func
app_dis_init:
.Lfunc_begin0:
	.fnstart
	.cfi_sections .debug_frame
	.cfi_startproc
@ %bb.0:
	.file	7 "C:\\Users\\teodor\\Desktop\\stem\\codeless\\6.0.24.1464\\projects\\target_apps\\ble_examples\\empty_peripheral_template\\Keil_5" "../../../../../sdk/app_modules/src/app_diss/app_diss.c"
	.loc	7 46 1 prologue_end             @ ../../../../../sdk/app_modules/src/app_diss/app_diss.c:46:1
	bx	lr
.Ltmp0:
.Lfunc_end0:
	.size	app_dis_init, .Lfunc_end0-app_dis_init
	.cfi_endproc
	.cantunwind
	.fnend
                                        @ -- End function
	.hidden	app_diss_create_db              @ -- Begin function app_diss_create_db
	.globl	app_diss_create_db
	.p2align	2
	.type	app_diss_create_db,%function
	.code	16                              @ @app_diss_create_db
	.thumb_func
app_diss_create_db:
.Lfunc_begin1:
	.loc	7 49 0                          @ ../../../../../sdk/app_modules/src/app_diss/app_diss.c:49:0
	.fnstart
	.cfi_startproc
@ %bb.0:
	.save	{r4, r5, r6, lr}
	push	{r4, r5, r6, lr}
	.cfi_def_cfa_offset 16
	.cfi_offset lr, -4
	.cfi_offset r6, -8
	.cfi_offset r5, -12
	.cfi_offset r4, -16
	ldr	r0, __arm_cp.1_0
	movs	r1, #9
	movs	r4, #4
	movs	r3, #10
.Ltmp1:
	.loc	7 52 45 prologue_end            @ ../../../../../sdk/app_modules/src/app_diss/app_diss.c:52:45
	mov	r2, r4
	bl	ke_msg_alloc
.Ltmp2:
	mov	r5, r0
.Ltmp3:
	@DEBUG_VALUE: app_diss_create_db:db_cfg <- [DW_OP_plus_uconst 8, DW_OP_stack_value] $r5
	@DEBUG_VALUE: app_diss_create_db:req <- $r5
	.loc	7 0 45 is_stmt 0                @ ../../../../../sdk/app_modules/src/app_diss/app_diss.c:0:45
	movs	r0, #27
	.loc	7 59 20 is_stmt 1               @ ../../../../../sdk/app_modules/src/app_diss/app_diss.c:59:20
	strb	r0, [r5]
	movs	r6, #20
	.loc	7 60 20                         @ ../../../../../sdk/app_modules/src/app_diss/app_diss.c:60:20
	mov	r0, r6
	bl	get_user_prf_srv_perm
.Ltmp4:
	.loc	7 0 20 is_stmt 0                @ ../../../../../sdk/app_modules/src/app_diss/app_diss.c:0:20
	movs	r1, #255
	adds	r1, #116
	.loc	7 67 22 is_stmt 1               @ ../../../../../sdk/app_modules/src/app_diss/app_diss.c:67:22
	strh	r1, [r5, #8]
	.loc	7 62 19                         @ ../../../../../sdk/app_modules/src/app_diss/app_diss.c:62:19
	str	r4, [r5, #4]
	.loc	7 61 22                         @ ../../../../../sdk/app_modules/src/app_diss/app_diss.c:61:22
	strh	r6, [r5, #2]
	.loc	7 60 18                         @ ../../../../../sdk/app_modules/src/app_diss/app_diss.c:60:18
	strb	r0, [r5, #1]
	.loc	7 70 5                          @ ../../../../../sdk/app_modules/src/app_diss/app_diss.c:70:5
	mov	r0, r5
	bl	ke_msg_send
.Ltmp5:
	.loc	7 71 1 epilogue_begin           @ ../../../../../sdk/app_modules/src/app_diss/app_diss.c:71:1
	pop	{r4, r5, r6, pc}
.Ltmp6:
	.loc	7 0 1 is_stmt 0                 @ :0:1
.Ltmp7:
	.p2align	2
@ %bb.1:
__arm_cp.1_0:
	.long	3355                            @ 0xd1b
.Lcpi_end0:
	.size	__arm_cp.1_0, .Lcpi_end0-__arm_cp.1_0
.Lfunc_end1:
	.size	app_diss_create_db, .Lfunc_end1-app_diss_create_db
	.cfi_endproc
	.cantunwind
	.fnend
                                        @ -- End function
	.section	.debug_loc,"",%progbits
.Ldebug_loc0:
	.long	.Ltmp3-.Lfunc_begin0
	.long	.Ltmp6-.Lfunc_begin0
	.short	3                               @ Loc expr size
	.byte	117                             @ DW_OP_breg5
	.byte	8                               @ 8
	.byte	159                             @ DW_OP_stack_value
	.long	0
	.long	0
.Ldebug_loc1:
	.long	.Ltmp3-.Lfunc_begin0
	.long	.Ltmp6-.Lfunc_begin0
	.short	1                               @ Loc expr size
	.byte	85                              @ DW_OP_reg5
	.long	0
	.long	0
	.section	.debug_abbrev,"",%progbits
	.byte	1                               @ Abbreviation Code
	.byte	17                              @ DW_TAG_compile_unit
	.byte	1                               @ DW_CHILDREN_yes
	.byte	37                              @ DW_AT_producer
	.byte	14                              @ DW_FORM_strp
	.byte	19                              @ DW_AT_language
	.byte	5                               @ DW_FORM_data2
	.byte	3                               @ DW_AT_name
	.byte	14                              @ DW_FORM_strp
	.byte	16                              @ DW_AT_stmt_list
	.byte	23                              @ DW_FORM_sec_offset
	.byte	27                              @ DW_AT_comp_dir
	.byte	14                              @ DW_FORM_strp
	.byte	17                              @ DW_AT_low_pc
	.byte	1                               @ DW_FORM_addr
	.byte	18                              @ DW_AT_high_pc
	.byte	6                               @ DW_FORM_data4
	.byte	0                               @ EOM(1)
	.byte	0                               @ EOM(2)
	.byte	2                               @ Abbreviation Code
	.byte	4                               @ DW_TAG_enumeration_type
	.byte	1                               @ DW_CHILDREN_yes
	.byte	73                              @ DW_AT_type
	.byte	19                              @ DW_FORM_ref4
	.byte	3                               @ DW_AT_name
	.byte	14                              @ DW_FORM_strp
	.byte	11                              @ DW_AT_byte_size
	.byte	11                              @ DW_FORM_data1
	.byte	58                              @ DW_AT_decl_file
	.byte	11                              @ DW_FORM_data1
	.byte	59                              @ DW_AT_decl_line
	.byte	11                              @ DW_FORM_data1
	.byte	0                               @ EOM(1)
	.byte	0                               @ EOM(2)
	.byte	3                               @ Abbreviation Code
	.byte	40                              @ DW_TAG_enumerator
	.byte	0                               @ DW_CHILDREN_no
	.byte	3                               @ DW_AT_name
	.byte	14                              @ DW_FORM_strp
	.byte	28                              @ DW_AT_const_value
	.byte	15                              @ DW_FORM_udata
	.byte	0                               @ EOM(1)
	.byte	0                               @ EOM(2)
	.byte	4                               @ Abbreviation Code
	.byte	36                              @ DW_TAG_base_type
	.byte	0                               @ DW_CHILDREN_no
	.byte	3                               @ DW_AT_name
	.byte	14                              @ DW_FORM_strp
	.byte	62                              @ DW_AT_encoding
	.byte	11                              @ DW_FORM_data1
	.byte	11                              @ DW_AT_byte_size
	.byte	11                              @ DW_FORM_data1
	.byte	0                               @ EOM(1)
	.byte	0                               @ EOM(2)
	.byte	5                               @ Abbreviation Code
	.byte	4                               @ DW_TAG_enumeration_type
	.byte	1                               @ DW_CHILDREN_yes
	.byte	73                              @ DW_AT_type
	.byte	19                              @ DW_FORM_ref4
	.byte	3                               @ DW_AT_name
	.byte	14                              @ DW_FORM_strp
	.byte	11                              @ DW_AT_byte_size
	.byte	11                              @ DW_FORM_data1
	.byte	58                              @ DW_AT_decl_file
	.byte	11                              @ DW_FORM_data1
	.byte	59                              @ DW_AT_decl_line
	.byte	5                               @ DW_FORM_data2
	.byte	0                               @ EOM(1)
	.byte	0                               @ EOM(2)
	.byte	6                               @ Abbreviation Code
	.byte	15                              @ DW_TAG_pointer_type
	.byte	0                               @ DW_CHILDREN_no
	.byte	73                              @ DW_AT_type
	.byte	19                              @ DW_FORM_ref4
	.byte	0                               @ EOM(1)
	.byte	0                               @ EOM(2)
	.byte	7                               @ Abbreviation Code
	.byte	19                              @ DW_TAG_structure_type
	.byte	1                               @ DW_CHILDREN_yes
	.byte	3                               @ DW_AT_name
	.byte	14                              @ DW_FORM_strp
	.byte	11                              @ DW_AT_byte_size
	.byte	11                              @ DW_FORM_data1
	.byte	58                              @ DW_AT_decl_file
	.byte	11                              @ DW_FORM_data1
	.byte	59                              @ DW_AT_decl_line
	.byte	5                               @ DW_FORM_data2
	.byte	0                               @ EOM(1)
	.byte	0                               @ EOM(2)
	.byte	8                               @ Abbreviation Code
	.byte	13                              @ DW_TAG_member
	.byte	0                               @ DW_CHILDREN_no
	.byte	3                               @ DW_AT_name
	.byte	14                              @ DW_FORM_strp
	.byte	73                              @ DW_AT_type
	.byte	19                              @ DW_FORM_ref4
	.byte	58                              @ DW_AT_decl_file
	.byte	11                              @ DW_FORM_data1
	.byte	59                              @ DW_AT_decl_line
	.byte	5                               @ DW_FORM_data2
	.byte	56                              @ DW_AT_data_member_location
	.byte	11                              @ DW_FORM_data1
	.byte	0                               @ EOM(1)
	.byte	0                               @ EOM(2)
	.byte	9                               @ Abbreviation Code
	.byte	22                              @ DW_TAG_typedef
	.byte	0                               @ DW_CHILDREN_no
	.byte	73                              @ DW_AT_type
	.byte	19                              @ DW_FORM_ref4
	.byte	3                               @ DW_AT_name
	.byte	14                              @ DW_FORM_strp
	.byte	58                              @ DW_AT_decl_file
	.byte	11                              @ DW_FORM_data1
	.byte	59                              @ DW_AT_decl_line
	.byte	11                              @ DW_FORM_data1
	.byte	0                               @ EOM(1)
	.byte	0                               @ EOM(2)
	.byte	10                              @ Abbreviation Code
	.byte	1                               @ DW_TAG_array_type
	.byte	1                               @ DW_CHILDREN_yes
	.byte	73                              @ DW_AT_type
	.byte	19                              @ DW_FORM_ref4
	.byte	0                               @ EOM(1)
	.byte	0                               @ EOM(2)
	.byte	11                              @ Abbreviation Code
	.byte	33                              @ DW_TAG_subrange_type
	.byte	0                               @ DW_CHILDREN_no
	.byte	73                              @ DW_AT_type
	.byte	19                              @ DW_FORM_ref4
	.byte	0                               @ EOM(1)
	.byte	0                               @ EOM(2)
	.byte	12                              @ Abbreviation Code
	.byte	36                              @ DW_TAG_base_type
	.byte	0                               @ DW_CHILDREN_no
	.byte	3                               @ DW_AT_name
	.byte	14                              @ DW_FORM_strp
	.byte	11                              @ DW_AT_byte_size
	.byte	11                              @ DW_FORM_data1
	.byte	62                              @ DW_AT_encoding
	.byte	11                              @ DW_FORM_data1
	.byte	0                               @ EOM(1)
	.byte	0                               @ EOM(2)
	.byte	13                              @ Abbreviation Code
	.byte	19                              @ DW_TAG_structure_type
	.byte	1                               @ DW_CHILDREN_yes
	.byte	3                               @ DW_AT_name
	.byte	14                              @ DW_FORM_strp
	.byte	11                              @ DW_AT_byte_size
	.byte	11                              @ DW_FORM_data1
	.byte	58                              @ DW_AT_decl_file
	.byte	11                              @ DW_FORM_data1
	.byte	59                              @ DW_AT_decl_line
	.byte	11                              @ DW_FORM_data1
	.byte	0                               @ EOM(1)
	.byte	0                               @ EOM(2)
	.byte	14                              @ Abbreviation Code
	.byte	13                              @ DW_TAG_member
	.byte	0                               @ DW_CHILDREN_no
	.byte	3                               @ DW_AT_name
	.byte	14                              @ DW_FORM_strp
	.byte	73                              @ DW_AT_type
	.byte	19                              @ DW_FORM_ref4
	.byte	58                              @ DW_AT_decl_file
	.byte	11                              @ DW_FORM_data1
	.byte	59                              @ DW_AT_decl_line
	.byte	11                              @ DW_FORM_data1
	.byte	56                              @ DW_AT_data_member_location
	.byte	11                              @ DW_FORM_data1
	.byte	0                               @ EOM(1)
	.byte	0                               @ EOM(2)
	.byte	15                              @ Abbreviation Code
	.byte	46                              @ DW_TAG_subprogram
	.byte	0                               @ DW_CHILDREN_no
	.byte	17                              @ DW_AT_low_pc
	.byte	1                               @ DW_FORM_addr
	.byte	18                              @ DW_AT_high_pc
	.byte	6                               @ DW_FORM_data4
	.byte	64                              @ DW_AT_frame_base
	.byte	24                              @ DW_FORM_exprloc
	.ascii	"\227B"                         @ DW_AT_GNU_all_call_sites
	.byte	25                              @ DW_FORM_flag_present
	.byte	3                               @ DW_AT_name
	.byte	14                              @ DW_FORM_strp
	.byte	58                              @ DW_AT_decl_file
	.byte	11                              @ DW_FORM_data1
	.byte	59                              @ DW_AT_decl_line
	.byte	11                              @ DW_FORM_data1
	.byte	39                              @ DW_AT_prototyped
	.byte	25                              @ DW_FORM_flag_present
	.byte	63                              @ DW_AT_external
	.byte	25                              @ DW_FORM_flag_present
	.byte	0                               @ EOM(1)
	.byte	0                               @ EOM(2)
	.byte	16                              @ Abbreviation Code
	.byte	46                              @ DW_TAG_subprogram
	.byte	1                               @ DW_CHILDREN_yes
	.byte	17                              @ DW_AT_low_pc
	.byte	1                               @ DW_FORM_addr
	.byte	18                              @ DW_AT_high_pc
	.byte	6                               @ DW_FORM_data4
	.byte	64                              @ DW_AT_frame_base
	.byte	24                              @ DW_FORM_exprloc
	.ascii	"\227B"                         @ DW_AT_GNU_all_call_sites
	.byte	25                              @ DW_FORM_flag_present
	.byte	3                               @ DW_AT_name
	.byte	14                              @ DW_FORM_strp
	.byte	58                              @ DW_AT_decl_file
	.byte	11                              @ DW_FORM_data1
	.byte	59                              @ DW_AT_decl_line
	.byte	11                              @ DW_FORM_data1
	.byte	39                              @ DW_AT_prototyped
	.byte	25                              @ DW_FORM_flag_present
	.byte	63                              @ DW_AT_external
	.byte	25                              @ DW_FORM_flag_present
	.byte	0                               @ EOM(1)
	.byte	0                               @ EOM(2)
	.byte	17                              @ Abbreviation Code
	.byte	52                              @ DW_TAG_variable
	.byte	0                               @ DW_CHILDREN_no
	.byte	2                               @ DW_AT_location
	.byte	23                              @ DW_FORM_sec_offset
	.byte	3                               @ DW_AT_name
	.byte	14                              @ DW_FORM_strp
	.byte	58                              @ DW_AT_decl_file
	.byte	11                              @ DW_FORM_data1
	.byte	59                              @ DW_AT_decl_line
	.byte	11                              @ DW_FORM_data1
	.byte	73                              @ DW_AT_type
	.byte	19                              @ DW_FORM_ref4
	.byte	0                               @ EOM(1)
	.byte	0                               @ EOM(2)
	.byte	0                               @ EOM(3)
	.section	.debug_info,"",%progbits
.Lcu_begin0:
	.long	.Ldebug_info_end0-.Ldebug_info_start0 @ Length of Unit
.Ldebug_info_start0:
	.short	4                               @ DWARF version number
	.long	.debug_abbrev                   @ Offset Into Abbrev. Section
	.byte	4                               @ Address Size (in bytes)
	.byte	1                               @ Abbrev [1] 0xb:0x632 DW_TAG_compile_unit
	.long	.Linfo_string0                  @ DW_AT_producer
	.short	12                              @ DW_AT_language
	.long	.Linfo_string1                  @ DW_AT_name
	.long	.Lline_table_start0             @ DW_AT_stmt_list
	.long	.Linfo_string2                  @ DW_AT_comp_dir
	.long	.Lfunc_begin0                   @ DW_AT_low_pc
	.long	.Lfunc_end1-.Lfunc_begin0       @ DW_AT_high_pc
	.byte	2                               @ Abbrev [2] 0x26:0x13a DW_TAG_enumeration_type
	.long	352                             @ DW_AT_type
	.long	.Linfo_string47                 @ DW_AT_name
	.byte	2                               @ DW_AT_byte_size
	.byte	1                               @ DW_AT_decl_file
	.byte	65                              @ DW_AT_decl_line
	.byte	3                               @ Abbrev [3] 0x32:0x7 DW_TAG_enumerator
	.long	.Linfo_string4                  @ DW_AT_name
	.ascii	"\200\032"                      @ DW_AT_const_value
	.byte	3                               @ Abbrev [3] 0x39:0x7 DW_TAG_enumerator
	.long	.Linfo_string5                  @ DW_AT_name
	.ascii	"\201\032"                      @ DW_AT_const_value
	.byte	3                               @ Abbrev [3] 0x40:0x7 DW_TAG_enumerator
	.long	.Linfo_string6                  @ DW_AT_name
	.ascii	"\202\032"                      @ DW_AT_const_value
	.byte	3                               @ Abbrev [3] 0x47:0x7 DW_TAG_enumerator
	.long	.Linfo_string7                  @ DW_AT_name
	.ascii	"\203\032"                      @ DW_AT_const_value
	.byte	3                               @ Abbrev [3] 0x4e:0x7 DW_TAG_enumerator
	.long	.Linfo_string8                  @ DW_AT_name
	.ascii	"\204\032"                      @ DW_AT_const_value
	.byte	3                               @ Abbrev [3] 0x55:0x7 DW_TAG_enumerator
	.long	.Linfo_string9                  @ DW_AT_name
	.ascii	"\205\032"                      @ DW_AT_const_value
	.byte	3                               @ Abbrev [3] 0x5c:0x7 DW_TAG_enumerator
	.long	.Linfo_string10                 @ DW_AT_name
	.ascii	"\206\032"                      @ DW_AT_const_value
	.byte	3                               @ Abbrev [3] 0x63:0x7 DW_TAG_enumerator
	.long	.Linfo_string11                 @ DW_AT_name
	.ascii	"\207\032"                      @ DW_AT_const_value
	.byte	3                               @ Abbrev [3] 0x6a:0x7 DW_TAG_enumerator
	.long	.Linfo_string12                 @ DW_AT_name
	.ascii	"\210\032"                      @ DW_AT_const_value
	.byte	3                               @ Abbrev [3] 0x71:0x7 DW_TAG_enumerator
	.long	.Linfo_string13                 @ DW_AT_name
	.ascii	"\211\032"                      @ DW_AT_const_value
	.byte	3                               @ Abbrev [3] 0x78:0x7 DW_TAG_enumerator
	.long	.Linfo_string14                 @ DW_AT_name
	.ascii	"\212\032"                      @ DW_AT_const_value
	.byte	3                               @ Abbrev [3] 0x7f:0x7 DW_TAG_enumerator
	.long	.Linfo_string15                 @ DW_AT_name
	.ascii	"\213\032"                      @ DW_AT_const_value
	.byte	3                               @ Abbrev [3] 0x86:0x7 DW_TAG_enumerator
	.long	.Linfo_string16                 @ DW_AT_name
	.ascii	"\214\032"                      @ DW_AT_const_value
	.byte	3                               @ Abbrev [3] 0x8d:0x7 DW_TAG_enumerator
	.long	.Linfo_string17                 @ DW_AT_name
	.ascii	"\215\032"                      @ DW_AT_const_value
	.byte	3                               @ Abbrev [3] 0x94:0x7 DW_TAG_enumerator
	.long	.Linfo_string18                 @ DW_AT_name
	.ascii	"\216\032"                      @ DW_AT_const_value
	.byte	3                               @ Abbrev [3] 0x9b:0x7 DW_TAG_enumerator
	.long	.Linfo_string19                 @ DW_AT_name
	.ascii	"\217\032"                      @ DW_AT_const_value
	.byte	3                               @ Abbrev [3] 0xa2:0x7 DW_TAG_enumerator
	.long	.Linfo_string20                 @ DW_AT_name
	.ascii	"\220\032"                      @ DW_AT_const_value
	.byte	3                               @ Abbrev [3] 0xa9:0x7 DW_TAG_enumerator
	.long	.Linfo_string21                 @ DW_AT_name
	.ascii	"\221\032"                      @ DW_AT_const_value
	.byte	3                               @ Abbrev [3] 0xb0:0x7 DW_TAG_enumerator
	.long	.Linfo_string22                 @ DW_AT_name
	.ascii	"\222\032"                      @ DW_AT_const_value
	.byte	3                               @ Abbrev [3] 0xb7:0x7 DW_TAG_enumerator
	.long	.Linfo_string23                 @ DW_AT_name
	.ascii	"\223\032"                      @ DW_AT_const_value
	.byte	3                               @ Abbrev [3] 0xbe:0x7 DW_TAG_enumerator
	.long	.Linfo_string24                 @ DW_AT_name
	.ascii	"\224\032"                      @ DW_AT_const_value
	.byte	3                               @ Abbrev [3] 0xc5:0x7 DW_TAG_enumerator
	.long	.Linfo_string25                 @ DW_AT_name
	.ascii	"\225\032"                      @ DW_AT_const_value
	.byte	3                               @ Abbrev [3] 0xcc:0x7 DW_TAG_enumerator
	.long	.Linfo_string26                 @ DW_AT_name
	.ascii	"\226\032"                      @ DW_AT_const_value
	.byte	3                               @ Abbrev [3] 0xd3:0x7 DW_TAG_enumerator
	.long	.Linfo_string27                 @ DW_AT_name
	.ascii	"\227\032"                      @ DW_AT_const_value
	.byte	3                               @ Abbrev [3] 0xda:0x7 DW_TAG_enumerator
	.long	.Linfo_string28                 @ DW_AT_name
	.ascii	"\230\032"                      @ DW_AT_const_value
	.byte	3                               @ Abbrev [3] 0xe1:0x7 DW_TAG_enumerator
	.long	.Linfo_string29                 @ DW_AT_name
	.ascii	"\231\032"                      @ DW_AT_const_value
	.byte	3                               @ Abbrev [3] 0xe8:0x7 DW_TAG_enumerator
	.long	.Linfo_string30                 @ DW_AT_name
	.ascii	"\232\032"                      @ DW_AT_const_value
	.byte	3                               @ Abbrev [3] 0xef:0x7 DW_TAG_enumerator
	.long	.Linfo_string31                 @ DW_AT_name
	.ascii	"\233\032"                      @ DW_AT_const_value
	.byte	3                               @ Abbrev [3] 0xf6:0x7 DW_TAG_enumerator
	.long	.Linfo_string32                 @ DW_AT_name
	.ascii	"\234\032"                      @ DW_AT_const_value
	.byte	3                               @ Abbrev [3] 0xfd:0x7 DW_TAG_enumerator
	.long	.Linfo_string33                 @ DW_AT_name
	.ascii	"\235\032"                      @ DW_AT_const_value
	.byte	3                               @ Abbrev [3] 0x104:0x7 DW_TAG_enumerator
	.long	.Linfo_string34                 @ DW_AT_name
	.ascii	"\236\032"                      @ DW_AT_const_value
	.byte	3                               @ Abbrev [3] 0x10b:0x7 DW_TAG_enumerator
	.long	.Linfo_string35                 @ DW_AT_name
	.ascii	"\237\032"                      @ DW_AT_const_value
	.byte	3                               @ Abbrev [3] 0x112:0x7 DW_TAG_enumerator
	.long	.Linfo_string36                 @ DW_AT_name
	.ascii	"\240\032"                      @ DW_AT_const_value
	.byte	3                               @ Abbrev [3] 0x119:0x7 DW_TAG_enumerator
	.long	.Linfo_string37                 @ DW_AT_name
	.ascii	"\241\032"                      @ DW_AT_const_value
	.byte	3                               @ Abbrev [3] 0x120:0x7 DW_TAG_enumerator
	.long	.Linfo_string38                 @ DW_AT_name
	.ascii	"\242\032"                      @ DW_AT_const_value
	.byte	3                               @ Abbrev [3] 0x127:0x7 DW_TAG_enumerator
	.long	.Linfo_string39                 @ DW_AT_name
	.ascii	"\243\032"                      @ DW_AT_const_value
	.byte	3                               @ Abbrev [3] 0x12e:0x7 DW_TAG_enumerator
	.long	.Linfo_string40                 @ DW_AT_name
	.ascii	"\244\032"                      @ DW_AT_const_value
	.byte	3                               @ Abbrev [3] 0x135:0x7 DW_TAG_enumerator
	.long	.Linfo_string41                 @ DW_AT_name
	.ascii	"\245\032"                      @ DW_AT_const_value
	.byte	3                               @ Abbrev [3] 0x13c:0x7 DW_TAG_enumerator
	.long	.Linfo_string42                 @ DW_AT_name
	.ascii	"\246\032"                      @ DW_AT_const_value
	.byte	3                               @ Abbrev [3] 0x143:0x7 DW_TAG_enumerator
	.long	.Linfo_string43                 @ DW_AT_name
	.ascii	"\247\032"                      @ DW_AT_const_value
	.byte	3                               @ Abbrev [3] 0x14a:0x7 DW_TAG_enumerator
	.long	.Linfo_string44                 @ DW_AT_name
	.ascii	"\250\032"                      @ DW_AT_const_value
	.byte	3                               @ Abbrev [3] 0x151:0x7 DW_TAG_enumerator
	.long	.Linfo_string45                 @ DW_AT_name
	.ascii	"\251\032"                      @ DW_AT_const_value
	.byte	3                               @ Abbrev [3] 0x158:0x7 DW_TAG_enumerator
	.long	.Linfo_string46                 @ DW_AT_name
	.ascii	"\252\032"                      @ DW_AT_const_value
	.byte	0                               @ End Of Children Mark
	.byte	4                               @ Abbrev [4] 0x160:0x7 DW_TAG_base_type
	.long	.Linfo_string3                  @ DW_AT_name
	.byte	7                               @ DW_AT_encoding
	.byte	2                               @ DW_AT_byte_size
	.byte	5                               @ Abbrev [5] 0x167:0x81 DW_TAG_enumeration_type
	.long	488                             @ DW_AT_type
	.long	.Linfo_string68                 @ DW_AT_name
	.byte	1                               @ DW_AT_byte_size
	.byte	2                               @ DW_AT_decl_file
	.short	466                             @ DW_AT_decl_line
	.byte	3                               @ Abbrev [3] 0x174:0x6 DW_TAG_enumerator
	.long	.Linfo_string49                 @ DW_AT_name
	.byte	0                               @ DW_AT_const_value
	.byte	3                               @ Abbrev [3] 0x17a:0x6 DW_TAG_enumerator
	.long	.Linfo_string50                 @ DW_AT_name
	.byte	1                               @ DW_AT_const_value
	.byte	3                               @ Abbrev [3] 0x180:0x6 DW_TAG_enumerator
	.long	.Linfo_string51                 @ DW_AT_name
	.byte	2                               @ DW_AT_const_value
	.byte	3                               @ Abbrev [3] 0x186:0x6 DW_TAG_enumerator
	.long	.Linfo_string52                 @ DW_AT_name
	.byte	3                               @ DW_AT_const_value
	.byte	3                               @ Abbrev [3] 0x18c:0x6 DW_TAG_enumerator
	.long	.Linfo_string53                 @ DW_AT_name
	.byte	4                               @ DW_AT_const_value
	.byte	3                               @ Abbrev [3] 0x192:0x6 DW_TAG_enumerator
	.long	.Linfo_string54                 @ DW_AT_name
	.byte	5                               @ DW_AT_const_value
	.byte	3                               @ Abbrev [3] 0x198:0x6 DW_TAG_enumerator
	.long	.Linfo_string55                 @ DW_AT_name
	.byte	6                               @ DW_AT_const_value
	.byte	3                               @ Abbrev [3] 0x19e:0x6 DW_TAG_enumerator
	.long	.Linfo_string56                 @ DW_AT_name
	.byte	7                               @ DW_AT_const_value
	.byte	3                               @ Abbrev [3] 0x1a4:0x6 DW_TAG_enumerator
	.long	.Linfo_string57                 @ DW_AT_name
	.byte	8                               @ DW_AT_const_value
	.byte	3                               @ Abbrev [3] 0x1aa:0x6 DW_TAG_enumerator
	.long	.Linfo_string58                 @ DW_AT_name
	.byte	9                               @ DW_AT_const_value
	.byte	3                               @ Abbrev [3] 0x1b0:0x6 DW_TAG_enumerator
	.long	.Linfo_string59                 @ DW_AT_name
	.byte	10                              @ DW_AT_const_value
	.byte	3                               @ Abbrev [3] 0x1b6:0x6 DW_TAG_enumerator
	.long	.Linfo_string60                 @ DW_AT_name
	.byte	11                              @ DW_AT_const_value
	.byte	3                               @ Abbrev [3] 0x1bc:0x6 DW_TAG_enumerator
	.long	.Linfo_string61                 @ DW_AT_name
	.byte	12                              @ DW_AT_const_value
	.byte	3                               @ Abbrev [3] 0x1c2:0x6 DW_TAG_enumerator
	.long	.Linfo_string62                 @ DW_AT_name
	.byte	13                              @ DW_AT_const_value
	.byte	3                               @ Abbrev [3] 0x1c8:0x6 DW_TAG_enumerator
	.long	.Linfo_string63                 @ DW_AT_name
	.byte	14                              @ DW_AT_const_value
	.byte	3                               @ Abbrev [3] 0x1ce:0x6 DW_TAG_enumerator
	.long	.Linfo_string64                 @ DW_AT_name
	.byte	15                              @ DW_AT_const_value
	.byte	3                               @ Abbrev [3] 0x1d4:0x6 DW_TAG_enumerator
	.long	.Linfo_string65                 @ DW_AT_name
	.byte	25                              @ DW_AT_const_value
	.byte	3                               @ Abbrev [3] 0x1da:0x6 DW_TAG_enumerator
	.long	.Linfo_string66                 @ DW_AT_name
	.byte	26                              @ DW_AT_const_value
	.byte	3                               @ Abbrev [3] 0x1e0:0x7 DW_TAG_enumerator
	.long	.Linfo_string67                 @ DW_AT_name
	.ascii	"\377\001"                      @ DW_AT_const_value
	.byte	0                               @ End Of Children Mark
	.byte	4                               @ Abbrev [4] 0x1e8:0x7 DW_TAG_base_type
	.long	.Linfo_string48                 @ DW_AT_name
	.byte	8                               @ DW_AT_encoding
	.byte	1                               @ DW_AT_byte_size
	.byte	2                               @ Abbrev [2] 0x1ef:0x11b DW_TAG_enumeration_type
	.long	488                             @ DW_AT_type
	.long	.Linfo_string114                @ DW_AT_name
	.byte	1                               @ DW_AT_byte_size
	.byte	1                               @ DW_AT_decl_file
	.byte	183                             @ DW_AT_decl_line
	.byte	3                               @ Abbrev [3] 0x1fb:0x6 DW_TAG_enumerator
	.long	.Linfo_string69                 @ DW_AT_name
	.byte	0                               @ DW_AT_const_value
	.byte	3                               @ Abbrev [3] 0x201:0x6 DW_TAG_enumerator
	.long	.Linfo_string70                 @ DW_AT_name
	.byte	1                               @ DW_AT_const_value
	.byte	3                               @ Abbrev [3] 0x207:0x6 DW_TAG_enumerator
	.long	.Linfo_string71                 @ DW_AT_name
	.byte	2                               @ DW_AT_const_value
	.byte	3                               @ Abbrev [3] 0x20d:0x6 DW_TAG_enumerator
	.long	.Linfo_string72                 @ DW_AT_name
	.byte	3                               @ DW_AT_const_value
	.byte	3                               @ Abbrev [3] 0x213:0x6 DW_TAG_enumerator
	.long	.Linfo_string73                 @ DW_AT_name
	.byte	4                               @ DW_AT_const_value
	.byte	3                               @ Abbrev [3] 0x219:0x6 DW_TAG_enumerator
	.long	.Linfo_string74                 @ DW_AT_name
	.byte	5                               @ DW_AT_const_value
	.byte	3                               @ Abbrev [3] 0x21f:0x6 DW_TAG_enumerator
	.long	.Linfo_string75                 @ DW_AT_name
	.byte	6                               @ DW_AT_const_value
	.byte	3                               @ Abbrev [3] 0x225:0x6 DW_TAG_enumerator
	.long	.Linfo_string76                 @ DW_AT_name
	.byte	7                               @ DW_AT_const_value
	.byte	3                               @ Abbrev [3] 0x22b:0x6 DW_TAG_enumerator
	.long	.Linfo_string77                 @ DW_AT_name
	.byte	8                               @ DW_AT_const_value
	.byte	3                               @ Abbrev [3] 0x231:0x6 DW_TAG_enumerator
	.long	.Linfo_string78                 @ DW_AT_name
	.byte	9                               @ DW_AT_const_value
	.byte	3                               @ Abbrev [3] 0x237:0x6 DW_TAG_enumerator
	.long	.Linfo_string79                 @ DW_AT_name
	.byte	10                              @ DW_AT_const_value
	.byte	3                               @ Abbrev [3] 0x23d:0x6 DW_TAG_enumerator
	.long	.Linfo_string80                 @ DW_AT_name
	.byte	11                              @ DW_AT_const_value
	.byte	3                               @ Abbrev [3] 0x243:0x6 DW_TAG_enumerator
	.long	.Linfo_string81                 @ DW_AT_name
	.byte	12                              @ DW_AT_const_value
	.byte	3                               @ Abbrev [3] 0x249:0x6 DW_TAG_enumerator
	.long	.Linfo_string82                 @ DW_AT_name
	.byte	13                              @ DW_AT_const_value
	.byte	3                               @ Abbrev [3] 0x24f:0x6 DW_TAG_enumerator
	.long	.Linfo_string83                 @ DW_AT_name
	.byte	14                              @ DW_AT_const_value
	.byte	3                               @ Abbrev [3] 0x255:0x6 DW_TAG_enumerator
	.long	.Linfo_string84                 @ DW_AT_name
	.byte	15                              @ DW_AT_const_value
	.byte	3                               @ Abbrev [3] 0x25b:0x6 DW_TAG_enumerator
	.long	.Linfo_string85                 @ DW_AT_name
	.byte	16                              @ DW_AT_const_value
	.byte	3                               @ Abbrev [3] 0x261:0x6 DW_TAG_enumerator
	.long	.Linfo_string86                 @ DW_AT_name
	.byte	17                              @ DW_AT_const_value
	.byte	3                               @ Abbrev [3] 0x267:0x6 DW_TAG_enumerator
	.long	.Linfo_string87                 @ DW_AT_name
	.byte	18                              @ DW_AT_const_value
	.byte	3                               @ Abbrev [3] 0x26d:0x6 DW_TAG_enumerator
	.long	.Linfo_string88                 @ DW_AT_name
	.byte	19                              @ DW_AT_const_value
	.byte	3                               @ Abbrev [3] 0x273:0x6 DW_TAG_enumerator
	.long	.Linfo_string89                 @ DW_AT_name
	.byte	20                              @ DW_AT_const_value
	.byte	3                               @ Abbrev [3] 0x279:0x6 DW_TAG_enumerator
	.long	.Linfo_string90                 @ DW_AT_name
	.byte	21                              @ DW_AT_const_value
	.byte	3                               @ Abbrev [3] 0x27f:0x6 DW_TAG_enumerator
	.long	.Linfo_string91                 @ DW_AT_name
	.byte	22                              @ DW_AT_const_value
	.byte	3                               @ Abbrev [3] 0x285:0x6 DW_TAG_enumerator
	.long	.Linfo_string92                 @ DW_AT_name
	.byte	23                              @ DW_AT_const_value
	.byte	3                               @ Abbrev [3] 0x28b:0x6 DW_TAG_enumerator
	.long	.Linfo_string93                 @ DW_AT_name
	.byte	24                              @ DW_AT_const_value
	.byte	3                               @ Abbrev [3] 0x291:0x6 DW_TAG_enumerator
	.long	.Linfo_string94                 @ DW_AT_name
	.byte	25                              @ DW_AT_const_value
	.byte	3                               @ Abbrev [3] 0x297:0x6 DW_TAG_enumerator
	.long	.Linfo_string95                 @ DW_AT_name
	.byte	26                              @ DW_AT_const_value
	.byte	3                               @ Abbrev [3] 0x29d:0x6 DW_TAG_enumerator
	.long	.Linfo_string96                 @ DW_AT_name
	.byte	27                              @ DW_AT_const_value
	.byte	3                               @ Abbrev [3] 0x2a3:0x6 DW_TAG_enumerator
	.long	.Linfo_string97                 @ DW_AT_name
	.byte	28                              @ DW_AT_const_value
	.byte	3                               @ Abbrev [3] 0x2a9:0x6 DW_TAG_enumerator
	.long	.Linfo_string98                 @ DW_AT_name
	.byte	29                              @ DW_AT_const_value
	.byte	3                               @ Abbrev [3] 0x2af:0x6 DW_TAG_enumerator
	.long	.Linfo_string99                 @ DW_AT_name
	.byte	30                              @ DW_AT_const_value
	.byte	3                               @ Abbrev [3] 0x2b5:0x6 DW_TAG_enumerator
	.long	.Linfo_string100                @ DW_AT_name
	.byte	31                              @ DW_AT_const_value
	.byte	3                               @ Abbrev [3] 0x2bb:0x6 DW_TAG_enumerator
	.long	.Linfo_string101                @ DW_AT_name
	.byte	32                              @ DW_AT_const_value
	.byte	3                               @ Abbrev [3] 0x2c1:0x6 DW_TAG_enumerator
	.long	.Linfo_string102                @ DW_AT_name
	.byte	33                              @ DW_AT_const_value
	.byte	3                               @ Abbrev [3] 0x2c7:0x6 DW_TAG_enumerator
	.long	.Linfo_string103                @ DW_AT_name
	.byte	34                              @ DW_AT_const_value
	.byte	3                               @ Abbrev [3] 0x2cd:0x6 DW_TAG_enumerator
	.long	.Linfo_string104                @ DW_AT_name
	.byte	35                              @ DW_AT_const_value
	.byte	3                               @ Abbrev [3] 0x2d3:0x6 DW_TAG_enumerator
	.long	.Linfo_string105                @ DW_AT_name
	.byte	36                              @ DW_AT_const_value
	.byte	3                               @ Abbrev [3] 0x2d9:0x6 DW_TAG_enumerator
	.long	.Linfo_string106                @ DW_AT_name
	.byte	37                              @ DW_AT_const_value
	.byte	3                               @ Abbrev [3] 0x2df:0x6 DW_TAG_enumerator
	.long	.Linfo_string107                @ DW_AT_name
	.byte	38                              @ DW_AT_const_value
	.byte	3                               @ Abbrev [3] 0x2e5:0x6 DW_TAG_enumerator
	.long	.Linfo_string108                @ DW_AT_name
	.byte	39                              @ DW_AT_const_value
	.byte	3                               @ Abbrev [3] 0x2eb:0x6 DW_TAG_enumerator
	.long	.Linfo_string109                @ DW_AT_name
	.byte	40                              @ DW_AT_const_value
	.byte	3                               @ Abbrev [3] 0x2f1:0x6 DW_TAG_enumerator
	.long	.Linfo_string110                @ DW_AT_name
	.byte	41                              @ DW_AT_const_value
	.byte	3                               @ Abbrev [3] 0x2f7:0x6 DW_TAG_enumerator
	.long	.Linfo_string111                @ DW_AT_name
	.byte	42                              @ DW_AT_const_value
	.byte	3                               @ Abbrev [3] 0x2fd:0x6 DW_TAG_enumerator
	.long	.Linfo_string112                @ DW_AT_name
	.byte	42                              @ DW_AT_const_value
	.byte	3                               @ Abbrev [3] 0x303:0x6 DW_TAG_enumerator
	.long	.Linfo_string113                @ DW_AT_name
	.byte	43                              @ DW_AT_const_value
	.byte	0                               @ End Of Children Mark
	.byte	5                               @ Abbrev [5] 0x30a:0x1c9 DW_TAG_enumeration_type
	.long	488                             @ DW_AT_type
	.long	.Linfo_string188                @ DW_AT_name
	.byte	1                               @ DW_AT_byte_size
	.byte	2                               @ DW_AT_decl_file
	.short	514                             @ DW_AT_decl_line
	.byte	3                               @ Abbrev [3] 0x317:0x6 DW_TAG_enumerator
	.long	.Linfo_string115                @ DW_AT_name
	.byte	0                               @ DW_AT_const_value
	.byte	3                               @ Abbrev [3] 0x31d:0x6 DW_TAG_enumerator
	.long	.Linfo_string116                @ DW_AT_name
	.byte	1                               @ DW_AT_const_value
	.byte	3                               @ Abbrev [3] 0x323:0x6 DW_TAG_enumerator
	.long	.Linfo_string117                @ DW_AT_name
	.byte	2                               @ DW_AT_const_value
	.byte	3                               @ Abbrev [3] 0x329:0x6 DW_TAG_enumerator
	.long	.Linfo_string118                @ DW_AT_name
	.byte	3                               @ DW_AT_const_value
	.byte	3                               @ Abbrev [3] 0x32f:0x6 DW_TAG_enumerator
	.long	.Linfo_string119                @ DW_AT_name
	.byte	4                               @ DW_AT_const_value
	.byte	3                               @ Abbrev [3] 0x335:0x6 DW_TAG_enumerator
	.long	.Linfo_string120                @ DW_AT_name
	.byte	5                               @ DW_AT_const_value
	.byte	3                               @ Abbrev [3] 0x33b:0x6 DW_TAG_enumerator
	.long	.Linfo_string121                @ DW_AT_name
	.byte	6                               @ DW_AT_const_value
	.byte	3                               @ Abbrev [3] 0x341:0x6 DW_TAG_enumerator
	.long	.Linfo_string122                @ DW_AT_name
	.byte	7                               @ DW_AT_const_value
	.byte	3                               @ Abbrev [3] 0x347:0x6 DW_TAG_enumerator
	.long	.Linfo_string123                @ DW_AT_name
	.byte	8                               @ DW_AT_const_value
	.byte	3                               @ Abbrev [3] 0x34d:0x6 DW_TAG_enumerator
	.long	.Linfo_string124                @ DW_AT_name
	.byte	9                               @ DW_AT_const_value
	.byte	3                               @ Abbrev [3] 0x353:0x6 DW_TAG_enumerator
	.long	.Linfo_string125                @ DW_AT_name
	.byte	10                              @ DW_AT_const_value
	.byte	3                               @ Abbrev [3] 0x359:0x6 DW_TAG_enumerator
	.long	.Linfo_string126                @ DW_AT_name
	.byte	11                              @ DW_AT_const_value
	.byte	3                               @ Abbrev [3] 0x35f:0x6 DW_TAG_enumerator
	.long	.Linfo_string127                @ DW_AT_name
	.byte	12                              @ DW_AT_const_value
	.byte	3                               @ Abbrev [3] 0x365:0x6 DW_TAG_enumerator
	.long	.Linfo_string128                @ DW_AT_name
	.byte	13                              @ DW_AT_const_value
	.byte	3                               @ Abbrev [3] 0x36b:0x6 DW_TAG_enumerator
	.long	.Linfo_string129                @ DW_AT_name
	.byte	14                              @ DW_AT_const_value
	.byte	3                               @ Abbrev [3] 0x371:0x6 DW_TAG_enumerator
	.long	.Linfo_string130                @ DW_AT_name
	.byte	15                              @ DW_AT_const_value
	.byte	3                               @ Abbrev [3] 0x377:0x6 DW_TAG_enumerator
	.long	.Linfo_string131                @ DW_AT_name
	.byte	16                              @ DW_AT_const_value
	.byte	3                               @ Abbrev [3] 0x37d:0x6 DW_TAG_enumerator
	.long	.Linfo_string132                @ DW_AT_name
	.byte	20                              @ DW_AT_const_value
	.byte	3                               @ Abbrev [3] 0x383:0x6 DW_TAG_enumerator
	.long	.Linfo_string133                @ DW_AT_name
	.byte	21                              @ DW_AT_const_value
	.byte	3                               @ Abbrev [3] 0x389:0x6 DW_TAG_enumerator
	.long	.Linfo_string134                @ DW_AT_name
	.byte	22                              @ DW_AT_const_value
	.byte	3                               @ Abbrev [3] 0x38f:0x6 DW_TAG_enumerator
	.long	.Linfo_string135                @ DW_AT_name
	.byte	23                              @ DW_AT_const_value
	.byte	3                               @ Abbrev [3] 0x395:0x6 DW_TAG_enumerator
	.long	.Linfo_string136                @ DW_AT_name
	.byte	24                              @ DW_AT_const_value
	.byte	3                               @ Abbrev [3] 0x39b:0x6 DW_TAG_enumerator
	.long	.Linfo_string137                @ DW_AT_name
	.byte	25                              @ DW_AT_const_value
	.byte	3                               @ Abbrev [3] 0x3a1:0x6 DW_TAG_enumerator
	.long	.Linfo_string138                @ DW_AT_name
	.byte	26                              @ DW_AT_const_value
	.byte	3                               @ Abbrev [3] 0x3a7:0x6 DW_TAG_enumerator
	.long	.Linfo_string139                @ DW_AT_name
	.byte	27                              @ DW_AT_const_value
	.byte	3                               @ Abbrev [3] 0x3ad:0x6 DW_TAG_enumerator
	.long	.Linfo_string140                @ DW_AT_name
	.byte	28                              @ DW_AT_const_value
	.byte	3                               @ Abbrev [3] 0x3b3:0x6 DW_TAG_enumerator
	.long	.Linfo_string141                @ DW_AT_name
	.byte	29                              @ DW_AT_const_value
	.byte	3                               @ Abbrev [3] 0x3b9:0x6 DW_TAG_enumerator
	.long	.Linfo_string142                @ DW_AT_name
	.byte	30                              @ DW_AT_const_value
	.byte	3                               @ Abbrev [3] 0x3bf:0x6 DW_TAG_enumerator
	.long	.Linfo_string143                @ DW_AT_name
	.byte	31                              @ DW_AT_const_value
	.byte	3                               @ Abbrev [3] 0x3c5:0x6 DW_TAG_enumerator
	.long	.Linfo_string144                @ DW_AT_name
	.byte	32                              @ DW_AT_const_value
	.byte	3                               @ Abbrev [3] 0x3cb:0x6 DW_TAG_enumerator
	.long	.Linfo_string145                @ DW_AT_name
	.byte	33                              @ DW_AT_const_value
	.byte	3                               @ Abbrev [3] 0x3d1:0x6 DW_TAG_enumerator
	.long	.Linfo_string146                @ DW_AT_name
	.byte	34                              @ DW_AT_const_value
	.byte	3                               @ Abbrev [3] 0x3d7:0x6 DW_TAG_enumerator
	.long	.Linfo_string147                @ DW_AT_name
	.byte	35                              @ DW_AT_const_value
	.byte	3                               @ Abbrev [3] 0x3dd:0x6 DW_TAG_enumerator
	.long	.Linfo_string148                @ DW_AT_name
	.byte	36                              @ DW_AT_const_value
	.byte	3                               @ Abbrev [3] 0x3e3:0x6 DW_TAG_enumerator
	.long	.Linfo_string149                @ DW_AT_name
	.byte	37                              @ DW_AT_const_value
	.byte	3                               @ Abbrev [3] 0x3e9:0x6 DW_TAG_enumerator
	.long	.Linfo_string150                @ DW_AT_name
	.byte	38                              @ DW_AT_const_value
	.byte	3                               @ Abbrev [3] 0x3ef:0x6 DW_TAG_enumerator
	.long	.Linfo_string151                @ DW_AT_name
	.byte	39                              @ DW_AT_const_value
	.byte	3                               @ Abbrev [3] 0x3f5:0x6 DW_TAG_enumerator
	.long	.Linfo_string152                @ DW_AT_name
	.byte	40                              @ DW_AT_const_value
	.byte	3                               @ Abbrev [3] 0x3fb:0x6 DW_TAG_enumerator
	.long	.Linfo_string153                @ DW_AT_name
	.byte	41                              @ DW_AT_const_value
	.byte	3                               @ Abbrev [3] 0x401:0x6 DW_TAG_enumerator
	.long	.Linfo_string154                @ DW_AT_name
	.byte	42                              @ DW_AT_const_value
	.byte	3                               @ Abbrev [3] 0x407:0x6 DW_TAG_enumerator
	.long	.Linfo_string155                @ DW_AT_name
	.byte	43                              @ DW_AT_const_value
	.byte	3                               @ Abbrev [3] 0x40d:0x6 DW_TAG_enumerator
	.long	.Linfo_string156                @ DW_AT_name
	.byte	44                              @ DW_AT_const_value
	.byte	3                               @ Abbrev [3] 0x413:0x6 DW_TAG_enumerator
	.long	.Linfo_string157                @ DW_AT_name
	.byte	45                              @ DW_AT_const_value
	.byte	3                               @ Abbrev [3] 0x419:0x6 DW_TAG_enumerator
	.long	.Linfo_string158                @ DW_AT_name
	.byte	46                              @ DW_AT_const_value
	.byte	3                               @ Abbrev [3] 0x41f:0x6 DW_TAG_enumerator
	.long	.Linfo_string159                @ DW_AT_name
	.byte	47                              @ DW_AT_const_value
	.byte	3                               @ Abbrev [3] 0x425:0x6 DW_TAG_enumerator
	.long	.Linfo_string160                @ DW_AT_name
	.byte	48                              @ DW_AT_const_value
	.byte	3                               @ Abbrev [3] 0x42b:0x6 DW_TAG_enumerator
	.long	.Linfo_string161                @ DW_AT_name
	.byte	49                              @ DW_AT_const_value
	.byte	3                               @ Abbrev [3] 0x431:0x6 DW_TAG_enumerator
	.long	.Linfo_string162                @ DW_AT_name
	.byte	50                              @ DW_AT_const_value
	.byte	3                               @ Abbrev [3] 0x437:0x6 DW_TAG_enumerator
	.long	.Linfo_string163                @ DW_AT_name
	.byte	51                              @ DW_AT_const_value
	.byte	3                               @ Abbrev [3] 0x43d:0x6 DW_TAG_enumerator
	.long	.Linfo_string164                @ DW_AT_name
	.byte	52                              @ DW_AT_const_value
	.byte	3                               @ Abbrev [3] 0x443:0x6 DW_TAG_enumerator
	.long	.Linfo_string165                @ DW_AT_name
	.byte	53                              @ DW_AT_const_value
	.byte	3                               @ Abbrev [3] 0x449:0x6 DW_TAG_enumerator
	.long	.Linfo_string166                @ DW_AT_name
	.byte	54                              @ DW_AT_const_value
	.byte	3                               @ Abbrev [3] 0x44f:0x6 DW_TAG_enumerator
	.long	.Linfo_string167                @ DW_AT_name
	.byte	55                              @ DW_AT_const_value
	.byte	3                               @ Abbrev [3] 0x455:0x6 DW_TAG_enumerator
	.long	.Linfo_string168                @ DW_AT_name
	.byte	56                              @ DW_AT_const_value
	.byte	3                               @ Abbrev [3] 0x45b:0x6 DW_TAG_enumerator
	.long	.Linfo_string169                @ DW_AT_name
	.byte	57                              @ DW_AT_const_value
	.byte	3                               @ Abbrev [3] 0x461:0x6 DW_TAG_enumerator
	.long	.Linfo_string170                @ DW_AT_name
	.byte	58                              @ DW_AT_const_value
	.byte	3                               @ Abbrev [3] 0x467:0x6 DW_TAG_enumerator
	.long	.Linfo_string171                @ DW_AT_name
	.byte	59                              @ DW_AT_const_value
	.byte	3                               @ Abbrev [3] 0x46d:0x6 DW_TAG_enumerator
	.long	.Linfo_string172                @ DW_AT_name
	.byte	60                              @ DW_AT_const_value
	.byte	3                               @ Abbrev [3] 0x473:0x6 DW_TAG_enumerator
	.long	.Linfo_string173                @ DW_AT_name
	.byte	61                              @ DW_AT_const_value
	.byte	3                               @ Abbrev [3] 0x479:0x6 DW_TAG_enumerator
	.long	.Linfo_string174                @ DW_AT_name
	.byte	62                              @ DW_AT_const_value
	.byte	3                               @ Abbrev [3] 0x47f:0x6 DW_TAG_enumerator
	.long	.Linfo_string175                @ DW_AT_name
	.byte	63                              @ DW_AT_const_value
	.byte	3                               @ Abbrev [3] 0x485:0x6 DW_TAG_enumerator
	.long	.Linfo_string176                @ DW_AT_name
	.byte	64                              @ DW_AT_const_value
	.byte	3                               @ Abbrev [3] 0x48b:0x6 DW_TAG_enumerator
	.long	.Linfo_string177                @ DW_AT_name
	.byte	65                              @ DW_AT_const_value
	.byte	3                               @ Abbrev [3] 0x491:0x6 DW_TAG_enumerator
	.long	.Linfo_string178                @ DW_AT_name
	.byte	66                              @ DW_AT_const_value
	.byte	3                               @ Abbrev [3] 0x497:0x6 DW_TAG_enumerator
	.long	.Linfo_string179                @ DW_AT_name
	.byte	69                              @ DW_AT_const_value
	.byte	3                               @ Abbrev [3] 0x49d:0x6 DW_TAG_enumerator
	.long	.Linfo_string180                @ DW_AT_name
	.byte	70                              @ DW_AT_const_value
	.byte	3                               @ Abbrev [3] 0x4a3:0x6 DW_TAG_enumerator
	.long	.Linfo_string181                @ DW_AT_name
	.byte	67                              @ DW_AT_const_value
	.byte	3                               @ Abbrev [3] 0x4a9:0x6 DW_TAG_enumerator
	.long	.Linfo_string182                @ DW_AT_name
	.byte	68                              @ DW_AT_const_value
	.byte	3                               @ Abbrev [3] 0x4af:0x7 DW_TAG_enumerator
	.long	.Linfo_string183                @ DW_AT_name
	.ascii	"\240\001"                      @ DW_AT_const_value
	.byte	3                               @ Abbrev [3] 0x4b6:0x7 DW_TAG_enumerator
	.long	.Linfo_string184                @ DW_AT_name
	.ascii	"\374\001"                      @ DW_AT_const_value
	.byte	3                               @ Abbrev [3] 0x4bd:0x7 DW_TAG_enumerator
	.long	.Linfo_string185                @ DW_AT_name
	.ascii	"\375\001"                      @ DW_AT_const_value
	.byte	3                               @ Abbrev [3] 0x4c4:0x7 DW_TAG_enumerator
	.long	.Linfo_string186                @ DW_AT_name
	.ascii	"\376\001"                      @ DW_AT_const_value
	.byte	3                               @ Abbrev [3] 0x4cb:0x7 DW_TAG_enumerator
	.long	.Linfo_string187                @ DW_AT_name
	.ascii	"\377\001"                      @ DW_AT_const_value
	.byte	0                               @ End Of Children Mark
	.byte	2                               @ Abbrev [2] 0x4d3:0x2b DW_TAG_enumeration_type
	.long	488                             @ DW_AT_type
	.long	.Linfo_string194                @ DW_AT_name
	.byte	1                               @ DW_AT_byte_size
	.byte	3                               @ DW_AT_decl_file
	.byte	55                              @ DW_AT_decl_line
	.byte	3                               @ Abbrev [3] 0x4df:0x6 DW_TAG_enumerator
	.long	.Linfo_string189                @ DW_AT_name
	.byte	0                               @ DW_AT_const_value
	.byte	3                               @ Abbrev [3] 0x4e5:0x6 DW_TAG_enumerator
	.long	.Linfo_string190                @ DW_AT_name
	.byte	4                               @ DW_AT_const_value
	.byte	3                               @ Abbrev [3] 0x4eb:0x6 DW_TAG_enumerator
	.long	.Linfo_string191                @ DW_AT_name
	.byte	8                               @ DW_AT_const_value
	.byte	3                               @ Abbrev [3] 0x4f1:0x6 DW_TAG_enumerator
	.long	.Linfo_string192                @ DW_AT_name
	.byte	12                              @ DW_AT_const_value
	.byte	3                               @ Abbrev [3] 0x4f7:0x6 DW_TAG_enumerator
	.long	.Linfo_string193                @ DW_AT_name
	.byte	16                              @ DW_AT_const_value
	.byte	0                               @ End Of Children Mark
	.byte	2                               @ Abbrev [2] 0x4fe:0x4c DW_TAG_enumeration_type
	.long	352                             @ DW_AT_type
	.long	.Linfo_string205                @ DW_AT_name
	.byte	2                               @ DW_AT_byte_size
	.byte	4                               @ DW_AT_decl_file
	.byte	110                             @ DW_AT_decl_line
	.byte	3                               @ Abbrev [3] 0x50a:0x6 DW_TAG_enumerator
	.long	.Linfo_string195                @ DW_AT_name
	.byte	1                               @ DW_AT_const_value
	.byte	3                               @ Abbrev [3] 0x510:0x6 DW_TAG_enumerator
	.long	.Linfo_string196                @ DW_AT_name
	.byte	2                               @ DW_AT_const_value
	.byte	3                               @ Abbrev [3] 0x516:0x6 DW_TAG_enumerator
	.long	.Linfo_string197                @ DW_AT_name
	.byte	4                               @ DW_AT_const_value
	.byte	3                               @ Abbrev [3] 0x51c:0x6 DW_TAG_enumerator
	.long	.Linfo_string198                @ DW_AT_name
	.byte	8                               @ DW_AT_const_value
	.byte	3                               @ Abbrev [3] 0x522:0x6 DW_TAG_enumerator
	.long	.Linfo_string199                @ DW_AT_name
	.byte	16                              @ DW_AT_const_value
	.byte	3                               @ Abbrev [3] 0x528:0x6 DW_TAG_enumerator
	.long	.Linfo_string200                @ DW_AT_name
	.byte	32                              @ DW_AT_const_value
	.byte	3                               @ Abbrev [3] 0x52e:0x6 DW_TAG_enumerator
	.long	.Linfo_string201                @ DW_AT_name
	.byte	64                              @ DW_AT_const_value
	.byte	3                               @ Abbrev [3] 0x534:0x7 DW_TAG_enumerator
	.long	.Linfo_string202                @ DW_AT_name
	.ascii	"\200\001"                      @ DW_AT_const_value
	.byte	3                               @ Abbrev [3] 0x53b:0x7 DW_TAG_enumerator
	.long	.Linfo_string203                @ DW_AT_name
	.ascii	"\200\002"                      @ DW_AT_const_value
	.byte	3                               @ Abbrev [3] 0x542:0x7 DW_TAG_enumerator
	.long	.Linfo_string204                @ DW_AT_name
	.ascii	"\377\003"                      @ DW_AT_const_value
	.byte	0                               @ End Of Children Mark
	.byte	6                               @ Abbrev [6] 0x54a:0x5 DW_TAG_pointer_type
	.long	1359                            @ DW_AT_type
	.byte	7                               @ Abbrev [7] 0x54f:0x58 DW_TAG_structure_type
	.long	.Linfo_string217                @ DW_AT_name
	.byte	8                               @ DW_AT_byte_size
	.byte	1                               @ DW_AT_decl_file
	.short	943                             @ DW_AT_decl_line
	.byte	8                               @ Abbrev [8] 0x558:0xd DW_TAG_member
	.long	.Linfo_string206                @ DW_AT_name
	.long	1447                            @ DW_AT_type
	.byte	1                               @ DW_AT_decl_file
	.short	947                             @ DW_AT_decl_line
	.byte	0                               @ DW_AT_data_member_location
	.byte	8                               @ Abbrev [8] 0x565:0xd DW_TAG_member
	.long	.Linfo_string208                @ DW_AT_name
	.long	1447                            @ DW_AT_type
	.byte	1                               @ DW_AT_decl_file
	.short	958                             @ DW_AT_decl_line
	.byte	1                               @ DW_AT_data_member_location
	.byte	8                               @ Abbrev [8] 0x572:0xd DW_TAG_member
	.long	.Linfo_string209                @ DW_AT_name
	.long	1458                            @ DW_AT_type
	.byte	1                               @ DW_AT_decl_file
	.short	960                             @ DW_AT_decl_line
	.byte	2                               @ DW_AT_data_member_location
	.byte	8                               @ Abbrev [8] 0x57f:0xd DW_TAG_member
	.long	.Linfo_string211                @ DW_AT_name
	.long	1458                            @ DW_AT_type
	.byte	1                               @ DW_AT_decl_file
	.short	962                             @ DW_AT_decl_line
	.byte	4                               @ DW_AT_data_member_location
	.byte	8                               @ Abbrev [8] 0x58c:0xd DW_TAG_member
	.long	.Linfo_string212                @ DW_AT_name
	.long	1458                            @ DW_AT_type
	.byte	1                               @ DW_AT_decl_file
	.short	966                             @ DW_AT_decl_line
	.byte	6                               @ DW_AT_data_member_location
	.byte	8                               @ Abbrev [8] 0x599:0xd DW_TAG_member
	.long	.Linfo_string213                @ DW_AT_name
	.long	1469                            @ DW_AT_type
	.byte	1                               @ DW_AT_decl_file
	.short	968                             @ DW_AT_decl_line
	.byte	8                               @ DW_AT_data_member_location
	.byte	0                               @ End Of Children Mark
	.byte	9                               @ Abbrev [9] 0x5a7:0xb DW_TAG_typedef
	.long	488                             @ DW_AT_type
	.long	.Linfo_string207                @ DW_AT_name
	.byte	5                               @ DW_AT_decl_file
	.byte	62                              @ DW_AT_decl_line
	.byte	9                               @ Abbrev [9] 0x5b2:0xb DW_TAG_typedef
	.long	352                             @ DW_AT_type
	.long	.Linfo_string210                @ DW_AT_name
	.byte	5                               @ DW_AT_decl_file
	.byte	63                              @ DW_AT_decl_line
	.byte	10                              @ Abbrev [10] 0x5bd:0xb DW_TAG_array_type
	.long	1480                            @ DW_AT_type
	.byte	11                              @ Abbrev [11] 0x5c2:0x5 DW_TAG_subrange_type
	.long	1498                            @ DW_AT_type
	.byte	0                               @ End Of Children Mark
	.byte	9                               @ Abbrev [9] 0x5c8:0xb DW_TAG_typedef
	.long	1491                            @ DW_AT_type
	.long	.Linfo_string215                @ DW_AT_name
	.byte	5                               @ DW_AT_decl_file
	.byte	64                              @ DW_AT_decl_line
	.byte	4                               @ Abbrev [4] 0x5d3:0x7 DW_TAG_base_type
	.long	.Linfo_string214                @ DW_AT_name
	.byte	7                               @ DW_AT_encoding
	.byte	4                               @ DW_AT_byte_size
	.byte	12                              @ Abbrev [12] 0x5da:0x7 DW_TAG_base_type
	.long	.Linfo_string216                @ DW_AT_name
	.byte	8                               @ DW_AT_byte_size
	.byte	7                               @ DW_AT_encoding
	.byte	6                               @ Abbrev [6] 0x5e1:0x5 DW_TAG_pointer_type
	.long	1510                            @ DW_AT_type
	.byte	13                              @ Abbrev [13] 0x5e6:0x15 DW_TAG_structure_type
	.long	.Linfo_string219                @ DW_AT_name
	.byte	2                               @ DW_AT_byte_size
	.byte	6                               @ DW_AT_decl_file
	.byte	74                              @ DW_AT_decl_line
	.byte	14                              @ Abbrev [14] 0x5ee:0xc DW_TAG_member
	.long	.Linfo_string218                @ DW_AT_name
	.long	1458                            @ DW_AT_type
	.byte	6                               @ DW_AT_decl_file
	.byte	77                              @ DW_AT_decl_line
	.byte	0                               @ DW_AT_data_member_location
	.byte	0                               @ End Of Children Mark
	.byte	15                              @ Abbrev [15] 0x5fb:0x11 DW_TAG_subprogram
	.long	.Lfunc_begin0                   @ DW_AT_low_pc
	.long	.Lfunc_end0-.Lfunc_begin0       @ DW_AT_high_pc
	.byte	1                               @ DW_AT_frame_base
	.byte	93
                                        @ DW_AT_GNU_all_call_sites
	.long	.Linfo_string220                @ DW_AT_name
	.byte	7                               @ DW_AT_decl_file
	.byte	43                              @ DW_AT_decl_line
                                        @ DW_AT_prototyped
                                        @ DW_AT_external
	.byte	16                              @ Abbrev [16] 0x60c:0x30 DW_TAG_subprogram
	.long	.Lfunc_begin1                   @ DW_AT_low_pc
	.long	.Lfunc_end1-.Lfunc_begin1       @ DW_AT_high_pc
	.byte	1                               @ DW_AT_frame_base
	.byte	93
                                        @ DW_AT_GNU_all_call_sites
	.long	.Linfo_string221                @ DW_AT_name
	.byte	7                               @ DW_AT_decl_file
	.byte	48                              @ DW_AT_decl_line
                                        @ DW_AT_prototyped
                                        @ DW_AT_external
	.byte	17                              @ Abbrev [17] 0x61d:0xf DW_TAG_variable
	.long	.Ldebug_loc0                    @ DW_AT_location
	.long	.Linfo_string222                @ DW_AT_name
	.byte	7                               @ DW_AT_decl_file
	.byte	50                              @ DW_AT_decl_line
	.long	1505                            @ DW_AT_type
	.byte	17                              @ Abbrev [17] 0x62c:0xf DW_TAG_variable
	.long	.Ldebug_loc1                    @ DW_AT_location
	.long	.Linfo_string223                @ DW_AT_name
	.byte	7                               @ DW_AT_decl_file
	.byte	52                              @ DW_AT_decl_line
	.long	1354                            @ DW_AT_type
	.byte	0                               @ End Of Children Mark
	.byte	0                               @ End Of Children Mark
.Ldebug_info_end0:
	.section	.debug_str,"MS",%progbits,1
.Linfo_string0:
	.asciz	"Component: Arm Compiler for Embedded 6.23 Tool: armclang [5f103000]" @ string offset=0
.Linfo_string1:
	.asciz	"../../../../../sdk/app_modules/src/app_diss\\app_diss.c" @ string offset=68
.Linfo_string2:
	.asciz	"C:\\Users\\teodor\\Desktop\\stem\\codeless\\6.0.24.1464\\projects\\target_apps\\ble_examples\\empty_peripheral_template\\Keil_5" @ string offset=123
.Linfo_string3:
	.asciz	"unsigned short"                @ string offset=240
.Linfo_string4:
	.asciz	"GAPM_CMP_EVT"                  @ string offset=255
.Linfo_string5:
	.asciz	"GAPM_DEVICE_READY_IND"         @ string offset=268
.Linfo_string6:
	.asciz	"GAPM_RESET_CMD"                @ string offset=290
.Linfo_string7:
	.asciz	"GAPM_CANCEL_CMD"               @ string offset=305
.Linfo_string8:
	.asciz	"GAPM_SET_DEV_CONFIG_CMD"       @ string offset=321
.Linfo_string9:
	.asciz	"GAPM_SET_CHANNEL_MAP_CMD"      @ string offset=345
.Linfo_string10:
	.asciz	"GAPM_GET_DEV_INFO_CMD"         @ string offset=370
.Linfo_string11:
	.asciz	"GAPM_DEV_VERSION_IND"          @ string offset=392
.Linfo_string12:
	.asciz	"GAPM_DEV_BDADDR_IND"           @ string offset=413
.Linfo_string13:
	.asciz	"GAPM_DEV_ADV_TX_POWER_IND"     @ string offset=433
.Linfo_string14:
	.asciz	"GAPM_DBG_MEM_INFO_IND"         @ string offset=459
.Linfo_string15:
	.asciz	"GAPM_WHITE_LIST_MGT_CMD"       @ string offset=481
.Linfo_string16:
	.asciz	"GAPM_WHITE_LIST_SIZE_IND"      @ string offset=505
.Linfo_string17:
	.asciz	"GAPM_START_ADVERTISE_CMD"      @ string offset=530
.Linfo_string18:
	.asciz	"GAPM_UPDATE_ADVERTISE_DATA_CMD" @ string offset=555
.Linfo_string19:
	.asciz	"GAPM_START_SCAN_CMD"           @ string offset=586
.Linfo_string20:
	.asciz	"GAPM_ADV_REPORT_IND"           @ string offset=606
.Linfo_string21:
	.asciz	"GAPM_START_CONNECTION_CMD"     @ string offset=626
.Linfo_string22:
	.asciz	"GAPM_PEER_NAME_IND"            @ string offset=652
.Linfo_string23:
	.asciz	"GAPM_CONNECTION_CFM"           @ string offset=671
.Linfo_string24:
	.asciz	"GAPM_RESOLV_ADDR_CMD"          @ string offset=691
.Linfo_string25:
	.asciz	"GAPM_ADDR_SOLVED_IND"          @ string offset=712
.Linfo_string26:
	.asciz	"GAPM_GEN_RAND_ADDR_CMD"        @ string offset=733
.Linfo_string27:
	.asciz	"GAPM_USE_ENC_BLOCK_CMD"        @ string offset=756
.Linfo_string28:
	.asciz	"GAPM_USE_ENC_BLOCK_IND"        @ string offset=779
.Linfo_string29:
	.asciz	"GAPM_GEN_RAND_NB_CMD"          @ string offset=802
.Linfo_string30:
	.asciz	"GAPM_GEN_RAND_NB_IND"          @ string offset=823
.Linfo_string31:
	.asciz	"GAPM_PROFILE_TASK_ADD_CMD"     @ string offset=844
.Linfo_string32:
	.asciz	"GAPM_PROFILE_ADDED_IND"        @ string offset=870
.Linfo_string33:
	.asciz	"GAPM_UNKNOWN_TASK_IND"         @ string offset=893
.Linfo_string34:
	.asciz	"GAPM_SUGG_DFLT_DATA_LEN_IND"   @ string offset=915
.Linfo_string35:
	.asciz	"GAPM_MAX_DATA_LEN_IND"         @ string offset=943
.Linfo_string36:
	.asciz	"GAPM_RAL_MGT_CMD"              @ string offset=965
.Linfo_string37:
	.asciz	"GAPM_RAL_SIZE_IND"             @ string offset=982
.Linfo_string38:
	.asciz	"GAPM_RAL_ADDR_IND"             @ string offset=1000
.Linfo_string39:
	.asciz	"GAPM_LIM_DISC_TO_IND"          @ string offset=1018
.Linfo_string40:
	.asciz	"GAPM_SCAN_TO_IND"              @ string offset=1039
.Linfo_string41:
	.asciz	"GAPM_ADDR_RENEW_TO_IND"        @ string offset=1056
.Linfo_string42:
	.asciz	"GAPM_UNKNOWN_TASK_MSG"         @ string offset=1079
.Linfo_string43:
	.asciz	"GAPM_USE_P256_BLOCK_CMD"       @ string offset=1101
.Linfo_string44:
	.asciz	"GAPM_USE_P256_BLOCK_IND"       @ string offset=1125
.Linfo_string45:
	.asciz	"GAPM_GEN_P256_KEY_CMD"         @ string offset=1149
.Linfo_string46:
	.asciz	"GAPM_GEN_P256_KEY_IND"         @ string offset=1171
.Linfo_string47:
	.asciz	"gapm_msg_id"                   @ string offset=1193
.Linfo_string48:
	.asciz	"unsigned char"                 @ string offset=1205
.Linfo_string49:
	.asciz	"TASK_LLM"                      @ string offset=1219
.Linfo_string50:
	.asciz	"TASK_LLC"                      @ string offset=1228
.Linfo_string51:
	.asciz	"TASK_LLD"                      @ string offset=1237
.Linfo_string52:
	.asciz	"TASK_DBG"                      @ string offset=1246
.Linfo_string53:
	.asciz	"TASK_APP"                      @ string offset=1255
.Linfo_string54:
	.asciz	"TASK_GTL"                      @ string offset=1264
.Linfo_string55:
	.asciz	"TASK_L2CC"                     @ string offset=1273
.Linfo_string56:
	.asciz	"TASK_GATTM"                    @ string offset=1283
.Linfo_string57:
	.asciz	"TASK_GATTC"                    @ string offset=1294
.Linfo_string58:
	.asciz	"TASK_GAPM"                     @ string offset=1305
.Linfo_string59:
	.asciz	"TASK_GAPC"                     @ string offset=1315
.Linfo_string60:
	.asciz	"TASK_RFU_1"                    @ string offset=1325
.Linfo_string61:
	.asciz	"TASK_RFU_2"                    @ string offset=1336
.Linfo_string62:
	.asciz	"TASK_RFU_3"                    @ string offset=1347
.Linfo_string63:
	.asciz	"TASK_RFU_4"                    @ string offset=1358
.Linfo_string64:
	.asciz	"TASK_RFU_5"                    @ string offset=1369
.Linfo_string65:
	.asciz	"TASK_PRF_MAX"                  @ string offset=1380
.Linfo_string66:
	.asciz	"TASK_MAX"                      @ string offset=1393
.Linfo_string67:
	.asciz	"TASK_NONE"                     @ string offset=1402
.Linfo_string68:
	.asciz	"KE_TASK_TYPE"                  @ string offset=1412
.Linfo_string69:
	.asciz	"GAPM_NO_OP"                    @ string offset=1425
.Linfo_string70:
	.asciz	"GAPM_RESET"                    @ string offset=1436
.Linfo_string71:
	.asciz	"GAPM_CANCEL"                   @ string offset=1447
.Linfo_string72:
	.asciz	"GAPM_SET_DEV_CONFIG"           @ string offset=1459
.Linfo_string73:
	.asciz	"GAPM_SET_CHANNEL_MAP"          @ string offset=1479
.Linfo_string74:
	.asciz	"GAPM_GET_DEV_VERSION"          @ string offset=1500
.Linfo_string75:
	.asciz	"GAPM_GET_DEV_BDADDR"           @ string offset=1521
.Linfo_string76:
	.asciz	"GAPM_GET_DEV_ADV_TX_POWER"     @ string offset=1541
.Linfo_string77:
	.asciz	"GAPM_GET_WLIST_SIZE"           @ string offset=1567
.Linfo_string78:
	.asciz	"GAPM_ADD_DEV_IN_WLIST"         @ string offset=1587
.Linfo_string79:
	.asciz	"GAPM_RMV_DEV_FRM_WLIST"        @ string offset=1609
.Linfo_string80:
	.asciz	"GAPM_CLEAR_WLIST"              @ string offset=1632
.Linfo_string81:
	.asciz	"GAPM_ADV_NON_CONN"             @ string offset=1649
.Linfo_string82:
	.asciz	"GAPM_ADV_UNDIRECT"             @ string offset=1667
.Linfo_string83:
	.asciz	"GAPM_ADV_DIRECT"               @ string offset=1685
.Linfo_string84:
	.asciz	"GAPM_ADV_DIRECT_LDC"           @ string offset=1701
.Linfo_string85:
	.asciz	"GAPM_UPDATE_ADVERTISE_DATA"    @ string offset=1721
.Linfo_string86:
	.asciz	"GAPM_SCAN_ACTIVE"              @ string offset=1748
.Linfo_string87:
	.asciz	"GAPM_SCAN_PASSIVE"             @ string offset=1765
.Linfo_string88:
	.asciz	"GAPM_CONNECTION_DIRECT"        @ string offset=1783
.Linfo_string89:
	.asciz	"GAPM_CONNECTION_AUTO"          @ string offset=1806
.Linfo_string90:
	.asciz	"GAPM_CONNECTION_SELECTIVE"     @ string offset=1827
.Linfo_string91:
	.asciz	"GAPM_CONNECTION_NAME_REQUEST"  @ string offset=1853
.Linfo_string92:
	.asciz	"GAPM_RESOLV_ADDR"              @ string offset=1882
.Linfo_string93:
	.asciz	"GAPM_GEN_RAND_ADDR"            @ string offset=1899
.Linfo_string94:
	.asciz	"GAPM_USE_ENC_BLOCK"            @ string offset=1918
.Linfo_string95:
	.asciz	"GAPM_GEN_RAND_NB"              @ string offset=1937
.Linfo_string96:
	.asciz	"GAPM_PROFILE_TASK_ADD"         @ string offset=1954
.Linfo_string97:
	.asciz	"GAPM_DBG_GET_MEM_INFO"         @ string offset=1976
.Linfo_string98:
	.asciz	"GAPM_PLF_RESET"                @ string offset=1998
.Linfo_string99:
	.asciz	"GAPM_SET_SUGGESTED_DFLT_LE_DATA_LEN" @ string offset=2013
.Linfo_string100:
	.asciz	"GAPM_GET_SUGGESTED_DFLT_LE_DATA_LEN" @ string offset=2049
.Linfo_string101:
	.asciz	"GAPM_GET_MAX_LE_DATA_LEN"      @ string offset=2085
.Linfo_string102:
	.asciz	"GAPM_GET_RAL_SIZE"             @ string offset=2110
.Linfo_string103:
	.asciz	"GAPM_GET_RAL_LOC_ADDR"         @ string offset=2128
.Linfo_string104:
	.asciz	"GAPM_GET_RAL_PEER_ADDR"        @ string offset=2150
.Linfo_string105:
	.asciz	"GAPM_ADD_DEV_IN_RAL"           @ string offset=2173
.Linfo_string106:
	.asciz	"GAPM_RMV_DEV_FRM_RAL"          @ string offset=2193
.Linfo_string107:
	.asciz	"GAPM_CLEAR_RAL"                @ string offset=2214
.Linfo_string108:
	.asciz	"GAPM_USE_P256_BLOCK"           @ string offset=2229
.Linfo_string109:
	.asciz	"GAPM_NETWORK_MODE_RAL"         @ string offset=2249
.Linfo_string110:
	.asciz	"GAPM_DEVICE_MODE_RAL"          @ string offset=2271
.Linfo_string111:
	.asciz	"GAPM_KEY_RENEW"                @ string offset=2292
.Linfo_string112:
	.asciz	"GAPM_GEN_P256_KEY"             @ string offset=2307
.Linfo_string113:
	.asciz	"GAPM_LAST"                     @ string offset=2325
.Linfo_string114:
	.asciz	"gapm_operation"                @ string offset=2335
.Linfo_string115:
	.asciz	"TASK_ID_LLM"                   @ string offset=2350
.Linfo_string116:
	.asciz	"TASK_ID_LLC"                   @ string offset=2362
.Linfo_string117:
	.asciz	"TASK_ID_LLD"                   @ string offset=2374
.Linfo_string118:
	.asciz	"TASK_ID_DBG"                   @ string offset=2386
.Linfo_string119:
	.asciz	"TASK_ID_LM"                    @ string offset=2398
.Linfo_string120:
	.asciz	"TASK_ID_LC"                    @ string offset=2409
.Linfo_string121:
	.asciz	"TASK_ID_LB"                    @ string offset=2420
.Linfo_string122:
	.asciz	"TASK_ID_LD"                    @ string offset=2431
.Linfo_string123:
	.asciz	"TASK_ID_HCI"                   @ string offset=2442
.Linfo_string124:
	.asciz	"TASK_ID_DISPLAY"               @ string offset=2454
.Linfo_string125:
	.asciz	"TASK_ID_L2CC"                  @ string offset=2470
.Linfo_string126:
	.asciz	"TASK_ID_GATTM"                 @ string offset=2483
.Linfo_string127:
	.asciz	"TASK_ID_GATTC"                 @ string offset=2497
.Linfo_string128:
	.asciz	"TASK_ID_GAPM"                  @ string offset=2511
.Linfo_string129:
	.asciz	"TASK_ID_GAPC"                  @ string offset=2524
.Linfo_string130:
	.asciz	"TASK_ID_APP"                   @ string offset=2537
.Linfo_string131:
	.asciz	"TASK_ID_GTL"                   @ string offset=2549
.Linfo_string132:
	.asciz	"TASK_ID_DISS"                  @ string offset=2561
.Linfo_string133:
	.asciz	"TASK_ID_DISC"                  @ string offset=2574
.Linfo_string134:
	.asciz	"TASK_ID_PROXM"                 @ string offset=2587
.Linfo_string135:
	.asciz	"TASK_ID_PROXR"                 @ string offset=2601
.Linfo_string136:
	.asciz	"TASK_ID_FINDL"                 @ string offset=2615
.Linfo_string137:
	.asciz	"TASK_ID_FINDT"                 @ string offset=2629
.Linfo_string138:
	.asciz	"TASK_ID_HTPC"                  @ string offset=2643
.Linfo_string139:
	.asciz	"TASK_ID_HTPT"                  @ string offset=2656
.Linfo_string140:
	.asciz	"TASK_ID_BLPS"                  @ string offset=2669
.Linfo_string141:
	.asciz	"TASK_ID_BLPC"                  @ string offset=2682
.Linfo_string142:
	.asciz	"TASK_ID_HRPS"                  @ string offset=2695
.Linfo_string143:
	.asciz	"TASK_ID_HRPC"                  @ string offset=2708
.Linfo_string144:
	.asciz	"TASK_ID_TIPS"                  @ string offset=2721
.Linfo_string145:
	.asciz	"TASK_ID_TIPC"                  @ string offset=2734
.Linfo_string146:
	.asciz	"TASK_ID_SCPPS"                 @ string offset=2747
.Linfo_string147:
	.asciz	"TASK_ID_SCPPC"                 @ string offset=2761
.Linfo_string148:
	.asciz	"TASK_ID_BASS"                  @ string offset=2775
.Linfo_string149:
	.asciz	"TASK_ID_BASC"                  @ string offset=2788
.Linfo_string150:
	.asciz	"TASK_ID_HOGPD"                 @ string offset=2801
.Linfo_string151:
	.asciz	"TASK_ID_HOGPBH"                @ string offset=2815
.Linfo_string152:
	.asciz	"TASK_ID_HOGPRH"                @ string offset=2830
.Linfo_string153:
	.asciz	"TASK_ID_GLPS"                  @ string offset=2845
.Linfo_string154:
	.asciz	"TASK_ID_GLPC"                  @ string offset=2858
.Linfo_string155:
	.asciz	"TASK_ID_RSCPS"                 @ string offset=2871
.Linfo_string156:
	.asciz	"TASK_ID_RSCPC"                 @ string offset=2885
.Linfo_string157:
	.asciz	"TASK_ID_CSCPS"                 @ string offset=2899
.Linfo_string158:
	.asciz	"TASK_ID_CSCPC"                 @ string offset=2913
.Linfo_string159:
	.asciz	"TASK_ID_ANPS"                  @ string offset=2927
.Linfo_string160:
	.asciz	"TASK_ID_ANPC"                  @ string offset=2940
.Linfo_string161:
	.asciz	"TASK_ID_PASPS"                 @ string offset=2953
.Linfo_string162:
	.asciz	"TASK_ID_PASPC"                 @ string offset=2967
.Linfo_string163:
	.asciz	"TASK_ID_CPPS"                  @ string offset=2981
.Linfo_string164:
	.asciz	"TASK_ID_CPPC"                  @ string offset=2994
.Linfo_string165:
	.asciz	"TASK_ID_LANS"                  @ string offset=3007
.Linfo_string166:
	.asciz	"TASK_ID_LANC"                  @ string offset=3020
.Linfo_string167:
	.asciz	"TASK_ID_BMSS"                  @ string offset=3033
.Linfo_string168:
	.asciz	"TASK_ID_BMSC"                  @ string offset=3046
.Linfo_string169:
	.asciz	"TASK_ID_BCSS"                  @ string offset=3059
.Linfo_string170:
	.asciz	"TASK_ID_BCSC"                  @ string offset=3072
.Linfo_string171:
	.asciz	"TASK_ID_UDSS"                  @ string offset=3085
.Linfo_string172:
	.asciz	"TASK_ID_UDSC"                  @ string offset=3098
.Linfo_string173:
	.asciz	"TASK_ID_WSSS"                  @ string offset=3111
.Linfo_string174:
	.asciz	"TASK_ID_WSSC"                  @ string offset=3124
.Linfo_string175:
	.asciz	"TASK_ID_CTSS"                  @ string offset=3137
.Linfo_string176:
	.asciz	"TASK_ID_CTSC"                  @ string offset=3150
.Linfo_string177:
	.asciz	"TASK_ID_ANCC"                  @ string offset=3163
.Linfo_string178:
	.asciz	"TASK_ID_GATT_CLIENT"           @ string offset=3176
.Linfo_string179:
	.asciz	"TASK_ID_CGMS"                  @ string offset=3196
.Linfo_string180:
	.asciz	"TASK_ID_CGMC"                  @ string offset=3209
.Linfo_string181:
	.asciz	"TASK_ID_PLXS"                  @ string offset=3222
.Linfo_string182:
	.asciz	"TASK_ID_PLXC"                  @ string offset=3235
.Linfo_string183:
	.asciz	"TASK_ID_FSP_EXT"               @ string offset=3248
.Linfo_string184:
	.asciz	"TASK_ID_SUOTAR"                @ string offset=3264
.Linfo_string185:
	.asciz	"TASK_ID_CUSTS1"                @ string offset=3279
.Linfo_string186:
	.asciz	"TASK_ID_CUSTS2"                @ string offset=3294
.Linfo_string187:
	.asciz	"TASK_ID_INVALID"               @ string offset=3309
.Linfo_string188:
	.asciz	"KE_API_ID"                     @ string offset=3325
.Linfo_string189:
	.asciz	"SRV_PERM_DISABLE"              @ string offset=3335
.Linfo_string190:
	.asciz	"SRV_PERM_ENABLE"               @ string offset=3352
.Linfo_string191:
	.asciz	"SRV_PERM_UNAUTH"               @ string offset=3368
.Linfo_string192:
	.asciz	"SRV_PERM_AUTH"                 @ string offset=3384
.Linfo_string193:
	.asciz	"SRV_PERM_SECURE"               @ string offset=3398
.Linfo_string194:
	.asciz	"app_prf_srv_perm"              @ string offset=3414
.Linfo_string195:
	.asciz	"DIS_MANUFACTURER_NAME_CHAR_SUP" @ string offset=3431
.Linfo_string196:
	.asciz	"DIS_MODEL_NB_STR_CHAR_SUP"     @ string offset=3462
.Linfo_string197:
	.asciz	"DIS_SERIAL_NB_STR_CHAR_SUP"    @ string offset=3488
.Linfo_string198:
	.asciz	"DIS_HARD_REV_STR_CHAR_SUP"     @ string offset=3515
.Linfo_string199:
	.asciz	"DIS_FIRM_REV_STR_CHAR_SUP"     @ string offset=3541
.Linfo_string200:
	.asciz	"DIS_SW_REV_STR_CHAR_SUP"       @ string offset=3567
.Linfo_string201:
	.asciz	"DIS_SYSTEM_ID_CHAR_SUP"        @ string offset=3591
.Linfo_string202:
	.asciz	"DIS_IEEE_CHAR_SUP"             @ string offset=3614
.Linfo_string203:
	.asciz	"DIS_PNP_ID_CHAR_SUP"           @ string offset=3632
.Linfo_string204:
	.asciz	"DIS_ALL_FEAT_SUP"              @ string offset=3652
.Linfo_string205:
	.asciz	"diss_features"                 @ string offset=3669
.Linfo_string206:
	.asciz	"operation"                     @ string offset=3683
.Linfo_string207:
	.asciz	"uint8_t"                       @ string offset=3693
.Linfo_string208:
	.asciz	"sec_lvl"                       @ string offset=3701
.Linfo_string209:
	.asciz	"prf_task_id"                   @ string offset=3709
.Linfo_string210:
	.asciz	"uint16_t"                      @ string offset=3721
.Linfo_string211:
	.asciz	"app_task"                      @ string offset=3730
.Linfo_string212:
	.asciz	"start_hdl"                     @ string offset=3739
.Linfo_string213:
	.asciz	"param"                         @ string offset=3749
.Linfo_string214:
	.asciz	"unsigned int"                  @ string offset=3755
.Linfo_string215:
	.asciz	"uint32_t"                      @ string offset=3768
.Linfo_string216:
	.asciz	"__ARRAY_SIZE_TYPE__"           @ string offset=3777
.Linfo_string217:
	.asciz	"gapm_profile_task_add_cmd"     @ string offset=3797
.Linfo_string218:
	.asciz	"features"                      @ string offset=3823
.Linfo_string219:
	.asciz	"diss_db_cfg"                   @ string offset=3832
.Linfo_string220:
	.asciz	"app_dis_init"                  @ string offset=3844
.Linfo_string221:
	.asciz	"app_diss_create_db"            @ string offset=3857
.Linfo_string222:
	.asciz	"db_cfg"                        @ string offset=3876
.Linfo_string223:
	.asciz	"req"                           @ string offset=3883
	.ident	"Component: Arm Compiler for Embedded 6.23 Tool: armclang [5f103000]"
	.section	".note.GNU-stack","",%progbits
	.eabi_attribute	30, 4	@ Tag_ABI_optimization_goals
	.ARM_attribute	16, 1	@ Tag_AV_eba
	.section	.debug_line,"",%progbits
.Lline_table_start0:
