	.text
	.syntax unified
	.eabi_attribute	67, "2.09"	@ Tag_conformance
	.cpu	cortex-m0plus
	.eabi_attribute	6, 12	@ Tag_CPU_arch
	.eabi_attribute	7, 77	@ Tag_CPU_arch_profile
	.eabi_attribute	8, 0	@ Tag_ARM_ISA_use
	.eabi_attribute	9, 1	@ Tag_THUMB_ISA_use
	.eabi_attribute	34, 0	@ Tag_CPU_unaligned_access
	.eabi_attribute	17, 1	@ Tag_ABI_PCS_GOT_use
	.eabi_attribute	20, 2	@ Tag_ABI_FP_denormal
	.eabi_attribute	21, 0	@ Tag_ABI_FP_exceptions
	.eabi_attribute	23, 1	@ Tag_ABI_FP_number_model
	.eabi_attribute	24, 1	@ Tag_ABI_align_needed
	.eabi_attribute	25, 1	@ Tag_ABI_align_preserved
	.eabi_attribute	38, 1	@ Tag_ABI_FP_16bit_format
	.eabi_attribute	18, 2	@ Tag_ABI_PCS_wchar_t
	.eabi_attribute	26, 1	@ Tag_ABI_enum_size
	.eabi_attribute	14, 0	@ Tag_ABI_PCS_R9_use
	.file	"app_utils.c"
	.file	1 "C:\\Users\\teodor\\Desktop\\stem\\codeless\\6.0.24.1464\\projects\\target_apps\\ble_examples\\empty_peripheral_template\\Keil_5" "./../../../../../sdk/platform/driver/hw_otpc\\hw_otpc_531.h"
	.file	2 "C:\\Users\\teodor" "AppData\\Local\\Keil_v5\\ARM\\ARMCLANG\\bin\\..\\include\\stdint.h"
	.hidden	app_generate_static_key         @ -- Begin function app_generate_static_key
	.globl	app_generate_static_key
	.p2align	1
	.type	app_generate_static_key,%function
	.code	16                              @ @app_generate_static_key
	.thumb_func
app_generate_static_key:
.Lfunc_begin0:
	.file	3 "C:\\Users\\teodor\\Desktop\\stem\\codeless\\6.0.24.1464\\projects\\target_apps\\ble_examples\\empty_peripheral_template\\Keil_5" "../../../../../sdk/app_modules/src/app_common/app_utils.c"
	.loc	3 202 0                         @ ../../../../../sdk/app_modules/src/app_common/app_utils.c:202:0
	.fnstart
	.cfi_sections .debug_frame
	.cfi_startproc
@ %bb.0:
	@DEBUG_VALUE: app_generate_static_key:otp_seed <- $r0
	@DEBUG_VALUE: app_generate_static_key:key <- $r1
	@DEBUG_VALUE: app_generate_static_key:key_len <- $r2
	.save	{r4, r5, r6, r7, lr}
	.pad	#4
	push	{r3, r4, r5, r6, r7, lr}
	.cfi_def_cfa_offset 24
	.cfi_offset lr, -4
	.cfi_offset r7, -8
	.cfi_offset r6, -12
	.cfi_offset r5, -16
	.cfi_offset r4, -20
	mov	r6, r2
.Ltmp0:
	@DEBUG_VALUE: app_generate_static_key:key_len <- $r6
	mov	r5, r1
.Ltmp1:
	@DEBUG_VALUE: app_generate_static_key:key <- $r5
	mov	r4, r0
.Ltmp2:
	@DEBUG_VALUE: app_generate_static_key:otp_seed <- $r4
	.loc	3 203 5 prologue_end            @ ../../../../../sdk/app_modules/src/app_common/app_utils.c:203:5
	mov	r0, r1
	mov	r1, r2
	bl	__aeabi_memclr
.Ltmp3:
	.loc	3 204 68                        @ ../../../../../sdk/app_modules/src/app_common/app_utils.c:204:68
	ldrb	r7, [r4, #16]
.Ltmp4:
	@DEBUG_VALUE: app_get_otp_static_key:len_out <- undef
	@DEBUG_VALUE: app_get_otp_static_key:seed_len <- undef
	@DEBUG_VALUE: app_get_otp_static_key:key <- $r5
	@DEBUG_VALUE: app_get_otp_static_key:seed <- $r4
	.loc	3 181 9                         @ ../../../../../sdk/app_modules/src/app_common/app_utils.c:181:9
	cmp	r7, r6
	bls	.LBB0_2
.Ltmp5:
@ %bb.1:
	@DEBUG_VALUE: app_generate_static_key:otp_seed <- $r4
	@DEBUG_VALUE: app_generate_static_key:key <- $r5
	@DEBUG_VALUE: app_generate_static_key:key_len <- $r6
	.loc	3 205 9                         @ ../../../../../sdk/app_modules/src/app_common/app_utils.c:205:9
	@APP
	bkpt	#0
	@NO_APP
	b	.LBB0_6
.Ltmp6:
.LBB0_2:
	@DEBUG_VALUE: app_get_otp_static_key:seed <- $r4
	@DEBUG_VALUE: app_get_otp_static_key:key <- $r5
	@DEBUG_VALUE: app_generate_static_key:otp_seed <- $r4
	@DEBUG_VALUE: app_generate_static_key:key <- $r5
	@DEBUG_VALUE: app_generate_static_key:key_len <- $r6
	.loc	3 183 9                         @ ../../../../../sdk/app_modules/src/app_common/app_utils.c:183:9
	bl	hw_otpc_init
.Ltmp7:
	.loc	3 0 9 is_stmt 0                 @ ../../../../../sdk/app_modules/src/app_common/app_utils.c:0:9
	movs	r0, #2
	.loc	3 186 9 is_stmt 1               @ ../../../../../sdk/app_modules/src/app_common/app_utils.c:186:9
	bl	hw_otpc_enter_mode
.Ltmp8:
	@DEBUG_VALUE: i <- 0
	.loc	3 0 9 is_stmt 0                 @ ../../../../../sdk/app_modules/src/app_common/app_utils.c:0:9
	lsrs	r6, r7, #2
.Ltmp9:
	@DEBUG_VALUE: app_generate_static_key:key_len <- [DW_OP_LLVM_entry_value 1] $r2
	mov	r7, r4
.Ltmp10:
.LBB0_3:                                @ =>This Inner Loop Header: Depth=1
	@DEBUG_VALUE: app_generate_static_key:key_len <- [DW_OP_LLVM_entry_value 1] $r2
	@DEBUG_VALUE: app_get_otp_static_key:seed <- $r4
	@DEBUG_VALUE: app_generate_static_key:otp_seed <- $r4
	@DEBUG_VALUE: i <- [DW_OP_LLVM_arg 0, DW_OP_LLVM_arg 1, DW_OP_minus, DW_OP_consts 4, DW_OP_div, DW_OP_stack_value] $r7, $r4
	.loc	3 190 9 is_stmt 1               @ ../../../../../sdk/app_modules/src/app_common/app_utils.c:190:9
	cmp	r6, #0
	beq	.LBB0_5
.Ltmp11:
@ %bb.4:                                @   in Loop: Header=BB0_3 Depth=1
	@DEBUG_VALUE: i <- [DW_OP_LLVM_arg 0, DW_OP_LLVM_arg 1, DW_OP_minus, DW_OP_consts 4, DW_OP_div, DW_OP_stack_value] $r7, $r4
	@DEBUG_VALUE: app_generate_static_key:key_len <- [DW_OP_LLVM_entry_value 1] $r2
	@DEBUG_VALUE: app_get_otp_static_key:seed <- $r4
	@DEBUG_VALUE: app_generate_static_key:otp_seed <- $r4
	.loc	3 191 69                        @ ../../../../../sdk/app_modules/src/app_common/app_utils.c:191:69
	ldm	r7!, {r0}
.Ltmp12:
	.loc	3 191 56 is_stmt 0              @ ../../../../../sdk/app_modules/src/app_common/app_utils.c:191:56
	ldr	r0, [r0]
	.loc	3 191 51                        @ ../../../../../sdk/app_modules/src/app_common/app_utils.c:191:51
	bl	hash
.Ltmp13:
	@DEBUG_VALUE: co_write32p:ptr <- [DW_OP_LLVM_arg 0, DW_OP_LLVM_arg 0, DW_OP_minus, DW_OP_consts 4, DW_OP_div, DW_OP_consts 4, DW_OP_mul, DW_OP_consts 1, DW_OP_LLVM_arg 0, DW_OP_plus, DW_OP_plus, DW_OP_stack_value] undef
	@DEBUG_VALUE: co_write32p:ptr32 <- [DW_OP_LLVM_arg 0, DW_OP_LLVM_arg 0, DW_OP_minus, DW_OP_consts 4, DW_OP_div, DW_OP_consts 4, DW_OP_mul, DW_OP_LLVM_arg 0, DW_OP_plus, DW_OP_stack_value] undef
	@DEBUG_VALUE: co_write32p:value <- $r0
	.file	4 "C:\\Users\\teodor\\Desktop\\stem\\codeless\\6.0.24.1464\\projects\\target_apps\\ble_examples\\empty_peripheral_template\\Keil_5" "./../../../../../sdk/platform/core_modules/common/api\\co_utils.h"
	.loc	4 267 12 is_stmt 1              @ ./../../../../../sdk/platform/core_modules/common/api\co_utils.h:267:12
	strb	r0, [r5]
	.loc	4 270 40                        @ ./../../../../../sdk/platform/core_modules/common/api\co_utils.h:270:40
	lsrs	r1, r0, #24
	.loc	4 270 10 is_stmt 0              @ ./../../../../../sdk/platform/core_modules/common/api\co_utils.h:270:10
	strb	r1, [r5, #3]
	.loc	4 269 40 is_stmt 1              @ ./../../../../../sdk/platform/core_modules/common/api\co_utils.h:269:40
	lsrs	r1, r0, #16
.Ltmp14:
	@DEBUG_VALUE: co_write32p:ptr <- [DW_OP_LLVM_arg 0, DW_OP_LLVM_arg 0, DW_OP_minus, DW_OP_consts 4, DW_OP_div, DW_OP_consts 4, DW_OP_mul, DW_OP_consts 3, DW_OP_LLVM_arg 0, DW_OP_plus, DW_OP_plus, DW_OP_stack_value] undef
	.loc	4 269 12 is_stmt 0              @ ./../../../../../sdk/platform/core_modules/common/api\co_utils.h:269:12
	strb	r1, [r5, #2]
	.loc	4 268 38 is_stmt 1              @ ./../../../../../sdk/platform/core_modules/common/api\co_utils.h:268:38
	lsrs	r0, r0, #8
.Ltmp15:
	@DEBUG_VALUE: co_write32p:ptr <- [DW_OP_LLVM_arg 0, DW_OP_LLVM_arg 0, DW_OP_minus, DW_OP_consts 4, DW_OP_div, DW_OP_consts 4, DW_OP_mul, DW_OP_consts 2, DW_OP_LLVM_arg 0, DW_OP_plus, DW_OP_plus, DW_OP_stack_value] undef
	.loc	4 268 12 is_stmt 0              @ ./../../../../../sdk/platform/core_modules/common/api\co_utils.h:268:12
	strb	r0, [r5, #1]
.Ltmp16:
	.loc	3 190 9 is_stmt 1               @ ../../../../../sdk/app_modules/src/app_common/app_utils.c:190:9
	subs	r6, r6, #1
.Ltmp17:
	@DEBUG_VALUE: i <- [DW_OP_LLVM_arg 0, DW_OP_LLVM_arg 1, DW_OP_minus, DW_OP_consts 4, DW_OP_div, DW_OP_consts 1, DW_OP_plus, DW_OP_stack_value] $r7, $r4
	adds	r5, r5, #4
.Ltmp18:
	@DEBUG_VALUE: app_generate_static_key:key <- [DW_OP_LLVM_entry_value 1] $r1
	b	.LBB0_3
.Ltmp19:
.LBB0_5:
	@DEBUG_VALUE: app_generate_static_key:key_len <- [DW_OP_LLVM_entry_value 1] $r2
	@DEBUG_VALUE: app_get_otp_static_key:seed <- $r4
	@DEBUG_VALUE: app_generate_static_key:otp_seed <- $r4
	.loc	3 193 9                         @ ../../../../../sdk/app_modules/src/app_common/app_utils.c:193:9
	bl	hw_otpc_disable
.Ltmp20:
.LBB0_6:
	@DEBUG_VALUE: app_generate_static_key:otp_seed <- $r4
	.loc	3 207 22                        @ ../../../../../sdk/app_modules/src/app_common/app_utils.c:207:22
	ldrb	r0, [r4, #16]
	.loc	3 207 5 epilogue_begin is_stmt 0 @ ../../../../../sdk/app_modules/src/app_common/app_utils.c:207:5
	pop	{r3, r4, r5, r6, r7, pc}
.Ltmp21:
.Lfunc_end0:
	.size	app_generate_static_key, .Lfunc_end0-app_generate_static_key
	.cfi_endproc
	.cantunwind
	.fnend
                                        @ -- End function
	.file	5 "C:\\Users\\teodor\\Desktop\\stem\\codeless\\6.0.24.1464\\projects\\target_apps\\ble_examples\\empty_peripheral_template\\Keil_5" "./../../../../../sdk/app_modules/api\\app_utils.h"
	.section	.debug_loc,"",%progbits
.Ldebug_loc0:
	.long	.Lfunc_begin0-.Lfunc_begin0
	.long	.Ltmp2-.Lfunc_begin0
	.short	1                               @ Loc expr size
	.byte	80                              @ DW_OP_reg0
	.long	.Ltmp2-.Lfunc_begin0
	.long	.Ltmp21-.Lfunc_begin0
	.short	1                               @ Loc expr size
	.byte	84                              @ DW_OP_reg4
	.long	0
	.long	0
.Ldebug_loc1:
	.long	.Lfunc_begin0-.Lfunc_begin0
	.long	.Ltmp1-.Lfunc_begin0
	.short	1                               @ Loc expr size
	.byte	81                              @ DW_OP_reg1
	.long	.Ltmp1-.Lfunc_begin0
	.long	.Ltmp10-.Lfunc_begin0
	.short	1                               @ Loc expr size
	.byte	85                              @ DW_OP_reg5
	.long	.Ltmp18-.Lfunc_begin0
	.long	.Ltmp19-.Lfunc_begin0
	.short	4                               @ Loc expr size
	.byte	243                             @ DW_OP_GNU_entry_value
	.byte	1                               @ 1
	.byte	81                              @ DW_OP_reg1
	.byte	159                             @ DW_OP_stack_value
	.long	0
	.long	0
.Ldebug_loc2:
	.long	.Lfunc_begin0-.Lfunc_begin0
	.long	.Ltmp0-.Lfunc_begin0
	.short	1                               @ Loc expr size
	.byte	82                              @ DW_OP_reg2
	.long	.Ltmp0-.Lfunc_begin0
	.long	.Ltmp9-.Lfunc_begin0
	.short	1                               @ Loc expr size
	.byte	86                              @ DW_OP_reg6
	.long	.Ltmp9-.Lfunc_begin0
	.long	.Ltmp20-.Lfunc_begin0
	.short	4                               @ Loc expr size
	.byte	243                             @ DW_OP_GNU_entry_value
	.byte	1                               @ 1
	.byte	82                              @ DW_OP_reg2
	.byte	159                             @ DW_OP_stack_value
	.long	0
	.long	0
.Ldebug_loc3:
	.long	.Ltmp4-.Lfunc_begin0
	.long	.Ltmp5-.Lfunc_begin0
	.short	1                               @ Loc expr size
	.byte	85                              @ DW_OP_reg5
	.long	.Ltmp6-.Lfunc_begin0
	.long	.Ltmp10-.Lfunc_begin0
	.short	1                               @ Loc expr size
	.byte	85                              @ DW_OP_reg5
	.long	0
	.long	0
.Ldebug_loc4:
	.long	.Ltmp4-.Lfunc_begin0
	.long	.Ltmp5-.Lfunc_begin0
	.short	1                               @ Loc expr size
	.byte	84                              @ DW_OP_reg4
	.long	.Ltmp6-.Lfunc_begin0
	.long	.Ltmp20-.Lfunc_begin0
	.short	1                               @ Loc expr size
	.byte	84                              @ DW_OP_reg4
	.long	0
	.long	0
.Ldebug_loc5:
	.long	.Ltmp10-.Lfunc_begin0
	.long	.Ltmp12-.Lfunc_begin0
	.short	9                               @ Loc expr size
	.byte	119                             @ DW_OP_breg7
	.byte	0                               @ 0
	.byte	116                             @ DW_OP_breg4
	.byte	0                               @ 0
	.byte	28                              @ DW_OP_minus
	.byte	17                              @ DW_OP_consts
	.byte	4                               @ 4
	.byte	27                              @ DW_OP_div
	.byte	159                             @ DW_OP_stack_value
	.long	.Ltmp17-.Lfunc_begin0
	.long	.Ltmp19-.Lfunc_begin0
	.short	12                              @ Loc expr size
	.byte	119                             @ DW_OP_breg7
	.byte	0                               @ 0
	.byte	116                             @ DW_OP_breg4
	.byte	0                               @ 0
	.byte	28                              @ DW_OP_minus
	.byte	17                              @ DW_OP_consts
	.byte	4                               @ 4
	.byte	27                              @ DW_OP_div
	.byte	17                              @ DW_OP_consts
	.byte	1                               @ 1
	.byte	34                              @ DW_OP_plus
	.byte	159                             @ DW_OP_stack_value
	.long	0
	.long	0
.Ldebug_loc6:
	.long	.Ltmp13-.Lfunc_begin0
	.long	.Ltmp15-.Lfunc_begin0
	.short	1                               @ Loc expr size
	.byte	80                              @ DW_OP_reg0
	.long	0
	.long	0
	.section	.debug_abbrev,"",%progbits
	.byte	1                               @ Abbreviation Code
	.byte	17                              @ DW_TAG_compile_unit
	.byte	1                               @ DW_CHILDREN_yes
	.byte	37                              @ DW_AT_producer
	.byte	14                              @ DW_FORM_strp
	.byte	19                              @ DW_AT_language
	.byte	5                               @ DW_FORM_data2
	.byte	3                               @ DW_AT_name
	.byte	14                              @ DW_FORM_strp
	.byte	16                              @ DW_AT_stmt_list
	.byte	23                              @ DW_FORM_sec_offset
	.byte	27                              @ DW_AT_comp_dir
	.byte	14                              @ DW_FORM_strp
	.byte	17                              @ DW_AT_low_pc
	.byte	1                               @ DW_FORM_addr
	.byte	18                              @ DW_AT_high_pc
	.byte	6                               @ DW_FORM_data4
	.byte	0                               @ EOM(1)
	.byte	0                               @ EOM(2)
	.byte	2                               @ Abbreviation Code
	.byte	4                               @ DW_TAG_enumeration_type
	.byte	1                               @ DW_CHILDREN_yes
	.byte	73                              @ DW_AT_type
	.byte	19                              @ DW_FORM_ref4
	.byte	11                              @ DW_AT_byte_size
	.byte	11                              @ DW_FORM_data1
	.byte	58                              @ DW_AT_decl_file
	.byte	11                              @ DW_FORM_data1
	.byte	59                              @ DW_AT_decl_line
	.byte	11                              @ DW_FORM_data1
	.byte	0                               @ EOM(1)
	.byte	0                               @ EOM(2)
	.byte	3                               @ Abbreviation Code
	.byte	40                              @ DW_TAG_enumerator
	.byte	0                               @ DW_CHILDREN_no
	.byte	3                               @ DW_AT_name
	.byte	14                              @ DW_FORM_strp
	.byte	28                              @ DW_AT_const_value
	.byte	15                              @ DW_FORM_udata
	.byte	0                               @ EOM(1)
	.byte	0                               @ EOM(2)
	.byte	4                               @ Abbreviation Code
	.byte	36                              @ DW_TAG_base_type
	.byte	0                               @ DW_CHILDREN_no
	.byte	3                               @ DW_AT_name
	.byte	14                              @ DW_FORM_strp
	.byte	62                              @ DW_AT_encoding
	.byte	11                              @ DW_FORM_data1
	.byte	11                              @ DW_AT_byte_size
	.byte	11                              @ DW_FORM_data1
	.byte	0                               @ EOM(1)
	.byte	0                               @ EOM(2)
	.byte	5                               @ Abbreviation Code
	.byte	15                              @ DW_TAG_pointer_type
	.byte	0                               @ DW_CHILDREN_no
	.byte	73                              @ DW_AT_type
	.byte	19                              @ DW_FORM_ref4
	.byte	0                               @ EOM(1)
	.byte	0                               @ EOM(2)
	.byte	6                               @ Abbreviation Code
	.byte	22                              @ DW_TAG_typedef
	.byte	0                               @ DW_CHILDREN_no
	.byte	73                              @ DW_AT_type
	.byte	19                              @ DW_FORM_ref4
	.byte	3                               @ DW_AT_name
	.byte	14                              @ DW_FORM_strp
	.byte	58                              @ DW_AT_decl_file
	.byte	11                              @ DW_FORM_data1
	.byte	59                              @ DW_AT_decl_line
	.byte	11                              @ DW_FORM_data1
	.byte	0                               @ EOM(1)
	.byte	0                               @ EOM(2)
	.byte	7                               @ Abbreviation Code
	.byte	46                              @ DW_TAG_subprogram
	.byte	1                               @ DW_CHILDREN_yes
	.byte	3                               @ DW_AT_name
	.byte	14                              @ DW_FORM_strp
	.byte	58                              @ DW_AT_decl_file
	.byte	11                              @ DW_FORM_data1
	.byte	59                              @ DW_AT_decl_line
	.byte	11                              @ DW_FORM_data1
	.byte	39                              @ DW_AT_prototyped
	.byte	25                              @ DW_FORM_flag_present
	.byte	73                              @ DW_AT_type
	.byte	19                              @ DW_FORM_ref4
	.byte	32                              @ DW_AT_inline
	.byte	11                              @ DW_FORM_data1
	.byte	0                               @ EOM(1)
	.byte	0                               @ EOM(2)
	.byte	8                               @ Abbreviation Code
	.byte	5                               @ DW_TAG_formal_parameter
	.byte	0                               @ DW_CHILDREN_no
	.byte	3                               @ DW_AT_name
	.byte	14                              @ DW_FORM_strp
	.byte	58                              @ DW_AT_decl_file
	.byte	11                              @ DW_FORM_data1
	.byte	59                              @ DW_AT_decl_line
	.byte	11                              @ DW_FORM_data1
	.byte	73                              @ DW_AT_type
	.byte	19                              @ DW_FORM_ref4
	.byte	0                               @ EOM(1)
	.byte	0                               @ EOM(2)
	.byte	9                               @ Abbreviation Code
	.byte	11                              @ DW_TAG_lexical_block
	.byte	1                               @ DW_CHILDREN_yes
	.byte	0                               @ EOM(1)
	.byte	0                               @ EOM(2)
	.byte	10                              @ Abbreviation Code
	.byte	52                              @ DW_TAG_variable
	.byte	0                               @ DW_CHILDREN_no
	.byte	3                               @ DW_AT_name
	.byte	14                              @ DW_FORM_strp
	.byte	58                              @ DW_AT_decl_file
	.byte	11                              @ DW_FORM_data1
	.byte	59                              @ DW_AT_decl_line
	.byte	11                              @ DW_FORM_data1
	.byte	73                              @ DW_AT_type
	.byte	19                              @ DW_FORM_ref4
	.byte	0                               @ EOM(1)
	.byte	0                               @ EOM(2)
	.byte	11                              @ Abbreviation Code
	.byte	38                              @ DW_TAG_const_type
	.byte	0                               @ DW_CHILDREN_no
	.byte	73                              @ DW_AT_type
	.byte	19                              @ DW_FORM_ref4
	.byte	0                               @ EOM(1)
	.byte	0                               @ EOM(2)
	.byte	12                              @ Abbreviation Code
	.byte	46                              @ DW_TAG_subprogram
	.byte	1                               @ DW_CHILDREN_yes
	.byte	3                               @ DW_AT_name
	.byte	14                              @ DW_FORM_strp
	.byte	58                              @ DW_AT_decl_file
	.byte	11                              @ DW_FORM_data1
	.byte	59                              @ DW_AT_decl_line
	.byte	5                               @ DW_FORM_data2
	.byte	39                              @ DW_AT_prototyped
	.byte	25                              @ DW_FORM_flag_present
	.byte	32                              @ DW_AT_inline
	.byte	11                              @ DW_FORM_data1
	.byte	0                               @ EOM(1)
	.byte	0                               @ EOM(2)
	.byte	13                              @ Abbreviation Code
	.byte	5                               @ DW_TAG_formal_parameter
	.byte	0                               @ DW_CHILDREN_no
	.byte	3                               @ DW_AT_name
	.byte	14                              @ DW_FORM_strp
	.byte	58                              @ DW_AT_decl_file
	.byte	11                              @ DW_FORM_data1
	.byte	59                              @ DW_AT_decl_line
	.byte	5                               @ DW_FORM_data2
	.byte	73                              @ DW_AT_type
	.byte	19                              @ DW_FORM_ref4
	.byte	0                               @ EOM(1)
	.byte	0                               @ EOM(2)
	.byte	14                              @ Abbreviation Code
	.byte	52                              @ DW_TAG_variable
	.byte	0                               @ DW_CHILDREN_no
	.byte	3                               @ DW_AT_name
	.byte	14                              @ DW_FORM_strp
	.byte	58                              @ DW_AT_decl_file
	.byte	11                              @ DW_FORM_data1
	.byte	59                              @ DW_AT_decl_line
	.byte	5                               @ DW_FORM_data2
	.byte	73                              @ DW_AT_type
	.byte	19                              @ DW_FORM_ref4
	.byte	0                               @ EOM(1)
	.byte	0                               @ EOM(2)
	.byte	15                              @ Abbreviation Code
	.byte	38                              @ DW_TAG_const_type
	.byte	0                               @ DW_CHILDREN_no
	.byte	0                               @ EOM(1)
	.byte	0                               @ EOM(2)
	.byte	16                              @ Abbreviation Code
	.byte	46                              @ DW_TAG_subprogram
	.byte	1                               @ DW_CHILDREN_yes
	.byte	17                              @ DW_AT_low_pc
	.byte	1                               @ DW_FORM_addr
	.byte	18                              @ DW_AT_high_pc
	.byte	6                               @ DW_FORM_data4
	.byte	64                              @ DW_AT_frame_base
	.byte	24                              @ DW_FORM_exprloc
	.ascii	"\227B"                         @ DW_AT_GNU_all_call_sites
	.byte	25                              @ DW_FORM_flag_present
	.byte	3                               @ DW_AT_name
	.byte	14                              @ DW_FORM_strp
	.byte	58                              @ DW_AT_decl_file
	.byte	11                              @ DW_FORM_data1
	.byte	59                              @ DW_AT_decl_line
	.byte	11                              @ DW_FORM_data1
	.byte	39                              @ DW_AT_prototyped
	.byte	25                              @ DW_FORM_flag_present
	.byte	73                              @ DW_AT_type
	.byte	19                              @ DW_FORM_ref4
	.byte	63                              @ DW_AT_external
	.byte	25                              @ DW_FORM_flag_present
	.byte	0                               @ EOM(1)
	.byte	0                               @ EOM(2)
	.byte	17                              @ Abbreviation Code
	.byte	5                               @ DW_TAG_formal_parameter
	.byte	0                               @ DW_CHILDREN_no
	.byte	2                               @ DW_AT_location
	.byte	23                              @ DW_FORM_sec_offset
	.byte	3                               @ DW_AT_name
	.byte	14                              @ DW_FORM_strp
	.byte	58                              @ DW_AT_decl_file
	.byte	11                              @ DW_FORM_data1
	.byte	59                              @ DW_AT_decl_line
	.byte	11                              @ DW_FORM_data1
	.byte	73                              @ DW_AT_type
	.byte	19                              @ DW_FORM_ref4
	.byte	0                               @ EOM(1)
	.byte	0                               @ EOM(2)
	.byte	18                              @ Abbreviation Code
	.byte	29                              @ DW_TAG_inlined_subroutine
	.byte	1                               @ DW_CHILDREN_yes
	.byte	49                              @ DW_AT_abstract_origin
	.byte	19                              @ DW_FORM_ref4
	.byte	85                              @ DW_AT_ranges
	.byte	23                              @ DW_FORM_sec_offset
	.byte	88                              @ DW_AT_call_file
	.byte	11                              @ DW_FORM_data1
	.byte	89                              @ DW_AT_call_line
	.byte	11                              @ DW_FORM_data1
	.byte	87                              @ DW_AT_call_column
	.byte	11                              @ DW_FORM_data1
	.byte	0                               @ EOM(1)
	.byte	0                               @ EOM(2)
	.byte	19                              @ Abbreviation Code
	.byte	5                               @ DW_TAG_formal_parameter
	.byte	0                               @ DW_CHILDREN_no
	.byte	2                               @ DW_AT_location
	.byte	23                              @ DW_FORM_sec_offset
	.byte	49                              @ DW_AT_abstract_origin
	.byte	19                              @ DW_FORM_ref4
	.byte	0                               @ EOM(1)
	.byte	0                               @ EOM(2)
	.byte	20                              @ Abbreviation Code
	.byte	11                              @ DW_TAG_lexical_block
	.byte	1                               @ DW_CHILDREN_yes
	.byte	17                              @ DW_AT_low_pc
	.byte	1                               @ DW_FORM_addr
	.byte	18                              @ DW_AT_high_pc
	.byte	6                               @ DW_FORM_data4
	.byte	0                               @ EOM(1)
	.byte	0                               @ EOM(2)
	.byte	21                              @ Abbreviation Code
	.byte	52                              @ DW_TAG_variable
	.byte	0                               @ DW_CHILDREN_no
	.byte	2                               @ DW_AT_location
	.byte	23                              @ DW_FORM_sec_offset
	.byte	49                              @ DW_AT_abstract_origin
	.byte	19                              @ DW_FORM_ref4
	.byte	0                               @ EOM(1)
	.byte	0                               @ EOM(2)
	.byte	22                              @ Abbreviation Code
	.byte	29                              @ DW_TAG_inlined_subroutine
	.byte	1                               @ DW_CHILDREN_yes
	.byte	49                              @ DW_AT_abstract_origin
	.byte	19                              @ DW_FORM_ref4
	.byte	17                              @ DW_AT_low_pc
	.byte	1                               @ DW_FORM_addr
	.byte	18                              @ DW_AT_high_pc
	.byte	6                               @ DW_FORM_data4
	.byte	88                              @ DW_AT_call_file
	.byte	11                              @ DW_FORM_data1
	.byte	89                              @ DW_AT_call_line
	.byte	11                              @ DW_FORM_data1
	.byte	87                              @ DW_AT_call_column
	.byte	11                              @ DW_FORM_data1
	.byte	0                               @ EOM(1)
	.byte	0                               @ EOM(2)
	.byte	23                              @ Abbreviation Code
	.byte	19                              @ DW_TAG_structure_type
	.byte	1                               @ DW_CHILDREN_yes
	.byte	11                              @ DW_AT_byte_size
	.byte	11                              @ DW_FORM_data1
	.byte	58                              @ DW_AT_decl_file
	.byte	11                              @ DW_FORM_data1
	.byte	59                              @ DW_AT_decl_line
	.byte	11                              @ DW_FORM_data1
	.byte	0                               @ EOM(1)
	.byte	0                               @ EOM(2)
	.byte	24                              @ Abbreviation Code
	.byte	13                              @ DW_TAG_member
	.byte	0                               @ DW_CHILDREN_no
	.byte	3                               @ DW_AT_name
	.byte	14                              @ DW_FORM_strp
	.byte	73                              @ DW_AT_type
	.byte	19                              @ DW_FORM_ref4
	.byte	58                              @ DW_AT_decl_file
	.byte	11                              @ DW_FORM_data1
	.byte	59                              @ DW_AT_decl_line
	.byte	11                              @ DW_FORM_data1
	.byte	56                              @ DW_AT_data_member_location
	.byte	11                              @ DW_FORM_data1
	.byte	0                               @ EOM(1)
	.byte	0                               @ EOM(2)
	.byte	25                              @ Abbreviation Code
	.byte	1                               @ DW_TAG_array_type
	.byte	1                               @ DW_CHILDREN_yes
	.byte	73                              @ DW_AT_type
	.byte	19                              @ DW_FORM_ref4
	.byte	0                               @ EOM(1)
	.byte	0                               @ EOM(2)
	.byte	26                              @ Abbreviation Code
	.byte	33                              @ DW_TAG_subrange_type
	.byte	0                               @ DW_CHILDREN_no
	.byte	73                              @ DW_AT_type
	.byte	19                              @ DW_FORM_ref4
	.byte	55                              @ DW_AT_count
	.byte	11                              @ DW_FORM_data1
	.byte	0                               @ EOM(1)
	.byte	0                               @ EOM(2)
	.byte	27                              @ Abbreviation Code
	.byte	36                              @ DW_TAG_base_type
	.byte	0                               @ DW_CHILDREN_no
	.byte	3                               @ DW_AT_name
	.byte	14                              @ DW_FORM_strp
	.byte	11                              @ DW_AT_byte_size
	.byte	11                              @ DW_FORM_data1
	.byte	62                              @ DW_AT_encoding
	.byte	11                              @ DW_FORM_data1
	.byte	0                               @ EOM(1)
	.byte	0                               @ EOM(2)
	.byte	0                               @ EOM(3)
	.section	.debug_info,"",%progbits
.Lcu_begin0:
	.long	.Ldebug_info_end0-.Ldebug_info_start0 @ Length of Unit
.Ldebug_info_start0:
	.short	4                               @ DWARF version number
	.long	.debug_abbrev                   @ Offset Into Abbrev. Section
	.byte	4                               @ Address Size (in bytes)
	.byte	1                               @ Abbrev [1] 0xb:0x1d7 DW_TAG_compile_unit
	.long	.Linfo_string0                  @ DW_AT_producer
	.short	12                              @ DW_AT_language
	.long	.Linfo_string1                  @ DW_AT_name
	.long	.Lline_table_start0             @ DW_AT_stmt_list
	.long	.Linfo_string2                  @ DW_AT_comp_dir
	.long	.Lfunc_begin0                   @ DW_AT_low_pc
	.long	.Lfunc_end0-.Lfunc_begin0       @ DW_AT_high_pc
	.byte	2                               @ Abbrev [2] 0x26:0x33 DW_TAG_enumeration_type
	.long	89                              @ DW_AT_type
	.byte	1                               @ DW_AT_byte_size
	.byte	1                               @ DW_AT_decl_file
	.byte	52                              @ DW_AT_decl_line
	.byte	3                               @ Abbrev [3] 0x2e:0x6 DW_TAG_enumerator
	.long	.Linfo_string4                  @ DW_AT_name
	.byte	0                               @ DW_AT_const_value
	.byte	3                               @ Abbrev [3] 0x34:0x6 DW_TAG_enumerator
	.long	.Linfo_string5                  @ DW_AT_name
	.byte	1                               @ DW_AT_const_value
	.byte	3                               @ Abbrev [3] 0x3a:0x6 DW_TAG_enumerator
	.long	.Linfo_string6                  @ DW_AT_name
	.byte	2                               @ DW_AT_const_value
	.byte	3                               @ Abbrev [3] 0x40:0x6 DW_TAG_enumerator
	.long	.Linfo_string7                  @ DW_AT_name
	.byte	3                               @ DW_AT_const_value
	.byte	3                               @ Abbrev [3] 0x46:0x6 DW_TAG_enumerator
	.long	.Linfo_string8                  @ DW_AT_name
	.byte	4                               @ DW_AT_const_value
	.byte	3                               @ Abbrev [3] 0x4c:0x6 DW_TAG_enumerator
	.long	.Linfo_string9                  @ DW_AT_name
	.byte	5                               @ DW_AT_const_value
	.byte	3                               @ Abbrev [3] 0x52:0x6 DW_TAG_enumerator
	.long	.Linfo_string10                 @ DW_AT_name
	.byte	6                               @ DW_AT_const_value
	.byte	0                               @ End Of Children Mark
	.byte	4                               @ Abbrev [4] 0x59:0x7 DW_TAG_base_type
	.long	.Linfo_string3                  @ DW_AT_name
	.byte	8                               @ DW_AT_encoding
	.byte	1                               @ DW_AT_byte_size
	.byte	5                               @ Abbrev [5] 0x60:0x5 DW_TAG_pointer_type
	.long	101                             @ DW_AT_type
	.byte	6                               @ Abbrev [6] 0x65:0xb DW_TAG_typedef
	.long	112                             @ DW_AT_type
	.long	.Linfo_string12                 @ DW_AT_name
	.byte	2                               @ DW_AT_decl_file
	.byte	64                              @ DW_AT_decl_line
	.byte	4                               @ Abbrev [4] 0x70:0x7 DW_TAG_base_type
	.long	.Linfo_string11                 @ DW_AT_name
	.byte	7                               @ DW_AT_encoding
	.byte	4                               @ DW_AT_byte_size
	.byte	5                               @ Abbrev [5] 0x77:0x5 DW_TAG_pointer_type
	.long	124                             @ DW_AT_type
	.byte	6                               @ Abbrev [6] 0x7c:0xb DW_TAG_typedef
	.long	89                              @ DW_AT_type
	.long	.Linfo_string13                 @ DW_AT_name
	.byte	2                               @ DW_AT_decl_file
	.byte	62                              @ DW_AT_decl_line
	.byte	7                               @ Abbrev [7] 0x87:0x46 DW_TAG_subprogram
	.long	.Linfo_string14                 @ DW_AT_name
	.byte	3                               @ DW_AT_decl_file
	.byte	179                             @ DW_AT_decl_line
                                        @ DW_AT_prototyped
	.long	205                             @ DW_AT_type
	.byte	1                               @ DW_AT_inline
	.byte	8                               @ Abbrev [8] 0x93:0xb DW_TAG_formal_parameter
	.long	.Linfo_string16                 @ DW_AT_name
	.byte	3                               @ DW_AT_decl_file
	.byte	179                             @ DW_AT_decl_line
	.long	212                             @ DW_AT_type
	.byte	8                               @ Abbrev [8] 0x9e:0xb DW_TAG_formal_parameter
	.long	.Linfo_string17                 @ DW_AT_name
	.byte	3                               @ DW_AT_decl_file
	.byte	179                             @ DW_AT_decl_line
	.long	119                             @ DW_AT_type
	.byte	8                               @ Abbrev [8] 0xa9:0xb DW_TAG_formal_parameter
	.long	.Linfo_string18                 @ DW_AT_name
	.byte	3                               @ DW_AT_decl_file
	.byte	179                             @ DW_AT_decl_line
	.long	124                             @ DW_AT_type
	.byte	8                               @ Abbrev [8] 0xb4:0xb DW_TAG_formal_parameter
	.long	.Linfo_string19                 @ DW_AT_name
	.byte	3                               @ DW_AT_decl_file
	.byte	179                             @ DW_AT_decl_line
	.long	124                             @ DW_AT_type
	.byte	9                               @ Abbrev [9] 0xbf:0xd DW_TAG_lexical_block
	.byte	10                              @ Abbrev [10] 0xc0:0xb DW_TAG_variable
	.long	.Linfo_string20                 @ DW_AT_name
	.byte	3                               @ DW_AT_decl_file
	.byte	190                             @ DW_AT_decl_line
	.long	124                             @ DW_AT_type
	.byte	0                               @ End Of Children Mark
	.byte	0                               @ End Of Children Mark
	.byte	4                               @ Abbrev [4] 0xcd:0x7 DW_TAG_base_type
	.long	.Linfo_string15                 @ DW_AT_name
	.byte	2                               @ DW_AT_encoding
	.byte	1                               @ DW_AT_byte_size
	.byte	5                               @ Abbrev [5] 0xd4:0x5 DW_TAG_pointer_type
	.long	217                             @ DW_AT_type
	.byte	11                              @ Abbrev [11] 0xd9:0x5 DW_TAG_const_type
	.long	101                             @ DW_AT_type
	.byte	12                              @ Abbrev [12] 0xde:0x2e DW_TAG_subprogram
	.long	.Linfo_string21                 @ DW_AT_name
	.byte	4                               @ DW_AT_decl_file
	.short	263                             @ DW_AT_decl_line
                                        @ DW_AT_prototyped
	.byte	1                               @ DW_AT_inline
	.byte	13                              @ Abbrev [13] 0xe7:0xc DW_TAG_formal_parameter
	.long	.Linfo_string22                 @ DW_AT_name
	.byte	4                               @ DW_AT_decl_file
	.short	263                             @ DW_AT_decl_line
	.long	268                             @ DW_AT_type
	.byte	13                              @ Abbrev [13] 0xf3:0xc DW_TAG_formal_parameter
	.long	.Linfo_string23                 @ DW_AT_name
	.byte	4                               @ DW_AT_decl_file
	.short	263                             @ DW_AT_decl_line
	.long	101                             @ DW_AT_type
	.byte	14                              @ Abbrev [14] 0xff:0xc DW_TAG_variable
	.long	.Linfo_string24                 @ DW_AT_name
	.byte	4                               @ DW_AT_decl_file
	.short	265                             @ DW_AT_decl_line
	.long	119                             @ DW_AT_type
	.byte	0                               @ End Of Children Mark
	.byte	5                               @ Abbrev [5] 0x10c:0x5 DW_TAG_pointer_type
	.long	273                             @ DW_AT_type
	.byte	15                              @ Abbrev [15] 0x111:0x1 DW_TAG_const_type
	.byte	16                              @ Abbrev [16] 0x112:0x8f DW_TAG_subprogram
	.long	.Lfunc_begin0                   @ DW_AT_low_pc
	.long	.Lfunc_end0-.Lfunc_begin0       @ DW_AT_high_pc
	.byte	1                               @ DW_AT_frame_base
	.byte	93
                                        @ DW_AT_GNU_all_call_sites
	.long	.Linfo_string25                 @ DW_AT_name
	.byte	3                               @ DW_AT_decl_file
	.byte	201                             @ DW_AT_decl_line
                                        @ DW_AT_prototyped
	.long	124                             @ DW_AT_type
                                        @ DW_AT_external
	.byte	17                              @ Abbrev [17] 0x127:0xf DW_TAG_formal_parameter
	.long	.Ldebug_loc0                    @ DW_AT_location
	.long	.Linfo_string26                 @ DW_AT_name
	.byte	3                               @ DW_AT_decl_file
	.byte	201                             @ DW_AT_decl_line
	.long	417                             @ DW_AT_type
	.byte	17                              @ Abbrev [17] 0x136:0xf DW_TAG_formal_parameter
	.long	.Ldebug_loc1                    @ DW_AT_location
	.long	.Linfo_string17                 @ DW_AT_name
	.byte	3                               @ DW_AT_decl_file
	.byte	201                             @ DW_AT_decl_line
	.long	119                             @ DW_AT_type
	.byte	17                              @ Abbrev [17] 0x145:0xf DW_TAG_formal_parameter
	.long	.Ldebug_loc2                    @ DW_AT_location
	.long	.Linfo_string31                 @ DW_AT_name
	.byte	3                               @ DW_AT_decl_file
	.byte	201                             @ DW_AT_decl_line
	.long	124                             @ DW_AT_type
	.byte	18                              @ Abbrev [18] 0x154:0x4c DW_TAG_inlined_subroutine
	.long	135                             @ DW_AT_abstract_origin
	.long	.Ldebug_ranges0                 @ DW_AT_ranges
	.byte	3                               @ DW_AT_call_file
	.byte	204                             @ DW_AT_call_line
	.byte	10                              @ DW_AT_call_column
	.byte	19                              @ Abbrev [19] 0x160:0x9 DW_TAG_formal_parameter
	.long	.Ldebug_loc4                    @ DW_AT_location
	.long	147                             @ DW_AT_abstract_origin
	.byte	19                              @ Abbrev [19] 0x169:0x9 DW_TAG_formal_parameter
	.long	.Ldebug_loc3                    @ DW_AT_location
	.long	158                             @ DW_AT_abstract_origin
	.byte	20                              @ Abbrev [20] 0x172:0x2d DW_TAG_lexical_block
	.long	.Ltmp10                         @ DW_AT_low_pc
	.long	.Ltmp19-.Ltmp10                 @ DW_AT_high_pc
	.byte	21                              @ Abbrev [21] 0x17b:0x9 DW_TAG_variable
	.long	.Ldebug_loc5                    @ DW_AT_location
	.long	192                             @ DW_AT_abstract_origin
	.byte	22                              @ Abbrev [22] 0x184:0x1a DW_TAG_inlined_subroutine
	.long	222                             @ DW_AT_abstract_origin
	.long	.Ltmp13                         @ DW_AT_low_pc
	.long	.Ltmp16-.Ltmp13                 @ DW_AT_high_pc
	.byte	3                               @ DW_AT_call_file
	.byte	191                             @ DW_AT_call_line
	.byte	13                              @ DW_AT_call_column
	.byte	19                              @ Abbrev [19] 0x194:0x9 DW_TAG_formal_parameter
	.long	.Ldebug_loc6                    @ DW_AT_location
	.long	243                             @ DW_AT_abstract_origin
	.byte	0                               @ End Of Children Mark
	.byte	0                               @ End Of Children Mark
	.byte	0                               @ End Of Children Mark
	.byte	0                               @ End Of Children Mark
	.byte	5                               @ Abbrev [5] 0x1a1:0x5 DW_TAG_pointer_type
	.long	422                             @ DW_AT_type
	.byte	6                               @ Abbrev [6] 0x1a6:0xb DW_TAG_typedef
	.long	433                             @ DW_AT_type
	.long	.Linfo_string30                 @ DW_AT_name
	.byte	5                               @ DW_AT_decl_file
	.byte	128                             @ DW_AT_decl_line
	.byte	23                              @ Abbrev [23] 0x1b1:0x1d DW_TAG_structure_type
	.byte	20                              @ DW_AT_byte_size
	.byte	5                               @ DW_AT_decl_file
	.byte	125                             @ DW_AT_decl_line
	.byte	24                              @ Abbrev [24] 0x1b5:0xc DW_TAG_member
	.long	.Linfo_string27                 @ DW_AT_name
	.long	462                             @ DW_AT_type
	.byte	5                               @ DW_AT_decl_file
	.byte	126                             @ DW_AT_decl_line
	.byte	0                               @ DW_AT_data_member_location
	.byte	24                              @ Abbrev [24] 0x1c1:0xc DW_TAG_member
	.long	.Linfo_string29                 @ DW_AT_name
	.long	124                             @ DW_AT_type
	.byte	5                               @ DW_AT_decl_file
	.byte	127                             @ DW_AT_decl_line
	.byte	16                              @ DW_AT_data_member_location
	.byte	0                               @ End Of Children Mark
	.byte	25                              @ Abbrev [25] 0x1ce:0xc DW_TAG_array_type
	.long	101                             @ DW_AT_type
	.byte	26                              @ Abbrev [26] 0x1d3:0x6 DW_TAG_subrange_type
	.long	474                             @ DW_AT_type
	.byte	4                               @ DW_AT_count
	.byte	0                               @ End Of Children Mark
	.byte	27                              @ Abbrev [27] 0x1da:0x7 DW_TAG_base_type
	.long	.Linfo_string28                 @ DW_AT_name
	.byte	8                               @ DW_AT_byte_size
	.byte	7                               @ DW_AT_encoding
	.byte	0                               @ End Of Children Mark
.Ldebug_info_end0:
	.section	.debug_ranges,"",%progbits
.Ldebug_ranges0:
	.long	.Ltmp4-.Lfunc_begin0
	.long	.Ltmp5-.Lfunc_begin0
	.long	.Ltmp6-.Lfunc_begin0
	.long	.Ltmp20-.Lfunc_begin0
	.long	0
	.long	0
	.section	.debug_str,"MS",%progbits,1
.Linfo_string0:
	.asciz	"Component: Arm Compiler for Embedded 6.23 Tool: armclang [5f103000]" @ string offset=0
.Linfo_string1:
	.asciz	"../../../../../sdk/app_modules/src/app_common\\app_utils.c" @ string offset=68
.Linfo_string2:
	.asciz	"C:\\Users\\teodor\\Desktop\\stem\\codeless\\6.0.24.1464\\projects\\target_apps\\ble_examples\\empty_peripheral_template\\Keil_5" @ string offset=126
.Linfo_string3:
	.asciz	"unsigned char"                 @ string offset=243
.Linfo_string4:
	.asciz	"HW_OTPC_MODE_DSTBY"            @ string offset=257
.Linfo_string5:
	.asciz	"HW_OTPC_MODE_STBY"             @ string offset=276
.Linfo_string6:
	.asciz	"HW_OTPC_MODE_READ"             @ string offset=294
.Linfo_string7:
	.asciz	"HW_OTPC_MODE_PROG"             @ string offset=312
.Linfo_string8:
	.asciz	"HW_OTPC_MODE_PVFY"             @ string offset=330
.Linfo_string9:
	.asciz	"HW_OTPC_MODE_RINI"             @ string offset=348
.Linfo_string10:
	.asciz	"HW_OTPC_MODE_AREAD"            @ string offset=366
.Linfo_string11:
	.asciz	"unsigned int"                  @ string offset=385
.Linfo_string12:
	.asciz	"uint32_t"                      @ string offset=398
.Linfo_string13:
	.asciz	"uint8_t"                       @ string offset=407
.Linfo_string14:
	.asciz	"app_get_otp_static_key"        @ string offset=415
.Linfo_string15:
	.asciz	"_Bool"                         @ string offset=438
.Linfo_string16:
	.asciz	"seed"                          @ string offset=444
.Linfo_string17:
	.asciz	"key"                           @ string offset=449
.Linfo_string18:
	.asciz	"seed_len"                      @ string offset=453
.Linfo_string19:
	.asciz	"len_out"                       @ string offset=462
.Linfo_string20:
	.asciz	"i"                             @ string offset=470
.Linfo_string21:
	.asciz	"co_write32p"                   @ string offset=472
.Linfo_string22:
	.asciz	"ptr32"                         @ string offset=484
.Linfo_string23:
	.asciz	"value"                         @ string offset=490
.Linfo_string24:
	.asciz	"ptr"                           @ string offset=496
.Linfo_string25:
	.asciz	"app_generate_static_key"       @ string offset=500
.Linfo_string26:
	.asciz	"otp_seed"                      @ string offset=524
.Linfo_string27:
	.asciz	"addr_arr"                      @ string offset=533
.Linfo_string28:
	.asciz	"__ARRAY_SIZE_TYPE__"           @ string offset=542
.Linfo_string29:
	.asciz	"arr_size"                      @ string offset=562
.Linfo_string30:
	.asciz	"static_key_t"                  @ string offset=571
.Linfo_string31:
	.asciz	"key_len"                       @ string offset=584
	.ident	"Component: Arm Compiler for Embedded 6.23 Tool: armclang [5f103000]"
	.section	".note.GNU-stack","",%progbits
	.eabi_attribute	30, 4	@ Tag_ABI_optimization_goals
	.ARM_attribute	16, 1	@ Tag_AV_eba
	.section	.debug_line,"",%progbits
.Lline_table_start0:
