	.text
	.syntax unified
	.eabi_attribute	67, "2.09"	@ Tag_conformance
	.cpu	cortex-m0plus
	.eabi_attribute	6, 12	@ Tag_CPU_arch
	.eabi_attribute	7, 77	@ Tag_CPU_arch_profile
	.eabi_attribute	8, 0	@ Tag_ARM_ISA_use
	.eabi_attribute	9, 1	@ Tag_THUMB_ISA_use
	.eabi_attribute	34, 0	@ Tag_CPU_unaligned_access
	.eabi_attribute	17, 1	@ Tag_ABI_PCS_GOT_use
	.eabi_attribute	20, 2	@ Tag_ABI_FP_denormal
	.eabi_attribute	21, 0	@ Tag_ABI_FP_exceptions
	.eabi_attribute	23, 1	@ Tag_ABI_FP_number_model
	.eabi_attribute	24, 1	@ Tag_ABI_align_needed
	.eabi_attribute	25, 1	@ Tag_ABI_align_preserved
	.eabi_attribute	38, 1	@ Tag_ABI_FP_16bit_format
	.eabi_attribute	18, 2	@ Tag_ABI_PCS_wchar_t
	.eabi_attribute	26, 1	@ Tag_ABI_enum_size
	.eabi_attribute	14, 0	@ Tag_ABI_PCS_R9_use
	.file	"app_diss_task.c"
	.file	1 "C:\\Users\\teodor" "AppData\\Local\\Keil_v5\\ARM\\ARMCLANG\\bin\\..\\include\\stdint.h"
	.file	2 "C:\\Users\\teodor\\Desktop\\stem\\codeless\\6.0.24.1464\\projects\\target_apps\\ble_examples\\empty_peripheral_template\\Keil_5" "./../../../../../sdk/platform/core_modules/ke/api\\ke_msg.h"
	.file	3 "C:\\Users\\teodor\\Desktop\\stem\\codeless\\6.0.24.1464\\projects\\target_apps\\ble_examples\\empty_peripheral_template\\Keil_5" "./../../../../../sdk/platform/core_modules/ke/api\\ke_task.h"
	.file	4 "C:\\Users\\teodor\\Desktop\\stem\\codeless\\6.0.24.1464\\projects\\target_apps\\ble_examples\\empty_peripheral_template\\Keil_5" "../../../../../sdk/app_modules/src/app_diss/app_diss_task.c"
	.file	5 "C:\\Users\\teodor\\Desktop\\stem\\codeless\\6.0.24.1464\\projects\\target_apps\\ble_examples\\empty_peripheral_template\\Keil_5" "./../../../../../sdk/app_modules/api\\app_entry_point.h"
	.file	6 "C:\\Users\\teodor\\Desktop\\stem\\codeless\\6.0.24.1464\\projects\\target_apps\\ble_examples\\empty_peripheral_template\\Keil_5" "./../../../../../sdk/ble_stack/profiles/dis/diss/api\\diss.h"
	.file	7 "C:\\Users\\teodor\\Desktop\\stem\\codeless\\6.0.24.1464\\projects\\target_apps\\ble_examples\\empty_peripheral_template\\Keil_5" "./../../../../../sdk/ble_stack/profiles/dis/diss/api\\diss_task.h"
	.hidden	app_diss_process_handler        @ -- Begin function app_diss_process_handler
	.globl	app_diss_process_handler
	.p2align	2
	.type	app_diss_process_handler,%function
	.code	16                              @ @app_diss_process_handler
	.thumb_func
app_diss_process_handler:
.Lfunc_begin0:
	.loc	4 168 0                         @ ../../../../../sdk/app_modules/src/app_diss/app_diss_task.c:168:0
	.fnstart
	.cfi_sections .debug_frame
	.cfi_startproc
@ %bb.0:
	@DEBUG_VALUE: app_diss_process_handler:msgid <- $r0
	@DEBUG_VALUE: app_diss_process_handler:param <- $r1
	@DEBUG_VALUE: app_diss_process_handler:dest_id <- $r2
	@DEBUG_VALUE: app_diss_process_handler:src_id <- $r3
	.save	{r4, lr}
	.pad	#16
	push	{r0, r1, r2, r3, r4, lr}
	.cfi_def_cfa_offset 24
	.cfi_offset lr, -4
	.cfi_offset r4, -8
.Ltmp0:
	@DEBUG_VALUE: app_diss_process_handler:msg_ret <- [DW_OP_plus_uconst 24] [$sp+0]
	mov	r4, r2
.Ltmp1:
	@DEBUG_VALUE: app_diss_process_handler:dest_id <- $r4
	movs	r2, #1
.Ltmp2:
	.loc	4 169 13 prologue_end           @ ../../../../../sdk/app_modules/src/app_diss/app_diss_task.c:169:13
	str	r2, [sp, #8]
	ldr	r2, __arm_cp.0_0
	str	r2, [sp, #4]
	ldr	r2, [sp, #24]
	str	r2, [sp]
	mov	r2, r3
.Ltmp3:
	@DEBUG_VALUE: app_diss_process_handler:src_id <- $r2
	mov	r3, r4
.Ltmp4:
	@DEBUG_VALUE: app_diss_process_handler:dest_id <- $r3
	bl	app_std_process_event
.Ltmp5:
	@DEBUG_VALUE: app_diss_process_handler:param <- [DW_OP_LLVM_entry_value 1] $r1
	@DEBUG_VALUE: app_diss_process_handler:msgid <- [DW_OP_LLVM_entry_value 1] $r0
	.loc	4 169 5 epilogue_begin is_stmt 0 @ ../../../../../sdk/app_modules/src/app_diss/app_diss_task.c:169:5
	add	sp, #16
	pop	{r4, pc}
.Ltmp6:
	.loc	4 0 5                           @ :0:5
.Ltmp7:
	.p2align	2
@ %bb.1:
__arm_cp.0_0:
	.long	app_diss_process_handlers
.Lcpi_end0:
	.size	__arm_cp.0_0, .Lcpi_end0-__arm_cp.0_0
.Lfunc_end0:
	.size	app_diss_process_handler, .Lfunc_end0-app_diss_process_handler
	.cfi_endproc
	.cantunwind
	.fnend
                                        @ -- End function
	.p2align	2                               @ -- Begin function diss_value_req_ind_handler
	.type	diss_value_req_ind_handler,%function
	.code	16                              @ @diss_value_req_ind_handler
	.thumb_func
diss_value_req_ind_handler:
.Lfunc_begin1:
	.loc	4 51 0 is_stmt 1                @ ../../../../../sdk/app_modules/src/app_diss/app_diss_task.c:51:0
	.fnstart
	.cfi_startproc
@ %bb.0:
	@DEBUG_VALUE: diss_value_req_ind_handler:param <- $r1
	@DEBUG_VALUE: diss_value_req_ind_handler:dest_id <- $r2
	@DEBUG_VALUE: diss_value_req_ind_handler:src_id <- $r3
	.save	{r4, r5, r6, r7, lr}
	.pad	#4
	push	{r3, r4, r5, r6, r7, lr}
	.cfi_def_cfa_offset 24
	.cfi_offset lr, -4
	.cfi_offset r7, -8
	.cfi_offset r6, -12
	.cfi_offset r5, -16
	.cfi_offset r4, -20
	mov	r7, r3
.Ltmp8:
	@DEBUG_VALUE: diss_value_req_ind_handler:src_id <- $r7
	mov	r4, r1
.Ltmp9:
	@DEBUG_VALUE: diss_value_req_ind_handler:data <- 0
	@DEBUG_VALUE: diss_value_req_ind_handler:len <- 0
	@DEBUG_VALUE: diss_value_req_ind_handler:param <- $r4
	.loc	4 58 20 prologue_end            @ ../../../../../sdk/app_modules/src/app_diss/app_diss_task.c:58:20
	ldrb	r0, [r1]
	.loc	4 58 5 is_stmt 0                @ ../../../../../sdk/app_modules/src/app_diss/app_diss_task.c:58:5
	cmp	r0, #8
	bhi	.LBB1_9
.Ltmp10:
@ %bb.1:
	@DEBUG_VALUE: diss_value_req_ind_handler:param <- $r4
	@DEBUG_VALUE: diss_value_req_ind_handler:len <- 0
	@DEBUG_VALUE: diss_value_req_ind_handler:data <- 0
	@DEBUG_VALUE: diss_value_req_ind_handler:src_id <- $r7
	@DEBUG_VALUE: diss_value_req_ind_handler:dest_id <- $r2
	.loc	4 0 5                           @ ../../../../../sdk/app_modules/src/app_diss/app_diss_task.c:0:5
	movs	r5, #7
	movs	r1, #0
	str	r1, [sp]                        @ 4-byte Spill
	adr	r6, .LCPI1_0
	.loc	4 58 5                          @ ../../../../../sdk/app_modules/src/app_diss/app_diss_task.c:58:5
	.p2align	2
	add	r0, pc
	ldrb	r0, [r0, #4]
	lsls	r0, r0, #1
.LCPI1_8:
	add	pc, r0
.Ltmp11:
@ %bb.2:
	.loc	4 0 5                           @ ../../../../../sdk/app_modules/src/app_diss/app_diss_task.c:0:5
	.p2align	2
.LJTI1_0:
	.byte	(.LBB1_10-(.LCPI1_8+4))/2
	.byte	(.LBB1_3-(.LCPI1_8+4))/2
	.byte	(.LBB1_6-(.LCPI1_8+4))/2
	.byte	(.LBB1_3-(.LCPI1_8+4))/2
	.byte	(.LBB1_4-(.LCPI1_8+4))/2
	.byte	(.LBB1_4-(.LCPI1_8+4))/2
	.byte	(.LBB1_7-(.LCPI1_8+4))/2
	.byte	(.LBB1_5-(.LCPI1_8+4))/2
	.byte	(.LBB1_8-(.LCPI1_8+4))/2
	.p2align	1
.LBB1_3:
.Ltmp12:
	@DEBUG_VALUE: diss_value_req_ind_handler:param <- $r4
	@DEBUG_VALUE: diss_value_req_ind_handler:len <- 0
	@DEBUG_VALUE: diss_value_req_ind_handler:data <- 0
	@DEBUG_VALUE: diss_value_req_ind_handler:src_id <- $r7
	@DEBUG_VALUE: diss_value_req_ind_handler:dest_id <- $r2
	ldr	r6, __arm_cp.1_3
.Ltmp13:
	@DEBUG_VALUE: diss_value_req_ind_handler:data <- $r6
	@DEBUG_VALUE: diss_value_req_ind_handler:len <- 7
	.loc	4 72 11 is_stmt 1               @ ../../../../../sdk/app_modules/src/app_diss/app_diss_task.c:72:11
	b	.LBB1_10
.Ltmp14:
.LBB1_4:
	@DEBUG_VALUE: diss_value_req_ind_handler:param <- $r4
	@DEBUG_VALUE: diss_value_req_ind_handler:len <- 0
	@DEBUG_VALUE: diss_value_req_ind_handler:data <- 0
	@DEBUG_VALUE: diss_value_req_ind_handler:src_id <- $r7
	@DEBUG_VALUE: diss_value_req_ind_handler:dest_id <- $r2
	.loc	4 0 11 is_stmt 0                @ ../../../../../sdk/app_modules/src/app_diss/app_diss_task.c:0:11
	movs	r5, #13
	ldr	r6, __arm_cp.1_2
.Ltmp15:
	@DEBUG_VALUE: diss_value_req_ind_handler:data <- $r6
	@DEBUG_VALUE: diss_value_req_ind_handler:len <- 13
	.loc	4 114 11 is_stmt 1              @ ../../../../../sdk/app_modules/src/app_diss/app_diss_task.c:114:11
	b	.LBB1_10
.Ltmp16:
.LBB1_5:
	@DEBUG_VALUE: diss_value_req_ind_handler:param <- $r4
	@DEBUG_VALUE: diss_value_req_ind_handler:len <- 0
	@DEBUG_VALUE: diss_value_req_ind_handler:data <- 0
	@DEBUG_VALUE: diss_value_req_ind_handler:src_id <- $r7
	@DEBUG_VALUE: diss_value_req_ind_handler:dest_id <- $r2
	.loc	4 0 11 is_stmt 0                @ ../../../../../sdk/app_modules/src/app_diss/app_diss_task.c:0:11
	movs	r5, #6
	adr	r6, .LCPI1_1
.Ltmp17:
	@DEBUG_VALUE: diss_value_req_ind_handler:data <- $r6
	@DEBUG_VALUE: diss_value_req_ind_handler:len <- 6
	.loc	4 121 11 is_stmt 1              @ ../../../../../sdk/app_modules/src/app_diss/app_diss_task.c:121:11
	b	.LBB1_10
.Ltmp18:
.LBB1_6:
	@DEBUG_VALUE: diss_value_req_ind_handler:param <- $r4
	@DEBUG_VALUE: diss_value_req_ind_handler:len <- 0
	@DEBUG_VALUE: diss_value_req_ind_handler:data <- 0
	@DEBUG_VALUE: diss_value_req_ind_handler:src_id <- $r7
	@DEBUG_VALUE: diss_value_req_ind_handler:dest_id <- $r2
	.loc	4 0 11 is_stmt 0                @ ../../../../../sdk/app_modules/src/app_diss/app_diss_task.c:0:11
	movs	r5, #10
	adr	r6, .LCPI1_4
.Ltmp19:
	@DEBUG_VALUE: diss_value_req_ind_handler:data <- $r6
	@DEBUG_VALUE: diss_value_req_ind_handler:len <- 10
	.loc	4 93 11 is_stmt 1               @ ../../../../../sdk/app_modules/src/app_diss/app_diss_task.c:93:11
	b	.LBB1_10
.Ltmp20:
.LBB1_7:
	@DEBUG_VALUE: diss_value_req_ind_handler:param <- $r4
	@DEBUG_VALUE: diss_value_req_ind_handler:len <- 0
	@DEBUG_VALUE: diss_value_req_ind_handler:data <- 0
	@DEBUG_VALUE: diss_value_req_ind_handler:src_id <- $r7
	@DEBUG_VALUE: diss_value_req_ind_handler:dest_id <- $r2
	.loc	4 0 11 is_stmt 0                @ ../../../../../sdk/app_modules/src/app_diss/app_diss_task.c:0:11
	movs	r5, #8
	adr	r6, .LCPI1_6
.Ltmp21:
	@DEBUG_VALUE: diss_value_req_ind_handler:data <- $r6
	@DEBUG_VALUE: diss_value_req_ind_handler:len <- 8
	.loc	4 79 11 is_stmt 1               @ ../../../../../sdk/app_modules/src/app_diss/app_diss_task.c:79:11
	b	.LBB1_10
.Ltmp22:
.LBB1_8:
	@DEBUG_VALUE: diss_value_req_ind_handler:param <- $r4
	@DEBUG_VALUE: diss_value_req_ind_handler:len <- 0
	@DEBUG_VALUE: diss_value_req_ind_handler:data <- 0
	@DEBUG_VALUE: diss_value_req_ind_handler:src_id <- $r7
	@DEBUG_VALUE: diss_value_req_ind_handler:dest_id <- $r2
	.loc	4 0 11 is_stmt 0                @ ../../../../../sdk/app_modules/src/app_diss/app_diss_task.c:0:11
	adr	r6, .LCPI1_5
.Ltmp23:
	@DEBUG_VALUE: diss_value_req_ind_handler:data <- $r6
	@DEBUG_VALUE: diss_value_req_ind_handler:len <- 7
	.loc	4 86 11 is_stmt 1               @ ../../../../../sdk/app_modules/src/app_diss/app_diss_task.c:86:11
	b	.LBB1_10
.Ltmp24:
.LBB1_9:
	@DEBUG_VALUE: diss_value_req_ind_handler:param <- $r4
	@DEBUG_VALUE: diss_value_req_ind_handler:len <- 0
	@DEBUG_VALUE: diss_value_req_ind_handler:data <- 0
	@DEBUG_VALUE: diss_value_req_ind_handler:src_id <- $r7
	@DEBUG_VALUE: diss_value_req_ind_handler:dest_id <- $r2
	.loc	4 124 13                        @ ../../../../../sdk/app_modules/src/app_diss/app_diss_task.c:124:13
	@APP
	bkpt	#0
	@NO_APP
	movs	r6, #0
	movs	r0, #1
	str	r0, [sp]                        @ 4-byte Spill
	mov	r5, r6
.Ltmp25:
.LBB1_10:
	@DEBUG_VALUE: diss_value_req_ind_handler:param <- $r4
	@DEBUG_VALUE: diss_value_req_ind_handler:src_id <- $r7
	@DEBUG_VALUE: diss_value_req_ind_handler:dest_id <- $r2
	@DEBUG_VALUE: diss_value_req_ind_handler:len <- $r5
	@DEBUG_VALUE: diss_value_req_ind_handler:data <- $r6
	.loc	4 129 40                        @ ../../../../../sdk/app_modules/src/app_diss/app_diss_task.c:129:40
	adds	r3, r5, #2
	ldr	r0, __arm_cp.1_7
	mov	r1, r7
	bl	ke_msg_alloc
.Ltmp26:
	@DEBUG_VALUE: diss_value_req_ind_handler:dest_id <- [DW_OP_LLVM_entry_value 1] $r2
	mov	r7, r0
.Ltmp27:
	@DEBUG_VALUE: diss_value_req_ind_handler:src_id <- [DW_OP_LLVM_entry_value 1] $r3
	@DEBUG_VALUE: diss_value_req_ind_handler:cfm_value <- $r7
	.loc	4 135 31                        @ ../../../../../sdk/app_modules/src/app_diss/app_diss_task.c:135:31
	ldrb	r0, [r4]
	.loc	4 135 22 is_stmt 0              @ ../../../../../sdk/app_modules/src/app_diss/app_diss_task.c:135:22
	strb	r0, [r7]
	.loc	4 136 23 is_stmt 1              @ ../../../../../sdk/app_modules/src/app_diss/app_diss_task.c:136:23
	strb	r5, [r7, #1]
	.loc	4 137 9                         @ ../../../../../sdk/app_modules/src/app_diss/app_diss_task.c:137:9
	ldr	r0, [sp]                        @ 4-byte Reload
	cmp	r0, #0
	bne	.LBB1_12
.Ltmp28:
@ %bb.11:
	@DEBUG_VALUE: diss_value_req_ind_handler:cfm_value <- $r7
	@DEBUG_VALUE: diss_value_req_ind_handler:src_id <- [DW_OP_LLVM_entry_value 1] $r3
	@DEBUG_VALUE: diss_value_req_ind_handler:dest_id <- [DW_OP_LLVM_entry_value 1] $r2
	@DEBUG_VALUE: diss_value_req_ind_handler:len <- $r5
	@DEBUG_VALUE: diss_value_req_ind_handler:data <- $r6
	@DEBUG_VALUE: diss_value_req_ind_handler:param <- $r4
	.loc	4 140 28                        @ ../../../../../sdk/app_modules/src/app_diss/app_diss_task.c:140:28
	adds	r0, r7, #2
	.loc	4 140 9 is_stmt 0               @ ../../../../../sdk/app_modules/src/app_diss/app_diss_task.c:140:9
	mov	r1, r6
	mov	r2, r5
	bl	__aeabi_memcpy
.Ltmp29:
.LBB1_12:
	@DEBUG_VALUE: diss_value_req_ind_handler:cfm_value <- $r7
	@DEBUG_VALUE: diss_value_req_ind_handler:src_id <- [DW_OP_LLVM_entry_value 1] $r3
	@DEBUG_VALUE: diss_value_req_ind_handler:dest_id <- [DW_OP_LLVM_entry_value 1] $r2
	@DEBUG_VALUE: diss_value_req_ind_handler:len <- $r5
	@DEBUG_VALUE: diss_value_req_ind_handler:data <- $r6
	@DEBUG_VALUE: diss_value_req_ind_handler:param <- $r4
	.loc	4 143 5 is_stmt 1               @ ../../../../../sdk/app_modules/src/app_diss/app_diss_task.c:143:5
	mov	r0, r7
	bl	ke_msg_send
.Ltmp30:
	.loc	4 0 5 is_stmt 0                 @ ../../../../../sdk/app_modules/src/app_diss/app_diss_task.c:0:5
	movs	r0, #0
	.loc	4 145 5 epilogue_begin is_stmt 1 @ ../../../../../sdk/app_modules/src/app_diss/app_diss_task.c:145:5
	pop	{r3, r4, r5, r6, r7, pc}
.Ltmp31:
	.loc	4 0 5 is_stmt 0                 @ :0:5
.Ltmp32:
	.p2align	2
@ %bb.13:
.LCPI1_0:
.L.str:
	.asciz	"Renesas"
.LCPI1_1:
.L.str.6:
	.asciz	"\377\356\335\314\273\252\000"
__arm_cp.1_2:
	.long	.L.str.5
.Lcpi_end1:
	.size	__arm_cp.1_2, .Lcpi_end1-__arm_cp.1_2
__arm_cp.1_3:
	.long	.L.str.1
.Lcpi_end2:
	.size	__arm_cp.1_3, .Lcpi_end2-__arm_cp.1_3
.LCPI1_4:
.L.str.4:
	.asciz	"1.0.0.0-LE\000"
.LCPI1_5:
.L.str.3:
	.asciz	"\001\322\000\200\005\000\001"
.LCPI1_6:
.L.str.2:
	.asciz	"\0224V\377\376\232\274\336\000\000\000"
__arm_cp.1_7:
	.long	5123                            @ 0x1403
.Lcpi_end3:
	.size	__arm_cp.1_7, .Lcpi_end3-__arm_cp.1_7
.Lfunc_end1:
	.size	diss_value_req_ind_handler, .Lfunc_end1-diss_value_req_ind_handler
	.cfi_endproc
	.cantunwind
	.fnend
                                        @ -- End function
	.type	app_diss_process_handlers,%object @ @app_diss_process_handlers
	.section	.rodata.app_diss_process_handlers,"a",%progbits
	.p2align	2, 0x0
app_diss_process_handlers:
	.short	5122                            @ 0x1402
	.zero	2
	.long	diss_value_req_ind_handler
	.size	app_diss_process_handlers, 8

	.type	.L.str.1,%object                @ @.str.1
	.section	.rodata.str1.1,"aMS",%progbits,1
.L.str.1:
	.asciz	"DA14535"
	.size	.L.str.1, 8

	.type	.L.str.5,%object                @ @.str.5
.L.str.5:
	.asciz	"v_6.0.24.1464"
	.size	.L.str.5, 14

	.section	.debug_loc,"",%progbits
.Ldebug_loc0:
	.long	.Lfunc_begin0-.Lfunc_begin0
	.long	.Ltmp5-.Lfunc_begin0
	.short	1                               @ Loc expr size
	.byte	80                              @ DW_OP_reg0
	.long	.Ltmp5-.Lfunc_begin0
	.long	.Ltmp6-.Lfunc_begin0
	.short	4                               @ Loc expr size
	.byte	243                             @ DW_OP_GNU_entry_value
	.byte	1                               @ 1
	.byte	80                              @ DW_OP_reg0
	.byte	159                             @ DW_OP_stack_value
	.long	0
	.long	0
.Ldebug_loc1:
	.long	.Lfunc_begin0-.Lfunc_begin0
	.long	.Ltmp5-.Lfunc_begin0
	.short	1                               @ Loc expr size
	.byte	81                              @ DW_OP_reg1
	.long	.Ltmp5-.Lfunc_begin0
	.long	.Ltmp6-.Lfunc_begin0
	.short	4                               @ Loc expr size
	.byte	243                             @ DW_OP_GNU_entry_value
	.byte	1                               @ 1
	.byte	81                              @ DW_OP_reg1
	.byte	159                             @ DW_OP_stack_value
	.long	0
	.long	0
.Ldebug_loc2:
	.long	.Lfunc_begin0-.Lfunc_begin0
	.long	.Ltmp1-.Lfunc_begin0
	.short	1                               @ Loc expr size
	.byte	82                              @ DW_OP_reg2
	.long	.Ltmp1-.Lfunc_begin0
	.long	.Ltmp4-.Lfunc_begin0
	.short	1                               @ Loc expr size
	.byte	84                              @ DW_OP_reg4
	.long	.Ltmp4-.Lfunc_begin0
	.long	.Ltmp5-.Lfunc_begin0
	.short	1                               @ Loc expr size
	.byte	83                              @ DW_OP_reg3
	.long	0
	.long	0
.Ldebug_loc3:
	.long	.Lfunc_begin0-.Lfunc_begin0
	.long	.Ltmp3-.Lfunc_begin0
	.short	1                               @ Loc expr size
	.byte	83                              @ DW_OP_reg3
	.long	.Ltmp3-.Lfunc_begin0
	.long	.Ltmp5-.Lfunc_begin0
	.short	1                               @ Loc expr size
	.byte	82                              @ DW_OP_reg2
	.long	0
	.long	0
.Ldebug_loc4:
	.long	.Lfunc_begin1-.Lfunc_begin0
	.long	.Ltmp9-.Lfunc_begin0
	.short	1                               @ Loc expr size
	.byte	81                              @ DW_OP_reg1
	.long	.Ltmp9-.Lfunc_begin0
	.long	.Ltmp11-.Lfunc_begin0
	.short	1                               @ Loc expr size
	.byte	84                              @ DW_OP_reg4
	.long	.Ltmp12-.Lfunc_begin0
	.long	.Ltmp31-.Lfunc_begin0
	.short	1                               @ Loc expr size
	.byte	84                              @ DW_OP_reg4
	.long	0
	.long	0
.Ldebug_loc5:
	.long	.Lfunc_begin1-.Lfunc_begin0
	.long	.Ltmp11-.Lfunc_begin0
	.short	1                               @ Loc expr size
	.byte	82                              @ DW_OP_reg2
	.long	.Ltmp12-.Lfunc_begin0
	.long	.Ltmp26-.Lfunc_begin0
	.short	1                               @ Loc expr size
	.byte	82                              @ DW_OP_reg2
	.long	.Ltmp26-.Lfunc_begin0
	.long	.Ltmp31-.Lfunc_begin0
	.short	4                               @ Loc expr size
	.byte	243                             @ DW_OP_GNU_entry_value
	.byte	1                               @ 1
	.byte	82                              @ DW_OP_reg2
	.byte	159                             @ DW_OP_stack_value
	.long	0
	.long	0
.Ldebug_loc6:
	.long	.Lfunc_begin1-.Lfunc_begin0
	.long	.Ltmp8-.Lfunc_begin0
	.short	1                               @ Loc expr size
	.byte	83                              @ DW_OP_reg3
	.long	.Ltmp8-.Lfunc_begin0
	.long	.Ltmp11-.Lfunc_begin0
	.short	1                               @ Loc expr size
	.byte	87                              @ DW_OP_reg7
	.long	.Ltmp12-.Lfunc_begin0
	.long	.Ltmp27-.Lfunc_begin0
	.short	1                               @ Loc expr size
	.byte	87                              @ DW_OP_reg7
	.long	.Ltmp27-.Lfunc_begin0
	.long	.Ltmp31-.Lfunc_begin0
	.short	4                               @ Loc expr size
	.byte	243                             @ DW_OP_GNU_entry_value
	.byte	1                               @ 1
	.byte	83                              @ DW_OP_reg3
	.byte	159                             @ DW_OP_stack_value
	.long	0
	.long	0
.Ldebug_loc7:
	.long	.Ltmp9-.Lfunc_begin0
	.long	.Ltmp11-.Lfunc_begin0
	.short	2                               @ Loc expr size
	.byte	48                              @ DW_OP_lit0
	.byte	159                             @ DW_OP_stack_value
	.long	.Ltmp12-.Lfunc_begin0
	.long	.Ltmp13-.Lfunc_begin0
	.short	2                               @ Loc expr size
	.byte	48                              @ DW_OP_lit0
	.byte	159                             @ DW_OP_stack_value
	.long	.Ltmp13-.Lfunc_begin0
	.long	.Ltmp14-.Lfunc_begin0
	.short	1                               @ Loc expr size
	.byte	86                              @ DW_OP_reg6
	.long	.Ltmp14-.Lfunc_begin0
	.long	.Ltmp15-.Lfunc_begin0
	.short	2                               @ Loc expr size
	.byte	48                              @ DW_OP_lit0
	.byte	159                             @ DW_OP_stack_value
	.long	.Ltmp15-.Lfunc_begin0
	.long	.Ltmp16-.Lfunc_begin0
	.short	1                               @ Loc expr size
	.byte	86                              @ DW_OP_reg6
	.long	.Ltmp16-.Lfunc_begin0
	.long	.Ltmp17-.Lfunc_begin0
	.short	2                               @ Loc expr size
	.byte	48                              @ DW_OP_lit0
	.byte	159                             @ DW_OP_stack_value
	.long	.Ltmp17-.Lfunc_begin0
	.long	.Ltmp18-.Lfunc_begin0
	.short	1                               @ Loc expr size
	.byte	86                              @ DW_OP_reg6
	.long	.Ltmp18-.Lfunc_begin0
	.long	.Ltmp19-.Lfunc_begin0
	.short	2                               @ Loc expr size
	.byte	48                              @ DW_OP_lit0
	.byte	159                             @ DW_OP_stack_value
	.long	.Ltmp19-.Lfunc_begin0
	.long	.Ltmp20-.Lfunc_begin0
	.short	1                               @ Loc expr size
	.byte	86                              @ DW_OP_reg6
	.long	.Ltmp20-.Lfunc_begin0
	.long	.Ltmp21-.Lfunc_begin0
	.short	2                               @ Loc expr size
	.byte	48                              @ DW_OP_lit0
	.byte	159                             @ DW_OP_stack_value
	.long	.Ltmp21-.Lfunc_begin0
	.long	.Ltmp22-.Lfunc_begin0
	.short	1                               @ Loc expr size
	.byte	86                              @ DW_OP_reg6
	.long	.Ltmp22-.Lfunc_begin0
	.long	.Ltmp23-.Lfunc_begin0
	.short	2                               @ Loc expr size
	.byte	48                              @ DW_OP_lit0
	.byte	159                             @ DW_OP_stack_value
	.long	.Ltmp23-.Lfunc_begin0
	.long	.Ltmp24-.Lfunc_begin0
	.short	1                               @ Loc expr size
	.byte	86                              @ DW_OP_reg6
	.long	.Ltmp24-.Lfunc_begin0
	.long	.Ltmp25-.Lfunc_begin0
	.short	2                               @ Loc expr size
	.byte	48                              @ DW_OP_lit0
	.byte	159                             @ DW_OP_stack_value
	.long	.Ltmp25-.Lfunc_begin0
	.long	.Ltmp31-.Lfunc_begin0
	.short	1                               @ Loc expr size
	.byte	86                              @ DW_OP_reg6
	.long	0
	.long	0
.Ldebug_loc8:
	.long	.Ltmp9-.Lfunc_begin0
	.long	.Ltmp11-.Lfunc_begin0
	.short	2                               @ Loc expr size
	.byte	48                              @ DW_OP_lit0
	.byte	159                             @ DW_OP_stack_value
	.long	.Ltmp12-.Lfunc_begin0
	.long	.Ltmp13-.Lfunc_begin0
	.short	2                               @ Loc expr size
	.byte	48                              @ DW_OP_lit0
	.byte	159                             @ DW_OP_stack_value
	.long	.Ltmp13-.Lfunc_begin0
	.long	.Ltmp14-.Lfunc_begin0
	.short	2                               @ Loc expr size
	.byte	55                              @ DW_OP_lit7
	.byte	159                             @ DW_OP_stack_value
	.long	.Ltmp14-.Lfunc_begin0
	.long	.Ltmp15-.Lfunc_begin0
	.short	2                               @ Loc expr size
	.byte	48                              @ DW_OP_lit0
	.byte	159                             @ DW_OP_stack_value
	.long	.Ltmp15-.Lfunc_begin0
	.long	.Ltmp16-.Lfunc_begin0
	.short	2                               @ Loc expr size
	.byte	61                              @ DW_OP_lit13
	.byte	159                             @ DW_OP_stack_value
	.long	.Ltmp16-.Lfunc_begin0
	.long	.Ltmp17-.Lfunc_begin0
	.short	2                               @ Loc expr size
	.byte	48                              @ DW_OP_lit0
	.byte	159                             @ DW_OP_stack_value
	.long	.Ltmp17-.Lfunc_begin0
	.long	.Ltmp18-.Lfunc_begin0
	.short	2                               @ Loc expr size
	.byte	54                              @ DW_OP_lit6
	.byte	159                             @ DW_OP_stack_value
	.long	.Ltmp18-.Lfunc_begin0
	.long	.Ltmp19-.Lfunc_begin0
	.short	2                               @ Loc expr size
	.byte	48                              @ DW_OP_lit0
	.byte	159                             @ DW_OP_stack_value
	.long	.Ltmp19-.Lfunc_begin0
	.long	.Ltmp20-.Lfunc_begin0
	.short	2                               @ Loc expr size
	.byte	58                              @ DW_OP_lit10
	.byte	159                             @ DW_OP_stack_value
	.long	.Ltmp20-.Lfunc_begin0
	.long	.Ltmp21-.Lfunc_begin0
	.short	2                               @ Loc expr size
	.byte	48                              @ DW_OP_lit0
	.byte	159                             @ DW_OP_stack_value
	.long	.Ltmp21-.Lfunc_begin0
	.long	.Ltmp22-.Lfunc_begin0
	.short	2                               @ Loc expr size
	.byte	56                              @ DW_OP_lit8
	.byte	159                             @ DW_OP_stack_value
	.long	.Ltmp22-.Lfunc_begin0
	.long	.Ltmp23-.Lfunc_begin0
	.short	2                               @ Loc expr size
	.byte	48                              @ DW_OP_lit0
	.byte	159                             @ DW_OP_stack_value
	.long	.Ltmp23-.Lfunc_begin0
	.long	.Ltmp24-.Lfunc_begin0
	.short	2                               @ Loc expr size
	.byte	55                              @ DW_OP_lit7
	.byte	159                             @ DW_OP_stack_value
	.long	.Ltmp24-.Lfunc_begin0
	.long	.Ltmp25-.Lfunc_begin0
	.short	2                               @ Loc expr size
	.byte	48                              @ DW_OP_lit0
	.byte	159                             @ DW_OP_stack_value
	.long	.Ltmp25-.Lfunc_begin0
	.long	.Ltmp31-.Lfunc_begin0
	.short	1                               @ Loc expr size
	.byte	85                              @ DW_OP_reg5
	.long	0
	.long	0
.Ldebug_loc9:
	.long	.Ltmp27-.Lfunc_begin0
	.long	.Ltmp31-.Lfunc_begin0
	.short	1                               @ Loc expr size
	.byte	87                              @ DW_OP_reg7
	.long	0
	.long	0
	.section	.debug_abbrev,"",%progbits
	.byte	1                               @ Abbreviation Code
	.byte	17                              @ DW_TAG_compile_unit
	.byte	1                               @ DW_CHILDREN_yes
	.byte	37                              @ DW_AT_producer
	.byte	14                              @ DW_FORM_strp
	.byte	19                              @ DW_AT_language
	.byte	5                               @ DW_FORM_data2
	.byte	3                               @ DW_AT_name
	.byte	14                              @ DW_FORM_strp
	.byte	16                              @ DW_AT_stmt_list
	.byte	23                              @ DW_FORM_sec_offset
	.byte	27                              @ DW_AT_comp_dir
	.byte	14                              @ DW_FORM_strp
	.byte	17                              @ DW_AT_low_pc
	.byte	1                               @ DW_FORM_addr
	.byte	18                              @ DW_AT_high_pc
	.byte	6                               @ DW_FORM_data4
	.byte	0                               @ EOM(1)
	.byte	0                               @ EOM(2)
	.byte	2                               @ Abbreviation Code
	.byte	52                              @ DW_TAG_variable
	.byte	0                               @ DW_CHILDREN_no
	.byte	3                               @ DW_AT_name
	.byte	14                              @ DW_FORM_strp
	.byte	73                              @ DW_AT_type
	.byte	19                              @ DW_FORM_ref4
	.byte	58                              @ DW_AT_decl_file
	.byte	11                              @ DW_FORM_data1
	.byte	59                              @ DW_AT_decl_line
	.byte	11                              @ DW_FORM_data1
	.byte	2                               @ DW_AT_location
	.byte	24                              @ DW_FORM_exprloc
	.byte	0                               @ EOM(1)
	.byte	0                               @ EOM(2)
	.byte	3                               @ Abbreviation Code
	.byte	1                               @ DW_TAG_array_type
	.byte	1                               @ DW_CHILDREN_yes
	.byte	73                              @ DW_AT_type
	.byte	19                              @ DW_FORM_ref4
	.byte	0                               @ EOM(1)
	.byte	0                               @ EOM(2)
	.byte	4                               @ Abbreviation Code
	.byte	33                              @ DW_TAG_subrange_type
	.byte	0                               @ DW_CHILDREN_no
	.byte	73                              @ DW_AT_type
	.byte	19                              @ DW_FORM_ref4
	.byte	55                              @ DW_AT_count
	.byte	11                              @ DW_FORM_data1
	.byte	0                               @ EOM(1)
	.byte	0                               @ EOM(2)
	.byte	5                               @ Abbreviation Code
	.byte	38                              @ DW_TAG_const_type
	.byte	0                               @ DW_CHILDREN_no
	.byte	73                              @ DW_AT_type
	.byte	19                              @ DW_FORM_ref4
	.byte	0                               @ EOM(1)
	.byte	0                               @ EOM(2)
	.byte	6                               @ Abbreviation Code
	.byte	19                              @ DW_TAG_structure_type
	.byte	1                               @ DW_CHILDREN_yes
	.byte	3                               @ DW_AT_name
	.byte	14                              @ DW_FORM_strp
	.byte	11                              @ DW_AT_byte_size
	.byte	11                              @ DW_FORM_data1
	.byte	58                              @ DW_AT_decl_file
	.byte	11                              @ DW_FORM_data1
	.byte	59                              @ DW_AT_decl_line
	.byte	11                              @ DW_FORM_data1
	.byte	0                               @ EOM(1)
	.byte	0                               @ EOM(2)
	.byte	7                               @ Abbreviation Code
	.byte	13                              @ DW_TAG_member
	.byte	0                               @ DW_CHILDREN_no
	.byte	3                               @ DW_AT_name
	.byte	14                              @ DW_FORM_strp
	.byte	73                              @ DW_AT_type
	.byte	19                              @ DW_FORM_ref4
	.byte	58                              @ DW_AT_decl_file
	.byte	11                              @ DW_FORM_data1
	.byte	59                              @ DW_AT_decl_line
	.byte	11                              @ DW_FORM_data1
	.byte	56                              @ DW_AT_data_member_location
	.byte	11                              @ DW_FORM_data1
	.byte	0                               @ EOM(1)
	.byte	0                               @ EOM(2)
	.byte	8                               @ Abbreviation Code
	.byte	22                              @ DW_TAG_typedef
	.byte	0                               @ DW_CHILDREN_no
	.byte	73                              @ DW_AT_type
	.byte	19                              @ DW_FORM_ref4
	.byte	3                               @ DW_AT_name
	.byte	14                              @ DW_FORM_strp
	.byte	58                              @ DW_AT_decl_file
	.byte	11                              @ DW_FORM_data1
	.byte	59                              @ DW_AT_decl_line
	.byte	11                              @ DW_FORM_data1
	.byte	0                               @ EOM(1)
	.byte	0                               @ EOM(2)
	.byte	9                               @ Abbreviation Code
	.byte	36                              @ DW_TAG_base_type
	.byte	0                               @ DW_CHILDREN_no
	.byte	3                               @ DW_AT_name
	.byte	14                              @ DW_FORM_strp
	.byte	62                              @ DW_AT_encoding
	.byte	11                              @ DW_FORM_data1
	.byte	11                              @ DW_AT_byte_size
	.byte	11                              @ DW_FORM_data1
	.byte	0                               @ EOM(1)
	.byte	0                               @ EOM(2)
	.byte	10                              @ Abbreviation Code
	.byte	15                              @ DW_TAG_pointer_type
	.byte	0                               @ DW_CHILDREN_no
	.byte	73                              @ DW_AT_type
	.byte	19                              @ DW_FORM_ref4
	.byte	0                               @ EOM(1)
	.byte	0                               @ EOM(2)
	.byte	11                              @ Abbreviation Code
	.byte	21                              @ DW_TAG_subroutine_type
	.byte	1                               @ DW_CHILDREN_yes
	.byte	73                              @ DW_AT_type
	.byte	19                              @ DW_FORM_ref4
	.byte	39                              @ DW_AT_prototyped
	.byte	25                              @ DW_FORM_flag_present
	.byte	0                               @ EOM(1)
	.byte	0                               @ EOM(2)
	.byte	12                              @ Abbreviation Code
	.byte	5                               @ DW_TAG_formal_parameter
	.byte	0                               @ DW_CHILDREN_no
	.byte	73                              @ DW_AT_type
	.byte	19                              @ DW_FORM_ref4
	.byte	0                               @ EOM(1)
	.byte	0                               @ EOM(2)
	.byte	13                              @ Abbreviation Code
	.byte	38                              @ DW_TAG_const_type
	.byte	0                               @ DW_CHILDREN_no
	.byte	0                               @ EOM(1)
	.byte	0                               @ EOM(2)
	.byte	14                              @ Abbreviation Code
	.byte	36                              @ DW_TAG_base_type
	.byte	0                               @ DW_CHILDREN_no
	.byte	3                               @ DW_AT_name
	.byte	14                              @ DW_FORM_strp
	.byte	11                              @ DW_AT_byte_size
	.byte	11                              @ DW_FORM_data1
	.byte	62                              @ DW_AT_encoding
	.byte	11                              @ DW_FORM_data1
	.byte	0                               @ EOM(1)
	.byte	0                               @ EOM(2)
	.byte	15                              @ Abbreviation Code
	.byte	52                              @ DW_TAG_variable
	.byte	0                               @ DW_CHILDREN_no
	.byte	73                              @ DW_AT_type
	.byte	19                              @ DW_FORM_ref4
	.byte	58                              @ DW_AT_decl_file
	.byte	11                              @ DW_FORM_data1
	.byte	59                              @ DW_AT_decl_line
	.byte	11                              @ DW_FORM_data1
	.byte	2                               @ DW_AT_location
	.byte	24                              @ DW_FORM_exprloc
	.byte	0                               @ EOM(1)
	.byte	0                               @ EOM(2)
	.byte	16                              @ Abbreviation Code
	.byte	4                               @ DW_TAG_enumeration_type
	.byte	1                               @ DW_CHILDREN_yes
	.byte	73                              @ DW_AT_type
	.byte	19                              @ DW_FORM_ref4
	.byte	3                               @ DW_AT_name
	.byte	14                              @ DW_FORM_strp
	.byte	11                              @ DW_AT_byte_size
	.byte	11                              @ DW_FORM_data1
	.byte	58                              @ DW_AT_decl_file
	.byte	11                              @ DW_FORM_data1
	.byte	59                              @ DW_AT_decl_line
	.byte	11                              @ DW_FORM_data1
	.byte	0                               @ EOM(1)
	.byte	0                               @ EOM(2)
	.byte	17                              @ Abbreviation Code
	.byte	40                              @ DW_TAG_enumerator
	.byte	0                               @ DW_CHILDREN_no
	.byte	3                               @ DW_AT_name
	.byte	14                              @ DW_FORM_strp
	.byte	28                              @ DW_AT_const_value
	.byte	15                              @ DW_FORM_udata
	.byte	0                               @ EOM(1)
	.byte	0                               @ EOM(2)
	.byte	18                              @ Abbreviation Code
	.byte	4                               @ DW_TAG_enumeration_type
	.byte	1                               @ DW_CHILDREN_yes
	.byte	73                              @ DW_AT_type
	.byte	19                              @ DW_FORM_ref4
	.byte	11                              @ DW_AT_byte_size
	.byte	11                              @ DW_FORM_data1
	.byte	58                              @ DW_AT_decl_file
	.byte	11                              @ DW_FORM_data1
	.byte	59                              @ DW_AT_decl_line
	.byte	11                              @ DW_FORM_data1
	.byte	0                               @ EOM(1)
	.byte	0                               @ EOM(2)
	.byte	19                              @ Abbreviation Code
	.byte	33                              @ DW_TAG_subrange_type
	.byte	0                               @ DW_CHILDREN_no
	.byte	73                              @ DW_AT_type
	.byte	19                              @ DW_FORM_ref4
	.byte	0                               @ EOM(1)
	.byte	0                               @ EOM(2)
	.byte	20                              @ Abbreviation Code
	.byte	46                              @ DW_TAG_subprogram
	.byte	1                               @ DW_CHILDREN_yes
	.byte	17                              @ DW_AT_low_pc
	.byte	1                               @ DW_FORM_addr
	.byte	18                              @ DW_AT_high_pc
	.byte	6                               @ DW_FORM_data4
	.byte	64                              @ DW_AT_frame_base
	.byte	24                              @ DW_FORM_exprloc
	.ascii	"\227B"                         @ DW_AT_GNU_all_call_sites
	.byte	25                              @ DW_FORM_flag_present
	.byte	3                               @ DW_AT_name
	.byte	14                              @ DW_FORM_strp
	.byte	58                              @ DW_AT_decl_file
	.byte	11                              @ DW_FORM_data1
	.byte	59                              @ DW_AT_decl_line
	.byte	11                              @ DW_FORM_data1
	.byte	39                              @ DW_AT_prototyped
	.byte	25                              @ DW_FORM_flag_present
	.byte	73                              @ DW_AT_type
	.byte	19                              @ DW_FORM_ref4
	.byte	63                              @ DW_AT_external
	.byte	25                              @ DW_FORM_flag_present
	.byte	0                               @ EOM(1)
	.byte	0                               @ EOM(2)
	.byte	21                              @ Abbreviation Code
	.byte	5                               @ DW_TAG_formal_parameter
	.byte	0                               @ DW_CHILDREN_no
	.byte	2                               @ DW_AT_location
	.byte	23                              @ DW_FORM_sec_offset
	.byte	3                               @ DW_AT_name
	.byte	14                              @ DW_FORM_strp
	.byte	58                              @ DW_AT_decl_file
	.byte	11                              @ DW_FORM_data1
	.byte	59                              @ DW_AT_decl_line
	.byte	11                              @ DW_FORM_data1
	.byte	73                              @ DW_AT_type
	.byte	19                              @ DW_FORM_ref4
	.byte	0                               @ EOM(1)
	.byte	0                               @ EOM(2)
	.byte	22                              @ Abbreviation Code
	.byte	5                               @ DW_TAG_formal_parameter
	.byte	0                               @ DW_CHILDREN_no
	.byte	2                               @ DW_AT_location
	.byte	24                              @ DW_FORM_exprloc
	.byte	3                               @ DW_AT_name
	.byte	14                              @ DW_FORM_strp
	.byte	58                              @ DW_AT_decl_file
	.byte	11                              @ DW_FORM_data1
	.byte	59                              @ DW_AT_decl_line
	.byte	11                              @ DW_FORM_data1
	.byte	73                              @ DW_AT_type
	.byte	19                              @ DW_FORM_ref4
	.byte	0                               @ EOM(1)
	.byte	0                               @ EOM(2)
	.byte	23                              @ Abbreviation Code
	.byte	46                              @ DW_TAG_subprogram
	.byte	1                               @ DW_CHILDREN_yes
	.byte	17                              @ DW_AT_low_pc
	.byte	1                               @ DW_FORM_addr
	.byte	18                              @ DW_AT_high_pc
	.byte	6                               @ DW_FORM_data4
	.byte	64                              @ DW_AT_frame_base
	.byte	24                              @ DW_FORM_exprloc
	.ascii	"\227B"                         @ DW_AT_GNU_all_call_sites
	.byte	25                              @ DW_FORM_flag_present
	.byte	3                               @ DW_AT_name
	.byte	14                              @ DW_FORM_strp
	.byte	58                              @ DW_AT_decl_file
	.byte	11                              @ DW_FORM_data1
	.byte	59                              @ DW_AT_decl_line
	.byte	11                              @ DW_FORM_data1
	.byte	39                              @ DW_AT_prototyped
	.byte	25                              @ DW_FORM_flag_present
	.byte	73                              @ DW_AT_type
	.byte	19                              @ DW_FORM_ref4
	.byte	0                               @ EOM(1)
	.byte	0                               @ EOM(2)
	.byte	24                              @ Abbreviation Code
	.byte	5                               @ DW_TAG_formal_parameter
	.byte	0                               @ DW_CHILDREN_no
	.byte	3                               @ DW_AT_name
	.byte	14                              @ DW_FORM_strp
	.byte	58                              @ DW_AT_decl_file
	.byte	11                              @ DW_FORM_data1
	.byte	59                              @ DW_AT_decl_line
	.byte	11                              @ DW_FORM_data1
	.byte	73                              @ DW_AT_type
	.byte	19                              @ DW_FORM_ref4
	.byte	0                               @ EOM(1)
	.byte	0                               @ EOM(2)
	.byte	25                              @ Abbreviation Code
	.byte	52                              @ DW_TAG_variable
	.byte	0                               @ DW_CHILDREN_no
	.byte	2                               @ DW_AT_location
	.byte	23                              @ DW_FORM_sec_offset
	.byte	3                               @ DW_AT_name
	.byte	14                              @ DW_FORM_strp
	.byte	58                              @ DW_AT_decl_file
	.byte	11                              @ DW_FORM_data1
	.byte	59                              @ DW_AT_decl_line
	.byte	11                              @ DW_FORM_data1
	.byte	73                              @ DW_AT_type
	.byte	19                              @ DW_FORM_ref4
	.byte	0                               @ EOM(1)
	.byte	0                               @ EOM(2)
	.byte	0                               @ EOM(3)
	.section	.debug_info,"",%progbits
.Lcu_begin0:
	.long	.Ldebug_info_end0-.Ldebug_info_start0 @ Length of Unit
.Ldebug_info_start0:
	.short	4                               @ DWARF version number
	.long	.debug_abbrev                   @ Offset Into Abbrev. Section
	.byte	4                               @ Address Size (in bytes)
	.byte	1                               @ Abbrev [1] 0xb:0x366 DW_TAG_compile_unit
	.long	.Linfo_string0                  @ DW_AT_producer
	.short	12                              @ DW_AT_language
	.long	.Linfo_string1                  @ DW_AT_name
	.long	.Lline_table_start0             @ DW_AT_stmt_list
	.long	.Linfo_string2                  @ DW_AT_comp_dir
	.long	.Lfunc_begin0                   @ DW_AT_low_pc
	.long	.Lfunc_end1-.Lfunc_begin0       @ DW_AT_high_pc
	.byte	2                               @ Abbrev [2] 0x26:0x11 DW_TAG_variable
	.long	.Linfo_string3                  @ DW_AT_name
	.long	55                              @ DW_AT_type
	.byte	4                               @ DW_AT_decl_file
	.byte	153                             @ DW_AT_decl_line
	.byte	5                               @ DW_AT_location
	.byte	3
	.long	app_diss_process_handlers
	.byte	3                               @ Abbrev [3] 0x37:0xc DW_TAG_array_type
	.long	67                              @ DW_AT_type
	.byte	4                               @ Abbrev [4] 0x3c:0x6 DW_TAG_subrange_type
	.long	210                             @ DW_AT_type
	.byte	1                               @ DW_AT_count
	.byte	0                               @ End Of Children Mark
	.byte	5                               @ Abbrev [5] 0x43:0x5 DW_TAG_const_type
	.long	72                              @ DW_AT_type
	.byte	6                               @ Abbrev [6] 0x48:0x21 DW_TAG_structure_type
	.long	.Linfo_string12                 @ DW_AT_name
	.byte	8                               @ DW_AT_byte_size
	.byte	3                               @ DW_AT_decl_file
	.byte	87                              @ DW_AT_decl_line
	.byte	7                               @ Abbrev [7] 0x50:0xc DW_TAG_member
	.long	.Linfo_string4                  @ DW_AT_name
	.long	105                             @ DW_AT_type
	.byte	3                               @ DW_AT_decl_file
	.byte	90                              @ DW_AT_decl_line
	.byte	0                               @ DW_AT_data_member_location
	.byte	7                               @ Abbrev [7] 0x5c:0xc DW_TAG_member
	.long	.Linfo_string8                  @ DW_AT_name
	.long	134                             @ DW_AT_type
	.byte	3                               @ DW_AT_decl_file
	.byte	92                              @ DW_AT_decl_line
	.byte	4                               @ DW_AT_data_member_location
	.byte	0                               @ End Of Children Mark
	.byte	8                               @ Abbrev [8] 0x69:0xb DW_TAG_typedef
	.long	116                             @ DW_AT_type
	.long	.Linfo_string7                  @ DW_AT_name
	.byte	2                               @ DW_AT_decl_file
	.byte	78                              @ DW_AT_decl_line
	.byte	8                               @ Abbrev [8] 0x74:0xb DW_TAG_typedef
	.long	127                             @ DW_AT_type
	.long	.Linfo_string6                  @ DW_AT_name
	.byte	1                               @ DW_AT_decl_file
	.byte	63                              @ DW_AT_decl_line
	.byte	9                               @ Abbrev [9] 0x7f:0x7 DW_TAG_base_type
	.long	.Linfo_string5                  @ DW_AT_name
	.byte	7                               @ DW_AT_encoding
	.byte	2                               @ DW_AT_byte_size
	.byte	8                               @ Abbrev [8] 0x86:0xb DW_TAG_typedef
	.long	145                             @ DW_AT_type
	.long	.Linfo_string11                 @ DW_AT_name
	.byte	3                               @ DW_AT_decl_file
	.byte	64                              @ DW_AT_decl_line
	.byte	10                              @ Abbrev [10] 0x91:0x5 DW_TAG_pointer_type
	.long	150                             @ DW_AT_type
	.byte	11                              @ Abbrev [11] 0x96:0x1a DW_TAG_subroutine_type
	.long	176                             @ DW_AT_type
                                        @ DW_AT_prototyped
	.byte	12                              @ Abbrev [12] 0x9b:0x5 DW_TAG_formal_parameter
	.long	183                             @ DW_AT_type
	.byte	12                              @ Abbrev [12] 0xa0:0x5 DW_TAG_formal_parameter
	.long	188                             @ DW_AT_type
	.byte	12                              @ Abbrev [12] 0xa5:0x5 DW_TAG_formal_parameter
	.long	194                             @ DW_AT_type
	.byte	12                              @ Abbrev [12] 0xaa:0x5 DW_TAG_formal_parameter
	.long	194                             @ DW_AT_type
	.byte	0                               @ End Of Children Mark
	.byte	9                               @ Abbrev [9] 0xb0:0x7 DW_TAG_base_type
	.long	.Linfo_string9                  @ DW_AT_name
	.byte	5                               @ DW_AT_encoding
	.byte	4                               @ DW_AT_byte_size
	.byte	5                               @ Abbrev [5] 0xb7:0x5 DW_TAG_const_type
	.long	105                             @ DW_AT_type
	.byte	10                              @ Abbrev [10] 0xbc:0x5 DW_TAG_pointer_type
	.long	193                             @ DW_AT_type
	.byte	13                              @ Abbrev [13] 0xc1:0x1 DW_TAG_const_type
	.byte	5                               @ Abbrev [5] 0xc2:0x5 DW_TAG_const_type
	.long	199                             @ DW_AT_type
	.byte	8                               @ Abbrev [8] 0xc7:0xb DW_TAG_typedef
	.long	116                             @ DW_AT_type
	.long	.Linfo_string10                 @ DW_AT_name
	.byte	2                               @ DW_AT_decl_file
	.byte	60                              @ DW_AT_decl_line
	.byte	14                              @ Abbrev [14] 0xd2:0x7 DW_TAG_base_type
	.long	.Linfo_string13                 @ DW_AT_name
	.byte	8                               @ DW_AT_byte_size
	.byte	7                               @ DW_AT_encoding
	.byte	15                              @ Abbrev [15] 0xd9:0xd DW_TAG_variable
	.long	230                             @ DW_AT_type
	.byte	4                               @ DW_AT_decl_file
	.byte	64                              @ DW_AT_decl_line
	.byte	5                               @ DW_AT_location
	.byte	3
	.long	.L.str
	.byte	3                               @ Abbrev [3] 0xe6:0xc DW_TAG_array_type
	.long	242                             @ DW_AT_type
	.byte	4                               @ Abbrev [4] 0xeb:0x6 DW_TAG_subrange_type
	.long	210                             @ DW_AT_type
	.byte	8                               @ DW_AT_count
	.byte	0                               @ End Of Children Mark
	.byte	9                               @ Abbrev [9] 0xf2:0x7 DW_TAG_base_type
	.long	.Linfo_string14                 @ DW_AT_name
	.byte	8                               @ DW_AT_encoding
	.byte	1                               @ DW_AT_byte_size
	.byte	15                              @ Abbrev [15] 0xf9:0xd DW_TAG_variable
	.long	230                             @ DW_AT_type
	.byte	4                               @ DW_AT_decl_file
	.byte	71                              @ DW_AT_decl_line
	.byte	5                               @ DW_AT_location
	.byte	3
	.long	.L.str.1
	.byte	15                              @ Abbrev [15] 0x106:0xd DW_TAG_variable
	.long	275                             @ DW_AT_type
	.byte	4                               @ DW_AT_decl_file
	.byte	78                              @ DW_AT_decl_line
	.byte	5                               @ DW_AT_location
	.byte	3
	.long	.L.str.2
	.byte	3                               @ Abbrev [3] 0x113:0xc DW_TAG_array_type
	.long	242                             @ DW_AT_type
	.byte	4                               @ Abbrev [4] 0x118:0x6 DW_TAG_subrange_type
	.long	210                             @ DW_AT_type
	.byte	9                               @ DW_AT_count
	.byte	0                               @ End Of Children Mark
	.byte	15                              @ Abbrev [15] 0x11f:0xd DW_TAG_variable
	.long	230                             @ DW_AT_type
	.byte	4                               @ DW_AT_decl_file
	.byte	85                              @ DW_AT_decl_line
	.byte	5                               @ DW_AT_location
	.byte	3
	.long	.L.str.3
	.byte	15                              @ Abbrev [15] 0x12c:0xd DW_TAG_variable
	.long	313                             @ DW_AT_type
	.byte	4                               @ DW_AT_decl_file
	.byte	92                              @ DW_AT_decl_line
	.byte	5                               @ DW_AT_location
	.byte	3
	.long	.L.str.4
	.byte	3                               @ Abbrev [3] 0x139:0xc DW_TAG_array_type
	.long	242                             @ DW_AT_type
	.byte	4                               @ Abbrev [4] 0x13e:0x6 DW_TAG_subrange_type
	.long	210                             @ DW_AT_type
	.byte	11                              @ DW_AT_count
	.byte	0                               @ End Of Children Mark
	.byte	15                              @ Abbrev [15] 0x145:0xd DW_TAG_variable
	.long	338                             @ DW_AT_type
	.byte	4                               @ DW_AT_decl_file
	.byte	106                             @ DW_AT_decl_line
	.byte	5                               @ DW_AT_location
	.byte	3
	.long	.L.str.5
	.byte	3                               @ Abbrev [3] 0x152:0xc DW_TAG_array_type
	.long	242                             @ DW_AT_type
	.byte	4                               @ Abbrev [4] 0x157:0x6 DW_TAG_subrange_type
	.long	210                             @ DW_AT_type
	.byte	14                              @ DW_AT_count
	.byte	0                               @ End Of Children Mark
	.byte	15                              @ Abbrev [15] 0x15e:0xd DW_TAG_variable
	.long	363                             @ DW_AT_type
	.byte	4                               @ DW_AT_decl_file
	.byte	120                             @ DW_AT_decl_line
	.byte	5                               @ DW_AT_location
	.byte	3
	.long	.L.str.6
	.byte	3                               @ Abbrev [3] 0x16b:0xc DW_TAG_array_type
	.long	242                             @ DW_AT_type
	.byte	4                               @ Abbrev [4] 0x170:0x6 DW_TAG_subrange_type
	.long	210                             @ DW_AT_type
	.byte	7                               @ DW_AT_count
	.byte	0                               @ End Of Children Mark
	.byte	16                              @ Abbrev [16] 0x177:0x19 DW_TAG_enumeration_type
	.long	400                             @ DW_AT_type
	.long	.Linfo_string18                 @ DW_AT_name
	.byte	1                               @ DW_AT_byte_size
	.byte	5                               @ DW_AT_decl_file
	.byte	76                              @ DW_AT_decl_line
	.byte	17                              @ Abbrev [17] 0x183:0x6 DW_TAG_enumerator
	.long	.Linfo_string16                 @ DW_AT_name
	.byte	0                               @ DW_AT_const_value
	.byte	17                              @ Abbrev [17] 0x189:0x6 DW_TAG_enumerator
	.long	.Linfo_string17                 @ DW_AT_name
	.byte	1                               @ DW_AT_const_value
	.byte	0                               @ End Of Children Mark
	.byte	9                               @ Abbrev [9] 0x190:0x7 DW_TAG_base_type
	.long	.Linfo_string15                 @ DW_AT_name
	.byte	8                               @ DW_AT_encoding
	.byte	1                               @ DW_AT_byte_size
	.byte	16                              @ Abbrev [16] 0x197:0x1f DW_TAG_enumeration_type
	.long	400                             @ DW_AT_type
	.long	.Linfo_string22                 @ DW_AT_name
	.byte	1                               @ DW_AT_byte_size
	.byte	2                               @ DW_AT_decl_file
	.byte	96                              @ DW_AT_decl_line
	.byte	17                              @ Abbrev [17] 0x1a3:0x6 DW_TAG_enumerator
	.long	.Linfo_string19                 @ DW_AT_name
	.byte	0                               @ DW_AT_const_value
	.byte	17                              @ Abbrev [17] 0x1a9:0x6 DW_TAG_enumerator
	.long	.Linfo_string20                 @ DW_AT_name
	.byte	1                               @ DW_AT_const_value
	.byte	17                              @ Abbrev [17] 0x1af:0x6 DW_TAG_enumerator
	.long	.Linfo_string21                 @ DW_AT_name
	.byte	2                               @ DW_AT_const_value
	.byte	0                               @ End Of Children Mark
	.byte	16                              @ Abbrev [16] 0x1b6:0x49 DW_TAG_enumeration_type
	.long	400                             @ DW_AT_type
	.long	.Linfo_string33                 @ DW_AT_name
	.byte	1                               @ DW_AT_byte_size
	.byte	6                               @ DW_AT_decl_file
	.byte	85                              @ DW_AT_decl_line
	.byte	17                              @ Abbrev [17] 0x1c2:0x6 DW_TAG_enumerator
	.long	.Linfo_string23                 @ DW_AT_name
	.byte	0                               @ DW_AT_const_value
	.byte	17                              @ Abbrev [17] 0x1c8:0x6 DW_TAG_enumerator
	.long	.Linfo_string24                 @ DW_AT_name
	.byte	1                               @ DW_AT_const_value
	.byte	17                              @ Abbrev [17] 0x1ce:0x6 DW_TAG_enumerator
	.long	.Linfo_string25                 @ DW_AT_name
	.byte	2                               @ DW_AT_const_value
	.byte	17                              @ Abbrev [17] 0x1d4:0x6 DW_TAG_enumerator
	.long	.Linfo_string26                 @ DW_AT_name
	.byte	3                               @ DW_AT_const_value
	.byte	17                              @ Abbrev [17] 0x1da:0x6 DW_TAG_enumerator
	.long	.Linfo_string27                 @ DW_AT_name
	.byte	4                               @ DW_AT_const_value
	.byte	17                              @ Abbrev [17] 0x1e0:0x6 DW_TAG_enumerator
	.long	.Linfo_string28                 @ DW_AT_name
	.byte	5                               @ DW_AT_const_value
	.byte	17                              @ Abbrev [17] 0x1e6:0x6 DW_TAG_enumerator
	.long	.Linfo_string29                 @ DW_AT_name
	.byte	6                               @ DW_AT_const_value
	.byte	17                              @ Abbrev [17] 0x1ec:0x6 DW_TAG_enumerator
	.long	.Linfo_string30                 @ DW_AT_name
	.byte	7                               @ DW_AT_const_value
	.byte	17                              @ Abbrev [17] 0x1f2:0x6 DW_TAG_enumerator
	.long	.Linfo_string31                 @ DW_AT_name
	.byte	8                               @ DW_AT_const_value
	.byte	17                              @ Abbrev [17] 0x1f8:0x6 DW_TAG_enumerator
	.long	.Linfo_string32                 @ DW_AT_name
	.byte	9                               @ DW_AT_const_value
	.byte	0                               @ End Of Children Mark
	.byte	18                              @ Abbrev [18] 0x1ff:0x25 DW_TAG_enumeration_type
	.long	127                             @ DW_AT_type
	.byte	2                               @ DW_AT_byte_size
	.byte	7                               @ DW_AT_decl_file
	.byte	55                              @ DW_AT_decl_line
	.byte	17                              @ Abbrev [17] 0x207:0x7 DW_TAG_enumerator
	.long	.Linfo_string34                 @ DW_AT_name
	.ascii	"\200("                         @ DW_AT_const_value
	.byte	17                              @ Abbrev [17] 0x20e:0x7 DW_TAG_enumerator
	.long	.Linfo_string35                 @ DW_AT_name
	.ascii	"\201("                         @ DW_AT_const_value
	.byte	17                              @ Abbrev [17] 0x215:0x7 DW_TAG_enumerator
	.long	.Linfo_string36                 @ DW_AT_name
	.ascii	"\202("                         @ DW_AT_const_value
	.byte	17                              @ Abbrev [17] 0x21c:0x7 DW_TAG_enumerator
	.long	.Linfo_string37                 @ DW_AT_name
	.ascii	"\203("                         @ DW_AT_const_value
	.byte	0                               @ End Of Children Mark
	.byte	10                              @ Abbrev [10] 0x224:0x5 DW_TAG_pointer_type
	.long	553                             @ DW_AT_type
	.byte	8                               @ Abbrev [8] 0x229:0xb DW_TAG_typedef
	.long	400                             @ DW_AT_type
	.long	.Linfo_string38                 @ DW_AT_name
	.byte	1                               @ DW_AT_decl_file
	.byte	62                              @ DW_AT_decl_line
	.byte	10                              @ Abbrev [10] 0x234:0x5 DW_TAG_pointer_type
	.long	569                             @ DW_AT_type
	.byte	6                               @ Abbrev [6] 0x239:0x2d DW_TAG_structure_type
	.long	.Linfo_string42                 @ DW_AT_name
	.byte	2                               @ DW_AT_byte_size
	.byte	7                               @ DW_AT_decl_file
	.byte	109                             @ DW_AT_decl_line
	.byte	7                               @ Abbrev [7] 0x241:0xc DW_TAG_member
	.long	.Linfo_string39                 @ DW_AT_name
	.long	553                             @ DW_AT_type
	.byte	7                               @ DW_AT_decl_file
	.byte	112                             @ DW_AT_decl_line
	.byte	0                               @ DW_AT_data_member_location
	.byte	7                               @ Abbrev [7] 0x24d:0xc DW_TAG_member
	.long	.Linfo_string40                 @ DW_AT_name
	.long	553                             @ DW_AT_type
	.byte	7                               @ DW_AT_decl_file
	.byte	114                             @ DW_AT_decl_line
	.byte	1                               @ DW_AT_data_member_location
	.byte	7                               @ Abbrev [7] 0x259:0xc DW_TAG_member
	.long	.Linfo_string41                 @ DW_AT_name
	.long	614                             @ DW_AT_type
	.byte	7                               @ DW_AT_decl_file
	.byte	116                             @ DW_AT_decl_line
	.byte	2                               @ DW_AT_data_member_location
	.byte	0                               @ End Of Children Mark
	.byte	3                               @ Abbrev [3] 0x266:0xb DW_TAG_array_type
	.long	553                             @ DW_AT_type
	.byte	19                              @ Abbrev [19] 0x26b:0x5 DW_TAG_subrange_type
	.long	210                             @ DW_AT_type
	.byte	0                               @ End Of Children Mark
	.byte	20                              @ Abbrev [20] 0x271:0x60 DW_TAG_subprogram
	.long	.Lfunc_begin0                   @ DW_AT_low_pc
	.long	.Lfunc_end0-.Lfunc_begin0       @ DW_AT_high_pc
	.byte	1                               @ DW_AT_frame_base
	.byte	93
                                        @ DW_AT_GNU_all_call_sites
	.long	.Linfo_string43                 @ DW_AT_name
	.byte	4                               @ DW_AT_decl_file
	.byte	163                             @ DW_AT_decl_line
                                        @ DW_AT_prototyped
	.long	375                             @ DW_AT_type
                                        @ DW_AT_external
	.byte	21                              @ Abbrev [21] 0x286:0xf DW_TAG_formal_parameter
	.long	.Ldebug_loc0                    @ DW_AT_location
	.long	.Linfo_string45                 @ DW_AT_name
	.byte	4                               @ DW_AT_decl_file
	.byte	163                             @ DW_AT_decl_line
	.long	183                             @ DW_AT_type
	.byte	21                              @ Abbrev [21] 0x295:0xf DW_TAG_formal_parameter
	.long	.Ldebug_loc1                    @ DW_AT_location
	.long	.Linfo_string46                 @ DW_AT_name
	.byte	4                               @ DW_AT_decl_file
	.byte	164                             @ DW_AT_decl_line
	.long	188                             @ DW_AT_type
	.byte	21                              @ Abbrev [21] 0x2a4:0xf DW_TAG_formal_parameter
	.long	.Ldebug_loc2                    @ DW_AT_location
	.long	.Linfo_string47                 @ DW_AT_name
	.byte	4                               @ DW_AT_decl_file
	.byte	165                             @ DW_AT_decl_line
	.long	194                             @ DW_AT_type
	.byte	21                              @ Abbrev [21] 0x2b3:0xf DW_TAG_formal_parameter
	.long	.Ldebug_loc3                    @ DW_AT_location
	.long	.Linfo_string48                 @ DW_AT_name
	.byte	4                               @ DW_AT_decl_file
	.byte	166                             @ DW_AT_decl_line
	.long	194                             @ DW_AT_type
	.byte	22                              @ Abbrev [22] 0x2c2:0xe DW_TAG_formal_parameter
	.byte	2                               @ DW_AT_location
	.byte	145
	.byte	24
	.long	.Linfo_string49                 @ DW_AT_name
	.byte	4                               @ DW_AT_decl_file
	.byte	167                             @ DW_AT_decl_line
	.long	844                             @ DW_AT_type
	.byte	0                               @ End Of Children Mark
	.byte	23                              @ Abbrev [23] 0x2d1:0x7b DW_TAG_subprogram
	.long	.Lfunc_begin1                   @ DW_AT_low_pc
	.long	.Lfunc_end1-.Lfunc_begin1       @ DW_AT_high_pc
	.byte	1                               @ DW_AT_frame_base
	.byte	93
                                        @ DW_AT_GNU_all_call_sites
	.long	.Linfo_string44                 @ DW_AT_name
	.byte	4                               @ DW_AT_decl_file
	.byte	47                              @ DW_AT_decl_line
                                        @ DW_AT_prototyped
	.long	176                             @ DW_AT_type
	.byte	24                              @ Abbrev [24] 0x2e6:0xb DW_TAG_formal_parameter
	.long	.Linfo_string45                 @ DW_AT_name
	.byte	4                               @ DW_AT_decl_file
	.byte	47                              @ DW_AT_decl_line
	.long	183                             @ DW_AT_type
	.byte	21                              @ Abbrev [21] 0x2f1:0xf DW_TAG_formal_parameter
	.long	.Ldebug_loc4                    @ DW_AT_location
	.long	.Linfo_string46                 @ DW_AT_name
	.byte	4                               @ DW_AT_decl_file
	.byte	48                              @ DW_AT_decl_line
	.long	849                             @ DW_AT_type
	.byte	21                              @ Abbrev [21] 0x300:0xf DW_TAG_formal_parameter
	.long	.Ldebug_loc5                    @ DW_AT_location
	.long	.Linfo_string47                 @ DW_AT_name
	.byte	4                               @ DW_AT_decl_file
	.byte	49                              @ DW_AT_decl_line
	.long	194                             @ DW_AT_type
	.byte	21                              @ Abbrev [21] 0x30f:0xf DW_TAG_formal_parameter
	.long	.Ldebug_loc6                    @ DW_AT_location
	.long	.Linfo_string48                 @ DW_AT_name
	.byte	4                               @ DW_AT_decl_file
	.byte	50                              @ DW_AT_decl_line
	.long	194                             @ DW_AT_type
	.byte	25                              @ Abbrev [25] 0x31e:0xf DW_TAG_variable
	.long	.Ldebug_loc7                    @ DW_AT_location
	.long	.Linfo_string41                 @ DW_AT_name
	.byte	4                               @ DW_AT_decl_file
	.byte	55                              @ DW_AT_decl_line
	.long	548                             @ DW_AT_type
	.byte	25                              @ Abbrev [25] 0x32d:0xf DW_TAG_variable
	.long	.Ldebug_loc8                    @ DW_AT_location
	.long	.Linfo_string51                 @ DW_AT_name
	.byte	4                               @ DW_AT_decl_file
	.byte	53                              @ DW_AT_decl_line
	.long	553                             @ DW_AT_type
	.byte	25                              @ Abbrev [25] 0x33c:0xf DW_TAG_variable
	.long	.Ldebug_loc9                    @ DW_AT_location
	.long	.Linfo_string52                 @ DW_AT_name
	.byte	4                               @ DW_AT_decl_file
	.byte	129                             @ DW_AT_decl_line
	.long	564                             @ DW_AT_type
	.byte	0                               @ End Of Children Mark
	.byte	10                              @ Abbrev [10] 0x34c:0x5 DW_TAG_pointer_type
	.long	407                             @ DW_AT_type
	.byte	10                              @ Abbrev [10] 0x351:0x5 DW_TAG_pointer_type
	.long	854                             @ DW_AT_type
	.byte	5                               @ Abbrev [5] 0x356:0x5 DW_TAG_const_type
	.long	859                             @ DW_AT_type
	.byte	6                               @ Abbrev [6] 0x35b:0x15 DW_TAG_structure_type
	.long	.Linfo_string50                 @ DW_AT_name
	.byte	1                               @ DW_AT_byte_size
	.byte	7                               @ DW_AT_decl_file
	.byte	102                             @ DW_AT_decl_line
	.byte	7                               @ Abbrev [7] 0x363:0xc DW_TAG_member
	.long	.Linfo_string39                 @ DW_AT_name
	.long	553                             @ DW_AT_type
	.byte	7                               @ DW_AT_decl_file
	.byte	105                             @ DW_AT_decl_line
	.byte	0                               @ DW_AT_data_member_location
	.byte	0                               @ End Of Children Mark
	.byte	0                               @ End Of Children Mark
.Ldebug_info_end0:
	.section	.debug_str,"MS",%progbits,1
.Linfo_string0:
	.asciz	"Component: Arm Compiler for Embedded 6.23 Tool: armclang [5f103000]" @ string offset=0
.Linfo_string1:
	.asciz	"../../../../../sdk/app_modules/src/app_diss\\app_diss_task.c" @ string offset=68
.Linfo_string2:
	.asciz	"C:\\Users\\teodor\\Desktop\\stem\\codeless\\6.0.24.1464\\projects\\target_apps\\ble_examples\\empty_peripheral_template\\Keil_5" @ string offset=128
.Linfo_string3:
	.asciz	"app_diss_process_handlers"     @ string offset=245
.Linfo_string4:
	.asciz	"id"                            @ string offset=271
.Linfo_string5:
	.asciz	"unsigned short"                @ string offset=274
.Linfo_string6:
	.asciz	"uint16_t"                      @ string offset=289
.Linfo_string7:
	.asciz	"ke_msg_id_t"                   @ string offset=298
.Linfo_string8:
	.asciz	"func"                          @ string offset=310
.Linfo_string9:
	.asciz	"int"                           @ string offset=315
.Linfo_string10:
	.asciz	"ke_task_id_t"                  @ string offset=319
.Linfo_string11:
	.asciz	"ke_msg_func_t"                 @ string offset=332
.Linfo_string12:
	.asciz	"ke_msg_handler"                @ string offset=346
.Linfo_string13:
	.asciz	"__ARRAY_SIZE_TYPE__"           @ string offset=361
.Linfo_string14:
	.asciz	"char"                          @ string offset=381
.Linfo_string15:
	.asciz	"unsigned char"                 @ string offset=386
.Linfo_string16:
	.asciz	"PR_EVENT_HANDLED"              @ string offset=400
.Linfo_string17:
	.asciz	"PR_EVENT_UNHANDLED"            @ string offset=417
.Linfo_string18:
	.asciz	"process_event_response"        @ string offset=436
.Linfo_string19:
	.asciz	"KE_MSG_CONSUMED"               @ string offset=459
.Linfo_string20:
	.asciz	"KE_MSG_NO_FREE"                @ string offset=475
.Linfo_string21:
	.asciz	"KE_MSG_SAVED"                  @ string offset=490
.Linfo_string22:
	.asciz	"ke_msg_status_tag"             @ string offset=503
.Linfo_string23:
	.asciz	"DIS_MANUFACTURER_NAME_CHAR"    @ string offset=521
.Linfo_string24:
	.asciz	"DIS_MODEL_NB_STR_CHAR"         @ string offset=548
.Linfo_string25:
	.asciz	"DIS_SERIAL_NB_STR_CHAR"        @ string offset=570
.Linfo_string26:
	.asciz	"DIS_HARD_REV_STR_CHAR"         @ string offset=593
.Linfo_string27:
	.asciz	"DIS_FIRM_REV_STR_CHAR"         @ string offset=615
.Linfo_string28:
	.asciz	"DIS_SW_REV_STR_CHAR"           @ string offset=637
.Linfo_string29:
	.asciz	"DIS_SYSTEM_ID_CHAR"            @ string offset=657
.Linfo_string30:
	.asciz	"DIS_IEEE_CHAR"                 @ string offset=676
.Linfo_string31:
	.asciz	"DIS_PNP_ID_CHAR"               @ string offset=690
.Linfo_string32:
	.asciz	"DIS_CHAR_MAX"                  @ string offset=706
.Linfo_string33:
	.asciz	"diss_info"                     @ string offset=719
.Linfo_string34:
	.asciz	"DISS_SET_VALUE_REQ"            @ string offset=729
.Linfo_string35:
	.asciz	"DISS_SET_VALUE_RSP"            @ string offset=748
.Linfo_string36:
	.asciz	"DISS_VALUE_REQ_IND"            @ string offset=767
.Linfo_string37:
	.asciz	"DISS_VALUE_CFM"                @ string offset=786
.Linfo_string38:
	.asciz	"uint8_t"                       @ string offset=801
.Linfo_string39:
	.asciz	"value"                         @ string offset=809
.Linfo_string40:
	.asciz	"length"                        @ string offset=815
.Linfo_string41:
	.asciz	"data"                          @ string offset=822
.Linfo_string42:
	.asciz	"diss_value_cfm"                @ string offset=827
.Linfo_string43:
	.asciz	"app_diss_process_handler"      @ string offset=842
.Linfo_string44:
	.asciz	"diss_value_req_ind_handler"    @ string offset=867
.Linfo_string45:
	.asciz	"msgid"                         @ string offset=894
.Linfo_string46:
	.asciz	"param"                         @ string offset=900
.Linfo_string47:
	.asciz	"dest_id"                       @ string offset=906
.Linfo_string48:
	.asciz	"src_id"                        @ string offset=914
.Linfo_string49:
	.asciz	"msg_ret"                       @ string offset=921
.Linfo_string50:
	.asciz	"diss_value_req_ind"            @ string offset=929
.Linfo_string51:
	.asciz	"len"                           @ string offset=948
.Linfo_string52:
	.asciz	"cfm_value"                     @ string offset=952
	.ident	"Component: Arm Compiler for Embedded 6.23 Tool: armclang [5f103000]"
	.section	".note.GNU-stack","",%progbits
	.eabi_attribute	30, 4	@ Tag_ABI_optimization_goals
	.ARM_attribute	16, 1	@ Tag_AV_eba
	.section	.debug_line,"",%progbits
.Lline_table_start0:
