	.text
	.syntax unified
	.eabi_attribute	67, "2.09"	@ Tag_conformance
	.cpu	cortex-m0plus
	.eabi_attribute	6, 12	@ Tag_CPU_arch
	.eabi_attribute	7, 77	@ Tag_CPU_arch_profile
	.eabi_attribute	8, 0	@ Tag_ARM_ISA_use
	.eabi_attribute	9, 1	@ Tag_THUMB_ISA_use
	.eabi_attribute	34, 0	@ Tag_CPU_unaligned_access
	.eabi_attribute	17, 1	@ Tag_ABI_PCS_GOT_use
	.eabi_attribute	20, 2	@ Tag_ABI_FP_denormal
	.eabi_attribute	21, 0	@ Tag_ABI_FP_exceptions
	.eabi_attribute	23, 1	@ Tag_ABI_FP_number_model
	.eabi_attribute	24, 1	@ Tag_ABI_align_needed
	.eabi_attribute	25, 1	@ Tag_ABI_align_preserved
	.eabi_attribute	38, 1	@ Tag_ABI_FP_16bit_format
	.eabi_attribute	18, 2	@ Tag_ABI_PCS_wchar_t
	.eabi_attribute	26, 1	@ Tag_ABI_enum_size
	.eabi_attribute	14, 0	@ Tag_ABI_PCS_R9_use
	.file	"app_easy_msg_utils.c"
	.file	1 "C:\\Users\\teodor\\Desktop\\stem\\codeless\\6.0.24.1464\\projects\\target_apps\\ble_examples\\empty_peripheral_template\\Keil_5" "../../../../../sdk/app_modules/src/app_easy/app_easy_msg_utils.c"
	.file	2 "C:\\Users\\teodor" "AppData\\Local\\Keil_v5\\ARM\\ARMCLANG\\bin\\..\\include\\stdint.h"
	.file	3 "C:\\Users\\teodor\\Desktop\\stem\\codeless\\6.0.24.1464\\projects\\target_apps\\ble_examples\\empty_peripheral_template\\Keil_5" "./../../../../../sdk/platform/core_modules/ke/api\\ke_msg.h"
	.file	4 "C:\\Users\\teodor\\Desktop\\stem\\codeless\\6.0.24.1464\\projects\\target_apps\\ble_examples\\empty_peripheral_template\\Keil_5" "./../../../../../sdk/platform/core_modules/rwip/api\\rwip_config.h"
	.file	5 "C:\\Users\\teodor\\Desktop\\stem\\codeless\\6.0.24.1464\\projects\\target_apps\\ble_examples\\empty_peripheral_template\\Keil_5" "./../../../../../sdk/app_modules/api\\app_entry_point.h"
	.file	6 "C:\\Users\\teodor\\Desktop\\stem\\codeless\\6.0.24.1464\\projects\\target_apps\\ble_examples\\empty_peripheral_template\\Keil_5" "./../../../../../sdk/app_modules/api\\app.h"
	.hidden	app_easy_msg_free_callback      @ -- Begin function app_easy_msg_free_callback
	.globl	app_easy_msg_free_callback
	.p2align	2
	.type	app_easy_msg_free_callback,%function
	.code	16                              @ @app_easy_msg_free_callback
	.thumb_func
app_easy_msg_free_callback:
.Lfunc_begin0:
	.loc	1 145 0                         @ ../../../../../sdk/app_modules/src/app_easy/app_easy_msg_utils.c:145:0
	.fnstart
	.cfi_sections .debug_frame
	.cfi_startproc
@ %bb.0:
	@DEBUG_VALUE: app_easy_msg_free_callback:msg_util_id <- $r0
	@DEBUG_VALUE: app_easy_msg_find_idx:msg_util_id <- $r0
	@DEBUG_VALUE: app_easy_msg_find_idx:i <- [DW_OP_LLVM_convert 16 7, DW_OP_LLVM_convert 32 7, DW_OP_constu 1038, DW_OP_minus, DW_OP_stack_value] $r0
	ldr	r1, __arm_cp.0_0
.Ltmp0:
	.loc	1 90 18 prologue_end            @ ../../../../../sdk/app_modules/src/app_easy/app_easy_msg_utils.c:90:18
	adds	r1, r0, r1
	uxth	r2, r1
	movs	r1, #0
	cmp	r2, #5
	blo	.LBB0_2
.Ltmp1:
@ %bb.1:
	@DEBUG_VALUE: app_easy_msg_find_idx:i <- [DW_OP_LLVM_convert 16 7, DW_OP_LLVM_convert 32 7, DW_OP_constu 1038, DW_OP_minus, DW_OP_stack_value] $r0
	@DEBUG_VALUE: app_easy_msg_find_idx:msg_util_id <- $r0
	@DEBUG_VALUE: app_easy_msg_free_callback:msg_util_id <- $r0
	.loc	1 0 18 is_stmt 0                @ ../../../../../sdk/app_modules/src/app_easy/app_easy_msg_utils.c:0:18
	mvns	r2, r1
	b	.LBB0_3
.Ltmp2:
.LBB0_2:
	@DEBUG_VALUE: app_easy_msg_find_idx:i <- [DW_OP_LLVM_convert 16 7, DW_OP_LLVM_convert 32 7, DW_OP_constu 1038, DW_OP_minus, DW_OP_stack_value] $r0
	@DEBUG_VALUE: app_easy_msg_find_idx:msg_util_id <- $r0
	@DEBUG_VALUE: app_easy_msg_free_callback:msg_util_id <- $r0
	.loc	1 90 18                         @ ../../../../../sdk/app_modules/src/app_easy/app_easy_msg_utils.c:90:18
	mov	r2, r0
	subs	r2, #14
.Ltmp3:
.LBB0_3:
	@DEBUG_VALUE: app_easy_msg_find_idx:i <- [DW_OP_LLVM_convert 16 7, DW_OP_LLVM_convert 32 7, DW_OP_constu 1038, DW_OP_minus, DW_OP_stack_value] $r0
	@DEBUG_VALUE: app_easy_msg_find_idx:msg_util_id <- $r0
	@DEBUG_VALUE: app_easy_msg_free_callback:msg_util_id <- $r0
	@DEBUG_VALUE: app_easy_msg_free_callback:i <- [DW_OP_LLVM_convert 8 5, DW_OP_LLVM_convert 32 5, DW_OP_stack_value] $r2
	sxtb	r2, r2
.Ltmp4:
	.loc	1 148 9 is_stmt 1               @ ../../../../../sdk/app_modules/src/app_easy/app_easy_msg_utils.c:148:9
	cmp	r2, #0
	bmi	.LBB0_5
.Ltmp5:
@ %bb.4:
	@DEBUG_VALUE: app_easy_msg_free_callback:msg_util_id <- $r0
	@DEBUG_VALUE: app_easy_msg_free_callback:i <- $r2
	.loc	1 150 9                         @ ../../../../../sdk/app_modules/src/app_easy/app_easy_msg_utils.c:150:9
	lsls	r1, r2, #2
	ldr	r2, __arm_cp.0_1
.Ltmp6:
	.loc	1 0 9 is_stmt 0                 @ ../../../../../sdk/app_modules/src/app_easy/app_easy_msg_utils.c:0:9
	movs	r3, #0
	.loc	1 150 31                        @ ../../../../../sdk/app_modules/src/app_easy/app_easy_msg_utils.c:150:31
	str	r3, [r2, r1]
.Ltmp7:
	.loc	1 158 1 is_stmt 1               @ ../../../../../sdk/app_modules/src/app_easy/app_easy_msg_utils.c:158:1
	bx	lr
.Ltmp8:
.LBB0_5:
	@DEBUG_VALUE: app_easy_msg_free_callback:msg_util_id <- $r0
	.loc	1 155 9                         @ ../../../../../sdk/app_modules/src/app_easy/app_easy_msg_utils.c:155:9
	@APP
	bkpt	#0
	@NO_APP
	mov	r0, r1
.Ltmp9:
	@DEBUG_VALUE: app_easy_msg_free_callback:msg_util_id <- [DW_OP_LLVM_entry_value 1] $r0
	.loc	1 158 1                         @ ../../../../../sdk/app_modules/src/app_easy/app_easy_msg_utils.c:158:1
	bx	lr
.Ltmp10:
	.loc	1 0 1 is_stmt 0                 @ :0:1
.Ltmp11:
	.p2align	2
@ %bb.6:
__arm_cp.0_0:
	.long	4294966258                      @ 0xfffffbf2
.Lcpi_end0:
	.size	__arm_cp.0_0, .Lcpi_end0-__arm_cp.0_0
__arm_cp.0_1:
	.long	msg_util_callbacks
.Lcpi_end1:
	.size	__arm_cp.0_1, .Lcpi_end1-__arm_cp.0_1
.Lfunc_end0:
	.size	app_easy_msg_free_callback, .Lfunc_end0-app_easy_msg_free_callback
	.cfi_endproc
	.cantunwind
	.fnend
                                        @ -- End function
	.hidden	app_easy_msg_set                @ -- Begin function app_easy_msg_set
	.globl	app_easy_msg_set
	.p2align	2
	.type	app_easy_msg_set,%function
	.code	16                              @ @app_easy_msg_set
	.thumb_func
app_easy_msg_set:
.Lfunc_begin1:
	.loc	1 161 0 is_stmt 1               @ ../../../../../sdk/app_modules/src/app_easy/app_easy_msg_utils.c:161:0
	.fnstart
	.cfi_startproc
@ %bb.0:
	@DEBUG_VALUE: app_easy_msg_set:fn <- $r0
	@DEBUG_VALUE: app_easy_msg_set_callback:fn <- $r0
	.save	{r4, lr}
	push	{r4, lr}
	.cfi_def_cfa_offset 8
	.cfi_offset lr, -4
	.cfi_offset r4, -8
	movs	r2, #0
	ldr	r3, __arm_cp.1_0
	@DEBUG_VALUE: app_easy_msg_set_callback:i <- 0
	ldr	r1, __arm_cp.1_1
.Ltmp12:
.LBB1_1:                                @ =>This Inner Loop Header: Depth=1
	@DEBUG_VALUE: app_easy_msg_set_callback:fn <- $r0
	@DEBUG_VALUE: app_easy_msg_set:fn <- $r0
	@DEBUG_VALUE: app_easy_msg_set_callback:i <- $r2
	.loc	1 108 5 prologue_end            @ ../../../../../sdk/app_modules/src/app_easy/app_easy_msg_utils.c:108:5
	cmp	r2, #5
	beq	.LBB1_5
.Ltmp13:
@ %bb.2:                                @   in Loop: Header=BB1_1 Depth=1
	@DEBUG_VALUE: app_easy_msg_set_callback:i <- $r2
	@DEBUG_VALUE: app_easy_msg_set_callback:fn <- $r0
	@DEBUG_VALUE: app_easy_msg_set:fn <- $r0
	.loc	1 110 13                        @ ../../../../../sdk/app_modules/src/app_easy/app_easy_msg_utils.c:110:13
	ldr	r4, [r3]
.Ltmp14:
	.loc	1 110 13 is_stmt 0              @ ../../../../../sdk/app_modules/src/app_easy/app_easy_msg_utils.c:110:13
	cmp	r4, #0
	beq	.LBB1_4
.Ltmp15:
@ %bb.3:                                @   in Loop: Header=BB1_1 Depth=1
	@DEBUG_VALUE: app_easy_msg_set_callback:i <- $r2
	@DEBUG_VALUE: app_easy_msg_set_callback:fn <- $r0
	@DEBUG_VALUE: app_easy_msg_set:fn <- $r0
	.loc	1 108 5 is_stmt 1               @ ../../../../../sdk/app_modules/src/app_easy/app_easy_msg_utils.c:108:5
	adds	r3, r3, #4
	.loc	1 108 44 is_stmt 0              @ ../../../../../sdk/app_modules/src/app_easy/app_easy_msg_utils.c:108:44
	adds	r2, r2, #1
.Ltmp16:
	@DEBUG_VALUE: app_easy_msg_set_callback:i <- $r2
	.loc	1 108 5                         @ ../../../../../sdk/app_modules/src/app_easy/app_easy_msg_utils.c:108:5
	b	.LBB1_1
.Ltmp17:
.LBB1_4:
	@DEBUG_VALUE: app_easy_msg_set_callback:i <- $r2
	@DEBUG_VALUE: app_easy_msg_set_callback:fn <- $r0
	@DEBUG_VALUE: app_easy_msg_set:fn <- $r0
	.loc	1 112 35 is_stmt 1              @ ../../../../../sdk/app_modules/src/app_easy/app_easy_msg_utils.c:112:35
	str	r0, [r3]
	ldr	r0, __arm_cp.1_2
.Ltmp18:
	@DEBUG_VALUE: app_easy_msg_set:fn <- [DW_OP_LLVM_entry_value 1] $r0
	.loc	1 113 20                        @ ../../../../../sdk/app_modules/src/app_easy/app_easy_msg_utils.c:113:20
	adds	r1, r2, r0
.Ltmp19:
	@DEBUG_VALUE: app_easy_msg_set:msg_id <- $r1
.LBB1_5:
	.loc	1 168 1                         @ ../../../../../sdk/app_modules/src/app_easy/app_easy_msg_utils.c:168:1
	uxth	r0, r1
	.loc	1 168 1 epilogue_begin is_stmt 0 @ ../../../../../sdk/app_modules/src/app_easy/app_easy_msg_utils.c:168:1
	pop	{r4, pc}
.Ltmp20:
	.loc	1 0 1                           @ :0:1
.Ltmp21:
	.p2align	2
@ %bb.6:
__arm_cp.1_0:
	.long	msg_util_callbacks
.Lcpi_end2:
	.size	__arm_cp.1_0, .Lcpi_end2-__arm_cp.1_0
__arm_cp.1_1:
	.long	65535                           @ 0xffff
.Lcpi_end3:
	.size	__arm_cp.1_1, .Lcpi_end3-__arm_cp.1_1
__arm_cp.1_2:
	.long	1038                            @ 0x40e
.Lcpi_end4:
	.size	__arm_cp.1_2, .Lcpi_end4-__arm_cp.1_2
.Lfunc_end1:
	.size	app_easy_msg_set, .Lfunc_end1-app_easy_msg_set
	.cfi_endproc
	.cantunwind
	.fnend
                                        @ -- End function
	.hidden	app_easy_msg_modify             @ -- Begin function app_easy_msg_modify
	.globl	app_easy_msg_modify
	.p2align	2
	.type	app_easy_msg_modify,%function
	.code	16                              @ @app_easy_msg_modify
	.thumb_func
app_easy_msg_modify:
.Lfunc_begin2:
	.loc	1 171 0 is_stmt 1               @ ../../../../../sdk/app_modules/src/app_easy/app_easy_msg_utils.c:171:0
	.fnstart
	.cfi_startproc
@ %bb.0:
	@DEBUG_VALUE: app_easy_msg_modify:msg_util_id <- $r0
	@DEBUG_VALUE: app_easy_msg_modify:fn <- $r1
	@DEBUG_VALUE: app_easy_msg_find_idx:msg_util_id <- $r0
	@DEBUG_VALUE: app_easy_msg_find_idx:i <- [DW_OP_LLVM_convert 16 7, DW_OP_LLVM_convert 32 7, DW_OP_constu 1038, DW_OP_minus, DW_OP_stack_value] $r0
	ldr	r2, __arm_cp.2_0
.Ltmp22:
	.loc	1 90 18 prologue_end            @ ../../../../../sdk/app_modules/src/app_easy/app_easy_msg_utils.c:90:18
	adds	r2, r0, r2
	uxth	r2, r2
	cmp	r2, #5
	blo	.LBB2_2
.Ltmp23:
@ %bb.1:
	@DEBUG_VALUE: app_easy_msg_find_idx:i <- [DW_OP_LLVM_convert 16 7, DW_OP_LLVM_convert 32 7, DW_OP_constu 1038, DW_OP_minus, DW_OP_stack_value] $r0
	@DEBUG_VALUE: app_easy_msg_find_idx:msg_util_id <- $r0
	@DEBUG_VALUE: app_easy_msg_modify:fn <- $r1
	@DEBUG_VALUE: app_easy_msg_modify:msg_util_id <- $r0
	.loc	1 0 18 is_stmt 0                @ ../../../../../sdk/app_modules/src/app_easy/app_easy_msg_utils.c:0:18
	movs	r2, #0
	mvns	r2, r2
	b	.LBB2_3
.Ltmp24:
.LBB2_2:
	@DEBUG_VALUE: app_easy_msg_find_idx:i <- [DW_OP_LLVM_convert 16 7, DW_OP_LLVM_convert 32 7, DW_OP_constu 1038, DW_OP_minus, DW_OP_stack_value] $r0
	@DEBUG_VALUE: app_easy_msg_find_idx:msg_util_id <- $r0
	@DEBUG_VALUE: app_easy_msg_modify:fn <- $r1
	@DEBUG_VALUE: app_easy_msg_modify:msg_util_id <- $r0
	.loc	1 90 18                         @ ../../../../../sdk/app_modules/src/app_easy/app_easy_msg_utils.c:90:18
	mov	r2, r0
	subs	r2, #14
.Ltmp25:
.LBB2_3:
	@DEBUG_VALUE: app_easy_msg_find_idx:i <- [DW_OP_LLVM_convert 16 7, DW_OP_LLVM_convert 32 7, DW_OP_constu 1038, DW_OP_minus, DW_OP_stack_value] $r0
	@DEBUG_VALUE: app_easy_msg_find_idx:msg_util_id <- $r0
	@DEBUG_VALUE: app_easy_msg_modify:fn <- $r1
	@DEBUG_VALUE: app_easy_msg_modify:msg_util_id <- $r0
	@DEBUG_VALUE: app_easy_msg_modify:i <- [DW_OP_LLVM_convert 8 5, DW_OP_LLVM_convert 32 5, DW_OP_stack_value] $r2
	sxtb	r2, r2
.Ltmp26:
	.loc	1 174 9 is_stmt 1               @ ../../../../../sdk/app_modules/src/app_easy/app_easy_msg_utils.c:174:9
	cmp	r2, #0
	bmi	.LBB2_5
.Ltmp27:
@ %bb.4:
	@DEBUG_VALUE: app_easy_msg_modify:fn <- $r1
	@DEBUG_VALUE: app_easy_msg_modify:msg_util_id <- $r0
	@DEBUG_VALUE: app_easy_msg_modify:i <- $r2
	.loc	1 176 9                         @ ../../../../../sdk/app_modules/src/app_easy/app_easy_msg_utils.c:176:9
	lsls	r2, r2, #2
.Ltmp28:
	ldr	r3, __arm_cp.2_2
	.loc	1 176 31 is_stmt 0              @ ../../../../../sdk/app_modules/src/app_easy/app_easy_msg_utils.c:176:31
	str	r1, [r3, r2]
.Ltmp29:
	.loc	1 184 1 is_stmt 1               @ ../../../../../sdk/app_modules/src/app_easy/app_easy_msg_utils.c:184:1
	bx	lr
.Ltmp30:
.LBB2_5:
	@DEBUG_VALUE: app_easy_msg_modify:fn <- $r1
	@DEBUG_VALUE: app_easy_msg_modify:msg_util_id <- $r0
	.loc	1 181 9                         @ ../../../../../sdk/app_modules/src/app_easy/app_easy_msg_utils.c:181:9
	@APP
	bkpt	#0
	@NO_APP
	ldr	r0, __arm_cp.2_1
.Ltmp31:
	@DEBUG_VALUE: app_easy_msg_modify:msg_util_id <- [DW_OP_LLVM_entry_value 1] $r0
	.loc	1 184 1                         @ ../../../../../sdk/app_modules/src/app_easy/app_easy_msg_utils.c:184:1
	bx	lr
.Ltmp32:
	.loc	1 0 1 is_stmt 0                 @ :0:1
.Ltmp33:
	.p2align	2
@ %bb.6:
__arm_cp.2_0:
	.long	4294966258                      @ 0xfffffbf2
.Lcpi_end5:
	.size	__arm_cp.2_0, .Lcpi_end5-__arm_cp.2_0
__arm_cp.2_1:
	.long	65535                           @ 0xffff
.Lcpi_end6:
	.size	__arm_cp.2_1, .Lcpi_end6-__arm_cp.2_1
__arm_cp.2_2:
	.long	msg_util_callbacks
.Lcpi_end7:
	.size	__arm_cp.2_2, .Lcpi_end7-__arm_cp.2_2
.Lfunc_end2:
	.size	app_easy_msg_modify, .Lfunc_end2-app_easy_msg_modify
	.cfi_endproc
	.cantunwind
	.fnend
                                        @ -- End function
	.hidden	app_easy_wakeup_set             @ -- Begin function app_easy_wakeup_set
	.globl	app_easy_wakeup_set
	.p2align	2
	.type	app_easy_wakeup_set,%function
	.code	16                              @ @app_easy_wakeup_set
	.thumb_func
app_easy_wakeup_set:
.Lfunc_begin3:
	.loc	1 187 0 is_stmt 1               @ ../../../../../sdk/app_modules/src/app_easy/app_easy_msg_utils.c:187:0
	.fnstart
	.cfi_startproc
@ %bb.0:
	@DEBUG_VALUE: app_easy_wakeup_set:fn <- $r0
	.save	{r4, lr}
	push	{r4, lr}
	.cfi_def_cfa_offset 8
	.cfi_offset lr, -4
	.cfi_offset r4, -8
	mov	r1, r0
.Ltmp34:
	@DEBUG_VALUE: app_easy_wakeup_set:fn <- $r1
	.loc	1 188 9 prologue_end            @ ../../../../../sdk/app_modules/src/app_easy/app_easy_msg_utils.c:188:9
	ldr	r4, __arm_cp.3_0
	ldrh	r0, [r4]
.Ltmp35:
	.loc	1 188 9 is_stmt 0               @ ../../../../../sdk/app_modules/src/app_easy/app_easy_msg_utils.c:188:9
	cmp	r0, #0
	beq	.LBB3_2
.Ltmp36:
@ %bb.1:
	@DEBUG_VALUE: app_easy_wakeup_set:fn <- $r1
	.loc	1 194 9 is_stmt 1               @ ../../../../../sdk/app_modules/src/app_easy/app_easy_msg_utils.c:194:9
	bl	app_easy_msg_modify
.Ltmp37:
	.loc	1 196 1 epilogue_begin          @ ../../../../../sdk/app_modules/src/app_easy/app_easy_msg_utils.c:196:1
	pop	{r4, pc}
.LBB3_2:
.Ltmp38:
	@DEBUG_VALUE: app_easy_wakeup_set:fn <- $r1
	.loc	1 190 21                        @ ../../../../../sdk/app_modules/src/app_easy/app_easy_msg_utils.c:190:21
	mov	r0, r1
	bl	app_easy_msg_set
.Ltmp39:
	.loc	1 190 19 is_stmt 0              @ ../../../../../sdk/app_modules/src/app_easy/app_easy_msg_utils.c:190:19
	strh	r0, [r4]
.Ltmp40:
	.loc	1 196 1 epilogue_begin is_stmt 1 @ ../../../../../sdk/app_modules/src/app_easy/app_easy_msg_utils.c:196:1
	pop	{r4, pc}
.Ltmp41:
	.loc	1 0 1 is_stmt 0                 @ :0:1
.Ltmp42:
	.p2align	2
@ %bb.3:
__arm_cp.3_0:
	.long	wakeup_id
.Lcpi_end8:
	.size	__arm_cp.3_0, .Lcpi_end8-__arm_cp.3_0
.Lfunc_end3:
	.size	app_easy_wakeup_set, .Lfunc_end3-app_easy_wakeup_set
	.cfi_endproc
	.cantunwind
	.fnend
                                        @ -- End function
	.hidden	app_easy_wakeup_free            @ -- Begin function app_easy_wakeup_free
	.globl	app_easy_wakeup_free
	.p2align	2
	.type	app_easy_wakeup_free,%function
	.code	16                              @ @app_easy_wakeup_free
	.thumb_func
app_easy_wakeup_free:
.Lfunc_begin4:
	.loc	1 199 0 is_stmt 1               @ ../../../../../sdk/app_modules/src/app_easy/app_easy_msg_utils.c:199:0
	.fnstart
	.cfi_startproc
@ %bb.0:
	.save	{r4, lr}
	push	{r4, lr}
	.cfi_def_cfa_offset 8
	.cfi_offset lr, -4
	.cfi_offset r4, -8
.Ltmp43:
	.loc	1 200 32 prologue_end           @ ../../../../../sdk/app_modules/src/app_easy/app_easy_msg_utils.c:200:32
	ldr	r4, __arm_cp.4_0
	ldrh	r0, [r4]
	.loc	1 200 5 is_stmt 0               @ ../../../../../sdk/app_modules/src/app_easy/app_easy_msg_utils.c:200:5
	bl	app_easy_msg_free_callback
.Ltmp44:
	.loc	1 0 5                           @ ../../../../../sdk/app_modules/src/app_easy/app_easy_msg_utils.c:0:5
	movs	r0, #0
	.loc	1 201 15 is_stmt 1              @ ../../../../../sdk/app_modules/src/app_easy/app_easy_msg_utils.c:201:15
	strh	r0, [r4]
	.loc	1 202 1 epilogue_begin          @ ../../../../../sdk/app_modules/src/app_easy/app_easy_msg_utils.c:202:1
	pop	{r4, pc}
.Ltmp45:
	.loc	1 0 1 is_stmt 0                 @ :0:1
.Ltmp46:
	.p2align	2
@ %bb.1:
__arm_cp.4_0:
	.long	wakeup_id
.Lcpi_end9:
	.size	__arm_cp.4_0, .Lcpi_end9-__arm_cp.4_0
.Lfunc_end4:
	.size	app_easy_wakeup_free, .Lfunc_end4-app_easy_wakeup_free
	.cfi_endproc
	.cantunwind
	.fnend
                                        @ -- End function
	.hidden	app_easy_wakeup                 @ -- Begin function app_easy_wakeup
	.globl	app_easy_wakeup
	.p2align	2
	.type	app_easy_wakeup,%function
	.code	16                              @ @app_easy_wakeup
	.thumb_func
app_easy_wakeup:
.Lfunc_begin5:
	.loc	1 205 0 is_stmt 1               @ ../../../../../sdk/app_modules/src/app_easy/app_easy_msg_utils.c:205:0
	.fnstart
	.cfi_startproc
@ %bb.0:
	.save	{r7, lr}
	push	{r7, lr}
	.cfi_def_cfa_offset 8
	.cfi_offset lr, -4
	.cfi_offset r7, -8
.Ltmp47:
	.loc	1 206 9 prologue_end            @ ../../../../../sdk/app_modules/src/app_easy/app_easy_msg_utils.c:206:9
	ldr	r0, __arm_cp.5_0
	ldrh	r0, [r0]
.Ltmp48:
	.loc	1 206 9 is_stmt 0               @ ../../../../../sdk/app_modules/src/app_easy/app_easy_msg_utils.c:206:9
	cmp	r0, #0
	beq	.LBB5_2
@ %bb.1:
	.loc	1 0 9                           @ ../../../../../sdk/app_modules/src/app_easy/app_easy_msg_utils.c:0:9
	movs	r1, #4
	movs	r2, #0
.Ltmp49:
	.loc	1 208 9 is_stmt 1               @ ../../../../../sdk/app_modules/src/app_easy/app_easy_msg_utils.c:208:9
	bl	ke_msg_send_basic
.Ltmp50:
.LBB5_2:
	.loc	1 210 1 epilogue_begin          @ ../../../../../sdk/app_modules/src/app_easy/app_easy_msg_utils.c:210:1
	pop	{r7, pc}
.Ltmp51:
	.loc	1 0 1 is_stmt 0                 @ :0:1
.Ltmp52:
	.p2align	2
@ %bb.3:
__arm_cp.5_0:
	.long	wakeup_id
.Lcpi_end10:
	.size	__arm_cp.5_0, .Lcpi_end10-__arm_cp.5_0
.Lfunc_end5:
	.size	app_easy_wakeup, .Lfunc_end5-app_easy_wakeup
	.cfi_endproc
	.cantunwind
	.fnend
                                        @ -- End function
	.hidden	app_msg_utils_api_process_handler @ -- Begin function app_msg_utils_api_process_handler
	.globl	app_msg_utils_api_process_handler
	.p2align	2
	.type	app_msg_utils_api_process_handler,%function
	.code	16                              @ @app_msg_utils_api_process_handler
	.thumb_func
app_msg_utils_api_process_handler:
.Lfunc_begin6:
	.loc	1 217 0 is_stmt 1               @ ../../../../../sdk/app_modules/src/app_easy/app_easy_msg_utils.c:217:0
	.fnstart
	.cfi_startproc
@ %bb.0:
	@DEBUG_VALUE: app_msg_utils_api_process_handler:msgid <- $r0
	@DEBUG_VALUE: app_msg_utils_api_process_handler:param <- $r1
	@DEBUG_VALUE: app_msg_utils_api_process_handler:dest_id <- $r2
	@DEBUG_VALUE: app_msg_utils_api_process_handler:src_id <- $r3
	.save	{r4, lr}
	push	{r4, lr}
	.cfi_def_cfa_offset 8
	.cfi_offset lr, -4
	.cfi_offset r4, -8
.Ltmp53:
	@DEBUG_VALUE: app_msg_utils_api_process_handler:msg_ret <- [DW_OP_plus_uconst 8] [$sp+0]
	mov	r1, r0
.Ltmp54:
	@DEBUG_VALUE: app_msg_utils_api_process_handler:param <- [DW_OP_LLVM_entry_value 1] $r1
	@DEBUG_VALUE: app_msg_utils_api_process_handler:msgid <- $r1
	movs	r0, #1
	ldr	r2, __arm_cp.6_0
.Ltmp55:
	@DEBUG_VALUE: app_msg_utils_api_process_handler:dest_id <- [DW_OP_LLVM_entry_value 1] $r2
	.loc	1 218 41 prologue_end           @ ../../../../../sdk/app_modules/src/app_easy/app_easy_msg_utils.c:218:41
	cmp	r1, r2
	blo	.LBB6_5
.Ltmp56:
@ %bb.1:
	@DEBUG_VALUE: app_msg_utils_api_process_handler:dest_id <- [DW_OP_LLVM_entry_value 1] $r2
	@DEBUG_VALUE: app_msg_utils_api_process_handler:msgid <- $r1
	@DEBUG_VALUE: app_msg_utils_api_process_handler:param <- [DW_OP_LLVM_entry_value 1] $r1
	@DEBUG_VALUE: app_msg_utils_api_process_handler:msg_ret <- [DW_OP_plus_uconst 8] [$sp+0]
	@DEBUG_VALUE: app_msg_utils_api_process_handler:src_id <- $r3
	.loc	1 218 51 is_stmt 0              @ ../../../../../sdk/app_modules/src/app_easy/app_easy_msg_utils.c:218:51
	adds	r2, r2, #4
.Ltmp57:
	.loc	1 218 9                         @ ../../../../../sdk/app_modules/src/app_easy/app_easy_msg_utils.c:218:9
	cmp	r1, r2
	bhi	.LBB6_5
.Ltmp58:
@ %bb.2:
	@DEBUG_VALUE: app_msg_utils_api_process_handler:dest_id <- [DW_OP_LLVM_entry_value 1] $r2
	@DEBUG_VALUE: app_msg_utils_api_process_handler:msgid <- $r1
	@DEBUG_VALUE: app_msg_utils_api_process_handler:param <- [DW_OP_LLVM_entry_value 1] $r1
	@DEBUG_VALUE: app_msg_utils_api_process_handler:msg_ret <- [DW_OP_plus_uconst 8] [$sp+0]
	@DEBUG_VALUE: app_msg_utils_api_process_handler:src_id <- $r3
	.loc	1 0 9                           @ ../../../../../sdk/app_modules/src/app_easy/app_easy_msg_utils.c:0:9
	ldr	r4, [sp, #8]
.Ltmp59:
	@DEBUG_VALUE: app_easy_msg_call_callback:i <- [DW_OP_LLVM_convert 16 7, DW_OP_LLVM_convert 8 7, DW_OP_constu 14, DW_OP_minus, DW_OP_LLVM_convert 8 5, DW_OP_LLVM_convert 32 5, DW_OP_stack_value] $r1
	@DEBUG_VALUE: app_easy_msg_find_idx:i <- [DW_OP_LLVM_convert 16 7, DW_OP_LLVM_convert 32 7, DW_OP_constu 1038, DW_OP_minus, DW_OP_stack_value] $r1
	@DEBUG_VALUE: app_easy_msg_find_idx:msg_util_id <- $r1
	@DEBUG_VALUE: app_easy_msg_call_callback:msg_util_id <- $r1
	.loc	1 90 18 is_stmt 1               @ ../../../../../sdk/app_modules/src/app_easy/app_easy_msg_utils.c:90:18
	adds	r1, #242
.Ltmp60:
	.loc	1 128 9                         @ ../../../../../sdk/app_modules/src/app_easy/app_easy_msg_utils.c:128:9
	uxtb	r0, r1
.Ltmp61:
	@DEBUG_VALUE: app_easy_msg_call_callback:i <- $r0
	.loc	1 131 13                        @ ../../../../../sdk/app_modules/src/app_easy/app_easy_msg_utils.c:131:13
	lsls	r1, r0, #2
	ldr	r2, __arm_cp.6_1
	ldr	r0, [r2, r1]
.Ltmp62:
	.loc	1 131 13 is_stmt 0              @ ../../../../../sdk/app_modules/src/app_easy/app_easy_msg_utils.c:131:13
	cmp	r0, #0
	beq	.LBB6_4
.Ltmp63:
@ %bb.3:
	@DEBUG_VALUE: app_msg_utils_api_process_handler:dest_id <- [DW_OP_LLVM_entry_value 1] $r2
	@DEBUG_VALUE: app_msg_utils_api_process_handler:param <- [DW_OP_LLVM_entry_value 1] $r1
	@DEBUG_VALUE: app_msg_utils_api_process_handler:msg_ret <- [DW_OP_plus_uconst 8] [$sp+0]
	@DEBUG_VALUE: app_msg_utils_api_process_handler:src_id <- $r3
	.loc	1 0 0                           @ ../../../../../sdk/app_modules/src/app_easy/app_easy_msg_utils.c:0:0
	adds	r1, r2, r1
	movs	r2, #0
.Ltmp64:
	@DEBUG_VALUE: callback <- $r0
	.loc	1 134 35 is_stmt 1              @ ../../../../../sdk/app_modules/src/app_easy/app_easy_msg_utils.c:134:35
	str	r2, [r1]
	.loc	1 135 13                        @ ../../../../../sdk/app_modules/src/app_easy/app_easy_msg_utils.c:135:13
	blx	r0
.Ltmp65:
	@DEBUG_VALUE: app_msg_utils_api_process_handler:src_id <- [DW_OP_LLVM_entry_value 1] $r3
.LBB6_4:
	@DEBUG_VALUE: app_msg_utils_api_process_handler:dest_id <- [DW_OP_LLVM_entry_value 1] $r2
	@DEBUG_VALUE: app_msg_utils_api_process_handler:param <- [DW_OP_LLVM_entry_value 1] $r1
	@DEBUG_VALUE: app_msg_utils_api_process_handler:msg_ret <- [DW_OP_plus_uconst 8] [$sp+0]
	.loc	1 0 13 is_stmt 0                @ ../../../../../sdk/app_modules/src/app_easy/app_easy_msg_utils.c:0:13
	movs	r0, #0
	.loc	1 225 18 is_stmt 1              @ ../../../../../sdk/app_modules/src/app_easy/app_easy_msg_utils.c:225:18
	strb	r0, [r4]
.Ltmp66:
.LBB6_5:
	@DEBUG_VALUE: app_msg_utils_api_process_handler:dest_id <- [DW_OP_LLVM_entry_value 1] $r2
	@DEBUG_VALUE: app_msg_utils_api_process_handler:param <- [DW_OP_LLVM_entry_value 1] $r1
	@DEBUG_VALUE: app_msg_utils_api_process_handler:msg_ret <- [DW_OP_plus_uconst 8] [$sp+0]
	.loc	1 228 1 epilogue_begin          @ ../../../../../sdk/app_modules/src/app_easy/app_easy_msg_utils.c:228:1
	pop	{r4, pc}
.Ltmp67:
	.loc	1 0 1 is_stmt 0                 @ :0:1
.Ltmp68:
	.p2align	2
@ %bb.6:
__arm_cp.6_0:
	.long	1038                            @ 0x40e
.Lcpi_end11:
	.size	__arm_cp.6_0, .Lcpi_end11-__arm_cp.6_0
__arm_cp.6_1:
	.long	msg_util_callbacks
.Lcpi_end12:
	.size	__arm_cp.6_1, .Lcpi_end12-__arm_cp.6_1
.Lfunc_end6:
	.size	app_msg_utils_api_process_handler, .Lfunc_end6-app_msg_utils_api_process_handler
	.cfi_endproc
	.cantunwind
	.fnend
                                        @ -- End function
	.type	msg_util_callbacks,%object      @ @msg_util_callbacks
	.section	.bss.retention_mem_area0,"aw",%nobits
	.p2align	2, 0x0
msg_util_callbacks:
	.zero	20
	.size	msg_util_callbacks, 20

	.type	wakeup_id,%object               @ @wakeup_id
	.p2align	1, 0x0
wakeup_id:
	.short	0                               @ 0x0
	.size	wakeup_id, 2

	.section	.debug_loc,"",%progbits
.Ldebug_loc0:
	.long	.Lfunc_begin0-.Lfunc_begin0
	.long	.Ltmp9-.Lfunc_begin0
	.short	1                               @ Loc expr size
	.byte	80                              @ DW_OP_reg0
	.long	.Ltmp9-.Lfunc_begin0
	.long	.Ltmp10-.Lfunc_begin0
	.short	4                               @ Loc expr size
	.byte	243                             @ DW_OP_GNU_entry_value
	.byte	1                               @ 1
	.byte	80                              @ DW_OP_reg0
	.byte	159                             @ DW_OP_stack_value
	.long	0
	.long	0
.Ldebug_loc1:
	.long	.Ltmp3-.Lfunc_begin0
	.long	.Ltmp4-.Lfunc_begin0
	.short	14                              @ Loc expr size
	.byte	114                             @ DW_OP_breg2
	.byte	0                               @ 0
	.byte	18                              @ DW_OP_dup
	.byte	16                              @ DW_OP_constu
	.byte	7                               @ 7
	.byte	37                              @ DW_OP_shr
	.byte	48                              @ DW_OP_lit0
	.byte	32                              @ DW_OP_not
	.byte	30                              @ DW_OP_mul
	.byte	16                              @ DW_OP_constu
	.byte	8                               @ 8
	.byte	36                              @ DW_OP_shl
	.byte	33                              @ DW_OP_or
	.byte	159                             @ DW_OP_stack_value
	.long	.Ltmp5-.Lfunc_begin0
	.long	.Ltmp6-.Lfunc_begin0
	.short	1                               @ Loc expr size
	.byte	82                              @ DW_OP_reg2
	.long	0
	.long	0
.Ldebug_loc2:
	.long	.Lfunc_begin1-.Lfunc_begin0
	.long	.Ltmp18-.Lfunc_begin0
	.short	1                               @ Loc expr size
	.byte	80                              @ DW_OP_reg0
	.long	.Ltmp18-.Lfunc_begin0
	.long	.Ltmp19-.Lfunc_begin0
	.short	4                               @ Loc expr size
	.byte	243                             @ DW_OP_GNU_entry_value
	.byte	1                               @ 1
	.byte	80                              @ DW_OP_reg0
	.byte	159                             @ DW_OP_stack_value
	.long	0
	.long	0
.Ldebug_loc3:
	.long	.Ltmp12-.Lfunc_begin0
	.long	.Ltmp18-.Lfunc_begin0
	.short	1                               @ Loc expr size
	.byte	80                              @ DW_OP_reg0
	.long	0
	.long	0
.Ldebug_loc4:
	.long	.Lfunc_begin2-.Lfunc_begin0
	.long	.Ltmp31-.Lfunc_begin0
	.short	1                               @ Loc expr size
	.byte	80                              @ DW_OP_reg0
	.long	.Ltmp31-.Lfunc_begin0
	.long	.Ltmp32-.Lfunc_begin0
	.short	4                               @ Loc expr size
	.byte	243                             @ DW_OP_GNU_entry_value
	.byte	1                               @ 1
	.byte	80                              @ DW_OP_reg0
	.byte	159                             @ DW_OP_stack_value
	.long	0
	.long	0
.Ldebug_loc5:
	.long	.Ltmp25-.Lfunc_begin0
	.long	.Ltmp26-.Lfunc_begin0
	.short	14                              @ Loc expr size
	.byte	114                             @ DW_OP_breg2
	.byte	0                               @ 0
	.byte	18                              @ DW_OP_dup
	.byte	16                              @ DW_OP_constu
	.byte	7                               @ 7
	.byte	37                              @ DW_OP_shr
	.byte	48                              @ DW_OP_lit0
	.byte	32                              @ DW_OP_not
	.byte	30                              @ DW_OP_mul
	.byte	16                              @ DW_OP_constu
	.byte	8                               @ 8
	.byte	36                              @ DW_OP_shl
	.byte	33                              @ DW_OP_or
	.byte	159                             @ DW_OP_stack_value
	.long	.Ltmp27-.Lfunc_begin0
	.long	.Ltmp28-.Lfunc_begin0
	.short	1                               @ Loc expr size
	.byte	82                              @ DW_OP_reg2
	.long	0
	.long	0
.Ldebug_loc6:
	.long	.Lfunc_begin3-.Lfunc_begin0
	.long	.Ltmp34-.Lfunc_begin0
	.short	1                               @ Loc expr size
	.byte	80                              @ DW_OP_reg0
	.long	.Ltmp34-.Lfunc_begin0
	.long	.Ltmp37-.Lfunc_begin0
	.short	1                               @ Loc expr size
	.byte	81                              @ DW_OP_reg1
	.long	.Ltmp38-.Lfunc_begin0
	.long	.Ltmp39-.Lfunc_begin0
	.short	1                               @ Loc expr size
	.byte	81                              @ DW_OP_reg1
	.long	0
	.long	0
.Ldebug_loc7:
	.long	.Lfunc_begin6-.Lfunc_begin0
	.long	.Ltmp54-.Lfunc_begin0
	.short	1                               @ Loc expr size
	.byte	80                              @ DW_OP_reg0
	.long	.Ltmp54-.Lfunc_begin0
	.long	.Ltmp60-.Lfunc_begin0
	.short	1                               @ Loc expr size
	.byte	81                              @ DW_OP_reg1
	.long	0
	.long	0
.Ldebug_loc8:
	.long	.Lfunc_begin6-.Lfunc_begin0
	.long	.Ltmp54-.Lfunc_begin0
	.short	1                               @ Loc expr size
	.byte	81                              @ DW_OP_reg1
	.long	.Ltmp54-.Lfunc_begin0
	.long	.Ltmp67-.Lfunc_begin0
	.short	4                               @ Loc expr size
	.byte	243                             @ DW_OP_GNU_entry_value
	.byte	1                               @ 1
	.byte	81                              @ DW_OP_reg1
	.byte	159                             @ DW_OP_stack_value
	.long	0
	.long	0
.Ldebug_loc9:
	.long	.Lfunc_begin6-.Lfunc_begin0
	.long	.Ltmp55-.Lfunc_begin0
	.short	1                               @ Loc expr size
	.byte	82                              @ DW_OP_reg2
	.long	.Ltmp55-.Lfunc_begin0
	.long	.Ltmp67-.Lfunc_begin0
	.short	4                               @ Loc expr size
	.byte	243                             @ DW_OP_GNU_entry_value
	.byte	1                               @ 1
	.byte	82                              @ DW_OP_reg2
	.byte	159                             @ DW_OP_stack_value
	.long	0
	.long	0
.Ldebug_loc10:
	.long	.Lfunc_begin6-.Lfunc_begin0
	.long	.Ltmp65-.Lfunc_begin0
	.short	1                               @ Loc expr size
	.byte	83                              @ DW_OP_reg3
	.long	0
	.long	0
.Ldebug_loc11:
	.long	.Ltmp59-.Lfunc_begin0
	.long	.Ltmp60-.Lfunc_begin0
	.short	16                              @ Loc expr size
	.byte	113                             @ DW_OP_breg1
	.byte	0                               @ 0
	.byte	62                              @ DW_OP_lit14
	.byte	28                              @ DW_OP_minus
	.byte	18                              @ DW_OP_dup
	.byte	16                              @ DW_OP_constu
	.byte	7                               @ 7
	.byte	37                              @ DW_OP_shr
	.byte	48                              @ DW_OP_lit0
	.byte	32                              @ DW_OP_not
	.byte	30                              @ DW_OP_mul
	.byte	16                              @ DW_OP_constu
	.byte	8                               @ 8
	.byte	36                              @ DW_OP_shl
	.byte	33                              @ DW_OP_or
	.byte	159                             @ DW_OP_stack_value
	.long	.Ltmp61-.Lfunc_begin0
	.long	.Ltmp62-.Lfunc_begin0
	.short	1                               @ Loc expr size
	.byte	80                              @ DW_OP_reg0
	.long	0
	.long	0
.Ldebug_loc12:
	.long	.Ltmp59-.Lfunc_begin0
	.long	.Ltmp60-.Lfunc_begin0
	.short	1                               @ Loc expr size
	.byte	81                              @ DW_OP_reg1
	.long	0
	.long	0
	.section	.debug_abbrev,"",%progbits
	.byte	1                               @ Abbreviation Code
	.byte	17                              @ DW_TAG_compile_unit
	.byte	1                               @ DW_CHILDREN_yes
	.byte	37                              @ DW_AT_producer
	.byte	14                              @ DW_FORM_strp
	.byte	19                              @ DW_AT_language
	.byte	5                               @ DW_FORM_data2
	.byte	3                               @ DW_AT_name
	.byte	14                              @ DW_FORM_strp
	.byte	16                              @ DW_AT_stmt_list
	.byte	23                              @ DW_FORM_sec_offset
	.byte	27                              @ DW_AT_comp_dir
	.byte	14                              @ DW_FORM_strp
	.byte	17                              @ DW_AT_low_pc
	.byte	1                               @ DW_FORM_addr
	.byte	18                              @ DW_AT_high_pc
	.byte	6                               @ DW_FORM_data4
	.byte	0                               @ EOM(1)
	.byte	0                               @ EOM(2)
	.byte	2                               @ Abbreviation Code
	.byte	52                              @ DW_TAG_variable
	.byte	0                               @ DW_CHILDREN_no
	.byte	3                               @ DW_AT_name
	.byte	14                              @ DW_FORM_strp
	.byte	73                              @ DW_AT_type
	.byte	19                              @ DW_FORM_ref4
	.byte	58                              @ DW_AT_decl_file
	.byte	11                              @ DW_FORM_data1
	.byte	59                              @ DW_AT_decl_line
	.byte	11                              @ DW_FORM_data1
	.byte	2                               @ DW_AT_location
	.byte	24                              @ DW_FORM_exprloc
	.byte	0                               @ EOM(1)
	.byte	0                               @ EOM(2)
	.byte	3                               @ Abbreviation Code
	.byte	1                               @ DW_TAG_array_type
	.byte	1                               @ DW_CHILDREN_yes
	.byte	73                              @ DW_AT_type
	.byte	19                              @ DW_FORM_ref4
	.byte	0                               @ EOM(1)
	.byte	0                               @ EOM(2)
	.byte	4                               @ Abbreviation Code
	.byte	33                              @ DW_TAG_subrange_type
	.byte	0                               @ DW_CHILDREN_no
	.byte	73                              @ DW_AT_type
	.byte	19                              @ DW_FORM_ref4
	.byte	55                              @ DW_AT_count
	.byte	11                              @ DW_FORM_data1
	.byte	0                               @ EOM(1)
	.byte	0                               @ EOM(2)
	.byte	5                               @ Abbreviation Code
	.byte	22                              @ DW_TAG_typedef
	.byte	0                               @ DW_CHILDREN_no
	.byte	73                              @ DW_AT_type
	.byte	19                              @ DW_FORM_ref4
	.byte	3                               @ DW_AT_name
	.byte	14                              @ DW_FORM_strp
	.byte	58                              @ DW_AT_decl_file
	.byte	11                              @ DW_FORM_data1
	.byte	59                              @ DW_AT_decl_line
	.byte	11                              @ DW_FORM_data1
	.byte	0                               @ EOM(1)
	.byte	0                               @ EOM(2)
	.byte	6                               @ Abbreviation Code
	.byte	15                              @ DW_TAG_pointer_type
	.byte	0                               @ DW_CHILDREN_no
	.byte	73                              @ DW_AT_type
	.byte	19                              @ DW_FORM_ref4
	.byte	0                               @ EOM(1)
	.byte	0                               @ EOM(2)
	.byte	7                               @ Abbreviation Code
	.byte	21                              @ DW_TAG_subroutine_type
	.byte	0                               @ DW_CHILDREN_no
	.byte	39                              @ DW_AT_prototyped
	.byte	25                              @ DW_FORM_flag_present
	.byte	0                               @ EOM(1)
	.byte	0                               @ EOM(2)
	.byte	8                               @ Abbreviation Code
	.byte	36                              @ DW_TAG_base_type
	.byte	0                               @ DW_CHILDREN_no
	.byte	3                               @ DW_AT_name
	.byte	14                              @ DW_FORM_strp
	.byte	11                              @ DW_AT_byte_size
	.byte	11                              @ DW_FORM_data1
	.byte	62                              @ DW_AT_encoding
	.byte	11                              @ DW_FORM_data1
	.byte	0                               @ EOM(1)
	.byte	0                               @ EOM(2)
	.byte	9                               @ Abbreviation Code
	.byte	36                              @ DW_TAG_base_type
	.byte	0                               @ DW_CHILDREN_no
	.byte	3                               @ DW_AT_name
	.byte	14                              @ DW_FORM_strp
	.byte	62                              @ DW_AT_encoding
	.byte	11                              @ DW_FORM_data1
	.byte	11                              @ DW_AT_byte_size
	.byte	11                              @ DW_FORM_data1
	.byte	0                               @ EOM(1)
	.byte	0                               @ EOM(2)
	.byte	10                              @ Abbreviation Code
	.byte	4                               @ DW_TAG_enumeration_type
	.byte	1                               @ DW_CHILDREN_yes
	.byte	73                              @ DW_AT_type
	.byte	19                              @ DW_FORM_ref4
	.byte	3                               @ DW_AT_name
	.byte	14                              @ DW_FORM_strp
	.byte	11                              @ DW_AT_byte_size
	.byte	11                              @ DW_FORM_data1
	.byte	58                              @ DW_AT_decl_file
	.byte	11                              @ DW_FORM_data1
	.byte	59                              @ DW_AT_decl_line
	.byte	5                               @ DW_FORM_data2
	.byte	0                               @ EOM(1)
	.byte	0                               @ EOM(2)
	.byte	11                              @ Abbreviation Code
	.byte	40                              @ DW_TAG_enumerator
	.byte	0                               @ DW_CHILDREN_no
	.byte	3                               @ DW_AT_name
	.byte	14                              @ DW_FORM_strp
	.byte	28                              @ DW_AT_const_value
	.byte	15                              @ DW_FORM_udata
	.byte	0                               @ EOM(1)
	.byte	0                               @ EOM(2)
	.byte	12                              @ Abbreviation Code
	.byte	4                               @ DW_TAG_enumeration_type
	.byte	1                               @ DW_CHILDREN_yes
	.byte	73                              @ DW_AT_type
	.byte	19                              @ DW_FORM_ref4
	.byte	3                               @ DW_AT_name
	.byte	14                              @ DW_FORM_strp
	.byte	11                              @ DW_AT_byte_size
	.byte	11                              @ DW_FORM_data1
	.byte	58                              @ DW_AT_decl_file
	.byte	11                              @ DW_FORM_data1
	.byte	59                              @ DW_AT_decl_line
	.byte	11                              @ DW_FORM_data1
	.byte	0                               @ EOM(1)
	.byte	0                               @ EOM(2)
	.byte	13                              @ Abbreviation Code
	.byte	46                              @ DW_TAG_subprogram
	.byte	1                               @ DW_CHILDREN_yes
	.byte	3                               @ DW_AT_name
	.byte	14                              @ DW_FORM_strp
	.byte	58                              @ DW_AT_decl_file
	.byte	11                              @ DW_FORM_data1
	.byte	59                              @ DW_AT_decl_line
	.byte	11                              @ DW_FORM_data1
	.byte	39                              @ DW_AT_prototyped
	.byte	25                              @ DW_FORM_flag_present
	.byte	73                              @ DW_AT_type
	.byte	19                              @ DW_FORM_ref4
	.byte	32                              @ DW_AT_inline
	.byte	11                              @ DW_FORM_data1
	.byte	0                               @ EOM(1)
	.byte	0                               @ EOM(2)
	.byte	14                              @ Abbreviation Code
	.byte	5                               @ DW_TAG_formal_parameter
	.byte	0                               @ DW_CHILDREN_no
	.byte	3                               @ DW_AT_name
	.byte	14                              @ DW_FORM_strp
	.byte	58                              @ DW_AT_decl_file
	.byte	11                              @ DW_FORM_data1
	.byte	59                              @ DW_AT_decl_line
	.byte	11                              @ DW_FORM_data1
	.byte	73                              @ DW_AT_type
	.byte	19                              @ DW_FORM_ref4
	.byte	0                               @ EOM(1)
	.byte	0                               @ EOM(2)
	.byte	15                              @ Abbreviation Code
	.byte	52                              @ DW_TAG_variable
	.byte	0                               @ DW_CHILDREN_no
	.byte	3                               @ DW_AT_name
	.byte	14                              @ DW_FORM_strp
	.byte	58                              @ DW_AT_decl_file
	.byte	11                              @ DW_FORM_data1
	.byte	59                              @ DW_AT_decl_line
	.byte	11                              @ DW_FORM_data1
	.byte	73                              @ DW_AT_type
	.byte	19                              @ DW_FORM_ref4
	.byte	0                               @ EOM(1)
	.byte	0                               @ EOM(2)
	.byte	16                              @ Abbreviation Code
	.byte	46                              @ DW_TAG_subprogram
	.byte	1                               @ DW_CHILDREN_yes
	.byte	17                              @ DW_AT_low_pc
	.byte	1                               @ DW_FORM_addr
	.byte	18                              @ DW_AT_high_pc
	.byte	6                               @ DW_FORM_data4
	.byte	64                              @ DW_AT_frame_base
	.byte	24                              @ DW_FORM_exprloc
	.ascii	"\227B"                         @ DW_AT_GNU_all_call_sites
	.byte	25                              @ DW_FORM_flag_present
	.byte	3                               @ DW_AT_name
	.byte	14                              @ DW_FORM_strp
	.byte	58                              @ DW_AT_decl_file
	.byte	11                              @ DW_FORM_data1
	.byte	59                              @ DW_AT_decl_line
	.byte	11                              @ DW_FORM_data1
	.byte	39                              @ DW_AT_prototyped
	.byte	25                              @ DW_FORM_flag_present
	.byte	73                              @ DW_AT_type
	.byte	19                              @ DW_FORM_ref4
	.byte	63                              @ DW_AT_external
	.byte	25                              @ DW_FORM_flag_present
	.byte	0                               @ EOM(1)
	.byte	0                               @ EOM(2)
	.byte	17                              @ Abbreviation Code
	.byte	5                               @ DW_TAG_formal_parameter
	.byte	0                               @ DW_CHILDREN_no
	.byte	2                               @ DW_AT_location
	.byte	23                              @ DW_FORM_sec_offset
	.byte	3                               @ DW_AT_name
	.byte	14                              @ DW_FORM_strp
	.byte	58                              @ DW_AT_decl_file
	.byte	11                              @ DW_FORM_data1
	.byte	59                              @ DW_AT_decl_line
	.byte	11                              @ DW_FORM_data1
	.byte	73                              @ DW_AT_type
	.byte	19                              @ DW_FORM_ref4
	.byte	0                               @ EOM(1)
	.byte	0                               @ EOM(2)
	.byte	18                              @ Abbreviation Code
	.byte	52                              @ DW_TAG_variable
	.byte	0                               @ DW_CHILDREN_no
	.byte	2                               @ DW_AT_location
	.byte	23                              @ DW_FORM_sec_offset
	.byte	3                               @ DW_AT_name
	.byte	14                              @ DW_FORM_strp
	.byte	58                              @ DW_AT_decl_file
	.byte	11                              @ DW_FORM_data1
	.byte	59                              @ DW_AT_decl_line
	.byte	11                              @ DW_FORM_data1
	.byte	73                              @ DW_AT_type
	.byte	19                              @ DW_FORM_ref4
	.byte	0                               @ EOM(1)
	.byte	0                               @ EOM(2)
	.byte	19                              @ Abbreviation Code
	.byte	29                              @ DW_TAG_inlined_subroutine
	.byte	1                               @ DW_CHILDREN_yes
	.byte	49                              @ DW_AT_abstract_origin
	.byte	19                              @ DW_FORM_ref4
	.byte	17                              @ DW_AT_low_pc
	.byte	1                               @ DW_FORM_addr
	.byte	18                              @ DW_AT_high_pc
	.byte	6                               @ DW_FORM_data4
	.byte	88                              @ DW_AT_call_file
	.byte	11                              @ DW_FORM_data1
	.byte	89                              @ DW_AT_call_line
	.byte	11                              @ DW_FORM_data1
	.byte	87                              @ DW_AT_call_column
	.byte	11                              @ DW_FORM_data1
	.byte	0                               @ EOM(1)
	.byte	0                               @ EOM(2)
	.byte	20                              @ Abbreviation Code
	.byte	5                               @ DW_TAG_formal_parameter
	.byte	0                               @ DW_CHILDREN_no
	.byte	2                               @ DW_AT_location
	.byte	24                              @ DW_FORM_exprloc
	.byte	49                              @ DW_AT_abstract_origin
	.byte	19                              @ DW_FORM_ref4
	.byte	0                               @ EOM(1)
	.byte	0                               @ EOM(2)
	.byte	21                              @ Abbreviation Code
	.byte	52                              @ DW_TAG_variable
	.byte	0                               @ DW_CHILDREN_no
	.byte	2                               @ DW_AT_location
	.byte	24                              @ DW_FORM_exprloc
	.byte	49                              @ DW_AT_abstract_origin
	.byte	19                              @ DW_FORM_ref4
	.byte	0                               @ EOM(1)
	.byte	0                               @ EOM(2)
	.byte	22                              @ Abbreviation Code
	.byte	5                               @ DW_TAG_formal_parameter
	.byte	0                               @ DW_CHILDREN_no
	.byte	2                               @ DW_AT_location
	.byte	23                              @ DW_FORM_sec_offset
	.byte	49                              @ DW_AT_abstract_origin
	.byte	19                              @ DW_FORM_ref4
	.byte	0                               @ EOM(1)
	.byte	0                               @ EOM(2)
	.byte	23                              @ Abbreviation Code
	.byte	5                               @ DW_TAG_formal_parameter
	.byte	0                               @ DW_CHILDREN_no
	.byte	2                               @ DW_AT_location
	.byte	24                              @ DW_FORM_exprloc
	.byte	3                               @ DW_AT_name
	.byte	14                              @ DW_FORM_strp
	.byte	58                              @ DW_AT_decl_file
	.byte	11                              @ DW_FORM_data1
	.byte	59                              @ DW_AT_decl_line
	.byte	11                              @ DW_FORM_data1
	.byte	73                              @ DW_AT_type
	.byte	19                              @ DW_FORM_ref4
	.byte	0                               @ EOM(1)
	.byte	0                               @ EOM(2)
	.byte	24                              @ Abbreviation Code
	.byte	46                              @ DW_TAG_subprogram
	.byte	1                               @ DW_CHILDREN_yes
	.byte	17                              @ DW_AT_low_pc
	.byte	1                               @ DW_FORM_addr
	.byte	18                              @ DW_AT_high_pc
	.byte	6                               @ DW_FORM_data4
	.byte	64                              @ DW_AT_frame_base
	.byte	24                              @ DW_FORM_exprloc
	.ascii	"\227B"                         @ DW_AT_GNU_all_call_sites
	.byte	25                              @ DW_FORM_flag_present
	.byte	3                               @ DW_AT_name
	.byte	14                              @ DW_FORM_strp
	.byte	58                              @ DW_AT_decl_file
	.byte	11                              @ DW_FORM_data1
	.byte	59                              @ DW_AT_decl_line
	.byte	11                              @ DW_FORM_data1
	.byte	39                              @ DW_AT_prototyped
	.byte	25                              @ DW_FORM_flag_present
	.byte	63                              @ DW_AT_external
	.byte	25                              @ DW_FORM_flag_present
	.byte	0                               @ EOM(1)
	.byte	0                               @ EOM(2)
	.byte	25                              @ Abbreviation Code
	.byte	46                              @ DW_TAG_subprogram
	.byte	0                               @ DW_CHILDREN_no
	.byte	17                              @ DW_AT_low_pc
	.byte	1                               @ DW_FORM_addr
	.byte	18                              @ DW_AT_high_pc
	.byte	6                               @ DW_FORM_data4
	.byte	64                              @ DW_AT_frame_base
	.byte	24                              @ DW_FORM_exprloc
	.ascii	"\227B"                         @ DW_AT_GNU_all_call_sites
	.byte	25                              @ DW_FORM_flag_present
	.byte	3                               @ DW_AT_name
	.byte	14                              @ DW_FORM_strp
	.byte	58                              @ DW_AT_decl_file
	.byte	11                              @ DW_FORM_data1
	.byte	59                              @ DW_AT_decl_line
	.byte	11                              @ DW_FORM_data1
	.byte	39                              @ DW_AT_prototyped
	.byte	25                              @ DW_FORM_flag_present
	.byte	63                              @ DW_AT_external
	.byte	25                              @ DW_FORM_flag_present
	.byte	0                               @ EOM(1)
	.byte	0                               @ EOM(2)
	.byte	26                              @ Abbreviation Code
	.byte	46                              @ DW_TAG_subprogram
	.byte	1                               @ DW_CHILDREN_yes
	.byte	3                               @ DW_AT_name
	.byte	14                              @ DW_FORM_strp
	.byte	58                              @ DW_AT_decl_file
	.byte	11                              @ DW_FORM_data1
	.byte	59                              @ DW_AT_decl_line
	.byte	11                              @ DW_FORM_data1
	.byte	39                              @ DW_AT_prototyped
	.byte	25                              @ DW_FORM_flag_present
	.byte	32                              @ DW_AT_inline
	.byte	11                              @ DW_FORM_data1
	.byte	0                               @ EOM(1)
	.byte	0                               @ EOM(2)
	.byte	27                              @ Abbreviation Code
	.byte	11                              @ DW_TAG_lexical_block
	.byte	1                               @ DW_CHILDREN_yes
	.byte	0                               @ EOM(1)
	.byte	0                               @ EOM(2)
	.byte	28                              @ Abbreviation Code
	.byte	52                              @ DW_TAG_variable
	.byte	0                               @ DW_CHILDREN_no
	.byte	2                               @ DW_AT_location
	.byte	23                              @ DW_FORM_sec_offset
	.byte	49                              @ DW_AT_abstract_origin
	.byte	19                              @ DW_FORM_ref4
	.byte	0                               @ EOM(1)
	.byte	0                               @ EOM(2)
	.byte	29                              @ Abbreviation Code
	.byte	11                              @ DW_TAG_lexical_block
	.byte	1                               @ DW_CHILDREN_yes
	.byte	17                              @ DW_AT_low_pc
	.byte	1                               @ DW_FORM_addr
	.byte	18                              @ DW_AT_high_pc
	.byte	6                               @ DW_FORM_data4
	.byte	0                               @ EOM(1)
	.byte	0                               @ EOM(2)
	.byte	30                              @ Abbreviation Code
	.byte	38                              @ DW_TAG_const_type
	.byte	0                               @ DW_CHILDREN_no
	.byte	73                              @ DW_AT_type
	.byte	19                              @ DW_FORM_ref4
	.byte	0                               @ EOM(1)
	.byte	0                               @ EOM(2)
	.byte	31                              @ Abbreviation Code
	.byte	38                              @ DW_TAG_const_type
	.byte	0                               @ DW_CHILDREN_no
	.byte	0                               @ EOM(1)
	.byte	0                               @ EOM(2)
	.byte	0                               @ EOM(3)
	.section	.debug_info,"",%progbits
.Lcu_begin0:
	.long	.Ldebug_info_end0-.Ldebug_info_start0 @ Length of Unit
.Ldebug_info_start0:
	.short	4                               @ DWARF version number
	.long	.debug_abbrev                   @ Offset Into Abbrev. Section
	.byte	4                               @ Address Size (in bytes)
	.byte	1                               @ Abbrev [1] 0xb:0x4a5 DW_TAG_compile_unit
	.long	.Linfo_string0                  @ DW_AT_producer
	.short	12                              @ DW_AT_language
	.long	.Linfo_string1                  @ DW_AT_name
	.long	.Lline_table_start0             @ DW_AT_stmt_list
	.long	.Linfo_string2                  @ DW_AT_comp_dir
	.long	.Lfunc_begin0                   @ DW_AT_low_pc
	.long	.Lfunc_end6-.Lfunc_begin0       @ DW_AT_high_pc
	.byte	2                               @ Abbrev [2] 0x26:0x11 DW_TAG_variable
	.long	.Linfo_string3                  @ DW_AT_name
	.long	55                              @ DW_AT_type
	.byte	1                               @ DW_AT_decl_file
	.byte	69                              @ DW_AT_decl_line
	.byte	5                               @ DW_AT_location
	.byte	3
	.long	msg_util_callbacks
	.byte	3                               @ Abbrev [3] 0x37:0xc DW_TAG_array_type
	.long	67                              @ DW_AT_type
	.byte	4                               @ Abbrev [4] 0x3c:0x6 DW_TAG_subrange_type
	.long	84                              @ DW_AT_type
	.byte	5                               @ DW_AT_count
	.byte	0                               @ End Of Children Mark
	.byte	5                               @ Abbrev [5] 0x43:0xb DW_TAG_typedef
	.long	78                              @ DW_AT_type
	.long	.Linfo_string4                  @ DW_AT_name
	.byte	1                               @ DW_AT_decl_file
	.byte	66                              @ DW_AT_decl_line
	.byte	6                               @ Abbrev [6] 0x4e:0x5 DW_TAG_pointer_type
	.long	83                              @ DW_AT_type
	.byte	7                               @ Abbrev [7] 0x53:0x1 DW_TAG_subroutine_type
                                        @ DW_AT_prototyped
	.byte	8                               @ Abbrev [8] 0x54:0x7 DW_TAG_base_type
	.long	.Linfo_string5                  @ DW_AT_name
	.byte	8                               @ DW_AT_byte_size
	.byte	7                               @ DW_AT_encoding
	.byte	2                               @ Abbrev [2] 0x5b:0x11 DW_TAG_variable
	.long	.Linfo_string6                  @ DW_AT_name
	.long	108                             @ DW_AT_type
	.byte	1                               @ DW_AT_decl_file
	.byte	72                              @ DW_AT_decl_line
	.byte	5                               @ DW_AT_location
	.byte	3
	.long	wakeup_id
	.byte	5                               @ Abbrev [5] 0x6c:0xb DW_TAG_typedef
	.long	119                             @ DW_AT_type
	.long	.Linfo_string9                  @ DW_AT_name
	.byte	3                               @ DW_AT_decl_file
	.byte	78                              @ DW_AT_decl_line
	.byte	5                               @ Abbrev [5] 0x77:0xb DW_TAG_typedef
	.long	130                             @ DW_AT_type
	.long	.Linfo_string8                  @ DW_AT_name
	.byte	2                               @ DW_AT_decl_file
	.byte	63                              @ DW_AT_decl_line
	.byte	9                               @ Abbrev [9] 0x82:0x7 DW_TAG_base_type
	.long	.Linfo_string7                  @ DW_AT_name
	.byte	7                               @ DW_AT_encoding
	.byte	2                               @ DW_AT_byte_size
	.byte	10                              @ Abbrev [10] 0x89:0x81 DW_TAG_enumeration_type
	.long	266                             @ DW_AT_type
	.long	.Linfo_string30                 @ DW_AT_name
	.byte	1                               @ DW_AT_byte_size
	.byte	4                               @ DW_AT_decl_file
	.short	466                             @ DW_AT_decl_line
	.byte	11                              @ Abbrev [11] 0x96:0x6 DW_TAG_enumerator
	.long	.Linfo_string11                 @ DW_AT_name
	.byte	0                               @ DW_AT_const_value
	.byte	11                              @ Abbrev [11] 0x9c:0x6 DW_TAG_enumerator
	.long	.Linfo_string12                 @ DW_AT_name
	.byte	1                               @ DW_AT_const_value
	.byte	11                              @ Abbrev [11] 0xa2:0x6 DW_TAG_enumerator
	.long	.Linfo_string13                 @ DW_AT_name
	.byte	2                               @ DW_AT_const_value
	.byte	11                              @ Abbrev [11] 0xa8:0x6 DW_TAG_enumerator
	.long	.Linfo_string14                 @ DW_AT_name
	.byte	3                               @ DW_AT_const_value
	.byte	11                              @ Abbrev [11] 0xae:0x6 DW_TAG_enumerator
	.long	.Linfo_string15                 @ DW_AT_name
	.byte	4                               @ DW_AT_const_value
	.byte	11                              @ Abbrev [11] 0xb4:0x6 DW_TAG_enumerator
	.long	.Linfo_string16                 @ DW_AT_name
	.byte	5                               @ DW_AT_const_value
	.byte	11                              @ Abbrev [11] 0xba:0x6 DW_TAG_enumerator
	.long	.Linfo_string17                 @ DW_AT_name
	.byte	6                               @ DW_AT_const_value
	.byte	11                              @ Abbrev [11] 0xc0:0x6 DW_TAG_enumerator
	.long	.Linfo_string18                 @ DW_AT_name
	.byte	7                               @ DW_AT_const_value
	.byte	11                              @ Abbrev [11] 0xc6:0x6 DW_TAG_enumerator
	.long	.Linfo_string19                 @ DW_AT_name
	.byte	8                               @ DW_AT_const_value
	.byte	11                              @ Abbrev [11] 0xcc:0x6 DW_TAG_enumerator
	.long	.Linfo_string20                 @ DW_AT_name
	.byte	9                               @ DW_AT_const_value
	.byte	11                              @ Abbrev [11] 0xd2:0x6 DW_TAG_enumerator
	.long	.Linfo_string21                 @ DW_AT_name
	.byte	10                              @ DW_AT_const_value
	.byte	11                              @ Abbrev [11] 0xd8:0x6 DW_TAG_enumerator
	.long	.Linfo_string22                 @ DW_AT_name
	.byte	11                              @ DW_AT_const_value
	.byte	11                              @ Abbrev [11] 0xde:0x6 DW_TAG_enumerator
	.long	.Linfo_string23                 @ DW_AT_name
	.byte	12                              @ DW_AT_const_value
	.byte	11                              @ Abbrev [11] 0xe4:0x6 DW_TAG_enumerator
	.long	.Linfo_string24                 @ DW_AT_name
	.byte	13                              @ DW_AT_const_value
	.byte	11                              @ Abbrev [11] 0xea:0x6 DW_TAG_enumerator
	.long	.Linfo_string25                 @ DW_AT_name
	.byte	14                              @ DW_AT_const_value
	.byte	11                              @ Abbrev [11] 0xf0:0x6 DW_TAG_enumerator
	.long	.Linfo_string26                 @ DW_AT_name
	.byte	15                              @ DW_AT_const_value
	.byte	11                              @ Abbrev [11] 0xf6:0x6 DW_TAG_enumerator
	.long	.Linfo_string27                 @ DW_AT_name
	.byte	25                              @ DW_AT_const_value
	.byte	11                              @ Abbrev [11] 0xfc:0x6 DW_TAG_enumerator
	.long	.Linfo_string28                 @ DW_AT_name
	.byte	26                              @ DW_AT_const_value
	.byte	11                              @ Abbrev [11] 0x102:0x7 DW_TAG_enumerator
	.long	.Linfo_string29                 @ DW_AT_name
	.ascii	"\377\001"                      @ DW_AT_const_value
	.byte	0                               @ End Of Children Mark
	.byte	9                               @ Abbrev [9] 0x10a:0x7 DW_TAG_base_type
	.long	.Linfo_string10                 @ DW_AT_name
	.byte	8                               @ DW_AT_encoding
	.byte	1                               @ DW_AT_byte_size
	.byte	12                              @ Abbrev [12] 0x111:0x19 DW_TAG_enumeration_type
	.long	266                             @ DW_AT_type
	.long	.Linfo_string33                 @ DW_AT_name
	.byte	1                               @ DW_AT_byte_size
	.byte	5                               @ DW_AT_decl_file
	.byte	76                              @ DW_AT_decl_line
	.byte	11                              @ Abbrev [11] 0x11d:0x6 DW_TAG_enumerator
	.long	.Linfo_string31                 @ DW_AT_name
	.byte	0                               @ DW_AT_const_value
	.byte	11                              @ Abbrev [11] 0x123:0x6 DW_TAG_enumerator
	.long	.Linfo_string32                 @ DW_AT_name
	.byte	1                               @ DW_AT_const_value
	.byte	0                               @ End Of Children Mark
	.byte	12                              @ Abbrev [12] 0x12a:0x1f DW_TAG_enumeration_type
	.long	266                             @ DW_AT_type
	.long	.Linfo_string37                 @ DW_AT_name
	.byte	1                               @ DW_AT_byte_size
	.byte	3                               @ DW_AT_decl_file
	.byte	96                              @ DW_AT_decl_line
	.byte	11                              @ Abbrev [11] 0x136:0x6 DW_TAG_enumerator
	.long	.Linfo_string34                 @ DW_AT_name
	.byte	0                               @ DW_AT_const_value
	.byte	11                              @ Abbrev [11] 0x13c:0x6 DW_TAG_enumerator
	.long	.Linfo_string35                 @ DW_AT_name
	.byte	1                               @ DW_AT_const_value
	.byte	11                              @ Abbrev [11] 0x142:0x6 DW_TAG_enumerator
	.long	.Linfo_string36                 @ DW_AT_name
	.byte	2                               @ DW_AT_const_value
	.byte	0                               @ End Of Children Mark
	.byte	12                              @ Abbrev [12] 0x149:0xa0 DW_TAG_enumeration_type
	.long	130                             @ DW_AT_type
	.long	.Linfo_string59                 @ DW_AT_name
	.byte	2                               @ DW_AT_byte_size
	.byte	6                               @ DW_AT_decl_file
	.byte	194                             @ DW_AT_decl_line
	.byte	11                              @ Abbrev [11] 0x155:0x7 DW_TAG_enumerator
	.long	.Linfo_string38                 @ DW_AT_name
	.ascii	"\200\b"                        @ DW_AT_const_value
	.byte	11                              @ Abbrev [11] 0x15c:0x7 DW_TAG_enumerator
	.long	.Linfo_string39                 @ DW_AT_name
	.ascii	"\201\b"                        @ DW_AT_const_value
	.byte	11                              @ Abbrev [11] 0x163:0x7 DW_TAG_enumerator
	.long	.Linfo_string40                 @ DW_AT_name
	.ascii	"\202\b"                        @ DW_AT_const_value
	.byte	11                              @ Abbrev [11] 0x16a:0x7 DW_TAG_enumerator
	.long	.Linfo_string41                 @ DW_AT_name
	.ascii	"\203\b"                        @ DW_AT_const_value
	.byte	11                              @ Abbrev [11] 0x171:0x7 DW_TAG_enumerator
	.long	.Linfo_string42                 @ DW_AT_name
	.ascii	"\204\b"                        @ DW_AT_const_value
	.byte	11                              @ Abbrev [11] 0x178:0x7 DW_TAG_enumerator
	.long	.Linfo_string43                 @ DW_AT_name
	.ascii	"\205\b"                        @ DW_AT_const_value
	.byte	11                              @ Abbrev [11] 0x17f:0x7 DW_TAG_enumerator
	.long	.Linfo_string44                 @ DW_AT_name
	.ascii	"\206\b"                        @ DW_AT_const_value
	.byte	11                              @ Abbrev [11] 0x186:0x7 DW_TAG_enumerator
	.long	.Linfo_string45                 @ DW_AT_name
	.ascii	"\207\b"                        @ DW_AT_const_value
	.byte	11                              @ Abbrev [11] 0x18d:0x7 DW_TAG_enumerator
	.long	.Linfo_string46                 @ DW_AT_name
	.ascii	"\210\b"                        @ DW_AT_const_value
	.byte	11                              @ Abbrev [11] 0x194:0x7 DW_TAG_enumerator
	.long	.Linfo_string47                 @ DW_AT_name
	.ascii	"\211\b"                        @ DW_AT_const_value
	.byte	11                              @ Abbrev [11] 0x19b:0x7 DW_TAG_enumerator
	.long	.Linfo_string48                 @ DW_AT_name
	.ascii	"\212\b"                        @ DW_AT_const_value
	.byte	11                              @ Abbrev [11] 0x1a2:0x7 DW_TAG_enumerator
	.long	.Linfo_string49                 @ DW_AT_name
	.ascii	"\213\b"                        @ DW_AT_const_value
	.byte	11                              @ Abbrev [11] 0x1a9:0x7 DW_TAG_enumerator
	.long	.Linfo_string50                 @ DW_AT_name
	.ascii	"\214\b"                        @ DW_AT_const_value
	.byte	11                              @ Abbrev [11] 0x1b0:0x7 DW_TAG_enumerator
	.long	.Linfo_string51                 @ DW_AT_name
	.ascii	"\215\b"                        @ DW_AT_const_value
	.byte	11                              @ Abbrev [11] 0x1b7:0x7 DW_TAG_enumerator
	.long	.Linfo_string52                 @ DW_AT_name
	.ascii	"\215\b"                        @ DW_AT_const_value
	.byte	11                              @ Abbrev [11] 0x1be:0x7 DW_TAG_enumerator
	.long	.Linfo_string53                 @ DW_AT_name
	.ascii	"\216\b"                        @ DW_AT_const_value
	.byte	11                              @ Abbrev [11] 0x1c5:0x7 DW_TAG_enumerator
	.long	.Linfo_string54                 @ DW_AT_name
	.ascii	"\217\b"                        @ DW_AT_const_value
	.byte	11                              @ Abbrev [11] 0x1cc:0x7 DW_TAG_enumerator
	.long	.Linfo_string55                 @ DW_AT_name
	.ascii	"\220\b"                        @ DW_AT_const_value
	.byte	11                              @ Abbrev [11] 0x1d3:0x7 DW_TAG_enumerator
	.long	.Linfo_string56                 @ DW_AT_name
	.ascii	"\221\b"                        @ DW_AT_const_value
	.byte	11                              @ Abbrev [11] 0x1da:0x7 DW_TAG_enumerator
	.long	.Linfo_string57                 @ DW_AT_name
	.ascii	"\222\b"                        @ DW_AT_const_value
	.byte	11                              @ Abbrev [11] 0x1e1:0x7 DW_TAG_enumerator
	.long	.Linfo_string58                 @ DW_AT_name
	.ascii	"\222\b"                        @ DW_AT_const_value
	.byte	0                               @ End Of Children Mark
	.byte	13                              @ Abbrev [13] 0x1e9:0x23 DW_TAG_subprogram
	.long	.Linfo_string60                 @ DW_AT_name
	.byte	1                               @ DW_AT_decl_file
	.byte	86                              @ DW_AT_decl_line
                                        @ DW_AT_prototyped
	.long	524                             @ DW_AT_type
	.byte	1                               @ DW_AT_inline
	.byte	14                              @ Abbrev [14] 0x1f5:0xb DW_TAG_formal_parameter
	.long	.Linfo_string63                 @ DW_AT_name
	.byte	1                               @ DW_AT_decl_file
	.byte	86                              @ DW_AT_decl_line
	.long	108                             @ DW_AT_type
	.byte	15                              @ Abbrev [15] 0x200:0xb DW_TAG_variable
	.long	.Linfo_string64                 @ DW_AT_name
	.byte	1                               @ DW_AT_decl_file
	.byte	88                              @ DW_AT_decl_line
	.long	542                             @ DW_AT_type
	.byte	0                               @ End Of Children Mark
	.byte	5                               @ Abbrev [5] 0x20c:0xb DW_TAG_typedef
	.long	535                             @ DW_AT_type
	.long	.Linfo_string62                 @ DW_AT_name
	.byte	2                               @ DW_AT_decl_file
	.byte	56                              @ DW_AT_decl_line
	.byte	9                               @ Abbrev [9] 0x217:0x7 DW_TAG_base_type
	.long	.Linfo_string61                 @ DW_AT_name
	.byte	6                               @ DW_AT_encoding
	.byte	1                               @ DW_AT_byte_size
	.byte	9                               @ Abbrev [9] 0x21e:0x7 DW_TAG_base_type
	.long	.Linfo_string65                 @ DW_AT_name
	.byte	5                               @ DW_AT_encoding
	.byte	4                               @ DW_AT_byte_size
	.byte	16                              @ Abbrev [16] 0x225:0x5e DW_TAG_subprogram
	.long	.Lfunc_begin0                   @ DW_AT_low_pc
	.long	.Lfunc_end0-.Lfunc_begin0       @ DW_AT_high_pc
	.byte	1                               @ DW_AT_frame_base
	.byte	93
                                        @ DW_AT_GNU_all_call_sites
	.long	.Linfo_string70                 @ DW_AT_name
	.byte	1                               @ DW_AT_decl_file
	.byte	144                             @ DW_AT_decl_line
                                        @ DW_AT_prototyped
	.long	108                             @ DW_AT_type
                                        @ DW_AT_external
	.byte	17                              @ Abbrev [17] 0x23a:0xf DW_TAG_formal_parameter
	.long	.Ldebug_loc0                    @ DW_AT_location
	.long	.Linfo_string63                 @ DW_AT_name
	.byte	1                               @ DW_AT_decl_file
	.byte	144                             @ DW_AT_decl_line
	.long	108                             @ DW_AT_type
	.byte	18                              @ Abbrev [18] 0x249:0xf DW_TAG_variable
	.long	.Ldebug_loc1                    @ DW_AT_location
	.long	.Linfo_string64                 @ DW_AT_name
	.byte	1                               @ DW_AT_decl_file
	.byte	146                             @ DW_AT_decl_line
	.long	542                             @ DW_AT_type
	.byte	19                              @ Abbrev [19] 0x258:0x2a DW_TAG_inlined_subroutine
	.long	489                             @ DW_AT_abstract_origin
	.long	.Ltmp0                          @ DW_AT_low_pc
	.long	.Ltmp4-.Ltmp0                   @ DW_AT_high_pc
	.byte	1                               @ DW_AT_call_file
	.byte	147                             @ DW_AT_call_line
	.byte	9                               @ DW_AT_call_column
	.byte	20                              @ Abbrev [20] 0x268:0x7 DW_TAG_formal_parameter
	.byte	1                               @ DW_AT_location
	.byte	80
	.long	501                             @ DW_AT_abstract_origin
	.byte	21                              @ Abbrev [21] 0x26f:0x12 DW_TAG_variable
	.byte	12                              @ DW_AT_location
	.byte	112
	.byte	0
	.byte	16
	.ascii	"\377\377\003"
	.byte	26
	.byte	16
	.ascii	"\216\b"
	.byte	28
	.byte	159
	.long	512                             @ DW_AT_abstract_origin
	.byte	0                               @ End Of Children Mark
	.byte	0                               @ End Of Children Mark
	.byte	13                              @ Abbrev [13] 0x283:0x23 DW_TAG_subprogram
	.long	.Linfo_string66                 @ DW_AT_name
	.byte	1                               @ DW_AT_decl_file
	.byte	105                             @ DW_AT_decl_line
                                        @ DW_AT_prototyped
	.long	108                             @ DW_AT_type
	.byte	1                               @ DW_AT_inline
	.byte	14                              @ Abbrev [14] 0x28f:0xb DW_TAG_formal_parameter
	.long	.Linfo_string67                 @ DW_AT_name
	.byte	1                               @ DW_AT_decl_file
	.byte	105                             @ DW_AT_decl_line
	.long	78                              @ DW_AT_type
	.byte	15                              @ Abbrev [15] 0x29a:0xb DW_TAG_variable
	.long	.Linfo_string64                 @ DW_AT_name
	.byte	1                               @ DW_AT_decl_file
	.byte	107                             @ DW_AT_decl_line
	.long	542                             @ DW_AT_type
	.byte	0                               @ End Of Children Mark
	.byte	16                              @ Abbrev [16] 0x2a6:0x51 DW_TAG_subprogram
	.long	.Lfunc_begin1                   @ DW_AT_low_pc
	.long	.Lfunc_end1-.Lfunc_begin1       @ DW_AT_high_pc
	.byte	1                               @ DW_AT_frame_base
	.byte	93
                                        @ DW_AT_GNU_all_call_sites
	.long	.Linfo_string71                 @ DW_AT_name
	.byte	1                               @ DW_AT_decl_file
	.byte	160                             @ DW_AT_decl_line
                                        @ DW_AT_prototyped
	.long	108                             @ DW_AT_type
                                        @ DW_AT_external
	.byte	17                              @ Abbrev [17] 0x2bb:0xf DW_TAG_formal_parameter
	.long	.Ldebug_loc2                    @ DW_AT_location
	.long	.Linfo_string67                 @ DW_AT_name
	.byte	1                               @ DW_AT_decl_file
	.byte	160                             @ DW_AT_decl_line
	.long	78                              @ DW_AT_type
	.byte	15                              @ Abbrev [15] 0x2ca:0xb DW_TAG_variable
	.long	.Linfo_string77                 @ DW_AT_name
	.byte	1                               @ DW_AT_decl_file
	.byte	162                             @ DW_AT_decl_line
	.long	108                             @ DW_AT_type
	.byte	19                              @ Abbrev [19] 0x2d5:0x21 DW_TAG_inlined_subroutine
	.long	643                             @ DW_AT_abstract_origin
	.long	.Ltmp12                         @ DW_AT_low_pc
	.long	.Ltmp19-.Ltmp12                 @ DW_AT_high_pc
	.byte	1                               @ DW_AT_call_file
	.byte	162                             @ DW_AT_call_line
	.byte	26                              @ DW_AT_call_column
	.byte	22                              @ Abbrev [22] 0x2e5:0x9 DW_TAG_formal_parameter
	.long	.Ldebug_loc3                    @ DW_AT_location
	.long	655                             @ DW_AT_abstract_origin
	.byte	21                              @ Abbrev [21] 0x2ee:0x7 DW_TAG_variable
	.byte	1                               @ DW_AT_location
	.byte	82
	.long	666                             @ DW_AT_abstract_origin
	.byte	0                               @ End Of Children Mark
	.byte	0                               @ End Of Children Mark
	.byte	16                              @ Abbrev [16] 0x2f7:0x6b DW_TAG_subprogram
	.long	.Lfunc_begin2                   @ DW_AT_low_pc
	.long	.Lfunc_end2-.Lfunc_begin2       @ DW_AT_high_pc
	.byte	1                               @ DW_AT_frame_base
	.byte	93
                                        @ DW_AT_GNU_all_call_sites
	.long	.Linfo_string72                 @ DW_AT_name
	.byte	1                               @ DW_AT_decl_file
	.byte	170                             @ DW_AT_decl_line
                                        @ DW_AT_prototyped
	.long	108                             @ DW_AT_type
                                        @ DW_AT_external
	.byte	17                              @ Abbrev [17] 0x30c:0xf DW_TAG_formal_parameter
	.long	.Ldebug_loc4                    @ DW_AT_location
	.long	.Linfo_string63                 @ DW_AT_name
	.byte	1                               @ DW_AT_decl_file
	.byte	170                             @ DW_AT_decl_line
	.long	108                             @ DW_AT_type
	.byte	23                              @ Abbrev [23] 0x31b:0xd DW_TAG_formal_parameter
	.byte	1                               @ DW_AT_location
	.byte	81
	.long	.Linfo_string67                 @ DW_AT_name
	.byte	1                               @ DW_AT_decl_file
	.byte	170                             @ DW_AT_decl_line
	.long	78                              @ DW_AT_type
	.byte	18                              @ Abbrev [18] 0x328:0xf DW_TAG_variable
	.long	.Ldebug_loc5                    @ DW_AT_location
	.long	.Linfo_string64                 @ DW_AT_name
	.byte	1                               @ DW_AT_decl_file
	.byte	172                             @ DW_AT_decl_line
	.long	542                             @ DW_AT_type
	.byte	19                              @ Abbrev [19] 0x337:0x2a DW_TAG_inlined_subroutine
	.long	489                             @ DW_AT_abstract_origin
	.long	.Ltmp22                         @ DW_AT_low_pc
	.long	.Ltmp26-.Ltmp22                 @ DW_AT_high_pc
	.byte	1                               @ DW_AT_call_file
	.byte	173                             @ DW_AT_call_line
	.byte	9                               @ DW_AT_call_column
	.byte	20                              @ Abbrev [20] 0x347:0x7 DW_TAG_formal_parameter
	.byte	1                               @ DW_AT_location
	.byte	80
	.long	501                             @ DW_AT_abstract_origin
	.byte	21                              @ Abbrev [21] 0x34e:0x12 DW_TAG_variable
	.byte	12                              @ DW_AT_location
	.byte	112
	.byte	0
	.byte	16
	.ascii	"\377\377\003"
	.byte	26
	.byte	16
	.ascii	"\216\b"
	.byte	28
	.byte	159
	.long	512                             @ DW_AT_abstract_origin
	.byte	0                               @ End Of Children Mark
	.byte	0                               @ End Of Children Mark
	.byte	24                              @ Abbrev [24] 0x362:0x21 DW_TAG_subprogram
	.long	.Lfunc_begin3                   @ DW_AT_low_pc
	.long	.Lfunc_end3-.Lfunc_begin3       @ DW_AT_high_pc
	.byte	1                               @ DW_AT_frame_base
	.byte	93
                                        @ DW_AT_GNU_all_call_sites
	.long	.Linfo_string73                 @ DW_AT_name
	.byte	1                               @ DW_AT_decl_file
	.byte	186                             @ DW_AT_decl_line
                                        @ DW_AT_prototyped
                                        @ DW_AT_external
	.byte	17                              @ Abbrev [17] 0x373:0xf DW_TAG_formal_parameter
	.long	.Ldebug_loc6                    @ DW_AT_location
	.long	.Linfo_string67                 @ DW_AT_name
	.byte	1                               @ DW_AT_decl_file
	.byte	186                             @ DW_AT_decl_line
	.long	78                              @ DW_AT_type
	.byte	0                               @ End Of Children Mark
	.byte	25                              @ Abbrev [25] 0x383:0x11 DW_TAG_subprogram
	.long	.Lfunc_begin4                   @ DW_AT_low_pc
	.long	.Lfunc_end4-.Lfunc_begin4       @ DW_AT_high_pc
	.byte	1                               @ DW_AT_frame_base
	.byte	93
                                        @ DW_AT_GNU_all_call_sites
	.long	.Linfo_string74                 @ DW_AT_name
	.byte	1                               @ DW_AT_decl_file
	.byte	198                             @ DW_AT_decl_line
                                        @ DW_AT_prototyped
                                        @ DW_AT_external
	.byte	25                              @ Abbrev [25] 0x394:0x11 DW_TAG_subprogram
	.long	.Lfunc_begin5                   @ DW_AT_low_pc
	.long	.Lfunc_end5-.Lfunc_begin5       @ DW_AT_high_pc
	.byte	1                               @ DW_AT_frame_base
	.byte	93
                                        @ DW_AT_GNU_all_call_sites
	.long	.Linfo_string75                 @ DW_AT_name
	.byte	1                               @ DW_AT_decl_file
	.byte	204                             @ DW_AT_decl_line
                                        @ DW_AT_prototyped
                                        @ DW_AT_external
	.byte	26                              @ Abbrev [26] 0x3a5:0x2c DW_TAG_subprogram
	.long	.Linfo_string68                 @ DW_AT_name
	.byte	1                               @ DW_AT_decl_file
	.byte	125                             @ DW_AT_decl_line
                                        @ DW_AT_prototyped
	.byte	1                               @ DW_AT_inline
	.byte	14                              @ Abbrev [14] 0x3ad:0xb DW_TAG_formal_parameter
	.long	.Linfo_string63                 @ DW_AT_name
	.byte	1                               @ DW_AT_decl_file
	.byte	125                             @ DW_AT_decl_line
	.long	108                             @ DW_AT_type
	.byte	15                              @ Abbrev [15] 0x3b8:0xb DW_TAG_variable
	.long	.Linfo_string64                 @ DW_AT_name
	.byte	1                               @ DW_AT_decl_file
	.byte	127                             @ DW_AT_decl_line
	.long	542                             @ DW_AT_type
	.byte	27                              @ Abbrev [27] 0x3c3:0xd DW_TAG_lexical_block
	.byte	15                              @ Abbrev [15] 0x3c4:0xb DW_TAG_variable
	.long	.Linfo_string69                 @ DW_AT_name
	.byte	1                               @ DW_AT_decl_file
	.byte	133                             @ DW_AT_decl_line
	.long	78                              @ DW_AT_type
	.byte	0                               @ End Of Children Mark
	.byte	0                               @ End Of Children Mark
	.byte	16                              @ Abbrev [16] 0x3d1:0xbe DW_TAG_subprogram
	.long	.Lfunc_begin6                   @ DW_AT_low_pc
	.long	.Lfunc_end6-.Lfunc_begin6       @ DW_AT_high_pc
	.byte	1                               @ DW_AT_frame_base
	.byte	93
                                        @ DW_AT_GNU_all_call_sites
	.long	.Linfo_string76                 @ DW_AT_name
	.byte	1                               @ DW_AT_decl_file
	.byte	212                             @ DW_AT_decl_line
                                        @ DW_AT_prototyped
	.long	273                             @ DW_AT_type
                                        @ DW_AT_external
	.byte	17                              @ Abbrev [17] 0x3e6:0xf DW_TAG_formal_parameter
	.long	.Ldebug_loc7                    @ DW_AT_location
	.long	.Linfo_string78                 @ DW_AT_name
	.byte	1                               @ DW_AT_decl_file
	.byte	212                             @ DW_AT_decl_line
	.long	1167                            @ DW_AT_type
	.byte	17                              @ Abbrev [17] 0x3f5:0xf DW_TAG_formal_parameter
	.long	.Ldebug_loc8                    @ DW_AT_location
	.long	.Linfo_string79                 @ DW_AT_name
	.byte	1                               @ DW_AT_decl_file
	.byte	213                             @ DW_AT_decl_line
	.long	1172                            @ DW_AT_type
	.byte	17                              @ Abbrev [17] 0x404:0xf DW_TAG_formal_parameter
	.long	.Ldebug_loc9                    @ DW_AT_location
	.long	.Linfo_string80                 @ DW_AT_name
	.byte	1                               @ DW_AT_decl_file
	.byte	214                             @ DW_AT_decl_line
	.long	1178                            @ DW_AT_type
	.byte	17                              @ Abbrev [17] 0x413:0xf DW_TAG_formal_parameter
	.long	.Ldebug_loc10                   @ DW_AT_location
	.long	.Linfo_string82                 @ DW_AT_name
	.byte	1                               @ DW_AT_decl_file
	.byte	215                             @ DW_AT_decl_line
	.long	1178                            @ DW_AT_type
	.byte	23                              @ Abbrev [23] 0x422:0xe DW_TAG_formal_parameter
	.byte	2                               @ DW_AT_location
	.byte	145
	.byte	8
	.long	.Linfo_string83                 @ DW_AT_name
	.byte	1                               @ DW_AT_decl_file
	.byte	216                             @ DW_AT_decl_line
	.long	1194                            @ DW_AT_type
	.byte	19                              @ Abbrev [19] 0x430:0x5e DW_TAG_inlined_subroutine
	.long	933                             @ DW_AT_abstract_origin
	.long	.Ltmp59                         @ DW_AT_low_pc
	.long	.Ltmp65-.Ltmp59                 @ DW_AT_high_pc
	.byte	1                               @ DW_AT_call_file
	.byte	224                             @ DW_AT_call_line
	.byte	9                               @ DW_AT_call_column
	.byte	22                              @ Abbrev [22] 0x440:0x9 DW_TAG_formal_parameter
	.long	.Ldebug_loc12                   @ DW_AT_location
	.long	941                             @ DW_AT_abstract_origin
	.byte	28                              @ Abbrev [28] 0x449:0x9 DW_TAG_variable
	.long	.Ldebug_loc11                   @ DW_AT_location
	.long	952                             @ DW_AT_abstract_origin
	.byte	19                              @ Abbrev [19] 0x452:0x2a DW_TAG_inlined_subroutine
	.long	489                             @ DW_AT_abstract_origin
	.long	.Ltmp59                         @ DW_AT_low_pc
	.long	.Ltmp60-.Ltmp59                 @ DW_AT_high_pc
	.byte	1                               @ DW_AT_call_file
	.byte	128                             @ DW_AT_call_line
	.byte	9                               @ DW_AT_call_column
	.byte	20                              @ Abbrev [20] 0x462:0x7 DW_TAG_formal_parameter
	.byte	1                               @ DW_AT_location
	.byte	81
	.long	501                             @ DW_AT_abstract_origin
	.byte	21                              @ Abbrev [21] 0x469:0x12 DW_TAG_variable
	.byte	12                              @ DW_AT_location
	.byte	113
	.byte	0
	.byte	16
	.ascii	"\377\377\003"
	.byte	26
	.byte	16
	.ascii	"\216\b"
	.byte	28
	.byte	159
	.long	512                             @ DW_AT_abstract_origin
	.byte	0                               @ End Of Children Mark
	.byte	29                              @ Abbrev [29] 0x47c:0x11 DW_TAG_lexical_block
	.long	.Ltmp64                         @ DW_AT_low_pc
	.long	.Ltmp65-.Ltmp64                 @ DW_AT_high_pc
	.byte	21                              @ Abbrev [21] 0x485:0x7 DW_TAG_variable
	.byte	1                               @ DW_AT_location
	.byte	80
	.long	964                             @ DW_AT_abstract_origin
	.byte	0                               @ End Of Children Mark
	.byte	0                               @ End Of Children Mark
	.byte	0                               @ End Of Children Mark
	.byte	30                              @ Abbrev [30] 0x48f:0x5 DW_TAG_const_type
	.long	108                             @ DW_AT_type
	.byte	6                               @ Abbrev [6] 0x494:0x5 DW_TAG_pointer_type
	.long	1177                            @ DW_AT_type
	.byte	31                              @ Abbrev [31] 0x499:0x1 DW_TAG_const_type
	.byte	30                              @ Abbrev [30] 0x49a:0x5 DW_TAG_const_type
	.long	1183                            @ DW_AT_type
	.byte	5                               @ Abbrev [5] 0x49f:0xb DW_TAG_typedef
	.long	119                             @ DW_AT_type
	.long	.Linfo_string81                 @ DW_AT_name
	.byte	3                               @ DW_AT_decl_file
	.byte	60                              @ DW_AT_decl_line
	.byte	6                               @ Abbrev [6] 0x4aa:0x5 DW_TAG_pointer_type
	.long	298                             @ DW_AT_type
	.byte	0                               @ End Of Children Mark
.Ldebug_info_end0:
	.section	.debug_str,"MS",%progbits,1
.Linfo_string0:
	.asciz	"Component: Arm Compiler for Embedded 6.23 Tool: armclang [5f103000]" @ string offset=0
.Linfo_string1:
	.asciz	"../../../../../sdk/app_modules/src/app_easy\\app_easy_msg_utils.c" @ string offset=68
.Linfo_string2:
	.asciz	"C:\\Users\\teodor\\Desktop\\stem\\codeless\\6.0.24.1464\\projects\\target_apps\\ble_examples\\empty_peripheral_template\\Keil_5" @ string offset=133
.Linfo_string3:
	.asciz	"msg_util_callbacks"            @ string offset=250
.Linfo_string4:
	.asciz	"void_msg_void"                 @ string offset=269
.Linfo_string5:
	.asciz	"__ARRAY_SIZE_TYPE__"           @ string offset=283
.Linfo_string6:
	.asciz	"wakeup_id"                     @ string offset=303
.Linfo_string7:
	.asciz	"unsigned short"                @ string offset=313
.Linfo_string8:
	.asciz	"uint16_t"                      @ string offset=328
.Linfo_string9:
	.asciz	"ke_msg_id_t"                   @ string offset=337
.Linfo_string10:
	.asciz	"unsigned char"                 @ string offset=349
.Linfo_string11:
	.asciz	"TASK_LLM"                      @ string offset=363
.Linfo_string12:
	.asciz	"TASK_LLC"                      @ string offset=372
.Linfo_string13:
	.asciz	"TASK_LLD"                      @ string offset=381
.Linfo_string14:
	.asciz	"TASK_DBG"                      @ string offset=390
.Linfo_string15:
	.asciz	"TASK_APP"                      @ string offset=399
.Linfo_string16:
	.asciz	"TASK_GTL"                      @ string offset=408
.Linfo_string17:
	.asciz	"TASK_L2CC"                     @ string offset=417
.Linfo_string18:
	.asciz	"TASK_GATTM"                    @ string offset=427
.Linfo_string19:
	.asciz	"TASK_GATTC"                    @ string offset=438
.Linfo_string20:
	.asciz	"TASK_GAPM"                     @ string offset=449
.Linfo_string21:
	.asciz	"TASK_GAPC"                     @ string offset=459
.Linfo_string22:
	.asciz	"TASK_RFU_1"                    @ string offset=469
.Linfo_string23:
	.asciz	"TASK_RFU_2"                    @ string offset=480
.Linfo_string24:
	.asciz	"TASK_RFU_3"                    @ string offset=491
.Linfo_string25:
	.asciz	"TASK_RFU_4"                    @ string offset=502
.Linfo_string26:
	.asciz	"TASK_RFU_5"                    @ string offset=513
.Linfo_string27:
	.asciz	"TASK_PRF_MAX"                  @ string offset=524
.Linfo_string28:
	.asciz	"TASK_MAX"                      @ string offset=537
.Linfo_string29:
	.asciz	"TASK_NONE"                     @ string offset=546
.Linfo_string30:
	.asciz	"KE_TASK_TYPE"                  @ string offset=556
.Linfo_string31:
	.asciz	"PR_EVENT_HANDLED"              @ string offset=569
.Linfo_string32:
	.asciz	"PR_EVENT_UNHANDLED"            @ string offset=586
.Linfo_string33:
	.asciz	"process_event_response"        @ string offset=605
.Linfo_string34:
	.asciz	"KE_MSG_CONSUMED"               @ string offset=628
.Linfo_string35:
	.asciz	"KE_MSG_NO_FREE"                @ string offset=644
.Linfo_string36:
	.asciz	"KE_MSG_SAVED"                  @ string offset=659
.Linfo_string37:
	.asciz	"ke_msg_status_tag"             @ string offset=672
.Linfo_string38:
	.asciz	"APP_MODULE_INIT_CMP_EVT"       @ string offset=690
.Linfo_string39:
	.asciz	"APP_CREATE_TIMER"              @ string offset=714
.Linfo_string40:
	.asciz	"APP_CANCEL_TIMER"              @ string offset=731
.Linfo_string41:
	.asciz	"APP_MODIFY_TIMER"              @ string offset=748
.Linfo_string42:
	.asciz	"APP_TIMER_API_MES0"            @ string offset=765
.Linfo_string43:
	.asciz	"APP_TIMER_API_MES1"            @ string offset=784
.Linfo_string44:
	.asciz	"APP_TIMER_API_MES2"            @ string offset=803
.Linfo_string45:
	.asciz	"APP_TIMER_API_MES3"            @ string offset=822
.Linfo_string46:
	.asciz	"APP_TIMER_API_MES4"            @ string offset=841
.Linfo_string47:
	.asciz	"APP_TIMER_API_MES5"            @ string offset=860
.Linfo_string48:
	.asciz	"APP_TIMER_API_MES6"            @ string offset=879
.Linfo_string49:
	.asciz	"APP_TIMER_API_MES7"            @ string offset=898
.Linfo_string50:
	.asciz	"APP_TIMER_API_MES8"            @ string offset=917
.Linfo_string51:
	.asciz	"APP_TIMER_API_MES9"            @ string offset=936
.Linfo_string52:
	.asciz	"APP_TIMER_API_LAST_MES"        @ string offset=955
.Linfo_string53:
	.asciz	"APP_MSG_UTIL_API_MES0"         @ string offset=978
.Linfo_string54:
	.asciz	"APP_MSG_UTIL_API_MES1"         @ string offset=1000
.Linfo_string55:
	.asciz	"APP_MSG_UTIL_API_MES2"         @ string offset=1022
.Linfo_string56:
	.asciz	"APP_MSG_UTIL_API_MES3"         @ string offset=1044
.Linfo_string57:
	.asciz	"APP_MSG_UTIL_API_MES4"         @ string offset=1066
.Linfo_string58:
	.asciz	"APP_MSG_UTIL_API_LAST_MES"     @ string offset=1088
.Linfo_string59:
	.asciz	"APP_MSG"                       @ string offset=1114
.Linfo_string60:
	.asciz	"app_easy_msg_find_idx"         @ string offset=1122
.Linfo_string61:
	.asciz	"signed char"                   @ string offset=1144
.Linfo_string62:
	.asciz	"int8_t"                        @ string offset=1156
.Linfo_string63:
	.asciz	"msg_util_id"                   @ string offset=1163
.Linfo_string64:
	.asciz	"i"                             @ string offset=1175
.Linfo_string65:
	.asciz	"int"                           @ string offset=1177
.Linfo_string66:
	.asciz	"app_easy_msg_set_callback"     @ string offset=1181
.Linfo_string67:
	.asciz	"fn"                            @ string offset=1207
.Linfo_string68:
	.asciz	"app_easy_msg_call_callback"    @ string offset=1210
.Linfo_string69:
	.asciz	"callback"                      @ string offset=1237
.Linfo_string70:
	.asciz	"app_easy_msg_free_callback"    @ string offset=1246
.Linfo_string71:
	.asciz	"app_easy_msg_set"              @ string offset=1273
.Linfo_string72:
	.asciz	"app_easy_msg_modify"           @ string offset=1290
.Linfo_string73:
	.asciz	"app_easy_wakeup_set"           @ string offset=1310
.Linfo_string74:
	.asciz	"app_easy_wakeup_free"          @ string offset=1330
.Linfo_string75:
	.asciz	"app_easy_wakeup"               @ string offset=1351
.Linfo_string76:
	.asciz	"app_msg_utils_api_process_handler" @ string offset=1367
.Linfo_string77:
	.asciz	"msg_id"                        @ string offset=1401
.Linfo_string78:
	.asciz	"msgid"                         @ string offset=1408
.Linfo_string79:
	.asciz	"param"                         @ string offset=1414
.Linfo_string80:
	.asciz	"dest_id"                       @ string offset=1420
.Linfo_string81:
	.asciz	"ke_task_id_t"                  @ string offset=1428
.Linfo_string82:
	.asciz	"src_id"                        @ string offset=1441
.Linfo_string83:
	.asciz	"msg_ret"                       @ string offset=1448
	.ident	"Component: Arm Compiler for Embedded 6.23 Tool: armclang [5f103000]"
	.section	".note.GNU-stack","",%progbits
	.eabi_attribute	30, 4	@ Tag_ABI_optimization_goals
	.ARM_attribute	16, 1	@ Tag_AV_eba
	.section	.debug_line,"",%progbits
.Lline_table_start0:
