	.text
	.syntax unified
	.eabi_attribute	67, "2.09"	@ Tag_conformance
	.cpu	cortex-m0plus
	.eabi_attribute	6, 12	@ Tag_CPU_arch
	.eabi_attribute	7, 77	@ Tag_CPU_arch_profile
	.eabi_attribute	8, 0	@ Tag_ARM_ISA_use
	.eabi_attribute	9, 1	@ Tag_THUMB_ISA_use
	.eabi_attribute	34, 0	@ Tag_CPU_unaligned_access
	.eabi_attribute	17, 1	@ Tag_ABI_PCS_GOT_use
	.eabi_attribute	20, 2	@ Tag_ABI_FP_denormal
	.eabi_attribute	21, 0	@ Tag_ABI_FP_exceptions
	.eabi_attribute	23, 1	@ Tag_ABI_FP_number_model
	.eabi_attribute	24, 1	@ Tag_ABI_align_needed
	.eabi_attribute	25, 1	@ Tag_ABI_align_preserved
	.eabi_attribute	38, 1	@ Tag_ABI_FP_16bit_format
	.eabi_attribute	18, 2	@ Tag_ABI_PCS_wchar_t
	.eabi_attribute	26, 1	@ Tag_ABI_enum_size
	.eabi_attribute	14, 0	@ Tag_ABI_PCS_R9_use
	.file	"arch_hibernation.c"
	.file	1 "C:\\Users\\teodor" "AppData\\Local\\Keil_v5\\ARM\\ARMCLANG\\bin\\..\\include\\stdint.h"
	.file	2 "C:\\Users\\teodor\\Desktop\\stem\\codeless\\6.0.24.1464\\projects\\target_apps\\ble_examples\\empty_peripheral_template\\Keil_5" "../../../../../sdk/platform/arch/main/arch_hibernation.c"
	.file	3 "C:\\Users\\teodor\\Desktop\\stem\\codeless\\6.0.24.1464\\projects\\target_apps\\ble_examples\\empty_peripheral_template\\Keil_5" "./../../../../../sdk/platform/arch\\arch_api.h"
	.file	4 "C:\\Users\\teodor\\Desktop\\stem\\codeless\\6.0.24.1464\\projects\\target_apps\\ble_examples\\empty_peripheral_template\\Keil_5" "../../../../../sdk/platform/include/CMSIS/5.9.0/CMSIS/Core/Include\\core_cm0plus.h"
	.file	5 "C:\\Users\\teodor\\Desktop\\stem\\codeless\\6.0.24.1464\\projects\\target_apps\\ble_examples\\empty_peripheral_template\\Keil_5" "./../../../../../sdk/platform/include\\da14535.h"
	.hidden	arch_set_hibernation            @ -- Begin function arch_set_hibernation
	.globl	arch_set_hibernation
	.p2align	2
	.type	arch_set_hibernation,%function
	.code	16                              @ @arch_set_hibernation
	.thumb_func
arch_set_hibernation:
.Lfunc_begin0:
	.loc	2 106 0                         @ ../../../../../sdk/platform/arch/main/arch_hibernation.c:106:0
	.fnstart
	.cfi_sections .debug_frame
	.cfi_startproc
@ %bb.0:
	@DEBUG_VALUE: arch_set_hibernation:wkup_mask <- $r0
	@DEBUG_VALUE: arch_set_hibernation:ram1 <- $r1
	@DEBUG_VALUE: arch_set_hibernation:ram2 <- $r2
	@DEBUG_VALUE: arch_set_hibernation:ram3 <- $r3
	.save	{r4, r5, r6, r7, lr}
	push	{r4, r5, r6, r7, lr}
	.cfi_def_cfa_offset 20
	.cfi_offset lr, -4
	.cfi_offset r7, -8
	.cfi_offset r6, -12
	.cfi_offset r5, -16
	.cfi_offset r4, -20
	.pad	#20
	sub	sp, #20
	.cfi_def_cfa_offset 40
	movs	r3, #0
.Ltmp0:
	@DEBUG_VALUE: arch_set_hibernation:ram3 <- [DW_OP_LLVM_entry_value 1] $r3
	mvns	r3, r3
	ldr	r4, __arm_cp.0_0
.Ltmp1:
	.loc	2 108 19 prologue_end           @ ../../../../../sdk/platform/arch/main/arch_hibernation.c:108:19
	str	r3, [r4]
	@DEBUG_VALUE: arch_set_hibernation:pad_latch_en <- [DW_OP_LLVM_convert 1 7, DW_OP_LLVM_convert 8 7, DW_OP_stack_value] undef
.Ltmp2:
	@DEBUG_VALUE: arch_set_hibernation:wkup_mask <- undef
	.loc	2 0 19 is_stmt 0                @ ../../../../../sdk/platform/arch/main/arch_hibernation.c:0:19
	ldr	r4, [sp, #40]
.Ltmp3:
	@DEBUG_VALUE: arch_set_hibernation:remap_addr0 <- $r4
	.loc	2 112 5 is_stmt 1               @ ../../../../../sdk/platform/arch/main/arch_hibernation.c:112:5
	cmp	r0, #64
	blo	.LBB0_2
.Ltmp4:
@ %bb.1:
	@DEBUG_VALUE: arch_set_hibernation:remap_addr0 <- $r4
	@DEBUG_VALUE: arch_set_hibernation:ram3 <- [DW_OP_LLVM_entry_value 1] $r3
	@DEBUG_VALUE: arch_set_hibernation:ram2 <- $r2
	@DEBUG_VALUE: arch_set_hibernation:ram1 <- $r1
	.loc	2 112 5 is_stmt 0               @ ../../../../../sdk/platform/arch/main/arch_hibernation.c:112:5
	@APP
	bkpt	#0
	@NO_APP
.Ltmp5:
.LBB0_2:
	@DEBUG_VALUE: arch_set_hibernation:remap_addr0 <- $r4
	@DEBUG_VALUE: arch_set_hibernation:ram3 <- [DW_OP_LLVM_entry_value 1] $r3
	@DEBUG_VALUE: arch_set_hibernation:ram2 <- $r2
	@DEBUG_VALUE: arch_set_hibernation:ram1 <- $r1
	@DEBUG_VALUE: arch_set_hibernation:wkup_mask <- undef
	@DEBUG_VALUE: arch_set_hibernation:pad_latch_en <- [DW_OP_LLVM_convert 1 7, DW_OP_LLVM_convert 8 7, DW_OP_stack_value] undef
	.loc	2 116 5 is_stmt 1               @ ../../../../../sdk/platform/arch/main/arch_hibernation.c:116:5
	cmp	r4, #3
	str	r4, [sp, #12]                   @ 4-byte Spill
	str	r2, [sp, #8]                    @ 4-byte Spill
	bne	.LBB0_3
	b	.LBB0_18
.Ltmp6:
.LBB0_3:
	@DEBUG_VALUE: arch_set_hibernation:remap_addr0 <- $r4
	@DEBUG_VALUE: arch_set_hibernation:ram3 <- [DW_OP_LLVM_entry_value 1] $r3
	@DEBUG_VALUE: arch_set_hibernation:ram2 <- $r2
	@DEBUG_VALUE: arch_set_hibernation:ram1 <- $r1
	cmp	r4, #2
	bne	.LBB0_6
.Ltmp7:
@ %bb.4:
	@DEBUG_VALUE: arch_set_hibernation:remap_addr0 <- $r4
	@DEBUG_VALUE: arch_set_hibernation:ram3 <- [DW_OP_LLVM_entry_value 1] $r3
	@DEBUG_VALUE: arch_set_hibernation:ram2 <- $r2
	@DEBUG_VALUE: arch_set_hibernation:ram1 <- $r1
	.loc	2 116 5 is_stmt 0               @ ../../../../../sdk/platform/arch/main/arch_hibernation.c:116:5
	cmp	r1, #0
	beq	.LBB0_6
.Ltmp8:
.LBB0_5:
	@DEBUG_VALUE: arch_set_hibernation:remap_addr0 <- $r4
	@DEBUG_VALUE: arch_set_hibernation:ram3 <- [DW_OP_LLVM_entry_value 1] $r3
	@DEBUG_VALUE: arch_set_hibernation:ram2 <- $r2
	@DEBUG_VALUE: arch_set_hibernation:ram1 <- $r1
	.loc	2 116 5                         @ ../../../../../sdk/platform/arch/main/arch_hibernation.c:116:5
	@APP
	bkpt	#0
	@NO_APP
.Ltmp9:
.LBB0_6:
	@DEBUG_VALUE: arch_set_hibernation:remap_addr0 <- $r4
	@DEBUG_VALUE: arch_set_hibernation:ram3 <- [DW_OP_LLVM_entry_value 1] $r3
	@DEBUG_VALUE: arch_set_hibernation:ram2 <- $r2
	@DEBUG_VALUE: arch_set_hibernation:ram1 <- $r1
	.loc	2 0 5                           @ ../../../../../sdk/platform/arch/main/arch_hibernation.c:0:5
	str	r1, [sp, #4]                    @ 4-byte Spill
.Ltmp10:
	@DEBUG_VALUE: arch_set_hibernation:ram1 <- [DW_OP_plus_uconst 4] [$sp+0]
	lsrs	r0, r0, #1
.Ltmp11:
	@DEBUG_VALUE: arch_set_hibernation:wkup_mask <- $r0
	ldr	r1, [sp, #44]
.Ltmp12:
	@DEBUG_VALUE: arch_set_hibernation:pad_latch_en <- [DW_OP_LLVM_convert 1 7, DW_OP_LLVM_convert 8 7, DW_OP_stack_value] $r1
	str	r1, [sp]                        @ 4-byte Spill
.Ltmp13:
	@DEBUG_VALUE: arch_set_hibernation:pad_latch_en <- [DW_OP_LLVM_convert 1 7, DW_OP_LLVM_convert 8 7, DW_OP_stack_value] [$sp+0]
	@DEBUG_VALUE: arch_set_hibernation:pad_latch_en <- [DW_OP_deref_size 4, DW_OP_LLVM_convert 1 7, DW_OP_LLVM_convert 8 7, DW_OP_stack_value] $sp
	ldr	r2, __arm_cp.0_1
.Ltmp14:
	@DEBUG_VALUE: arch_set_hibernation:ram2 <- [DW_OP_LLVM_entry_value 1] $r2
	movs	r1, #8
	str	r1, [sp, #16]                   @ 4-byte Spill
.Ltmp15:
	.file	6 "C:\\Users\\teodor\\Desktop\\stem\\codeless\\6.0.24.1464\\projects\\target_apps\\ble_examples\\empty_peripheral_template\\Keil_5" "./../../../../../sdk/platform/arch/main\\arch_wdg.h"
	.loc	6 88 5 is_stmt 1                @ ./../../../../../sdk/platform/arch/main\arch_wdg.h:88:5
	strh	r1, [r2]
.Ltmp16:
	.file	7 "C:\\Users\\teodor\\Desktop\\stem\\codeless\\6.0.24.1464\\projects\\target_apps\\ble_examples\\empty_peripheral_template\\Keil_5" "../../../../../sdk/platform/include/CMSIS/5.9.0/CMSIS/Core/Include\\cmsis_armclang.h"
	.loc	7 752 3                         @ ../../../../../sdk/platform/include/CMSIS/5.9.0/CMSIS/Core/Include\cmsis_armclang.h:752:3
	@APP
	cpsid i
	@NO_APP
	ldr	r2, __arm_cp.0_2
.Ltmp17:
	.loc	2 131 19                        @ ../../../../../sdk/platform/arch/main/arch_hibernation.c:131:19
	str	r3, [r2]
	ldr	r4, __arm_cp.0_3
.Ltmp18:
	.loc	2 134 26                        @ ../../../../../sdk/platform/arch/main/arch_hibernation.c:134:26
	ldrh	r2, [r4]
	lsls	r2, r2, #23
	lsrs	r2, r2, #30
	.loc	2 134 24 is_stmt 0              @ ../../../../../sdk/platform/arch/main/arch_hibernation.c:134:24
	ldr	r3, __arm_cp.0_4
	strh	r2, [r3]
.Ltmp19:
.LBB0_7:                                @ =>This Inner Loop Header: Depth=1
	@DEBUG_VALUE: arch_set_hibernation:ram2 <- [DW_OP_LLVM_entry_value 1] $r2
	@DEBUG_VALUE: arch_set_hibernation:pad_latch_en <- [DW_OP_deref_size 4, DW_OP_LLVM_convert 1 7, DW_OP_LLVM_convert 8 7, DW_OP_stack_value] $sp
	@DEBUG_VALUE: arch_set_hibernation:ram1 <- [DW_OP_plus_uconst 4] [$sp+0]
	@DEBUG_VALUE: arch_set_hibernation:ram3 <- [DW_OP_LLVM_entry_value 1] $r3
	@DEBUG_VALUE: arch_set_hibernation:wkup_mask <- $r0
	.loc	2 137 12 is_stmt 1              @ ../../../../../sdk/platform/arch/main/arch_hibernation.c:137:12
	ldrh	r2, [r4, #2]
	.loc	2 137 5 is_stmt 0               @ ../../../../../sdk/platform/arch/main/arch_hibernation.c:137:5
	lsls	r2, r2, #27
	bmi	.LBB0_7
.Ltmp20:
@ %bb.8:
	@DEBUG_VALUE: arch_set_hibernation:ram2 <- [DW_OP_LLVM_entry_value 1] $r2
	@DEBUG_VALUE: arch_set_hibernation:pad_latch_en <- [DW_OP_deref_size 4, DW_OP_LLVM_convert 1 7, DW_OP_LLVM_convert 8 7, DW_OP_stack_value] $sp
	@DEBUG_VALUE: arch_set_hibernation:ram1 <- [DW_OP_plus_uconst 4] [$sp+0]
	@DEBUG_VALUE: arch_set_hibernation:ram3 <- [DW_OP_LLVM_entry_value 1] $r3
	@DEBUG_VALUE: arch_set_hibernation:wkup_mask <- $r0
	.loc	2 138 5 is_stmt 1               @ ../../../../../sdk/platform/arch/main/arch_hibernation.c:138:5
	ldrh	r2, [r4]
	ldr	r3, __arm_cp.0_5
	ands	r3, r2
	strh	r3, [r4]
	ldr	r3, __arm_cp.0_6
	.loc	2 141 5                         @ ../../../../../sdk/platform/arch/main/arch_hibernation.c:141:5
	ldrh	r2, [r3, #8]
	movs	r6, #124
	bics	r2, r6
	lsls	r0, r0, #2
.Ltmp21:
	orrs	r0, r2
	strh	r0, [r3, #8]
	movs	r7, #1
.Ltmp22:
	.loc	2 144 9                         @ ../../../../../sdk/platform/arch/main/arch_hibernation.c:144:9
	ldrh	r0, [r4, #24]
.Ltmp23:
	.loc	2 144 9 is_stmt 0               @ ../../../../../sdk/platform/arch/main/arch_hibernation.c:144:9
	lsls	r0, r0, #19
	bmi	.LBB0_10
.Ltmp24:
@ %bb.9:
	@DEBUG_VALUE: arch_set_hibernation:ram2 <- [DW_OP_LLVM_entry_value 1] $r2
	@DEBUG_VALUE: arch_set_hibernation:pad_latch_en <- [DW_OP_deref_size 4, DW_OP_LLVM_convert 1 7, DW_OP_LLVM_convert 8 7, DW_OP_stack_value] $sp
	@DEBUG_VALUE: arch_set_hibernation:ram1 <- [DW_OP_plus_uconst 4] [$sp+0]
	@DEBUG_VALUE: arch_set_hibernation:ram3 <- [DW_OP_LLVM_entry_value 1] $r3
	.loc	2 146 41 is_stmt 1              @ ../../../../../sdk/platform/arch/main/arch_hibernation.c:146:41
	ldrh	r0, [r3, #8]
.Ltmp25:
	@DEBUG_VALUE: hibern_wkup_polarity <- [DW_OP_constu 1, DW_OP_shr, DW_OP_constu 1, DW_OP_and, DW_OP_stack_value] $r0
	.loc	2 0 41 is_stmt 0                @ ../../../../../sdk/platform/arch/main/arch_hibernation.c:0:41
	movs	r2, #2
	.loc	2 147 9 is_stmt 1               @ ../../../../../sdk/platform/arch/main/arch_hibernation.c:147:9
	ands	r0, r2
.Ltmp26:
	ldrh	r6, [r3, #8]
	bics	r6, r2
	adds	r0, r6, r0
	eors	r0, r2
	strh	r0, [r3, #8]
.Ltmp27:
.LBB0_10:
	@DEBUG_VALUE: arch_set_hibernation:ram2 <- [DW_OP_LLVM_entry_value 1] $r2
	@DEBUG_VALUE: arch_set_hibernation:pad_latch_en <- [DW_OP_deref_size 4, DW_OP_LLVM_convert 1 7, DW_OP_LLVM_convert 8 7, DW_OP_stack_value] $sp
	@DEBUG_VALUE: arch_set_hibernation:ram1 <- [DW_OP_plus_uconst 4] [$sp+0]
	@DEBUG_VALUE: arch_set_hibernation:ram3 <- [DW_OP_LLVM_entry_value 1] $r3
	.loc	2 0 9 is_stmt 0                 @ ../../../../../sdk/platform/arch/main/arch_hibernation.c:0:9
	lsls	r0, r7, #12
.Ltmp28:
.LBB0_11:                               @ =>This Inner Loop Header: Depth=1
	@DEBUG_VALUE: arch_set_hibernation:ram2 <- [DW_OP_LLVM_entry_value 1] $r2
	@DEBUG_VALUE: arch_set_hibernation:pad_latch_en <- [DW_OP_deref_size 4, DW_OP_LLVM_convert 1 7, DW_OP_LLVM_convert 8 7, DW_OP_stack_value] $sp
	@DEBUG_VALUE: arch_set_hibernation:ram1 <- [DW_OP_plus_uconst 4] [$sp+0]
	@DEBUG_VALUE: arch_set_hibernation:ram3 <- [DW_OP_LLVM_entry_value 1] $r3
	.loc	2 150 12 is_stmt 1              @ ../../../../../sdk/platform/arch/main/arch_hibernation.c:150:12
	ldrh	r2, [r4, #24]
	.loc	2 150 5 is_stmt 0               @ ../../../../../sdk/platform/arch/main/arch_hibernation.c:150:5
	tst	r2, r0
	beq	.LBB0_11
.Ltmp29:
@ %bb.12:
	@DEBUG_VALUE: arch_set_hibernation:ram2 <- [DW_OP_LLVM_entry_value 1] $r2
	@DEBUG_VALUE: arch_set_hibernation:pad_latch_en <- [DW_OP_deref_size 4, DW_OP_LLVM_convert 1 7, DW_OP_LLVM_convert 8 7, DW_OP_stack_value] $sp
	@DEBUG_VALUE: arch_set_hibernation:ram1 <- [DW_OP_plus_uconst 4] [$sp+0]
	@DEBUG_VALUE: arch_set_hibernation:ram3 <- [DW_OP_LLVM_entry_value 1] $r3
	.loc	2 153 5 is_stmt 1               @ ../../../../../sdk/platform/arch/main/arch_hibernation.c:153:5
	ldrh	r0, [r3, #8]
	orrs	r0, r7
	strh	r0, [r3, #8]
	ldr	r0, __arm_cp.0_7
	.loc	2 154 14                        @ ../../../../../sdk/platform/arch/main/arch_hibernation.c:154:14
	ldr	r2, [r0]
	movs	r6, #4
	orrs	r2, r6
	str	r2, [r0]
	movs	r0, #3
	mvns	r2, r0
	.loc	2 157 5                         @ ../../../../../sdk/platform/arch/main/arch_hibernation.c:157:5
	ldrh	r5, [r4, #6]
	ands	r5, r2
	ldr	r1, [sp, #4]                    @ 4-byte Reload
.Ltmp30:
	@DEBUG_VALUE: arch_set_hibernation:ram1 <- $r1
	orrs	r5, r1
	strh	r5, [r4, #6]
	.loc	2 158 5                         @ ../../../../../sdk/platform/arch/main/arch_hibernation.c:158:5
	ldrh	r5, [r4, #6]
	movs	r1, #12
.Ltmp31:
	@DEBUG_VALUE: arch_set_hibernation:ram1 <- [DW_OP_LLVM_entry_value 1] $r1
	bics	r5, r1
	ldr	r1, [sp, #8]                    @ 4-byte Reload
	lsls	r1, r1, #2
	orrs	r1, r5
	strh	r1, [r4, #6]
	.loc	2 164 5                         @ ../../../../../sdk/platform/arch/main/arch_hibernation.c:164:5
	ldrh	r1, [r4]
	ands	r1, r2
	ldr	r2, [sp, #12]                   @ 4-byte Reload
	orrs	r1, r2
	strh	r1, [r4]
	.loc	2 172 5                         @ ../../../../../sdk/platform/arch/main/arch_hibernation.c:172:5
	ldrh	r1, [r3, #4]
	bics	r1, r7
	ldr	r2, [sp]                        @ 4-byte Reload
	adds	r1, r1, r2
	strh	r1, [r3, #4]
	.loc	2 175 5                         @ ../../../../../sdk/platform/arch/main/arch_hibernation.c:175:5
	ldrh	r2, [r3]
	movs	r1, #7
	orrs	r2, r1
	strh	r2, [r3]
.Ltmp32:
	.loc	2 97 5                          @ ../../../../../sdk/platform/arch/main/arch_hibernation.c:97:5
	ldrh	r2, [r4, #6]
	movs	r5, #21
	ands	r5, r2
	cmp	r5, #21
	beq	.LBB0_14
.Ltmp33:
@ %bb.13:
	@DEBUG_VALUE: arch_set_hibernation:ram1 <- [DW_OP_LLVM_entry_value 1] $r1
	@DEBUG_VALUE: arch_set_hibernation:ram2 <- [DW_OP_LLVM_entry_value 1] $r2
	@DEBUG_VALUE: arch_set_hibernation:pad_latch_en <- [DW_OP_deref_size 4, DW_OP_LLVM_convert 1 7, DW_OP_LLVM_convert 8 7, DW_OP_stack_value] $sp
	@DEBUG_VALUE: arch_set_hibernation:ram3 <- [DW_OP_LLVM_entry_value 1] $r3
	.loc	2 0 5 is_stmt 0                 @ ../../../../../sdk/platform/arch/main/arch_hibernation.c:0:5
	lsls	r1, r0, #12
	b	.LBB0_15
.Ltmp34:
.LBB0_14:
	@DEBUG_VALUE: arch_set_hibernation:ram1 <- [DW_OP_LLVM_entry_value 1] $r1
	@DEBUG_VALUE: arch_set_hibernation:ram2 <- [DW_OP_LLVM_entry_value 1] $r2
	@DEBUG_VALUE: arch_set_hibernation:pad_latch_en <- [DW_OP_deref_size 4, DW_OP_LLVM_convert 1 7, DW_OP_LLVM_convert 8 7, DW_OP_stack_value] $sp
	@DEBUG_VALUE: arch_set_hibernation:ram3 <- [DW_OP_LLVM_entry_value 1] $r3
	lsls	r1, r1, #11
.Ltmp35:
.LBB0_15:
	@DEBUG_VALUE: arch_set_hibernation:ram1 <- [DW_OP_LLVM_entry_value 1] $r1
	@DEBUG_VALUE: arch_set_hibernation:ram2 <- [DW_OP_LLVM_entry_value 1] $r2
	@DEBUG_VALUE: arch_set_hibernation:pad_latch_en <- [DW_OP_deref_size 4, DW_OP_LLVM_convert 1 7, DW_OP_LLVM_convert 8 7, DW_OP_stack_value] $sp
	@DEBUG_VALUE: arch_set_hibernation:ram3 <- [DW_OP_LLVM_entry_value 1] $r3
	.loc	2 97 5                          @ ../../../../../sdk/platform/arch/main/arch_hibernation.c:97:5
	ldrh	r2, [r3, #24]
	ldr	r5, __arm_cp.0_8
	ands	r5, r2
	adds	r1, r1, r5
	strh	r1, [r3, #24]
	lsls	r1, r7, #14
.Ltmp36:
	.loc	2 185 5 is_stmt 1               @ ../../../../../sdk/platform/arch/main/arch_hibernation.c:185:5
	ldrh	r2, [r3, #24]
	orrs	r2, r1
	strh	r2, [r3, #24]
.Ltmp37:
	.loc	2 188 9                         @ ../../../../../sdk/platform/arch/main/arch_hibernation.c:188:9
	ldrh	r2, [r4, #24]
	.loc	2 0 0 is_stmt 0                 @ ../../../../../sdk/platform/arch/main/arch_hibernation.c:0:0
	ldrh	r1, [r3, #24]
.Ltmp38:
	.loc	2 188 9                         @ ../../../../../sdk/platform/arch/main/arch_hibernation.c:188:9
	lsls	r2, r2, #23
	bpl	.LBB0_17
.Ltmp39:
@ %bb.16:
	@DEBUG_VALUE: arch_set_hibernation:ram1 <- [DW_OP_LLVM_entry_value 1] $r1
	@DEBUG_VALUE: arch_set_hibernation:ram2 <- [DW_OP_LLVM_entry_value 1] $r2
	@DEBUG_VALUE: arch_set_hibernation:pad_latch_en <- [DW_OP_deref_size 4, DW_OP_LLVM_convert 1 7, DW_OP_LLVM_convert 8 7, DW_OP_stack_value] $sp
	@DEBUG_VALUE: arch_set_hibernation:ram3 <- [DW_OP_LLVM_entry_value 1] $r3
	.loc	2 0 9                           @ ../../../../../sdk/platform/arch/main/arch_hibernation.c:0:9
	movs	r2, #64
.Ltmp40:
	.loc	2 191 9 is_stmt 1               @ ../../../../../sdk/platform/arch/main/arch_hibernation.c:191:9
	orrs	r1, r2
	strh	r1, [r3, #24]
	.loc	2 194 9                         @ ../../../../../sdk/platform/arch/main/arch_hibernation.c:194:9
	ldrh	r1, [r3, #24]
.Ltmp41:
.LBB0_17:
	@DEBUG_VALUE: arch_set_hibernation:ram1 <- [DW_OP_LLVM_entry_value 1] $r1
	@DEBUG_VALUE: arch_set_hibernation:ram2 <- [DW_OP_LLVM_entry_value 1] $r2
	@DEBUG_VALUE: arch_set_hibernation:pad_latch_en <- [DW_OP_deref_size 4, DW_OP_LLVM_convert 1 7, DW_OP_LLVM_convert 8 7, DW_OP_stack_value] $sp
	@DEBUG_VALUE: arch_set_hibernation:ram3 <- [DW_OP_LLVM_entry_value 1] $r3
	.loc	2 0 0 is_stmt 0                 @ ../../../../../sdk/platform/arch/main/arch_hibernation.c:0:0
	orrs	r1, r0
	strh	r1, [r3, #24]
.Ltmp42:
	.loc	2 208 5 is_stmt 1               @ ../../../../../sdk/platform/arch/main/arch_hibernation.c:208:5
	ldrh	r0, [r3, #24]
	ldr	r1, [sp, #16]                   @ 4-byte Reload
	orrs	r0, r1
	strh	r0, [r3, #24]
	.loc	2 211 5                         @ ../../../../../sdk/platform/arch/main/arch_hibernation.c:211:5
	ldrh	r0, [r3, #24]
	bics	r0, r6
	strh	r0, [r3, #24]
	.loc	2 218 5                         @ ../../../../../sdk/platform/arch/main/arch_hibernation.c:218:5
	nop
	.loc	2 219 5                         @ ../../../../../sdk/platform/arch/main/arch_hibernation.c:219:5
	nop
	.loc	2 220 5                         @ ../../../../../sdk/platform/arch/main/arch_hibernation.c:220:5
	nop
	.loc	2 223 5                         @ ../../../../../sdk/platform/arch/main/arch_hibernation.c:223:5
	wfi
	.loc	2 224 1 epilogue_begin          @ ../../../../../sdk/platform/arch/main/arch_hibernation.c:224:1
	add	sp, #20
	pop	{r4, r5, r6, r7, pc}
.Ltmp43:
.LBB0_18:
	@DEBUG_VALUE: arch_set_hibernation:remap_addr0 <- $r4
	@DEBUG_VALUE: arch_set_hibernation:ram3 <- [DW_OP_LLVM_entry_value 1] $r3
	@DEBUG_VALUE: arch_set_hibernation:ram2 <- $r2
	@DEBUG_VALUE: arch_set_hibernation:ram1 <- $r1
	.loc	2 116 5                         @ ../../../../../sdk/platform/arch/main/arch_hibernation.c:116:5
	cmp	r2, #0
	beq	.LBB0_19
	b	.LBB0_5
.Ltmp44:
.LBB0_19:
	b	.LBB0_6
.Ltmp45:
	.loc	2 0 5 is_stmt 0                 @ :0:5
.Ltmp46:
	.p2align	2
@ %bb.20:
__arm_cp.0_0:
	.long	3758154112                      @ 0xe000e180
.Lcpi_end0:
	.size	__arm_cp.0_0, .Lcpi_end0-__arm_cp.0_0
__arm_cp.0_1:
	.long	1342190336                      @ 0x50003300
.Lcpi_end1:
	.size	__arm_cp.0_1, .Lcpi_end1-__arm_cp.0_1
__arm_cp.0_2:
	.long	3758154368                      @ 0xe000e280
.Lcpi_end2:
	.size	__arm_cp.0_2, .Lcpi_end2-__arm_cp.0_2
__arm_cp.0_3:
	.long	1342177298                      @ 0x50000012
.Lcpi_end3:
	.size	__arm_cp.0_3, .Lcpi_end3-__arm_cp.0_3
__arm_cp.0_4:
	.long	booter_val
.Lcpi_end4:
	.size	__arm_cp.0_4, .Lcpi_end4-__arm_cp.0_4
__arm_cp.0_5:
	.long	65151                           @ 0xfe7f
.Lcpi_end5:
	.size	__arm_cp.0_5, .Lcpi_end5-__arm_cp.0_5
__arm_cp.0_6:
	.long	1342178056                      @ 0x50000308
.Lcpi_end6:
	.size	__arm_cp.0_6, .Lcpi_end6-__arm_cp.0_6
__arm_cp.0_7:
	.long	3758157072                      @ 0xe000ed10
.Lcpi_end7:
	.size	__arm_cp.0_7, .Lcpi_end7-__arm_cp.0_7
__arm_cp.0_8:
	.long	50175                           @ 0xc3ff
.Lcpi_end8:
	.size	__arm_cp.0_8, .Lcpi_end8-__arm_cp.0_8
.Lfunc_end0:
	.size	arch_set_hibernation, .Lfunc_end0-arch_set_hibernation
	.cfi_endproc
	.cantunwind
	.fnend
                                        @ -- End function
	.hidden	clk_freq_trim_reg_backup        @ @clk_freq_trim_reg_backup
	.type	clk_freq_trim_reg_backup,%object
	.section	.bss.retention_mem_area0,"aw",%nobits
	.globl	clk_freq_trim_reg_backup
	.p2align	1, 0x0
clk_freq_trim_reg_backup:
	.short	0                               @ 0x0
	.size	clk_freq_trim_reg_backup, 2

	.hidden	clk_ctrl_reg_backup             @ @clk_ctrl_reg_backup
	.type	clk_ctrl_reg_backup,%object
	.globl	clk_ctrl_reg_backup
	.p2align	1, 0x0
clk_ctrl_reg_backup:
	.short	0                               @ 0x0
	.size	clk_ctrl_reg_backup, 2

	.hidden	clk_rcx_reg_backup              @ @clk_rcx_reg_backup
	.type	clk_rcx_reg_backup,%object
	.globl	clk_rcx_reg_backup
	.p2align	1, 0x0
clk_rcx_reg_backup:
	.short	0                               @ 0x0
	.size	clk_rcx_reg_backup, 2

	.hidden	clk_amba_reg_backup             @ @clk_amba_reg_backup
	.type	clk_amba_reg_backup,%object
	.globl	clk_amba_reg_backup
	.p2align	1, 0x0
clk_amba_reg_backup:
	.short	0                               @ 0x0
	.size	clk_amba_reg_backup, 2

	.section	.debug_loc,"",%progbits
.Ldebug_loc0:
	.long	.Lfunc_begin0-.Lfunc_begin0
	.long	.Ltmp2-.Lfunc_begin0
	.short	1                               @ Loc expr size
	.byte	80                              @ DW_OP_reg0
	.long	.Ltmp11-.Lfunc_begin0
	.long	.Ltmp21-.Lfunc_begin0
	.short	1                               @ Loc expr size
	.byte	80                              @ DW_OP_reg0
	.long	0
	.long	0
.Ldebug_loc1:
	.long	.Lfunc_begin0-.Lfunc_begin0
	.long	.Ltmp10-.Lfunc_begin0
	.short	1                               @ Loc expr size
	.byte	81                              @ DW_OP_reg1
	.long	.Ltmp10-.Lfunc_begin0
	.long	.Ltmp30-.Lfunc_begin0
	.short	2                               @ Loc expr size
	.byte	125                             @ DW_OP_breg13
	.byte	4                               @ 4
	.long	.Ltmp30-.Lfunc_begin0
	.long	.Ltmp31-.Lfunc_begin0
	.short	1                               @ Loc expr size
	.byte	81                              @ DW_OP_reg1
	.long	.Ltmp31-.Lfunc_begin0
	.long	.Ltmp43-.Lfunc_begin0
	.short	4                               @ Loc expr size
	.byte	243                             @ DW_OP_GNU_entry_value
	.byte	1                               @ 1
	.byte	81                              @ DW_OP_reg1
	.byte	159                             @ DW_OP_stack_value
	.long	.Ltmp43-.Lfunc_begin0
	.long	.Ltmp44-.Lfunc_begin0
	.short	1                               @ Loc expr size
	.byte	81                              @ DW_OP_reg1
	.long	0
	.long	0
.Ldebug_loc2:
	.long	.Lfunc_begin0-.Lfunc_begin0
	.long	.Ltmp14-.Lfunc_begin0
	.short	1                               @ Loc expr size
	.byte	82                              @ DW_OP_reg2
	.long	.Ltmp14-.Lfunc_begin0
	.long	.Ltmp43-.Lfunc_begin0
	.short	4                               @ Loc expr size
	.byte	243                             @ DW_OP_GNU_entry_value
	.byte	1                               @ 1
	.byte	82                              @ DW_OP_reg2
	.byte	159                             @ DW_OP_stack_value
	.long	.Ltmp43-.Lfunc_begin0
	.long	.Ltmp44-.Lfunc_begin0
	.short	1                               @ Loc expr size
	.byte	82                              @ DW_OP_reg2
	.long	0
	.long	0
.Ldebug_loc3:
	.long	.Lfunc_begin0-.Lfunc_begin0
	.long	.Ltmp0-.Lfunc_begin0
	.short	1                               @ Loc expr size
	.byte	83                              @ DW_OP_reg3
	.long	.Ltmp0-.Lfunc_begin0
	.long	.Ltmp44-.Lfunc_begin0
	.short	4                               @ Loc expr size
	.byte	243                             @ DW_OP_GNU_entry_value
	.byte	1                               @ 1
	.byte	83                              @ DW_OP_reg3
	.byte	159                             @ DW_OP_stack_value
	.long	0
	.long	0
.Ldebug_loc4:
	.long	.Ltmp12-.Lfunc_begin0
	.long	.Ltmp13-.Lfunc_begin0
	.short	6                               @ Loc expr size
	.byte	113                             @ DW_OP_breg1
	.byte	0                               @ 0
	.byte	16                              @ DW_OP_constu
	.byte	1                               @ 1
	.byte	26                              @ DW_OP_and
	.byte	159                             @ DW_OP_stack_value
	.long	.Ltmp13-.Lfunc_begin0
	.long	.Ltmp43-.Lfunc_begin0
	.short	8                               @ Loc expr size
	.byte	125                             @ DW_OP_breg13
	.byte	0                               @ 0
	.byte	148                             @ DW_OP_deref_size
	.byte	4                               @ 
	.byte	16                              @ DW_OP_constu
	.byte	1                               @ 1
	.byte	26                              @ DW_OP_and
	.byte	159                             @ DW_OP_stack_value
	.long	0
	.long	0
.Ldebug_loc5:
	.long	.Ltmp3-.Lfunc_begin0
	.long	.Ltmp18-.Lfunc_begin0
	.short	1                               @ Loc expr size
	.byte	84                              @ DW_OP_reg4
	.long	.Ltmp43-.Lfunc_begin0
	.long	.Ltmp44-.Lfunc_begin0
	.short	1                               @ Loc expr size
	.byte	84                              @ DW_OP_reg4
	.long	0
	.long	0
.Ldebug_loc6:
	.long	.Ltmp25-.Lfunc_begin0
	.long	.Ltmp26-.Lfunc_begin0
	.short	7                               @ Loc expr size
	.byte	112                             @ DW_OP_breg0
	.byte	0                               @ 0
	.byte	49                              @ DW_OP_lit1
	.byte	37                              @ DW_OP_shr
	.byte	49                              @ DW_OP_lit1
	.byte	26                              @ DW_OP_and
	.byte	159                             @ DW_OP_stack_value
	.long	0
	.long	0
	.section	.debug_abbrev,"",%progbits
	.byte	1                               @ Abbreviation Code
	.byte	17                              @ DW_TAG_compile_unit
	.byte	1                               @ DW_CHILDREN_yes
	.byte	37                              @ DW_AT_producer
	.byte	14                              @ DW_FORM_strp
	.byte	19                              @ DW_AT_language
	.byte	5                               @ DW_FORM_data2
	.byte	3                               @ DW_AT_name
	.byte	14                              @ DW_FORM_strp
	.byte	16                              @ DW_AT_stmt_list
	.byte	23                              @ DW_FORM_sec_offset
	.byte	27                              @ DW_AT_comp_dir
	.byte	14                              @ DW_FORM_strp
	.byte	17                              @ DW_AT_low_pc
	.byte	1                               @ DW_FORM_addr
	.byte	18                              @ DW_AT_high_pc
	.byte	6                               @ DW_FORM_data4
	.byte	0                               @ EOM(1)
	.byte	0                               @ EOM(2)
	.byte	2                               @ Abbreviation Code
	.byte	52                              @ DW_TAG_variable
	.byte	0                               @ DW_CHILDREN_no
	.byte	3                               @ DW_AT_name
	.byte	14                              @ DW_FORM_strp
	.byte	73                              @ DW_AT_type
	.byte	19                              @ DW_FORM_ref4
	.byte	63                              @ DW_AT_external
	.byte	25                              @ DW_FORM_flag_present
	.byte	58                              @ DW_AT_decl_file
	.byte	11                              @ DW_FORM_data1
	.byte	59                              @ DW_AT_decl_line
	.byte	11                              @ DW_FORM_data1
	.byte	2                               @ DW_AT_location
	.byte	24                              @ DW_FORM_exprloc
	.byte	0                               @ EOM(1)
	.byte	0                               @ EOM(2)
	.byte	3                               @ Abbreviation Code
	.byte	22                              @ DW_TAG_typedef
	.byte	0                               @ DW_CHILDREN_no
	.byte	73                              @ DW_AT_type
	.byte	19                              @ DW_FORM_ref4
	.byte	3                               @ DW_AT_name
	.byte	14                              @ DW_FORM_strp
	.byte	58                              @ DW_AT_decl_file
	.byte	11                              @ DW_FORM_data1
	.byte	59                              @ DW_AT_decl_line
	.byte	11                              @ DW_FORM_data1
	.byte	0                               @ EOM(1)
	.byte	0                               @ EOM(2)
	.byte	4                               @ Abbreviation Code
	.byte	36                              @ DW_TAG_base_type
	.byte	0                               @ DW_CHILDREN_no
	.byte	3                               @ DW_AT_name
	.byte	14                              @ DW_FORM_strp
	.byte	62                              @ DW_AT_encoding
	.byte	11                              @ DW_FORM_data1
	.byte	11                              @ DW_AT_byte_size
	.byte	11                              @ DW_FORM_data1
	.byte	0                               @ EOM(1)
	.byte	0                               @ EOM(2)
	.byte	5                               @ Abbreviation Code
	.byte	4                               @ DW_TAG_enumeration_type
	.byte	1                               @ DW_CHILDREN_yes
	.byte	73                              @ DW_AT_type
	.byte	19                              @ DW_FORM_ref4
	.byte	11                              @ DW_AT_byte_size
	.byte	11                              @ DW_FORM_data1
	.byte	58                              @ DW_AT_decl_file
	.byte	11                              @ DW_FORM_data1
	.byte	59                              @ DW_AT_decl_line
	.byte	11                              @ DW_FORM_data1
	.byte	0                               @ EOM(1)
	.byte	0                               @ EOM(2)
	.byte	6                               @ Abbreviation Code
	.byte	40                              @ DW_TAG_enumerator
	.byte	0                               @ DW_CHILDREN_no
	.byte	3                               @ DW_AT_name
	.byte	14                              @ DW_FORM_strp
	.byte	28                              @ DW_AT_const_value
	.byte	15                              @ DW_FORM_udata
	.byte	0                               @ EOM(1)
	.byte	0                               @ EOM(2)
	.byte	7                               @ Abbreviation Code
	.byte	15                              @ DW_TAG_pointer_type
	.byte	0                               @ DW_CHILDREN_no
	.byte	73                              @ DW_AT_type
	.byte	19                              @ DW_FORM_ref4
	.byte	0                               @ EOM(1)
	.byte	0                               @ EOM(2)
	.byte	8                               @ Abbreviation Code
	.byte	22                              @ DW_TAG_typedef
	.byte	0                               @ DW_CHILDREN_no
	.byte	73                              @ DW_AT_type
	.byte	19                              @ DW_FORM_ref4
	.byte	3                               @ DW_AT_name
	.byte	14                              @ DW_FORM_strp
	.byte	58                              @ DW_AT_decl_file
	.byte	11                              @ DW_FORM_data1
	.byte	59                              @ DW_AT_decl_line
	.byte	5                               @ DW_FORM_data2
	.byte	0                               @ EOM(1)
	.byte	0                               @ EOM(2)
	.byte	9                               @ Abbreviation Code
	.byte	19                              @ DW_TAG_structure_type
	.byte	1                               @ DW_CHILDREN_yes
	.byte	11                              @ DW_AT_byte_size
	.byte	5                               @ DW_FORM_data2
	.byte	58                              @ DW_AT_decl_file
	.byte	11                              @ DW_FORM_data1
	.byte	59                              @ DW_AT_decl_line
	.byte	5                               @ DW_FORM_data2
	.byte	0                               @ EOM(1)
	.byte	0                               @ EOM(2)
	.byte	10                              @ Abbreviation Code
	.byte	13                              @ DW_TAG_member
	.byte	0                               @ DW_CHILDREN_no
	.byte	3                               @ DW_AT_name
	.byte	14                              @ DW_FORM_strp
	.byte	73                              @ DW_AT_type
	.byte	19                              @ DW_FORM_ref4
	.byte	58                              @ DW_AT_decl_file
	.byte	11                              @ DW_FORM_data1
	.byte	59                              @ DW_AT_decl_line
	.byte	5                               @ DW_FORM_data2
	.byte	56                              @ DW_AT_data_member_location
	.byte	11                              @ DW_FORM_data1
	.byte	0                               @ EOM(1)
	.byte	0                               @ EOM(2)
	.byte	11                              @ Abbreviation Code
	.byte	13                              @ DW_TAG_member
	.byte	0                               @ DW_CHILDREN_no
	.byte	3                               @ DW_AT_name
	.byte	14                              @ DW_FORM_strp
	.byte	73                              @ DW_AT_type
	.byte	19                              @ DW_FORM_ref4
	.byte	58                              @ DW_AT_decl_file
	.byte	11                              @ DW_FORM_data1
	.byte	59                              @ DW_AT_decl_line
	.byte	5                               @ DW_FORM_data2
	.byte	56                              @ DW_AT_data_member_location
	.byte	5                               @ DW_FORM_data2
	.byte	0                               @ EOM(1)
	.byte	0                               @ EOM(2)
	.byte	12                              @ Abbreviation Code
	.byte	1                               @ DW_TAG_array_type
	.byte	1                               @ DW_CHILDREN_yes
	.byte	73                              @ DW_AT_type
	.byte	19                              @ DW_FORM_ref4
	.byte	0                               @ EOM(1)
	.byte	0                               @ EOM(2)
	.byte	13                              @ Abbreviation Code
	.byte	33                              @ DW_TAG_subrange_type
	.byte	0                               @ DW_CHILDREN_no
	.byte	73                              @ DW_AT_type
	.byte	19                              @ DW_FORM_ref4
	.byte	55                              @ DW_AT_count
	.byte	11                              @ DW_FORM_data1
	.byte	0                               @ EOM(1)
	.byte	0                               @ EOM(2)
	.byte	14                              @ Abbreviation Code
	.byte	53                              @ DW_TAG_volatile_type
	.byte	0                               @ DW_CHILDREN_no
	.byte	73                              @ DW_AT_type
	.byte	19                              @ DW_FORM_ref4
	.byte	0                               @ EOM(1)
	.byte	0                               @ EOM(2)
	.byte	15                              @ Abbreviation Code
	.byte	36                              @ DW_TAG_base_type
	.byte	0                               @ DW_CHILDREN_no
	.byte	3                               @ DW_AT_name
	.byte	14                              @ DW_FORM_strp
	.byte	11                              @ DW_AT_byte_size
	.byte	11                              @ DW_FORM_data1
	.byte	62                              @ DW_AT_encoding
	.byte	11                              @ DW_FORM_data1
	.byte	0                               @ EOM(1)
	.byte	0                               @ EOM(2)
	.byte	16                              @ Abbreviation Code
	.byte	19                              @ DW_TAG_structure_type
	.byte	1                               @ DW_CHILDREN_yes
	.byte	11                              @ DW_AT_byte_size
	.byte	11                              @ DW_FORM_data1
	.byte	58                              @ DW_AT_decl_file
	.byte	11                              @ DW_FORM_data1
	.byte	59                              @ DW_AT_decl_line
	.byte	5                               @ DW_FORM_data2
	.byte	0                               @ EOM(1)
	.byte	0                               @ EOM(2)
	.byte	17                              @ Abbreviation Code
	.byte	38                              @ DW_TAG_const_type
	.byte	0                               @ DW_CHILDREN_no
	.byte	73                              @ DW_AT_type
	.byte	19                              @ DW_FORM_ref4
	.byte	0                               @ EOM(1)
	.byte	0                               @ EOM(2)
	.byte	18                              @ Abbreviation Code
	.byte	19                              @ DW_TAG_structure_type
	.byte	1                               @ DW_CHILDREN_yes
	.byte	3                               @ DW_AT_name
	.byte	14                              @ DW_FORM_strp
	.byte	11                              @ DW_AT_byte_size
	.byte	11                              @ DW_FORM_data1
	.byte	58                              @ DW_AT_decl_file
	.byte	11                              @ DW_FORM_data1
	.byte	59                              @ DW_AT_decl_line
	.byte	5                               @ DW_FORM_data2
	.byte	0                               @ EOM(1)
	.byte	0                               @ EOM(2)
	.byte	19                              @ Abbreviation Code
	.byte	13                              @ DW_TAG_member
	.byte	0                               @ DW_CHILDREN_no
	.byte	3                               @ DW_AT_name
	.byte	14                              @ DW_FORM_strp
	.byte	73                              @ DW_AT_type
	.byte	19                              @ DW_FORM_ref4
	.byte	58                              @ DW_AT_decl_file
	.byte	11                              @ DW_FORM_data1
	.byte	59                              @ DW_AT_decl_line
	.byte	5                               @ DW_FORM_data2
	.byte	13                              @ DW_AT_bit_size
	.byte	11                              @ DW_FORM_data1
	.byte	107                             @ DW_AT_data_bit_offset
	.byte	11                              @ DW_FORM_data1
	.byte	0                               @ EOM(1)
	.byte	0                               @ EOM(2)
	.byte	20                              @ Abbreviation Code
	.byte	46                              @ DW_TAG_subprogram
	.byte	0                               @ DW_CHILDREN_no
	.byte	3                               @ DW_AT_name
	.byte	14                              @ DW_FORM_strp
	.byte	58                              @ DW_AT_decl_file
	.byte	11                              @ DW_FORM_data1
	.byte	59                              @ DW_AT_decl_line
	.byte	11                              @ DW_FORM_data1
	.byte	39                              @ DW_AT_prototyped
	.byte	25                              @ DW_FORM_flag_present
	.byte	32                              @ DW_AT_inline
	.byte	11                              @ DW_FORM_data1
	.byte	0                               @ EOM(1)
	.byte	0                               @ EOM(2)
	.byte	21                              @ Abbreviation Code
	.byte	46                              @ DW_TAG_subprogram
	.byte	0                               @ DW_CHILDREN_no
	.byte	3                               @ DW_AT_name
	.byte	14                              @ DW_FORM_strp
	.byte	58                              @ DW_AT_decl_file
	.byte	11                              @ DW_FORM_data1
	.byte	59                              @ DW_AT_decl_line
	.byte	5                               @ DW_FORM_data2
	.byte	39                              @ DW_AT_prototyped
	.byte	25                              @ DW_FORM_flag_present
	.byte	32                              @ DW_AT_inline
	.byte	11                              @ DW_FORM_data1
	.byte	0                               @ EOM(1)
	.byte	0                               @ EOM(2)
	.byte	22                              @ Abbreviation Code
	.byte	46                              @ DW_TAG_subprogram
	.byte	1                               @ DW_CHILDREN_yes
	.byte	17                              @ DW_AT_low_pc
	.byte	1                               @ DW_FORM_addr
	.byte	18                              @ DW_AT_high_pc
	.byte	6                               @ DW_FORM_data4
	.byte	64                              @ DW_AT_frame_base
	.byte	24                              @ DW_FORM_exprloc
	.ascii	"\227B"                         @ DW_AT_GNU_all_call_sites
	.byte	25                              @ DW_FORM_flag_present
	.byte	3                               @ DW_AT_name
	.byte	14                              @ DW_FORM_strp
	.byte	58                              @ DW_AT_decl_file
	.byte	11                              @ DW_FORM_data1
	.byte	59                              @ DW_AT_decl_line
	.byte	11                              @ DW_FORM_data1
	.byte	39                              @ DW_AT_prototyped
	.byte	25                              @ DW_FORM_flag_present
	.byte	63                              @ DW_AT_external
	.byte	25                              @ DW_FORM_flag_present
	.byte	0                               @ EOM(1)
	.byte	0                               @ EOM(2)
	.byte	23                              @ Abbreviation Code
	.byte	5                               @ DW_TAG_formal_parameter
	.byte	0                               @ DW_CHILDREN_no
	.byte	2                               @ DW_AT_location
	.byte	23                              @ DW_FORM_sec_offset
	.byte	3                               @ DW_AT_name
	.byte	14                              @ DW_FORM_strp
	.byte	58                              @ DW_AT_decl_file
	.byte	11                              @ DW_FORM_data1
	.byte	59                              @ DW_AT_decl_line
	.byte	11                              @ DW_FORM_data1
	.byte	73                              @ DW_AT_type
	.byte	19                              @ DW_FORM_ref4
	.byte	0                               @ EOM(1)
	.byte	0                               @ EOM(2)
	.byte	24                              @ Abbreviation Code
	.byte	29                              @ DW_TAG_inlined_subroutine
	.byte	0                               @ DW_CHILDREN_no
	.byte	49                              @ DW_AT_abstract_origin
	.byte	19                              @ DW_FORM_ref4
	.byte	17                              @ DW_AT_low_pc
	.byte	1                               @ DW_FORM_addr
	.byte	18                              @ DW_AT_high_pc
	.byte	6                               @ DW_FORM_data4
	.byte	88                              @ DW_AT_call_file
	.byte	11                              @ DW_FORM_data1
	.byte	89                              @ DW_AT_call_line
	.byte	11                              @ DW_FORM_data1
	.byte	87                              @ DW_AT_call_column
	.byte	11                              @ DW_FORM_data1
	.byte	0                               @ EOM(1)
	.byte	0                               @ EOM(2)
	.byte	25                              @ Abbreviation Code
	.byte	11                              @ DW_TAG_lexical_block
	.byte	1                               @ DW_CHILDREN_yes
	.byte	17                              @ DW_AT_low_pc
	.byte	1                               @ DW_FORM_addr
	.byte	18                              @ DW_AT_high_pc
	.byte	6                               @ DW_FORM_data4
	.byte	0                               @ EOM(1)
	.byte	0                               @ EOM(2)
	.byte	26                              @ Abbreviation Code
	.byte	52                              @ DW_TAG_variable
	.byte	0                               @ DW_CHILDREN_no
	.byte	2                               @ DW_AT_location
	.byte	23                              @ DW_FORM_sec_offset
	.byte	3                               @ DW_AT_name
	.byte	14                              @ DW_FORM_strp
	.byte	58                              @ DW_AT_decl_file
	.byte	11                              @ DW_FORM_data1
	.byte	59                              @ DW_AT_decl_line
	.byte	11                              @ DW_FORM_data1
	.byte	73                              @ DW_AT_type
	.byte	19                              @ DW_FORM_ref4
	.byte	0                               @ EOM(1)
	.byte	0                               @ EOM(2)
	.byte	0                               @ EOM(3)
	.section	.debug_info,"",%progbits
.Lcu_begin0:
	.long	.Ldebug_info_end0-.Ldebug_info_start0 @ Length of Unit
.Ldebug_info_start0:
	.short	4                               @ DWARF version number
	.long	.debug_abbrev                   @ Offset Into Abbrev. Section
	.byte	4                               @ Address Size (in bytes)
	.byte	1                               @ Abbrev [1] 0xb:0x3e0 DW_TAG_compile_unit
	.long	.Linfo_string0                  @ DW_AT_producer
	.short	12                              @ DW_AT_language
	.long	.Linfo_string1                  @ DW_AT_name
	.long	.Lline_table_start0             @ DW_AT_stmt_list
	.long	.Linfo_string2                  @ DW_AT_comp_dir
	.long	.Lfunc_begin0                   @ DW_AT_low_pc
	.long	.Lfunc_end0-.Lfunc_begin0       @ DW_AT_high_pc
	.byte	2                               @ Abbrev [2] 0x26:0x11 DW_TAG_variable
	.long	.Linfo_string3                  @ DW_AT_name
	.long	55                              @ DW_AT_type
                                        @ DW_AT_external
	.byte	2                               @ DW_AT_decl_file
	.byte	61                              @ DW_AT_decl_line
	.byte	5                               @ DW_AT_location
	.byte	3
	.long	clk_freq_trim_reg_backup
	.byte	3                               @ Abbrev [3] 0x37:0xb DW_TAG_typedef
	.long	66                              @ DW_AT_type
	.long	.Linfo_string5                  @ DW_AT_name
	.byte	1                               @ DW_AT_decl_file
	.byte	63                              @ DW_AT_decl_line
	.byte	4                               @ Abbrev [4] 0x42:0x7 DW_TAG_base_type
	.long	.Linfo_string4                  @ DW_AT_name
	.byte	7                               @ DW_AT_encoding
	.byte	2                               @ DW_AT_byte_size
	.byte	2                               @ Abbrev [2] 0x49:0x11 DW_TAG_variable
	.long	.Linfo_string6                  @ DW_AT_name
	.long	55                              @ DW_AT_type
                                        @ DW_AT_external
	.byte	2                               @ DW_AT_decl_file
	.byte	62                              @ DW_AT_decl_line
	.byte	5                               @ DW_AT_location
	.byte	3
	.long	clk_ctrl_reg_backup
	.byte	2                               @ Abbrev [2] 0x5a:0x11 DW_TAG_variable
	.long	.Linfo_string7                  @ DW_AT_name
	.long	55                              @ DW_AT_type
                                        @ DW_AT_external
	.byte	2                               @ DW_AT_decl_file
	.byte	63                              @ DW_AT_decl_line
	.byte	5                               @ DW_AT_location
	.byte	3
	.long	clk_rcx_reg_backup
	.byte	2                               @ Abbrev [2] 0x6b:0x11 DW_TAG_variable
	.long	.Linfo_string8                  @ DW_AT_name
	.long	55                              @ DW_AT_type
                                        @ DW_AT_external
	.byte	2                               @ DW_AT_decl_file
	.byte	64                              @ DW_AT_decl_line
	.byte	5                               @ DW_AT_location
	.byte	3
	.long	clk_amba_reg_backup
	.byte	5                               @ Abbrev [5] 0x7c:0x15 DW_TAG_enumeration_type
	.long	145                             @ DW_AT_type
	.byte	1                               @ DW_AT_byte_size
	.byte	3                               @ DW_AT_decl_file
	.byte	79                              @ DW_AT_decl_line
	.byte	6                               @ Abbrev [6] 0x84:0x6 DW_TAG_enumerator
	.long	.Linfo_string10                 @ DW_AT_name
	.byte	0                               @ DW_AT_const_value
	.byte	6                               @ Abbrev [6] 0x8a:0x6 DW_TAG_enumerator
	.long	.Linfo_string11                 @ DW_AT_name
	.byte	1                               @ DW_AT_const_value
	.byte	0                               @ End Of Children Mark
	.byte	4                               @ Abbrev [4] 0x91:0x7 DW_TAG_base_type
	.long	.Linfo_string9                  @ DW_AT_name
	.byte	8                               @ DW_AT_encoding
	.byte	1                               @ DW_AT_byte_size
	.byte	5                               @ Abbrev [5] 0x98:0x27 DW_TAG_enumeration_type
	.long	145                             @ DW_AT_type
	.byte	1                               @ DW_AT_byte_size
	.byte	3                               @ DW_AT_decl_file
	.byte	89                              @ DW_AT_decl_line
	.byte	6                               @ Abbrev [6] 0xa0:0x6 DW_TAG_enumerator
	.long	.Linfo_string12                 @ DW_AT_name
	.byte	0                               @ DW_AT_const_value
	.byte	6                               @ Abbrev [6] 0xa6:0x6 DW_TAG_enumerator
	.long	.Linfo_string13                 @ DW_AT_name
	.byte	1                               @ DW_AT_const_value
	.byte	6                               @ Abbrev [6] 0xac:0x6 DW_TAG_enumerator
	.long	.Linfo_string14                 @ DW_AT_name
	.byte	2                               @ DW_AT_const_value
	.byte	6                               @ Abbrev [6] 0xb2:0x6 DW_TAG_enumerator
	.long	.Linfo_string15                 @ DW_AT_name
	.byte	3                               @ DW_AT_const_value
	.byte	6                               @ Abbrev [6] 0xb8:0x6 DW_TAG_enumerator
	.long	.Linfo_string16                 @ DW_AT_name
	.byte	3                               @ DW_AT_const_value
	.byte	0                               @ End Of Children Mark
	.byte	7                               @ Abbrev [7] 0xbf:0x5 DW_TAG_pointer_type
	.long	196                             @ DW_AT_type
	.byte	8                               @ Abbrev [8] 0xc4:0xc DW_TAG_typedef
	.long	208                             @ DW_AT_type
	.long	.Linfo_string30                 @ DW_AT_name
	.byte	4                               @ DW_AT_decl_file
	.short	340                             @ DW_AT_decl_line
	.byte	9                               @ Abbrev [9] 0xd0:0x8f DW_TAG_structure_type
	.short	800                             @ DW_AT_byte_size
	.byte	4                               @ DW_AT_decl_file
	.short	328                             @ DW_AT_decl_line
	.byte	10                              @ Abbrev [10] 0xd6:0xd DW_TAG_member
	.long	.Linfo_string17                 @ DW_AT_name
	.long	351                             @ DW_AT_type
	.byte	4                               @ DW_AT_decl_file
	.short	330                             @ DW_AT_decl_line
	.byte	0                               @ DW_AT_data_member_location
	.byte	10                              @ Abbrev [10] 0xe3:0xd DW_TAG_member
	.long	.Linfo_string21                 @ DW_AT_name
	.long	393                             @ DW_AT_type
	.byte	4                               @ DW_AT_decl_file
	.short	331                             @ DW_AT_decl_line
	.byte	4                               @ DW_AT_data_member_location
	.byte	10                              @ Abbrev [10] 0xf0:0xd DW_TAG_member
	.long	.Linfo_string22                 @ DW_AT_name
	.long	351                             @ DW_AT_type
	.byte	4                               @ DW_AT_decl_file
	.short	332                             @ DW_AT_decl_line
	.byte	128                             @ DW_AT_data_member_location
	.byte	10                              @ Abbrev [10] 0xfd:0xd DW_TAG_member
	.long	.Linfo_string23                 @ DW_AT_name
	.long	393                             @ DW_AT_type
	.byte	4                               @ DW_AT_decl_file
	.short	333                             @ DW_AT_decl_line
	.byte	132                             @ DW_AT_data_member_location
	.byte	11                              @ Abbrev [11] 0x10a:0xe DW_TAG_member
	.long	.Linfo_string24                 @ DW_AT_name
	.long	351                             @ DW_AT_type
	.byte	4                               @ DW_AT_decl_file
	.short	334                             @ DW_AT_decl_line
	.short	256                             @ DW_AT_data_member_location
	.byte	11                              @ Abbrev [11] 0x118:0xe DW_TAG_member
	.long	.Linfo_string25                 @ DW_AT_name
	.long	393                             @ DW_AT_type
	.byte	4                               @ DW_AT_decl_file
	.short	335                             @ DW_AT_decl_line
	.short	260                             @ DW_AT_data_member_location
	.byte	11                              @ Abbrev [11] 0x126:0xe DW_TAG_member
	.long	.Linfo_string26                 @ DW_AT_name
	.long	351                             @ DW_AT_type
	.byte	4                               @ DW_AT_decl_file
	.short	336                             @ DW_AT_decl_line
	.short	384                             @ DW_AT_data_member_location
	.byte	11                              @ Abbrev [11] 0x134:0xe DW_TAG_member
	.long	.Linfo_string27                 @ DW_AT_name
	.long	393                             @ DW_AT_type
	.byte	4                               @ DW_AT_decl_file
	.short	337                             @ DW_AT_decl_line
	.short	388                             @ DW_AT_data_member_location
	.byte	11                              @ Abbrev [11] 0x142:0xe DW_TAG_member
	.long	.Linfo_string28                 @ DW_AT_name
	.long	405                             @ DW_AT_type
	.byte	4                               @ DW_AT_decl_file
	.short	338                             @ DW_AT_decl_line
	.short	512                             @ DW_AT_data_member_location
	.byte	11                              @ Abbrev [11] 0x150:0xe DW_TAG_member
	.long	.Linfo_string29                 @ DW_AT_name
	.long	417                             @ DW_AT_type
	.byte	4                               @ DW_AT_decl_file
	.short	339                             @ DW_AT_decl_line
	.short	768                             @ DW_AT_data_member_location
	.byte	0                               @ End Of Children Mark
	.byte	12                              @ Abbrev [12] 0x15f:0xc DW_TAG_array_type
	.long	363                             @ DW_AT_type
	.byte	13                              @ Abbrev [13] 0x164:0x6 DW_TAG_subrange_type
	.long	386                             @ DW_AT_type
	.byte	1                               @ DW_AT_count
	.byte	0                               @ End Of Children Mark
	.byte	14                              @ Abbrev [14] 0x16b:0x5 DW_TAG_volatile_type
	.long	368                             @ DW_AT_type
	.byte	3                               @ Abbrev [3] 0x170:0xb DW_TAG_typedef
	.long	379                             @ DW_AT_type
	.long	.Linfo_string19                 @ DW_AT_name
	.byte	1                               @ DW_AT_decl_file
	.byte	64                              @ DW_AT_decl_line
	.byte	4                               @ Abbrev [4] 0x17b:0x7 DW_TAG_base_type
	.long	.Linfo_string18                 @ DW_AT_name
	.byte	7                               @ DW_AT_encoding
	.byte	4                               @ DW_AT_byte_size
	.byte	15                              @ Abbrev [15] 0x182:0x7 DW_TAG_base_type
	.long	.Linfo_string20                 @ DW_AT_name
	.byte	8                               @ DW_AT_byte_size
	.byte	7                               @ DW_AT_encoding
	.byte	12                              @ Abbrev [12] 0x189:0xc DW_TAG_array_type
	.long	368                             @ DW_AT_type
	.byte	13                              @ Abbrev [13] 0x18e:0x6 DW_TAG_subrange_type
	.long	386                             @ DW_AT_type
	.byte	31                              @ DW_AT_count
	.byte	0                               @ End Of Children Mark
	.byte	12                              @ Abbrev [12] 0x195:0xc DW_TAG_array_type
	.long	368                             @ DW_AT_type
	.byte	13                              @ Abbrev [13] 0x19a:0x6 DW_TAG_subrange_type
	.long	386                             @ DW_AT_type
	.byte	64                              @ DW_AT_count
	.byte	0                               @ End Of Children Mark
	.byte	12                              @ Abbrev [12] 0x1a1:0xc DW_TAG_array_type
	.long	363                             @ DW_AT_type
	.byte	13                              @ Abbrev [13] 0x1a6:0x6 DW_TAG_subrange_type
	.long	386                             @ DW_AT_type
	.byte	8                               @ DW_AT_count
	.byte	0                               @ End Of Children Mark
	.byte	7                               @ Abbrev [7] 0x1ad:0x5 DW_TAG_pointer_type
	.long	434                             @ DW_AT_type
	.byte	14                              @ Abbrev [14] 0x1b2:0x5 DW_TAG_volatile_type
	.long	55                              @ DW_AT_type
	.byte	7                               @ Abbrev [7] 0x1b7:0x5 DW_TAG_pointer_type
	.long	444                             @ DW_AT_type
	.byte	8                               @ Abbrev [8] 0x1bc:0xc DW_TAG_typedef
	.long	456                             @ DW_AT_type
	.long	.Linfo_string38                 @ DW_AT_name
	.byte	4                               @ DW_AT_decl_file
	.short	370                             @ DW_AT_decl_line
	.byte	16                              @ Abbrev [16] 0x1c8:0x7b DW_TAG_structure_type
	.byte	40                              @ DW_AT_byte_size
	.byte	4                               @ DW_AT_decl_file
	.short	355                             @ DW_AT_decl_line
	.byte	10                              @ Abbrev [10] 0x1cd:0xd DW_TAG_member
	.long	.Linfo_string31                 @ DW_AT_name
	.long	579                             @ DW_AT_type
	.byte	4                               @ DW_AT_decl_file
	.short	357                             @ DW_AT_decl_line
	.byte	0                               @ DW_AT_data_member_location
	.byte	10                              @ Abbrev [10] 0x1da:0xd DW_TAG_member
	.long	.Linfo_string32                 @ DW_AT_name
	.long	363                             @ DW_AT_type
	.byte	4                               @ DW_AT_decl_file
	.short	358                             @ DW_AT_decl_line
	.byte	4                               @ DW_AT_data_member_location
	.byte	10                              @ Abbrev [10] 0x1e7:0xd DW_TAG_member
	.long	.Linfo_string21                 @ DW_AT_name
	.long	368                             @ DW_AT_type
	.byte	4                               @ DW_AT_decl_file
	.short	362                             @ DW_AT_decl_line
	.byte	8                               @ DW_AT_data_member_location
	.byte	10                              @ Abbrev [10] 0x1f4:0xd DW_TAG_member
	.long	.Linfo_string33                 @ DW_AT_name
	.long	363                             @ DW_AT_type
	.byte	4                               @ DW_AT_decl_file
	.short	364                             @ DW_AT_decl_line
	.byte	12                              @ DW_AT_data_member_location
	.byte	10                              @ Abbrev [10] 0x201:0xd DW_TAG_member
	.long	.Linfo_string34                 @ DW_AT_name
	.long	363                             @ DW_AT_type
	.byte	4                               @ DW_AT_decl_file
	.short	365                             @ DW_AT_decl_line
	.byte	16                              @ DW_AT_data_member_location
	.byte	10                              @ Abbrev [10] 0x20e:0xd DW_TAG_member
	.long	.Linfo_string35                 @ DW_AT_name
	.long	363                             @ DW_AT_type
	.byte	4                               @ DW_AT_decl_file
	.short	366                             @ DW_AT_decl_line
	.byte	20                              @ DW_AT_data_member_location
	.byte	10                              @ Abbrev [10] 0x21b:0xd DW_TAG_member
	.long	.Linfo_string23                 @ DW_AT_name
	.long	368                             @ DW_AT_type
	.byte	4                               @ DW_AT_decl_file
	.short	367                             @ DW_AT_decl_line
	.byte	24                              @ DW_AT_data_member_location
	.byte	10                              @ Abbrev [10] 0x228:0xd DW_TAG_member
	.long	.Linfo_string36                 @ DW_AT_name
	.long	584                             @ DW_AT_type
	.byte	4                               @ DW_AT_decl_file
	.short	368                             @ DW_AT_decl_line
	.byte	28                              @ DW_AT_data_member_location
	.byte	10                              @ Abbrev [10] 0x235:0xd DW_TAG_member
	.long	.Linfo_string37                 @ DW_AT_name
	.long	363                             @ DW_AT_type
	.byte	4                               @ DW_AT_decl_file
	.short	369                             @ DW_AT_decl_line
	.byte	36                              @ DW_AT_data_member_location
	.byte	0                               @ End Of Children Mark
	.byte	17                              @ Abbrev [17] 0x243:0x5 DW_TAG_const_type
	.long	363                             @ DW_AT_type
	.byte	12                              @ Abbrev [12] 0x248:0xc DW_TAG_array_type
	.long	363                             @ DW_AT_type
	.byte	13                              @ Abbrev [13] 0x24d:0x6 DW_TAG_subrange_type
	.long	386                             @ DW_AT_type
	.byte	2                               @ DW_AT_count
	.byte	0                               @ End Of Children Mark
	.byte	7                               @ Abbrev [7] 0x254:0x5 DW_TAG_pointer_type
	.long	601                             @ DW_AT_type
	.byte	14                              @ Abbrev [14] 0x259:0x5 DW_TAG_volatile_type
	.long	606                             @ DW_AT_type
	.byte	18                              @ Abbrev [18] 0x25e:0x96 DW_TAG_structure_type
	.long	.Linfo_string49                 @ DW_AT_name
	.byte	2                               @ DW_AT_byte_size
	.byte	5                               @ DW_AT_decl_file
	.short	10504                           @ DW_AT_decl_line
	.byte	19                              @ Abbrev [19] 0x267:0xe DW_TAG_member
	.long	.Linfo_string39                 @ DW_AT_name
	.long	434                             @ DW_AT_type
	.byte	5                               @ DW_AT_decl_file
	.short	10507                           @ DW_AT_decl_line
	.byte	2                               @ DW_AT_bit_size
	.byte	0                               @ DW_AT_data_bit_offset
	.byte	19                              @ Abbrev [19] 0x275:0xe DW_TAG_member
	.long	.Linfo_string40                 @ DW_AT_name
	.long	434                             @ DW_AT_type
	.byte	5                               @ DW_AT_decl_file
	.short	10508                           @ DW_AT_decl_line
	.byte	1                               @ DW_AT_bit_size
	.byte	2                               @ DW_AT_data_bit_offset
	.byte	19                              @ Abbrev [19] 0x283:0xe DW_TAG_member
	.long	.Linfo_string41                 @ DW_AT_name
	.long	434                             @ DW_AT_type
	.byte	5                               @ DW_AT_decl_file
	.short	10509                           @ DW_AT_decl_line
	.byte	1                               @ DW_AT_bit_size
	.byte	3                               @ DW_AT_data_bit_offset
	.byte	19                              @ Abbrev [19] 0x291:0xe DW_TAG_member
	.long	.Linfo_string42                 @ DW_AT_name
	.long	434                             @ DW_AT_type
	.byte	5                               @ DW_AT_decl_file
	.short	10510                           @ DW_AT_decl_line
	.byte	1                               @ DW_AT_bit_size
	.byte	4                               @ DW_AT_data_bit_offset
	.byte	19                              @ Abbrev [19] 0x29f:0xe DW_TAG_member
	.long	.Linfo_string43                 @ DW_AT_name
	.long	434                             @ DW_AT_type
	.byte	5                               @ DW_AT_decl_file
	.short	10511                           @ DW_AT_decl_line
	.byte	1                               @ DW_AT_bit_size
	.byte	5                               @ DW_AT_data_bit_offset
	.byte	19                              @ Abbrev [19] 0x2ad:0xe DW_TAG_member
	.long	.Linfo_string44                 @ DW_AT_name
	.long	434                             @ DW_AT_type
	.byte	5                               @ DW_AT_decl_file
	.short	10512                           @ DW_AT_decl_line
	.byte	1                               @ DW_AT_bit_size
	.byte	6                               @ DW_AT_data_bit_offset
	.byte	19                              @ Abbrev [19] 0x2bb:0xe DW_TAG_member
	.long	.Linfo_string45                 @ DW_AT_name
	.long	434                             @ DW_AT_type
	.byte	5                               @ DW_AT_decl_file
	.short	10513                           @ DW_AT_decl_line
	.byte	2                               @ DW_AT_bit_size
	.byte	7                               @ DW_AT_data_bit_offset
	.byte	19                              @ Abbrev [19] 0x2c9:0xe DW_TAG_member
	.long	.Linfo_string46                 @ DW_AT_name
	.long	434                             @ DW_AT_type
	.byte	5                               @ DW_AT_decl_file
	.short	10514                           @ DW_AT_decl_line
	.byte	1                               @ DW_AT_bit_size
	.byte	9                               @ DW_AT_data_bit_offset
	.byte	19                              @ Abbrev [19] 0x2d7:0xe DW_TAG_member
	.long	.Linfo_string47                 @ DW_AT_name
	.long	434                             @ DW_AT_type
	.byte	5                               @ DW_AT_decl_file
	.short	10515                           @ DW_AT_decl_line
	.byte	4                               @ DW_AT_bit_size
	.byte	10                              @ DW_AT_data_bit_offset
	.byte	19                              @ Abbrev [19] 0x2e5:0xe DW_TAG_member
	.long	.Linfo_string48                 @ DW_AT_name
	.long	434                             @ DW_AT_type
	.byte	5                               @ DW_AT_decl_file
	.short	10516                           @ DW_AT_decl_line
	.byte	1                               @ DW_AT_bit_size
	.byte	14                              @ DW_AT_data_bit_offset
	.byte	0                               @ End Of Children Mark
	.byte	20                              @ Abbrev [20] 0x2f4:0x8 DW_TAG_subprogram
	.long	.Linfo_string50                 @ DW_AT_name
	.byte	6                               @ DW_AT_decl_file
	.byte	85                              @ DW_AT_decl_line
                                        @ DW_AT_prototyped
	.byte	1                               @ DW_AT_inline
	.byte	21                              @ Abbrev [21] 0x2fc:0x9 DW_TAG_subprogram
	.long	.Linfo_string51                 @ DW_AT_name
	.byte	7                               @ DW_AT_decl_file
	.short	750                             @ DW_AT_decl_line
                                        @ DW_AT_prototyped
	.byte	1                               @ DW_AT_inline
	.byte	20                              @ Abbrev [20] 0x305:0x8 DW_TAG_subprogram
	.long	.Linfo_string52                 @ DW_AT_name
	.byte	2                               @ DW_AT_decl_file
	.byte	95                              @ DW_AT_decl_line
                                        @ DW_AT_prototyped
	.byte	1                               @ DW_AT_inline
	.byte	22                              @ Abbrev [22] 0x30d:0xb5 DW_TAG_subprogram
	.long	.Lfunc_begin0                   @ DW_AT_low_pc
	.long	.Lfunc_end0-.Lfunc_begin0       @ DW_AT_high_pc
	.byte	1                               @ DW_AT_frame_base
	.byte	93
                                        @ DW_AT_GNU_all_call_sites
	.long	.Linfo_string53                 @ DW_AT_name
	.byte	2                               @ DW_AT_decl_file
	.byte	100                             @ DW_AT_decl_line
                                        @ DW_AT_prototyped
                                        @ DW_AT_external
	.byte	23                              @ Abbrev [23] 0x31e:0xf DW_TAG_formal_parameter
	.long	.Ldebug_loc0                    @ DW_AT_location
	.long	.Linfo_string54                 @ DW_AT_name
	.byte	2                               @ DW_AT_decl_file
	.byte	100                             @ DW_AT_decl_line
	.long	962                             @ DW_AT_type
	.byte	23                              @ Abbrev [23] 0x32d:0xf DW_TAG_formal_parameter
	.long	.Ldebug_loc1                    @ DW_AT_location
	.long	.Linfo_string56                 @ DW_AT_name
	.byte	2                               @ DW_AT_decl_file
	.byte	101                             @ DW_AT_decl_line
	.long	973                             @ DW_AT_type
	.byte	23                              @ Abbrev [23] 0x33c:0xf DW_TAG_formal_parameter
	.long	.Ldebug_loc2                    @ DW_AT_location
	.long	.Linfo_string58                 @ DW_AT_name
	.byte	2                               @ DW_AT_decl_file
	.byte	102                             @ DW_AT_decl_line
	.long	973                             @ DW_AT_type
	.byte	23                              @ Abbrev [23] 0x34b:0xf DW_TAG_formal_parameter
	.long	.Ldebug_loc3                    @ DW_AT_location
	.long	.Linfo_string59                 @ DW_AT_name
	.byte	2                               @ DW_AT_decl_file
	.byte	103                             @ DW_AT_decl_line
	.long	973                             @ DW_AT_type
	.byte	23                              @ Abbrev [23] 0x35a:0xf DW_TAG_formal_parameter
	.long	.Ldebug_loc5                    @ DW_AT_location
	.long	.Linfo_string62                 @ DW_AT_name
	.byte	2                               @ DW_AT_decl_file
	.byte	104                             @ DW_AT_decl_line
	.long	991                             @ DW_AT_type
	.byte	23                              @ Abbrev [23] 0x369:0xf DW_TAG_formal_parameter
	.long	.Ldebug_loc4                    @ DW_AT_location
	.long	.Linfo_string60                 @ DW_AT_name
	.byte	2                               @ DW_AT_decl_file
	.byte	105                             @ DW_AT_decl_line
	.long	984                             @ DW_AT_type
	.byte	24                              @ Abbrev [24] 0x378:0x10 DW_TAG_inlined_subroutine
	.long	756                             @ DW_AT_abstract_origin
	.long	.Ltmp15                         @ DW_AT_low_pc
	.long	.Ltmp16-.Ltmp15                 @ DW_AT_high_pc
	.byte	2                               @ DW_AT_call_file
	.byte	125                             @ DW_AT_call_line
	.byte	5                               @ DW_AT_call_column
	.byte	24                              @ Abbrev [24] 0x388:0x10 DW_TAG_inlined_subroutine
	.long	764                             @ DW_AT_abstract_origin
	.long	.Ltmp16                         @ DW_AT_low_pc
	.long	.Ltmp17-.Ltmp16                 @ DW_AT_high_pc
	.byte	2                               @ DW_AT_call_file
	.byte	128                             @ DW_AT_call_line
	.byte	5                               @ DW_AT_call_column
	.byte	25                              @ Abbrev [25] 0x398:0x19 DW_TAG_lexical_block
	.long	.Ltmp24                         @ DW_AT_low_pc
	.long	.Ltmp27-.Ltmp24                 @ DW_AT_high_pc
	.byte	26                              @ Abbrev [26] 0x3a1:0xf DW_TAG_variable
	.long	.Ldebug_loc6                    @ DW_AT_location
	.long	.Linfo_string64                 @ DW_AT_name
	.byte	2                               @ DW_AT_decl_file
	.byte	146                             @ DW_AT_decl_line
	.long	55                              @ DW_AT_type
	.byte	0                               @ End Of Children Mark
	.byte	24                              @ Abbrev [24] 0x3b1:0x10 DW_TAG_inlined_subroutine
	.long	773                             @ DW_AT_abstract_origin
	.long	.Ltmp32                         @ DW_AT_low_pc
	.long	.Ltmp36-.Ltmp32                 @ DW_AT_high_pc
	.byte	2                               @ DW_AT_call_file
	.byte	181                             @ DW_AT_call_line
	.byte	5                               @ DW_AT_call_column
	.byte	0                               @ End Of Children Mark
	.byte	3                               @ Abbrev [3] 0x3c2:0xb DW_TAG_typedef
	.long	145                             @ DW_AT_type
	.long	.Linfo_string55                 @ DW_AT_name
	.byte	1                               @ DW_AT_decl_file
	.byte	62                              @ DW_AT_decl_line
	.byte	3                               @ Abbrev [3] 0x3cd:0xb DW_TAG_typedef
	.long	124                             @ DW_AT_type
	.long	.Linfo_string57                 @ DW_AT_name
	.byte	3                               @ DW_AT_decl_file
	.byte	86                              @ DW_AT_decl_line
	.byte	4                               @ Abbrev [4] 0x3d8:0x7 DW_TAG_base_type
	.long	.Linfo_string61                 @ DW_AT_name
	.byte	2                               @ DW_AT_encoding
	.byte	1                               @ DW_AT_byte_size
	.byte	3                               @ Abbrev [3] 0x3df:0xb DW_TAG_typedef
	.long	152                             @ DW_AT_type
	.long	.Linfo_string63                 @ DW_AT_name
	.byte	3                               @ DW_AT_decl_file
	.byte	105                             @ DW_AT_decl_line
	.byte	0                               @ End Of Children Mark
.Ldebug_info_end0:
	.section	.debug_str,"MS",%progbits,1
.Linfo_string0:
	.asciz	"Component: Arm Compiler for Embedded 6.23 Tool: armclang [5f103000]" @ string offset=0
.Linfo_string1:
	.asciz	"../../../../../sdk/platform/arch/main\\arch_hibernation.c" @ string offset=68
.Linfo_string2:
	.asciz	"C:\\Users\\teodor\\Desktop\\stem\\codeless\\6.0.24.1464\\projects\\target_apps\\ble_examples\\empty_peripheral_template\\Keil_5" @ string offset=125
.Linfo_string3:
	.asciz	"clk_freq_trim_reg_backup"      @ string offset=242
.Linfo_string4:
	.asciz	"unsigned short"                @ string offset=267
.Linfo_string5:
	.asciz	"uint16_t"                      @ string offset=282
.Linfo_string6:
	.asciz	"clk_ctrl_reg_backup"           @ string offset=291
.Linfo_string7:
	.asciz	"clk_rcx_reg_backup"            @ string offset=311
.Linfo_string8:
	.asciz	"clk_amba_reg_backup"           @ string offset=330
.Linfo_string9:
	.asciz	"unsigned char"                 @ string offset=350
.Linfo_string10:
	.asciz	"PD_SYS_DOWN_RAM_ON"            @ string offset=364
.Linfo_string11:
	.asciz	"PD_SYS_DOWN_RAM_OFF"           @ string offset=383
.Linfo_string12:
	.asciz	"REMAP_ADDR0_TO_ROM"            @ string offset=403
.Linfo_string13:
	.asciz	"REMAP_ADDR0_TO_OTP"            @ string offset=422
.Linfo_string14:
	.asciz	"REMAP_ADDR0_TO_RAM1"           @ string offset=441
.Linfo_string15:
	.asciz	"REMAP_ADDR0_TO_RAM2"           @ string offset=461
.Linfo_string16:
	.asciz	"REMAP_ADDR0_TO_RAM3"           @ string offset=481
.Linfo_string17:
	.asciz	"ISER"                          @ string offset=501
.Linfo_string18:
	.asciz	"unsigned int"                  @ string offset=506
.Linfo_string19:
	.asciz	"uint32_t"                      @ string offset=519
.Linfo_string20:
	.asciz	"__ARRAY_SIZE_TYPE__"           @ string offset=528
.Linfo_string21:
	.asciz	"RESERVED0"                     @ string offset=548
.Linfo_string22:
	.asciz	"ICER"                          @ string offset=558
.Linfo_string23:
	.asciz	"RESERVED1"                     @ string offset=563
.Linfo_string24:
	.asciz	"ISPR"                          @ string offset=573
.Linfo_string25:
	.asciz	"RESERVED2"                     @ string offset=578
.Linfo_string26:
	.asciz	"ICPR"                          @ string offset=588
.Linfo_string27:
	.asciz	"RESERVED3"                     @ string offset=593
.Linfo_string28:
	.asciz	"RESERVED4"                     @ string offset=603
.Linfo_string29:
	.asciz	"IP"                            @ string offset=613
.Linfo_string30:
	.asciz	"NVIC_Type"                     @ string offset=616
.Linfo_string31:
	.asciz	"CPUID"                         @ string offset=626
.Linfo_string32:
	.asciz	"ICSR"                          @ string offset=632
.Linfo_string33:
	.asciz	"AIRCR"                         @ string offset=637
.Linfo_string34:
	.asciz	"SCR"                           @ string offset=643
.Linfo_string35:
	.asciz	"CCR"                           @ string offset=647
.Linfo_string36:
	.asciz	"SHP"                           @ string offset=651
.Linfo_string37:
	.asciz	"SHCSR"                         @ string offset=655
.Linfo_string38:
	.asciz	"SCB_Type"                      @ string offset=661
.Linfo_string39:
	.asciz	"BITFLD_VBAT_HL_CONNECT_RES_CTRL" @ string offset=670
.Linfo_string40:
	.asciz	"BITFLD_POR_VBAT_LOW_RST_MASK"  @ string offset=702
.Linfo_string41:
	.asciz	"BITFLD_POR_VBAT_HIGH_RST_MASK" @ string offset=731
.Linfo_string42:
	.asciz	"BITFLD_RC32K_HIGH_SPEED_FORCE" @ string offset=761
.Linfo_string43:
	.asciz	"BITFLD_RC32K_LOW_SPEED_FORCE"  @ string offset=791
.Linfo_string44:
	.asciz	"BITFLD_CHARGE_VBAT_DISABLE"    @ string offset=820
.Linfo_string45:
	.asciz	"BITFLD_BOOST_MODE_FORCE"       @ string offset=847
.Linfo_string46:
	.asciz	"BITFLD_CMP_VCONT_SLP_DISABLE"  @ string offset=871
.Linfo_string47:
	.asciz	"BITFLD_LDO_RET_TRIM"           @ string offset=900
.Linfo_string48:
	.asciz	"BITFLD_FORCE_RUNNING_COMP_DIS" @ string offset=920
.Linfo_string49:
	.asciz	"__POWER_AON_CTRL_REG"          @ string offset=950
.Linfo_string50:
	.asciz	"wdg_freeze"                    @ string offset=971
.Linfo_string51:
	.asciz	"__disable_irq"                 @ string offset=982
.Linfo_string52:
	.asciz	"set_ldo_ret_trim"              @ string offset=996
.Linfo_string53:
	.asciz	"arch_set_hibernation"          @ string offset=1013
.Linfo_string54:
	.asciz	"wkup_mask"                     @ string offset=1034
.Linfo_string55:
	.asciz	"uint8_t"                       @ string offset=1044
.Linfo_string56:
	.asciz	"ram1"                          @ string offset=1052
.Linfo_string57:
	.asciz	"pd_sys_down_ram_t"             @ string offset=1057
.Linfo_string58:
	.asciz	"ram2"                          @ string offset=1075
.Linfo_string59:
	.asciz	"ram3"                          @ string offset=1080
.Linfo_string60:
	.asciz	"pad_latch_en"                  @ string offset=1085
.Linfo_string61:
	.asciz	"_Bool"                         @ string offset=1098
.Linfo_string62:
	.asciz	"remap_addr0"                   @ string offset=1104
.Linfo_string63:
	.asciz	"remap_addr0_t"                 @ string offset=1116
.Linfo_string64:
	.asciz	"hibern_wkup_polarity"          @ string offset=1130
	.ident	"Component: Arm Compiler for Embedded 6.23 Tool: armclang [5f103000]"
	.section	".note.GNU-stack","",%progbits
	.eabi_attribute	30, 4	@ Tag_ABI_optimization_goals
	.ARM_attribute	16, 1	@ Tag_AV_eba
	.section	.debug_line,"",%progbits
.Lline_table_start0:
