Component: Arm Compiler for Embedded 6.23 Tool: armlink [5f102400]

==============================================================================

Section Cross References

    system_da14535.o(.text) refers to system_da14535.o(.data.SystemCoreClock) for SystemCoreClock
    system_da14535.o(.ARM.exidx) refers to system_da14535.o(.text) for [Anonymous Symbol]
    system_da14535.o(system_DA14xxx) refers to otp_cs.o(otp_cs_booter) for booter_val
    system_da14535.o(.ARM.exidxsystem_DA14xxx) refers to system_da14535.o(system_DA14xxx) for [Anonymous Symbol]
    startup_da14535.o(startup_code_DA14xxx) refers to system_da14535.o(system_DA14xxx) for SystemInit
    startup_da14535.o(startup_code_DA14xxx) refers to entry.o(.ARM.Collect$$$$00000000) for __main
    startup_da14535.o(startup_code_DA14xxx) refers to nmi_handler.o(.text.NMI_HandlerC) for NMI_HandlerC
    startup_da14535.o(startup_code_DA14xxx) refers to hardfault_handler.o(.text.HardFault_HandlerC) for HardFault_HandlerC
    startup_da14535.o(.ARM.exidxstartup_code_DA14xxx) refers to startup_da14535.o(startup_code_DA14xxx) for [Anonymous Symbol]
    startup_da14535.o(RESET) refers to startup_da14535.o(startup_code_DA14xxx) for Reset_Handler
    startup_da14535.o(RESET) refers to systick.o(.text) for SysTick_Handler
    startup_da14535.o(RESET) refers to rwble.o(.text) for BLE_WAKEUP_LP_Handler
    startup_da14535.o(RESET) refers to uart.o(.text) for UART2_Handler
    startup_da14535.o(RESET) refers to i2c.o(.text) for I2C_Handler
    startup_da14535.o(RESET) refers to adc_531.o(.text) for ADC_Handler
    startup_da14535.o(RESET) refers to gpio.o(.text) for GPIO0_Handler
    startup_da14535.o(RESET) refers to wkupct_quadec.o(.text) for WKUP_QUADEC_Handler
    hardfault_handler.o(.ARM.exidx.text.HardFault_HandlerC) refers to hardfault_handler.o(.text.HardFault_HandlerC) for [Anonymous Symbol]
    nmi_handler.o(.ARM.exidx.text.NMI_HandlerC) refers to nmi_handler.o(.text.NMI_HandlerC) for [Anonymous Symbol]
    arch_console.o(.text) refers to uart.o(.text) for uart_register_tx_cb
    arch_console.o(.ARM.exidx) refers to arch_console.o(.text) for [Anonymous Symbol]
    arch_console.o(.rodata.rom_console_cfg) refers to arch_console.o(.bss.current_msg_buffer) for [Anonymous Symbol]
    arch_console.o(.rodata.rom_console_cfg) refers to arch_console.o(.bss.retention_mem_area0) for [Anonymous Symbol]
    arch_console.o(.rodata.rom_console_cfg) refers to arch_console.o(.text) for uart_write_adapt
    arch_console.o(.rodata.rom_console_cfg) refers to arch_sleep.o(.text) for arch_restore_sleep_mode
    nvds.o(.rodata.rom_nvds_cfg) refers to nvds.o(.rodata.nvds_data_storage) for [Anonymous Symbol]
    nvds.o(.rodata.rom_nvds_cfg) refers to arch_system.o(.bss.retention_mem_area0) for dev_bdaddr
    arch_main.o(.text) refers to arch_system.o(.text) for system_init
    arch_main.o(.text) refers to rwip.o(.text) for rwip_sleep
    arch_main.o(.text) refers to hw_otpc_531.o(.text) for hw_otpc_init
    arch_main.o(.text) refers (Weak) to hw_otpc_531.o(.text) for hw_otpc_clear_dcdc_reserved
    arch_main.o(.text) refers to user_periph_setup.o(.text) for periph_init
    arch_main.o(.text) refers to rwble.o(.bss.retention_mem_area0) for arch_rwble_last_event
    arch_main.o(.ARM.exidx) refers to arch_main.o(.text) for [Anonymous Symbol]
    jump_table.o(.ARM.exidx) refers to jump_table.o(.text) for [Anonymous Symbol]
    jump_table.o(.rodata.rom_func_addr_table_var) refers to ble_arp.o(.text) for rf_init_func
    jump_table.o(.rodata.rom_func_addr_table_var) refers to jump_table.o(.text) for platform_reset_func
    jump_table.o(.rodata.rom_func_addr_table_var) refers to rwble.o(.text) for lld_sleep_compensate_func
    jump_table.o(.rodata.rom_func_addr_table_var) refers to arch_system.o(.text) for lld_sleep_init_func
    jump_table.o(.rodata.rom_func_addr_table_var) refers to patch_3.o(.text) for JT_llm_le_adv_report_ind_func
    jump_table.o(.rodata.rom_cfg_table_var) refers to jump_table.o(.bss.heap_mem_area_not_ret) for rwip_heap_non_ret
    jump_table.o(.rodata.rom_cfg_table_var) refers to jump_table.o(.bss.heap_env_area) for rwip_heap_env_ret
    jump_table.o(.rodata.rom_cfg_table_var) refers to jump_table.o(.bss.heap_db_area) for rwip_heap_db_ret
    jump_table.o(.rodata.rom_cfg_table_var) refers to jump_table.o(.bss.heap_msg_area) for rwip_heap_msg_ret
    jump_table.o(.rodata.rom_cfg_table_var) refers to nvds.o(.rodata.rom_nvds_cfg) for rom_nvds_cfg
    jump_table.o(.rodata.rom_cfg_table_var) refers to chacha20.o(.rodata.rom_chacha20_cfg) for rom_chacha20_cfg
    jump_table.o(.rodata.rom_cfg_table_var) refers to custs1.o(.rodata.rom_cust_prf_cfg) for rom_cust_prf_cfg
    jump_table.o(.rodata.rom_cfg_table_var) refers to prf.o(.rodata.rom_prf_cfg) for rom_prf_cfg
    jump_table.o(.rodata.rom_cfg_table_var) refers to app_entry_point.o(.rodata.rom_app_task_cfg) for rom_app_task_cfg
[...]
    GPIO_is_valid_da14531_qfn_ROM            0x07f1f9ed   Thumb Code     0  da14535_symbols.txt ABSOLUTE
    GPIO_is_valid_da14531_wlscp_ROM          0x07f1f9f9   Thumb Code     0  da14535_symbols.txt ABSOLUTE
    GPIO_EnableIRQ_ROM                       0x07f1fa05   Thumb Code     0  da14535_symbols.txt ABSOLUTE
    GPIO_GetIRQInputLevel                    0x07f1fafd   Thumb Code     0  da14535_symbols.txt ABSOLUTE
    GPIO_SetIRQInputLevel                    0x07f1fb8d   Thumb Code     0  da14535_symbols.txt ABSOLUTE
    GPIO_ResetIRQ                            0x07f1fbb1   Thumb Code     0  da14535_symbols.txt ABSOLUTE
    GPIO_EnablePorPin_ROM                    0x07f1fbd5   Thumb Code     0  da14535_symbols.txt ABSOLUTE
    GPIO_DisablePorPin                       0x07f1fbf9   Thumb Code     0  da14535_symbols.txt ABSOLUTE
    GPIO_SetPorTime                          0x07f1fc05   Thumb Code     0  da14535_symbols.txt ABSOLUTE
    GPIO_GetPorTime                          0x07f1fc15   Thumb Code     0  da14535_symbols.txt ABSOLUTE
    wkupct_set_deb_unit_time                 0x07f1fcc5   Thumb Code     0  da14535_symbols.txt ABSOLUTE
    wkupct_enable_irq_ROM                    0x07f1fce5   Thumb Code     0  da14535_symbols.txt ABSOLUTE
    wkupct2_enable_irq_ROM                   0x07f1fd2d   Thumb Code     0  da14535_symbols.txt ABSOLUTE
    wkupct_disable_irq                       0x07f1fd75   Thumb Code     0  da14535_symbols.txt ABSOLUTE
    wkupct2_disable_irq                      0x07f1fd91   Thumb Code     0  da14535_symbols.txt ABSOLUTE
    quad_decoder_init                        0x07f1fdad   Thumb Code     0  da14535_symbols.txt ABSOLUTE
    quad_decoder_disable_irq                 0x07f1fdf1   Thumb Code     0  da14535_symbols.txt ABSOLUTE
    quad_decoder_release                     0x07f1fe09   Thumb Code     0  da14535_symbols.txt ABSOLUTE
    quad_decoder_enable_irq                  0x07f1fe29   Thumb Code     0  da14535_symbols.txt ABSOLUTE
    quad_decoder_clear_irq                   0x07f1fe59   Thumb Code     0  da14535_symbols.txt ABSOLUTE
    trng_acquire                             0x07f1fea9   Thumb Code     0  da14535_symbols.txt ABSOLUTE
    trng_acquire_v2                          0x07f1fed9   Thumb Code     0  da14535_symbols.txt ABSOLUTE
    spi_slave_send                           0x07f1ff05   Thumb Code     0  da14535_symbols.txt ABSOLUTE
    spi_slave_receive                        0x07f1ff95   Thumb Code     0  da14535_symbols.txt ABSOLUTE
    spi_slave_transfer                       0x07f20049   Thumb Code     0  da14535_symbols.txt ABSOLUTE
    spi_master_send                          0x07f200e1   Thumb Code     0  da14535_symbols.txt ABSOLUTE
    spi_master_receive                       0x07f20151   Thumb Code     0  da14535_symbols.txt ABSOLUTE
    spi_master_transfer                      0x07f201e9   Thumb Code     0  da14535_symbols.txt ABSOLUTE
    spi_set_speed                            0x07f202b1   Thumb Code     0  da14535_symbols.txt ABSOLUTE
    spi_enable                               0x07f20305   Thumb Code     0  da14535_symbols.txt ABSOLUTE
    spi_disable                              0x07f20329   Thumb Code     0  da14535_symbols.txt ABSOLUTE
    spi_set_cp_mode                          0x07f2034d   Thumb Code     0  da14535_symbols.txt ABSOLUTE
    spi_set_bitmode                          0x07f20361   Thumb Code     0  da14535_symbols.txt ABSOLUTE
    spi_initialize_ROM                       0x07f2038d   Thumb Code     0  da14535_symbols.txt ABSOLUTE
    spi_cs_high                              0x07f203f5   Thumb Code     0  da14535_symbols.txt ABSOLUTE
    spi_access                               0x07f20411   Thumb Code     0  da14535_symbols.txt ABSOLUTE
    spi_get_incr                             0x07f2047d   Thumb Code     0  da14535_symbols.txt ABSOLUTE
    spi_get_wsz                              0x07f20491   Thumb Code     0  da14535_symbols.txt ABSOLUTE
    i2c_eeprom_release                       0x07f20611   Thumb Code     0  da14535_symbols.txt ABSOLUTE
    i2c_write_last_byte                      0x07f20619   Thumb Code     0  da14535_symbols.txt ABSOLUTE
    uart_enable                              0x07f20629   Thumb Code     0  da14535_symbols.txt ABSOLUTE
    uart_disable                             0x07f2065d   Thumb Code     0  da14535_symbols.txt ABSOLUTE
    uart_write_byte                          0x07f206c7   Thumb Code     0  da14535_symbols.txt ABSOLUTE
    uart_write_buffer                        0x07f206d5   Thumb Code     0  da14535_symbols.txt ABSOLUTE
    uart_wait_tx_finish                      0x07f206f3   Thumb Code     0  da14535_symbols.txt ABSOLUTE
    uart_read_byte                           0x07f206ff   Thumb Code     0  da14535_symbols.txt ABSOLUTE
    uart_read_buffer                         0x07f2070d   Thumb Code     0  da14535_symbols.txt ABSOLUTE
    uart_enable_flow_control                 0x07f20729   Thumb Code     0  da14535_symbols.txt ABSOLUTE
    uart_disable_flow_control_ROM            0x07f2074d   Thumb Code     0  da14535_symbols.txt ABSOLUTE
    i2c_setup_slave                          0x07f207ad   Thumb Code     0  da14535_symbols.txt ABSOLUTE
    i2c_setup_master                         0x07f207dd   Thumb Code     0  da14535_symbols.txt ABSOLUTE
    i2c_init                                 0x07f20825   Thumb Code     0  da14535_symbols.txt ABSOLUTE
    i2c_release                              0x07f208f1   Thumb Code     0  da14535_symbols.txt ABSOLUTE
    i2c_master_transmit_buffer_sync          0x07f20915   Thumb Code     0  da14535_symbols.txt ABSOLUTE
    i2c_master_receive_buffer_sync           0x07f2098d   Thumb Code     0  da14535_symbols.txt ABSOLUTE
    i2c_slave_receive_buffer_sync            0x07f20a05   Thumb Code     0  da14535_symbols.txt ABSOLUTE
    i2c_slave_transmit_buffer_sync           0x07f20a2d   Thumb Code     0  da14535_symbols.txt ABSOLUTE
    otpc_dcdc_cfg                            0x07f20a89   Thumb Code     0  da14535_symbols.txt ABSOLUTE
    hw_otpc_enter_mode_ROM                   0x07f20abd   Thumb Code     0  da14535_symbols.txt ABSOLUTE
    hw_otpc_set_speed                        0x07f20b11   Thumb Code     0  da14535_symbols.txt ABSOLUTE
    hw_otpc_init_ROM                         0x07f20b2d   Thumb Code     0  da14535_symbols.txt ABSOLUTE
    hw_otpc_word_prog_and_verify             0x07f20b95   Thumb Code     0  da14535_symbols.txt ABSOLUTE
    hw_otpc_word_read                        0x07f20bd9   Thumb Code     0  da14535_symbols.txt ABSOLUTE
    hw_otpc_prog                             0x07f20bf1   Thumb Code     0  da14535_symbols.txt ABSOLUTE
    hw_otpc_prog_and_verify                  0x07f20c25   Thumb Code     0  da14535_symbols.txt ABSOLUTE
    hw_otpc_read                             0x07f20c5b   Thumb Code     0  da14535_symbols.txt ABSOLUTE
    hw_otpc_disable_ROM                      0x07f20c85   Thumb Code     0  da14535_symbols.txt ABSOLUTE
    adc_set_diff_input                       0x07f20d35   Thumb Code     0  da14535_symbols.txt ABSOLUTE
    adc_set_se_input                         0x07f20d49   Thumb Code     0  da14535_symbols.txt ABSOLUTE
    adc_enable                               0x07f20e79   Thumb Code     0  da14535_symbols.txt ABSOLUTE
    adc_init_ROM                             0x07f20e89   Thumb Code     0  da14535_symbols.txt ABSOLUTE
    adc_reset                                0x07f20ed5   Thumb Code     0  da14535_symbols.txt ABSOLUTE
    adc_disable                              0x07f20f01   Thumb Code     0  da14535_symbols.txt ABSOLUTE
    adc_start                                0x07f20f11   Thumb Code     0  da14535_symbols.txt ABSOLUTE
    adc_get_sample                           0x07f20f21   Thumb Code     0  da14535_symbols.txt ABSOLUTE
    adc_offset_calibrate_ROM                 0x07f20f3d   Thumb Code     0  da14535_symbols.txt ABSOLUTE
    adc_correct_sample_ROM                   0x07f21019   Thumb Code     0  da14535_symbols.txt ABSOLUTE
    adc_get_temp_ROM                         0x07f21071   Thumb Code     0  da14535_symbols.txt ABSOLUTE
    BLE_WAKEUP_LP_Handler_ROM                0x07f2111d   Thumb Code     0  da14535_symbols.txt ABSOLUTE
    rwble_isr_ROM                            0x07f21171   Thumb Code     0  da14535_symbols.txt ABSOLUTE
    rwip_sleep_part1_ROM                     0x07f211a1   Thumb Code     0  da14535_symbols.txt ABSOLUTE
    rwip_sleep_part2_ROM                     0x07f2120d   Thumb Code     0  da14535_symbols.txt ABSOLUTE
    rwip_sleep_part3_ROM                     0x07f21251   Thumb Code     0  da14535_symbols.txt ABSOLUTE
    dis_adpll_ROM                            0x07f212a1   Thumb Code     0  da14535_symbols.txt ABSOLUTE
    kdtc_cal_end_ROM                         0x07f212d1   Thumb Code     0  da14535_symbols.txt ABSOLUTE
    dis_kdtc_cal                             0x07f2131d   Thumb Code     0  da14535_symbols.txt ABSOLUTE
    en_hclk                                  0x07f2132d   Thumb Code     0  da14535_symbols.txt ABSOLUTE
    en_adpll_tx_ROM                          0x07f21339   Thumb Code     0  da14535_symbols.txt ABSOLUTE
    dis_hclk                                 0x07f21379   Thumb Code     0  da14535_symbols.txt ABSOLUTE
    en_kdtc_cal_mod0                         0x07f21395   Thumb Code     0  da14535_symbols.txt ABSOLUTE
    en_kdtc_cal_mod1                         0x07f213b1   Thumb Code     0  da14535_symbols.txt ABSOLUTE
    kdtc_cal_init_ROM                        0x07f213bd   Thumb Code     0  da14535_symbols.txt ABSOLUTE
    kdtc_calibration                         0x07f21421   Thumb Code     0  da14535_symbols.txt ABSOLUTE
    rf_calibration                           0x07f21561   Thumb Code     0  da14535_symbols.txt ABSOLUTE
    rf_adplldig_ldo_on                       0x07f21569   Thumb Code     0  da14535_symbols.txt ABSOLUTE
    rf_adplldig_txmod                        0x07f21575   Thumb Code     0  da14535_symbols.txt ABSOLUTE
    rf_ldo_cont_mode_en                      0x07f21585   Thumb Code     0  da14535_symbols.txt ABSOLUTE
    rf_adplldig_activate                     0x07f215d5   Thumb Code     0  da14535_symbols.txt ABSOLUTE
    rf_adplldig_deactivate                   0x07f21601   Thumb Code     0  da14535_symbols.txt ABSOLUTE
    rf_sleep                                 0x07f21635   Thumb Code     0  da14535_symbols.txt ABSOLUTE
    update_radiopwrupdn_pref_setting         0x07f21651   Thumb Code     0  da14535_symbols.txt ABSOLUTE
    rf_regs                                  0x07f21679   Thumb Code     0  da14535_symbols.txt ABSOLUTE
    ble_update_arp_adpll_calib_vals_ROM      0x07f216b5   Thumb Code     0  da14535_symbols.txt ABSOLUTE
    ble_update_arp_adpll_div_val_ROM         0x07f216d5   Thumb Code     0  da14535_symbols.txt ABSOLUTE
    ble_update_arp_ROM                       0x07f216f5   Thumb Code     0  da14535_symbols.txt ABSOLUTE
    attm_svc_create_db_128                   0x07f21751   Thumb Code     0  da14535_symbols.txt ABSOLUTE
    prf_init_func                            0x07f2195d   Thumb Code     0  da14535_symbols.txt ABSOLUTE
    prf_add_profile_func                     0x07f219dd   Thumb Code     0  da14535_symbols.txt ABSOLUTE
    prf_create_func                          0x07f21a81   Thumb Code     0  da14535_symbols.txt ABSOLUTE
    prf_cleanup_func                         0x07f21abd   Thumb Code     0  da14535_symbols.txt ABSOLUTE
    prf_env_get                              0x07f21afd   Thumb Code     0  da14535_symbols.txt ABSOLUTE
    prf_src_task_get                         0x07f21b29   Thumb Code     0  da14535_symbols.txt ABSOLUTE
    prf_dst_task_get                         0x07f21b39   Thumb Code     0  da14535_symbols.txt ABSOLUTE
    prf_get_id_from_task_func                0x07f21b4d   Thumb Code     0  da14535_symbols.txt ABSOLUTE
    prf_get_task_from_id_func                0x07f21b85   Thumb Code     0  da14535_symbols.txt ABSOLUTE
    prf_reset_func                           0x07f21bbd   Thumb Code     0  da14535_symbols.txt ABSOLUTE
    prf_pack_char_pres_fmt                   0x07f21c2d   Thumb Code     0  da14535_symbols.txt ABSOLUTE
    prf_pack_date_time                       0x07f21c4b   Thumb Code     0  da14535_symbols.txt ABSOLUTE
    prf_unpack_date_time                     0x07f21c6b   Thumb Code     0  da14535_symbols.txt ABSOLUTE
    custs1_prf_itf_get                       0x07f21e3d   Thumb Code     0  da14535_symbols.txt ABSOLUTE
    custs1_init_ccc_values                   0x07f21eef   Thumb Code     0  da14535_symbols.txt ABSOLUTE
    custs1_set_ccc_value                     0x07f21f27   Thumb Code     0  da14535_symbols.txt ABSOLUTE
    check_client_char_cfg                    0x07f223ed   Thumb Code     0  da14535_symbols.txt ABSOLUTE
    get_value_handle                         0x07f22417   Thumb Code     0  da14535_symbols.txt ABSOLUTE
    get_cfg_handle                           0x07f22463   Thumb Code     0  da14535_symbols.txt ABSOLUTE
    custs1_get_att_handle                    0x07f224c5   Thumb Code     0  da14535_symbols.txt ABSOLUTE
    custs1_get_att_idx                       0x07f224e1   Thumb Code     0  da14535_symbols.txt ABSOLUTE
    suotar_prf_itf_get                       0x07f22845   Thumb Code     0  da14535_symbols.txt ABSOLUTE
    app_db_init_start                        0x07f22b35   Thumb Code     0  da14535_symbols.txt ABSOLUTE
    app_db_init                              0x07f22b51   Thumb Code     0  da14535_symbols.txt ABSOLUTE
    app_easy_gap_confirm                     0x07f22b5d   Thumb Code     0  da14535_symbols.txt ABSOLUTE
    append_device_name                       0x07f22b89   Thumb Code     0  da14535_symbols.txt ABSOLUTE
    app_easy_gap_update_adv_data             0x07f22bad   Thumb Code     0  da14535_symbols.txt ABSOLUTE
    active_conidx_to_conhdl                  0x07f22bf5   Thumb Code     0  da14535_symbols.txt ABSOLUTE
    active_conhdl_to_conidx                  0x07f22c19   Thumb Code     0  da14535_symbols.txt ABSOLUTE
    app_easy_gap_disconnect                  0x07f22c55   Thumb Code     0  da14535_symbols.txt ABSOLUTE
    app_easy_gap_advertise_stop              0x07f22c91   Thumb Code     0  da14535_symbols.txt ABSOLUTE
    app_timer_set                            0x07f22cad   Thumb Code     0  da14535_symbols.txt ABSOLUTE
    app_easy_gap_set_data_packet_length      0x07f22cc9   Thumb Code     0  da14535_symbols.txt ABSOLUTE
    get_user_prf_srv_perm                    0x07f22d09   Thumb Code     0  da14535_symbols.txt ABSOLUTE
    app_set_prf_srv_perm                     0x07f22d31   Thumb Code     0  da14535_symbols.txt ABSOLUTE
    prf_init_srv_perm                        0x07f22d61   Thumb Code     0  da14535_symbols.txt ABSOLUTE
    app_gattc_svc_changed_cmd_send           0x07f22d85   Thumb Code     0  da14535_symbols.txt ABSOLUTE
    gapm_cmp_evt_handler_ROM                 0x07f22dd5   Thumb Code     0  da14535_symbols.txt ABSOLUTE
    gapc_cmp_evt_handler_ROM                 0x07f22f63   Thumb Code     0  da14535_symbols.txt ABSOLUTE
    gapc_get_dev_info_req_ind_handler_ROM    0x07f22fe9   Thumb Code     0  da14535_symbols.txt ABSOLUTE
    gapm_adv_report_ind_handler_ROM          0x07f230bd   Thumb Code     0  da14535_symbols.txt ABSOLUTE
    gapc_security_ind_handler_ROM            0x07f230d7   Thumb Code     0  da14535_symbols.txt ABSOLUTE
    gapc_set_dev_info_req_ind_handler_ROM    0x07f230f1   Thumb Code     0  da14535_symbols.txt ABSOLUTE
    gapc_param_update_req_ind_handler_ROM    0x07f23165   Thumb Code     0  da14535_symbols.txt ABSOLUTE
    gapc_le_pkt_size_ind_handler_ROM         0x07f23199   Thumb Code     0  da14535_symbols.txt ABSOLUTE
    gattc_svc_changed_cfg_ind_handler_ROM    0x07f231c1   Thumb Code     0  da14535_symbols.txt ABSOLUTE
    gapc_peer_features_ind_handler_ROM       0x07f231dd   Thumb Code     0  da14535_symbols.txt ABSOLUTE
    app_gap_process_handler                  0x07f231fd   Thumb Code     0  da14535_symbols.txt ABSOLUTE
    app_entry_point_handler                  0x07f23219   Thumb Code     0  da14535_symbols.txt ABSOLUTE
    app_std_process_event                    0x07f23261   Thumb Code     0  da14535_symbols.txt ABSOLUTE
    app_get_address_type                     0x07f232a5   Thumb Code     0  da14535_symbols.txt ABSOLUTE
    app_fill_random_byte_array               0x07f232df   Thumb Code     0  da14535_symbols.txt ABSOLUTE
    __aeabi_uldivmod                         0x07f23611   Thumb Code     0  da14535_symbols.txt ABSOLUTE
    __aeabi_llsr                             0x07f23671   Thumb Code     0  da14535_symbols.txt ABSOLUTE
    _ll_ushift_r                             0x07f23671   Thumb Code     0  da14535_symbols.txt ABSOLUTE
    __ARM_clz                                0x07f23693   Thumb Code     0  da14535_symbols.txt ABSOLUTE
    blank_otp_bdaddr                         0x07f236da   Data           0  da14535_symbols.txt ABSOLUTE
    gap_cfg_user_var_struct                  0x07f236e0   Data           0  da14535_symbols.txt ABSOLUTE
    arp_init_table                           0x07f2377c   Data           0  da14535_symbols.txt ABSOLUTE
    app_default_handler                      0x07f23b98   Data           0  da14535_symbols.txt ABSOLUTE
    __Vectors                                0x07fc0000   Data         160  startup_da14535.o(RESET)
    booter_val                               0x07fc00a0   Data           8  otp_cs.o(otp_cs_booter)
    Image$$ER_IROM3$$Base                    0x07fc0110   Number         0  anon$$obj.o ABSOLUTE
    __main                                   0x07fc0111   Thumb Code     0  entry.o(.ARM.Collect$$$$00000000)
    _main_stk                                0x07fc0111   Thumb Code     0  entry4.o(.ARM.Collect$$$$00000003)
    _main_scatterload                        0x07fc0115   Thumb Code     0  entry5.o(.ARM.Collect$$$$00000004)
    __main_after_scatterload                 0x07fc0119   Thumb Code     0  entry5.o(.ARM.Collect$$$$00000004)
    _main_clock                              0x07fc0119   Thumb Code     0  entry7b.o(.ARM.Collect$$$$00000008)
    _main_cpp_init                           0x07fc0119   Thumb Code     0  entry8b.o(.ARM.Collect$$$$0000000A)
    _main_init                               0x07fc0119   Thumb Code     0  entry9a.o(.ARM.Collect$$$$0000000B)
    __rt_final_cpp                           0x07fc0121   Thumb Code     0  entry10a.o(.ARM.Collect$$$$0000000D)
    __rt_final_exit                          0x07fc0121   Thumb Code     0  entry11a.o(.ARM.Collect$$$$0000000F)
    main                                     0x07fc0159   Thumb Code   380  arch_main.o(.text)
    dummyf                                   0x07fc02f1   Thumb Code     2  jump_table.o(.text)
    crypto_init_func                         0x07fc02f3   Thumb Code     2  jump_table.o(.text)
    ba431_get_rand_func                      0x07fc02f5   Thumb Code    24  jump_table.o(.text)
    dia_rand_func                            0x07fc030d   Thumb Code     8  jump_table.o(.text)
    dia_srand_func                           0x07fc0315   Thumb Code    26  jump_table.o(.text)
    dbg_init_func_empty                      0x07fc032f   Thumb Code     2  jump_table.o(.text)
    dbg_platform_reset_complete_func_empty   0x07fc0331   Thumb Code     2  jump_table.o(.text)
    platform_reset_func                      0x07fc0335   Thumb Code    24  jump_table.o(.text)
    llm_p256_start_dummy_func                0x07fc0359   Thumb Code    28  jump_table.o(.text)
    arch_disable_sleep                       0x07fc0379   Thumb Code    28  arch_sleep.o(.text)
    arch_set_extended_sleep                  0x07fc03a1   Thumb Code    44  arch_sleep.o(.text)
    arch_set_deep_sleep                      0x07fc03d9   Thumb Code   228  arch_sleep.o(.text)
    arch_set_sleep_mode                      0x07fc04e1   Thumb Code    80  arch_sleep.o(.text)
    arch_get_sleep_mode                      0x07fc053d   Thumb Code    20  arch_sleep.o(.text)
    arch_restore_sleep_mode                  0x07fc0555   Thumb Code    68  arch_sleep.o(.text)
    arch_force_active_mode                   0x07fc05a5   Thumb Code    48  arch_sleep.o(.text)
    arch_ble_ext_wakeup_on                   0x07fc05e1   Thumb Code     8  arch_sleep.o(.text)
    arch_ble_ext_wakeup_off                  0x07fc05ed   Thumb Code     8  arch_sleep.o(.text)
    arch_ble_ext_wakeup_get                  0x07fc05f9   Thumb Code     8  arch_sleep.o(.text)
    arch_ble_force_wakeup                    0x07fc0605   Thumb Code    52  arch_sleep.o(.text)
    arch_last_rwble_evt_get                  0x07fc0641   Thumb Code     8  arch_sleep.o(.text)
    init_pwr_and_clk_ble                     0x07fc064d   Thumb Code    40  arch_system.o(.text)
    calibrate_rcx20                          0x07fc0681   Thumb Code    28  arch_system.o(.text)
    read_rcx_freq                            0x07fc06a5   Thumb Code    44  arch_system.o(.text)
    set_sleep_delay                          0x07fc06d9   Thumb Code    84  arch_system.o(.text)
    lld_sleep_us_2_lpcycles_sel_func         0x07fc0749   Thumb Code    20  arch_system.o(.text)
    lld_sleep_lpcycles_2_us_sel_func         0x07fc0769   Thumb Code     8  arch_system.o(.text)
    conditionally_run_radio_cals             0x07fc0771   Thumb Code   144  arch_system.o(.text)
    lld_sleep_us_2_lpcycles_rcx_func         0x07fc0815   Thumb Code    20  arch_system.o(.text)
    lld_sleep_lpcycles_2_us_rcx_func         0x07fc0835   Thumb Code    40  arch_system.o(.text)
    check_sys_startup_period                 0x07fc0861   Thumb Code    16  arch_system.o(.text)
    app_use_lower_clocks_check               0x07fc0879   Thumb Code     4  arch_system.o(.text)
    lld_sleep_init_func                      0x07fc087d   Thumb Code    28  arch_system.o(.text)
    arch_wkupct_tweak_deb_time               0x07fc08a1   Thumb Code    36  arch_system.o(.text)
    arch_set_pxact_gpio                      0x07fc08cd   Thumb Code    36  arch_system.o(.text)
    set_xtal32m_trim_value                   0x07fc08f5   Thumb Code    12  arch_system.o(.text)
    xtal32m_configuration                    0x07fc0905   Thumb Code    12  arch_system.o(.text)
    arch_system_init_vdd_clamp_for_rcx       0x07fc0915   Thumb Code    44  arch_system.o(.text)
    system_init                              0x07fc0949   Thumb Code   460  arch_system.o(.text)
    arch_rom_init                            0x07fc0b51   Thumb Code   212  arch_rom.o(.text)
    patch_func                               0x07fc0ce5   Thumb Code    12  system_library_535.o(.text)
    otp_cs_store_user_handler                0x07fc0cf9   Thumb Code    56  otp_cs.o(.text)
    otp_cs_store                             0x07fc0d39   Thumb Code   140  otp_cs.o(.text)
    otp_cs_load_pd_rad                       0x07fc0ea5   Thumb Code    32  otp_cs.o(.text)
    otp_cs_load_pd_adpll                     0x07fc0ed1   Thumb Code    32  otp_cs.o(.text)
    otp_hdr_get_bd_address                   0x07fc0ef9   Thumb Code    12  otp_hdr.o(.text)
    syscntl_dcdc_turn_off                    0x07fc0f09   Thumb Code    12  syscntl.o(.text)
    syscntl_dcdc_turn_on_in_boost            0x07fc0f19   Thumb Code    16  syscntl.o(.text)
    syscntl_dcdc_turn_on_in_buck             0x07fc0f31   Thumb Code     8  syscntl.o(.text)
    GPIO_init                                0x07fc0f39   Thumb Code   184  gpio.o(.text)
    GPIO_SetPinFunction                      0x07fc0ff5   Thumb Code    14  gpio.o(.text)
    GPIO_GetPinFunction                      0x07fc1003   Thumb Code    10  gpio.o(.text)
    GPIO_ConfigurePin                        0x07fc100d   Thumb Code    18  gpio.o(.text)
    GPIO_ConfigurePinPower                   0x07fc101f   Thumb Code    12  gpio.o(.text)
    GPIO_SetActive                           0x07fc102b   Thumb Code    10  gpio.o(.text)
    GPIO_SetInactive                         0x07fc1035   Thumb Code    10  gpio.o(.text)
    GPIO_GetPinStatus                        0x07fc103f   Thumb Code    10  gpio.o(.text)
    GPIO_is_valid                            0x07fc1049   Thumb Code    10  gpio.o(.text)
    GPIO_EnableIRQ                           0x07fc1053   Thumb Code    22  gpio.o(.text)
    GPIO_RegisterCallback                    0x07fc1069   Thumb Code    24  gpio.o(.text)
    GPIOn_Handler                            0x07fc1085   Thumb Code    48  gpio.o(.text)
    GPIO0_Handler                            0x07fc10bd   Thumb Code    10  gpio.o(.text)
    GPIO1_Handler                            0x07fc10c7   Thumb Code    10  gpio.o(.text)
    GPIO2_Handler                            0x07fc10d1   Thumb Code    10  gpio.o(.text)
    GPIO3_Handler                            0x07fc10db   Thumb Code    10  gpio.o(.text)
    GPIO4_Handler                            0x07fc10e5   Thumb Code    10  gpio.o(.text)
    GPIO_EnablePorPin                        0x07fc10ef   Thumb Code    14  gpio.o(.text)
    WKUP_QUADEC_Handler                      0x07fc10fd   Thumb Code   148  wkupct_quadec.o(.text)
    wkupct_enable_irq                        0x07fc11a5   Thumb Code     8  wkupct_quadec.o(.text)
    wkupct2_enable_irq                       0x07fc11ad   Thumb Code     8  wkupct_quadec.o(.text)
    wkupct_register_callback                 0x07fc11b5   Thumb Code     8  wkupct_quadec.o(.text)
    wkupct2_register_callback                0x07fc11c1   Thumb Code     8  wkupct_quadec.o(.text)
    quad_decoder_register_callback           0x07fc11cd   Thumb Code     8  wkupct_quadec.o(.text)
    adc_init                                 0x07fc11d9   Thumb Code    32  adc_531.o(.text)
    adc_input_shift_enable                   0x07fc1205   Thumb Code     2  adc_531.o(.text)
    adc_input_shift_disable                  0x07fc1207   Thumb Code     2  adc_531.o(.text)
    adc_input_shift_config                   0x07fc1209   Thumb Code     2  adc_531.o(.text)
    adc_register_interrupt                   0x07fc120d   Thumb Code    40  adc_531.o(.text)
    adc_unregister_interrupt                 0x07fc1245   Thumb Code    36  adc_531.o(.text)
    adc_offset_calibrate                     0x07fc1279   Thumb Code    32  adc_531.o(.text)
    ADC_Handler                              0x07fc12a5   Thumb Code    20  adc_531.o(.text)
    adc_correct_sample                       0x07fc12c1   Thumb Code    12  adc_531.o(.text)
    adc_temp_sensor_enable                   0x07fc12d1   Thumb Code    16  adc_531.o(.text)
    adc_get_temp                             0x07fc12e5   Thumb Code    12  adc_531.o(.text)
    adc_get_temp_async                       0x07fc132d   Thumb Code    36  adc_531.o(.text)
    adc_store_offsets                        0x07fc1355   Thumb Code    20  adc_531.o(.text)
    adc_load_offsets                         0x07fc1375   Thumb Code    32  adc_531.o(.text)
    adc_reset_offsets                        0x07fc13a1   Thumb Code    28  adc_531.o(.text)
    init_rand_seed_from_trng                 0x07fc13c5   Thumb Code   104  trng.o(.text)
    systick_register_callback                0x07fc1449   Thumb Code     8  systick.o(.text)
    SysTick_Handler                          0x07fc1455   Thumb Code    16  systick.o(.text)
    systick_start                            0x07fc1469   Thumb Code    60  systick.o(.text)
    systick_stop                             0x07fc14a9   Thumb Code    24  systick.o(.text)
    systick_wait                             0x07fc14c5   Thumb Code    36  systick.o(.text)
    systick_value                            0x07fc14ed   Thumb Code    12  systick.o(.text)
    UART2_Handler                            0x07fc14fd   Thumb Code   192  uart.o(.text)
    uart_baudrate_setf                       0x07fc15c9   Thumb Code    36  uart.o(.text)
    uart_register_tx_cb                      0x07fc15ed   Thumb Code    20  uart.o(.text)
    uart_register_rx_cb                      0x07fc1609   Thumb Code    20  uart.o(.text)
    uart_register_err_cb                     0x07fc1625   Thumb Code    20  uart.o(.text)
    uart_initialize                          0x07fc1641   Thumb Code   176  uart.o(.text)
    uart_send                                0x07fc16f9   Thumb Code    96  uart.o(.text)
    uart_receive                             0x07fc1789   Thumb Code    96  uart.o(.text)
    uart_disable_flow_control                0x07fc17f9   Thumb Code    12  uart.o(.text)
    hw_otpc_is_dcdc_reserved                 0x07fc1845   Thumb Code     8  hw_otpc_531.o(.text)
    hw_otpc_clear_dcdc_reserved              0x07fc1851   Thumb Code     8  hw_otpc_531.o(.text)
    hw_otpc_init                             0x07fc185d   Thumb Code    12  hw_otpc_531.o(.text)
    hw_otpc_enter_mode                       0x07fc1871   Thumb Code     8  hw_otpc_531.o(.text)
    hw_otpc_disable                          0x07fc1879   Thumb Code    12  hw_otpc_531.o(.text)
    i2c_master_transmit_buffer_async         0x07fc188d   Thumb Code    52  i2c.o(.text)
    i2c_register_int                         0x07fc18cd   Thumb Code    12  i2c.o(.text)
    i2c_master_receive_buffer_async          0x07fc196d   Thumb Code    36  i2c.o(.text)
    i2c_slave_receive_buffer_async           0x07fc1a11   Thumb Code    28  i2c.o(.text)
    i2c_slave_transmit_buffer_async          0x07fc1a8d   Thumb Code    32  i2c.o(.text)
    i2c_unregister_int                       0x07fc1b4d   Thumb Code    20  i2c.o(.text)
    I2C_Handler                              0x07fc1b6d   Thumb Code    28  i2c.o(.text)
    lld_sleep_compensate_func                0x07fc1bf5   Thumb Code    64  rwble.o(.text)
    BLE_WAKEUP_LP_Handler                    0x07fc1c49   Thumb Code    20  rwble.o(.text)
    power_up                                 0x07fc1c65   Thumb Code    68  rwble.o(.text)
    rwble_isr                                0x07fc1d35   Thumb Code    44  rwble.o(.text)
    patched_ble_regs_push                    0x07fc1d65   Thumb Code    16  rwip.o(.text)
    patched_ble_regs_pop                     0x07fc1d7d   Thumb Code    16  rwip.o(.text)
    rwip_sleep                               0x07fc1d95   Thumb Code   324  rwip.o(.text)
    rf_reg_rd                                0x07fc1f25   Thumb Code     4  ble_arp.o(.text)
    rf_reg_wr                                0x07fc1f29   Thumb Code     2  ble_arp.o(.text)
    rf_init_func                             0x07fc1f2d   Thumb Code   164  ble_arp.o(.text)
    rf_reinit_func                           0x07fc2051   Thumb Code    88  ble_arp.o(.text)
    ble_init_arp_func                        0x07fc20b1   Thumb Code    44  ble_arp.o(.text)
    rf_recalibration                         0x07fc20f1   Thumb Code    36  ble_arp.o(.text)
    set_recommended_settings                 0x07fc2119   Thumb Code   408  rf_531.o(.text)
    dcoff_calibration                        0x07fc2331   Thumb Code   208  rf_531.o(.text)
    kdco_calibration                         0x07fc241d   Thumb Code   348  rf_531.o(.text)
    en_adpll_tx                              0x07fc258d   Thumb Code    48  rf_531.o(.text)
    dis_adpll                                0x07fc25cd   Thumb Code    36  rf_531.o(.text)
    rf_power_up                              0x07fc25fd   Thumb Code     2  rf_531.o(.text)
    rf_power_down                            0x07fc25ff   Thumb Code     2  rf_531.o(.text)
    kdtc_cal_init                            0x07fc2601   Thumb Code   100  rf_531.o(.text)
    kdtc_cal_end                             0x07fc266d   Thumb Code    76  rf_531.o(.text)
    kdco_cal_init                            0x07fc26c1   Thumb Code    20  rf_531.o(.text)
    kdco_cal_end                             0x07fc26dd   Thumb Code    16  rf_531.o(.text)
    dis_kdco_cal                             0x07fc26f5   Thumb Code    24  rf_531.o(.text)
    rf_pa_pwr_set                            0x07fc2711   Thumb Code     8  rf_531.o(.text)
    rf_pa_pwr_get                            0x07fc271d   Thumb Code     8  rf_531.o(.text)
    rf_nfm_is_enabled                        0x07fc2729   Thumb Code     8  rf_531.o(.text)
    rf_nfm_enable                            0x07fc2735   Thumb Code    24  rf_531.o(.text)
    rf_nfm_disable                           0x07fc2755   Thumb Code    20  rf_531.o(.text)
    diss_prf_itf_get                         0x07fc2841   Thumb Code     4  diss.o(.text)
    diss_compute_cfg_flag                    0x07fc2849   Thumb Code    40  diss.o(.text)
    diss_handle_to_value                     0x07fc2871   Thumb Code    42  diss.o(.text)
    diss_value_to_handle                     0x07fc289b   Thumb Code    48  diss.o(.text)
    diss_check_val_len                       0x07fc28cb   Thumb Code    46  diss.o(.text)
    default_advertise_operation              0x07fc2af9   Thumb Code     8  app_default_handlers.o(.text)
    default_app_on_init                      0x07fc2b01   Thumb Code    18  app_default_handlers.o(.text)
    default_app_on_connection                0x07fc2b15   Thumb Code    28  app_default_handlers.o(.text)
    default_app_on_disconnect                0x07fc2b35   Thumb Code     8  app_default_handlers.o(.text)
    default_app_on_set_dev_config_complete   0x07fc2b3d   Thumb Code    16  app_default_handlers.o(.text)
    default_app_on_db_init_complete          0x07fc2b4d   Thumb Code     8  app_default_handlers.o(.text)
    default_app_on_get_dev_name              0x07fc2b55   Thumb Code    20  app_default_handlers.o(.text)
    default_app_on_get_dev_appearance        0x07fc2b6d   Thumb Code     8  app_default_handlers.o(.text)
    default_app_on_get_dev_slv_pref_params   0x07fc2b79   Thumb Code    18  app_default_handlers.o(.text)
    default_app_on_set_dev_info              0x07fc2b8d   Thumb Code    52  app_default_handlers.o(.text)
    default_app_update_params_request        0x07fc2bc5   Thumb Code    12  app_default_handlers.o(.text)
    default_app_generate_static_random_addr  0x07fc2bd1   Thumb Code    44  app_default_handlers.o(.text)
    default_app_generate_unique_static_random_addr 0x07fc2bfd   Thumb Code   108  app_default_handlers.o(.text)
    default_app_on_provide_local_irk         0x07fc2c9d   Thumb Code    44  app_default_handlers.o(.text)
    app_db_init_next                         0x07fc2ce1   Thumb Code    76  app.o(.text)
    app_prf_enable                           0x07fc2d39   Thumb Code    40  app.o(.text)
    app_init                                 0x07fc2d65   Thumb Code    52  app.o(.text)
    app_easy_gap_undirected_advertise_get_active 0x07fc2da5   Thumb Code     8  app.o(.text)
    app_easy_gap_undirected_advertise_start  0x07fc2e19   Thumb Code    28  app.o(.text)
    app_easy_gap_directed_advertise_get_active 0x07fc2e39   Thumb Code     8  app.o(.text)
    app_easy_gap_directed_advertise_start    0x07fc2eb9   Thumb Code    28  app.o(.text)
    app_easy_gap_non_connectable_advertise_get_active 0x07fc2ed9   Thumb Code     8  app.o(.text)
    app_easy_gap_non_connectable_advertise_start 0x07fc2f4d   Thumb Code    36  app.o(.text)
    app_easy_gap_undirected_advertise_with_timeout_start 0x07fc2f75   Thumb Code    40  app.o(.text)
    app_easy_gap_advertise_with_timeout_stop 0x07fc2fc1   Thumb Code    24  app.o(.text)
    app_easy_gap_param_update_get_active     0x07fc2fdd   Thumb Code     8  app.o(.text)
    app_easy_gap_param_update_start          0x07fc3031   Thumb Code    24  app.o(.text)
    app_easy_gap_start_connection_to_get_active 0x07fc304d   Thumb Code     8  app.o(.text)
    app_easy_gap_start_connection_to_set     0x07fc30a1   Thumb Code    38  app.o(.text)
    app_easy_gap_start_connection_to         0x07fc30c9   Thumb Code    20  app.o(.text)
    app_easy_gap_start_scan_get_active       0x07fc30e1   Thumb Code    56  app.o(.text)
    app_easy_gap_start_scan                  0x07fc3121   Thumb Code    28  app.o(.text)
    app_easy_gap_scan_stop                   0x07fc3141   Thumb Code    24  app.o(.text)
    app_easy_gap_dev_config_get_active       0x07fc315d   Thumb Code     8  app.o(.text)
    app_easy_gap_dev_configure               0x07fc31d5   Thumb Code    20  app.o(.text)
    app_easy_gap_get_peer_features           0x07fc31ed   Thumb Code    28  app.o(.text)
    app_dis_init                             0x07fc320d   Thumb Code     2  app_diss.o(.text)
    app_diss_create_db                       0x07fc3211   Thumb Code    52  app_diss.o(.text)
    app_diss_process_handler                 0x07fc3249   Thumb Code    28  app_diss_task.o(.text)
    app_check_BLE_active                     0x07fc3321   Thumb Code    32  app_msg_utils.o(.text)
    app_msg_send_wakeup_ble                  0x07fc334d   Thumb Code    24  app_msg_utils.o(.text)
    app_timer_api_process_handler            0x07fc3365   Thumb Code   228  app_easy_timer.o(.text)
    app_easy_timer                           0x07fc3465   Thumb Code    60  app_easy_timer.o(.text)
    app_easy_timer_cancel                    0x07fc34e5   Thumb Code    76  app_easy_timer.o(.text)
    app_easy_timer_modify                    0x07fc3541   Thumb Code   104  app_easy_timer.o(.text)
    app_easy_timer_cancel_all                0x07fc35bd   Thumb Code    40  app_easy_timer.o(.text)
    custs_get_func_callbacks                 0x07fc35ed   Thumb Code    24  app_customs.o(.text)
    app_custs1_init                          0x07fc3609   Thumb Code     2  app_customs.o(.text)
    app_custs1_create_db                     0x07fc360d   Thumb Code    52  app_customs.o(.text)
    app_custs1_process_handler               0x07fc3645   Thumb Code    26  app_customs_task.o(.text)
    app_generate_static_key                  0x07fc3661   Thumb Code    80  app_utils.o(.text)
    GPIO_reservations                        0x07fc36b1   Thumb Code   352  user_periph_setup.o(.text)
    set_pad_functions                        0x07fc3819   Thumb Code   132  user_periph_setup.o(.text)
    periph_init                              0x07fc38a1   Thumb Code   152  user_periph_setup.o(.text)
    user_app_init                            0x07fc3955   Thumb Code   124  user_peripheral.o(.text)
    user_app_adv_start                       0x07fc3a69   Thumb Code   136  user_peripheral.o(.text)
    user_app_connection                      0x07fc3afd   Thumb Code   100  user_peripheral.o(.text)
    user_app_adv_undirect_complete           0x07fc3b91   Thumb Code    12  user_peripheral.o(.text)
    user_app_disconnect                      0x07fc3b9d   Thumb Code    60  user_peripheral.o(.text)
    user_catch_rest_hndl                     0x07fc3c19   Thumb Code   208  user_peripheral.o(.text)
    read_buttons                             0x07fc3d91   Thumb Code    36  user_custs1_impl.o(.text)
    tick_timer_cb                            0x07fc3db9   Thumb Code   480  user_custs1_impl.o(.text)
    start_tick_timer                         0x07fc3fc9   Thumb Code    28  user_custs1_impl.o(.text)
    user_custs1_init_defaults                0x07fc3fed   Thumb Code    16  user_custs1_impl.o(.text)
    user_svc1_outputs_wr_ind_handler         0x07fc4001   Thumb Code    68  user_custs1_impl.o(.text)
    user_svc1_set_time_wr_ind_handler        0x07fc4079   Thumb Code   148  user_custs1_impl.o(.text)
    user_svc1_buttons_cfg_ind_handler        0x07fc4145   Thumb Code    36  user_custs1_impl.o(.text)
    user_svc1_time_cfg_ind_handler           0x07fc418d   Thumb Code    36  user_custs1_impl.o(.text)
    user_svc1_temperature_cfg_ind_handler    0x07fc41d1   Thumb Code    36  user_custs1_impl.o(.text)
    user_svc1_humidity_cfg_ind_handler       0x07fc4215   Thumb Code    36  user_custs1_impl.o(.text)
    user_svc1_rest_att_info_req_handler      0x07fc4259   Thumb Code    88  user_custs1_impl.o(.text)
    user_svc1_time_read_req_handler          0x07fc42b5   Thumb Code   160  user_custs1_impl.o(.text)
    aht20_init                               0x07fc4385   Thumb Code    76  user_aht20.o(.text)
    aht20_trigger_measurement                0x07fc4429   Thumb Code    32  user_aht20.o(.text)
    aht20_is_busy                            0x07fc4469   Thumb Code    22  user_aht20.o(.text)
    i2c_scan_bus                             0x07fc44ad   Thumb Code   176  user_aht20.o(.text)
    aht20_read                               0x07fc45b5   Thumb Code   112  user_aht20.o(.text)
    JT_llm_le_adv_report_ind_func            0x07fc4665   Thumb Code   300  patch_3.o(.text)
    patch_data1                              0x07fc4791   Thumb Code     2  patch_3.o(.text)
    patch_data2                              0x07fc4793   Thumb Code     2  patch_3.o(.text)
    patch_global_vars_init                   0x07fc4795   Thumb Code     2  patch_3.o(.text)
    _WAIT                                    0x07fc47ad   Thumb Code    10  common.o(.text)
    _WAIT10                                  0x07fc47b7   Thumb Code    10  common.o(.text)
    _WAIT100                                 0x07fc47c1   Thumb Code    10  common.o(.text)
    _WAIT400                                 0x07fc47cb   Thumb Code    10  common.o(.text)
    _WAIT1000                                0x07fc47d5   Thumb Code    10  common.o(.text)
    __scatterload                            0x07fc47e9   Thumb Code    38  init.o(.text)
    __scatterload_rt2                        0x07fc47e9   Thumb Code     0  init.o(.text)
    HardFault_HandlerC                       0x07fc4819   Thumb Code   132  hardfault_handler.o(.text.HardFault_HandlerC)
    NMI_HandlerC                             0x07fc48a1   Thumb Code   164  nmi_handler.o(.text.NMI_HandlerC)
    __scatterload_copy                       0x07fc4961   Thumb Code    14  handlers.o(i.__scatterload_copy)
    __scatterload_null                       0x07fc496f   Thumb Code     2  handlers.o(i.__scatterload_null)
    __scatterload_zeroinit                   0x07fc4971   Thumb Code    14  handlers.o(i.__scatterload_zeroinit)
    BLE_RF_DIAG_Handler                      0x07fc4981   Thumb Code     2  startup_da14535.o(startup_code_DA14xxx)
    BusFault_Handler                         0x07fc4981   Thumb Code     2  startup_da14535.o(startup_code_DA14xxx)
    DMA_Handler                              0x07fc4981   Thumb Code     2  startup_da14535.o(startup_code_DA14xxx)
    DebugMon_Handler                         0x07fc4981   Thumb Code     2  startup_da14535.o(startup_code_DA14xxx)
    Default_Handler                          0x07fc4981   Thumb Code     2  startup_da14535.o(startup_code_DA14xxx)
    KEYBRD_Handler                           0x07fc4981   Thumb Code     2  startup_da14535.o(startup_code_DA14xxx)
    MemManage_Handler                        0x07fc4981   Thumb Code     2  startup_da14535.o(startup_code_DA14xxx)
    PendSV_Handler                           0x07fc4981   Thumb Code     2  startup_da14535.o(startup_code_DA14xxx)
    RESERVED21_Handler                       0x07fc4981   Thumb Code     2  startup_da14535.o(startup_code_DA14xxx)
    RESERVED22_Handler                       0x07fc4981   Thumb Code     2  startup_da14535.o(startup_code_DA14xxx)
    RESERVED23_Handler                       0x07fc4981   Thumb Code     2  startup_da14535.o(startup_code_DA14xxx)
    RFCAL_Handler                            0x07fc4981   Thumb Code     2  startup_da14535.o(startup_code_DA14xxx)
    RTC_Handler                              0x07fc4981   Thumb Code     2  startup_da14535.o(startup_code_DA14xxx)
    SPI_Handler                              0x07fc4981   Thumb Code     2  startup_da14535.o(startup_code_DA14xxx)
    SVC_Handler                              0x07fc4981   Thumb Code     2  startup_da14535.o(startup_code_DA14xxx)
    SWTIM1_Handler                           0x07fc4981   Thumb Code     2  startup_da14535.o(startup_code_DA14xxx)
    SWTIM_Handler                            0x07fc4981   Thumb Code     2  startup_da14535.o(startup_code_DA14xxx)
    SecureFault_Handler                      0x07fc4981   Thumb Code     2  startup_da14535.o(startup_code_DA14xxx)
    UsageFault_Handler                       0x07fc4981   Thumb Code     2  startup_da14535.o(startup_code_DA14xxx)
    XTAL32M_RDY_Handler                      0x07fc4981   Thumb Code     2  startup_da14535.o(startup_code_DA14xxx)
    Reset_Handler                            0x07fc4985   Thumb Code    16  startup_da14535.o(startup_code_DA14xxx)
    NMI_Handler                              0x07fc4999   Thumb Code    26  startup_da14535.o(startup_code_DA14xxx)
    HardFault_Handler                        0x07fc49b3   Thumb Code    26  startup_da14535.o(startup_code_DA14xxx)
    SystemInit                               0x07fc49d5   Thumb Code    12  system_da14535.o(system_DA14xxx)
    app_process_handlers                     0x07fc4a68   Data          20  app_entry_point.o(.rodata.app_process_handlers)
    ble_irq                                  0x07fc4a84   Data          88  rwble.o(.rodata.ble_irq)
    cust_prf_funcs                           0x07fc4adc   Data          56  user_custs_config.o(.rodata.cust_prf_funcs)
    custs1_att_db                            0x07fc4b14   Data         460  user_custs1_def.o(.rodata.custs1_att_db)
    custs1_services                          0x07fc4ce0   Data           2  user_custs1_def.o(.rodata.custs1_services)
    custs1_services_size                     0x07fc4ce2   Data           1  user_custs1_def.o(.rodata.custs1_services_size)
    diss_att_db                              0x07fc4cf4   Data         228  diss.o(.rodata.diss_att_db)
    diss_default_handler                     0x07fc4dd8   Data           8  diss_task.o(.rodata.diss_default_handler)
    diss_default_state                       0x07fc4de0   Data          24  diss_task.o(.rodata.diss_default_state)
    diss_itf                                 0x07fc4df8   Data          16  diss.o(.rodata.diss_itf)
    my_custom_msg_handlers                   0x07fc4e1c   Data           8  system_library_535.o(.rodata.my_custom_msg_handlers)
    prf_funcs                                0x07fc4e44   Data          24  app.o(.rodata.prf_funcs)
    prf_if                                   0x07fc4e5c   Data          24  prf.o(.rodata.prf_if)
    rom_app_task_cfg                         0x07fc4e74   Data          32  app_entry_point.o(.rodata.rom_app_task_cfg)
    rom_cfg_table_var                        0x07fc4e94   Data         248  jump_table.o(.rodata.rom_cfg_table_var)
    rom_chacha20_cfg                         0x07fc4f8c   Data          16  chacha20.o(.rodata.rom_chacha20_cfg)
    rom_console_cfg                          0x07fc4f9c   Data          36  arch_console.o(.rodata.rom_console_cfg)
    rom_cust_prf_cfg                         0x07fc4fc0   Data          16  custs1.o(.rodata.rom_cust_prf_cfg)
    rom_func_addr_table_var                  0x07fc4fd0   Data         384  jump_table.o(.rodata.rom_func_addr_table_var)
    rom_nvds_cfg                             0x07fc5150   Data           8  nvds.o(.rodata.rom_nvds_cfg)
    rom_prf_cfg                              0x07fc5158   Data          12  prf.o(.rodata.rom_prf_cfg)
    Region$$Table$$Base                      0x07fc5244   Number         0  anon$$obj.o(Region$$Table)
    Region$$Table$$Limit                     0x07fc5274   Number         0  anon$$obj.o(Region$$Table)
    pa_en_dcf_tx_setting                     0x07fc5274   Data           1  rf_531.o(.data.pa_en_dcf_tx_setting)
    startup_sleep_delay                      0x07fc5278   Data           4  arch_system.o(.data.startup_sleep_delay)
    cfg_enhanced_tx_pwr_ctrl                 0x07fc5280   Data           1  otp_cs.o(.bss..L_MergedGlobals)
    rwip_sleep_step                          0x07fc529c   Data           4  rwip.o(.bss..L_MergedGlobals)
    twext_value                              0x07fc52a0   Data           4  rwip.o(.bss..L_MergedGlobals)
    s_buttons_ntf_enabled                    0x07fc52a4   Data           1  user_custs1_impl.o(.bss..L_MergedGlobals)
    s_time_ntf_enabled                       0x07fc52a5   Data           1  user_custs1_impl.o(.bss..L_MergedGlobals)
    s_buttons_mask                           0x07fc52a6   Data           1  user_custs1_impl.o(.bss..L_MergedGlobals)
    s_hours                                  0x07fc52a7   Data           1  user_custs1_impl.o(.bss..L_MergedGlobals)
    s_minutes                                0x07fc52a8   Data           1  user_custs1_impl.o(.bss..L_MergedGlobals)
    s_seconds                                0x07fc52a9   Data           1  user_custs1_impl.o(.bss..L_MergedGlobals)
    s_tick_timer                             0x07fc52aa   Data           1  user_custs1_impl.o(.bss..L_MergedGlobals)
    s_connected                              0x07fc52ab   Data           1  user_custs1_impl.o(.bss..L_MergedGlobals)
    s_aht20_ready                            0x07fc52ac   Data           1  user_custs1_impl.o(.bss..L_MergedGlobals)
    s_temp_ntf_enabled                       0x07fc52ad   Data           1  user_custs1_impl.o(.bss..L_MergedGlobals)
    s_hum_ntf_enabled                        0x07fc52ae   Data           1  user_custs1_impl.o(.bss..L_MergedGlobals)
    s_aht20_present                          0x07fc52af   Data           1  user_custs1_impl.o(.bss..L_MergedGlobals)
    s_temperature_x10                        0x07fc52b0   Data           2  user_custs1_impl.o(.bss..L_MergedGlobals)
    s_humidity_x10                           0x07fc52b2   Data           2  user_custs1_impl.o(.bss..L_MergedGlobals)
    s_epoch                                  0x07fc52b4   Data           4  user_custs1_impl.o(.bss..L_MergedGlobals)
    s_epoch_written                          0x07fc52b8   Data           4  user_custs1_impl.o(.bss..L_MergedGlobals)
    twirq_reset_value                        0x07fc52bc   Data           4  arch_system.o(.bss..L_MergedGlobals.1)
    twirq_set_value                          0x07fc52c0   Data           4  arch_system.o(.bss..L_MergedGlobals.1)
    calibration_res                          0x07fc52c6   Data          42  rf_531.o(.bss.calibration_res)
    otp_hdr_timestamp                        0x07fc53f4   Data           4  arch_system.o(.bss.otp_hdr_timestamp)
    s_outputs_mask                           0x07fc53fa   Data           1  user_custs1_impl.o(.bss.s_outputs_mask)
    syscntl_dcdc_state                       0x07fc53fb   Data           2  syscntl.o(.bss.syscntl_dcdc_state)
    stack_var                                0x07fc5400   Data        1792  startup_da14535.o(.bss.stack)
    Image$$ARM_LIB_STACK$$ZI$$Limit          0x07fc5b00   Number         0  anon$$obj.o ABSOLUTE
    rwip_heap_non_ret                        0x07fc5b00   Data        1036  jump_table.o(.bss.heap_mem_area_not_ret)
    clk_freq_trim_reg_value                  0x07fccbd0   Data           2  arch_system.o(.bss.retention_mem_area0)
    lp_clk_sel                               0x07fccbd4   Data           4  arch_system.o(.bss.retention_mem_area0)
    force_rf_cal                             0x07fccbd8   Data           1  arch_system.o(.bss.retention_mem_area0)
    iq_trim_bias_ctrl1_reg                   0x07fccbda   Data           2  arch_system.o(.bss.retention_mem_area0)
    iq_trim_rf_mixer_ctrl1_reg               0x07fccbdc   Data           2  arch_system.o(.bss.retention_mem_area0)
    heap_usage_env                           0x07fccbde   Data           8  arch_system.o(.bss.retention_mem_area0)
    heap_usage_db                            0x07fccbe6   Data           8  arch_system.o(.bss.retention_mem_area0)
    heap_usage_msg                           0x07fccbee   Data           8  arch_system.o(.bss.retention_mem_area0)
    heap_usage_nonRet                        0x07fccbf6   Data           8  arch_system.o(.bss.retention_mem_area0)
    rcx_cal_in_progress                      0x07fccc00   Data           1  arch_system.o(.bss.retention_mem_area0)
    rf_cal_last_temp                         0x07fccc01   Data           1  arch_system.o(.bss.retention_mem_area0)
    sys_startup_flag                         0x07fccc02   Data           1  arch_system.o(.bss.retention_mem_area0)
    xtal_wait_trim                           0x07fccc04   Data           2  arch_system.o(.bss.retention_mem_area0)
    arch_wkupct_deb_time                     0x07fccc06   Data           2  arch_system.o(.bss.retention_mem_area0)
    last_time                                0x07fccc08   Data           4  arch_system.o(.bss.retention_mem_area0)
    dev_bdaddr                               0x07fccc10   Data           6  arch_system.o(.bss.retention_mem_area0)
    rcx_time_data                            0x07fccc18   Data          16  arch_system.o(.bss.retention_mem_area0)
    heap_log                                 0x07fccc28   Data           2  system_library_535.o(.bss.retention_mem_area0)
    skip_slave_latency_mask                  0x07fccc2a   Data           1  system_library_535.o(.bss.retention_mem_area0)
    otp_cs                                   0x07fccc2c   Data         140  otp_cs.o(.bss.retention_mem_area0)
    GPIOHandlerFunction                      0x07fcccb8   Data          20  gpio.o(.bss.retention_mem_area0)
    GPIO_status                              0x07fcccd0   Data           8  gpio.o(.bss.retention_mem_area0)
    GPIO                                     0x07fcccd8   Data          48  gpio.o(.bss.retention_mem_area0)
    dcdc_reserved                            0x07fccd60   Data           1  hw_otpc_531.o(.bss.retention_mem_area0)
    arch_rwble_last_event                    0x07fccd9c   Data           1  rwble.o(.bss.retention_mem_area0)
    set_boost_low_vbat1v_overhead            0x07fccd9d   Data           1  rwble.o(.bss.retention_mem_area0)
    ble_finetim_corr                         0x07fccda0   Data           4  rwble.o(.bss.retention_mem_area0)
    retained_BLE_EM_BASE_REG                 0x07fccda4   Data           4  rwip.o(.bss.retention_mem_area0)
    sleep_lp_cycles                          0x07fccda8   Data           4  rwip.o(.bss.retention_mem_area0)
    slp_period_retained                      0x07fccdac   Data           4  rwip.o(.bss.retention_mem_area0)
    rf_tx_pwr_lvl                            0x07fccdb0   Data           1  rf_531.o(.bss.retention_mem_area0)
    prf_env                                  0x07fccdb8   Data          48  prf.o(.bss.retention_mem_area0)
    app_prf_srv_perm                         0x07fccdfc   Data          20  app.o(.bss.retention_mem_area0)
    app_env                                  0x07fcce18   Data          12  app.o(.bss.retention_mem_area0)
    device_info                              0x07fcce24   Data          36  app.o(.bss.retention_mem_area0)
    app_state                                0x07fcce48   Data           1  app_task.o(.bss.retention_mem_area0)
    app_param_update_request_timer_used      0x07fcce9c   Data           1  user_peripheral.o(.bss.retention_mem_area0)
    stored_adv_data_len                      0x07fcce9d   Data           1  user_peripheral.o(.bss.retention_mem_area0)
    stored_scan_rsp_data_len                 0x07fcce9e   Data           1  user_peripheral.o(.bss.retention_mem_area0)
    app_adv_data_update_timer_used           0x07fcce9f   Data           1  user_peripheral.o(.bss.retention_mem_area0)
    app_connection_idx                       0x07fccea0   Data           1  user_peripheral.o(.bss.retention_mem_area0)
    mnf_data_index                           0x07fccea1   Data           1  user_peripheral.o(.bss.retention_mem_area0)
    mnf_data                                 0x07fccea2   Data           6  user_peripheral.o(.bss.retention_mem_area0)
    stored_adv_data                          0x07fccea8   Data          31  user_peripheral.o(.bss.retention_mem_area0)
    stored_scan_rsp_data                     0x07fccec7   Data          31  user_peripheral.o(.bss.retention_mem_area0)
    Image$$RET_HEAP_DB$$Base                 0x07fccee8   Number         0  anon$$obj.o ABSOLUTE
    rwip_heap_db_ret                         0x07fccee8   Data        1036  jump_table.o(.bss.heap_db_area)
    rwip_heap_env_ret                        0x07fcd2f4   Data         700  jump_table.o(.bss.heap_env_area)
    rwip_heap_msg_ret                        0x07fcd5b0   Data        1404  jump_table.o(.bss.heap_msg_area)
    dummy                                    0x07fcdc00   Data           0  da14535_symbols.txt ABSOLUTE
    trng_state_val                           0x07fcf89c   Data           4  trng.o(.bss.trng_state)
    ble_wakeup_executed                      0x07fcf900   Data           0  da14535_symbols.txt ABSOLUTE
    rf_in_sleep                              0x07fcf901   Data           0  da14535_symbols.txt ABSOLUTE
    custom_preinit                           0x07fcf904   Data           0  da14535_symbols.txt ABSOLUTE
    custom_postinit                          0x07fcf908   Data           0  da14535_symbols.txt ABSOLUTE
    custom_appinit                           0x07fcf90c   Data           0  da14535_symbols.txt ABSOLUTE
    custom_preloop                           0x07fcf910   Data           0  da14535_symbols.txt ABSOLUTE
    custom_preschedule                       0x07fcf914   Data           0  da14535_symbols.txt ABSOLUTE
    custom_postschedule                      0x07fcf918   Data           0  da14535_symbols.txt ABSOLUTE
    custom_postschedule_async                0x07fcf91c   Data           0  da14535_symbols.txt ABSOLUTE
    custom_presleepcheck                     0x07fcf920   Data           0  da14535_symbols.txt ABSOLUTE
    custom_appsleepset                       0x07fcf924   Data           0  da14535_symbols.txt ABSOLUTE
    custom_postsleepcheck                    0x07fcf928   Data           0  da14535_symbols.txt ABSOLUTE
    custom_presleepenter                     0x07fcf92c   Data           0  da14535_symbols.txt ABSOLUTE
    custom_postsleepexit                     0x07fcf930   Data           0  da14535_symbols.txt ABSOLUTE
    custom_prewakeup                         0x07fcf934   Data           0  da14535_symbols.txt ABSOLUTE
    custom_postwakeup                        0x07fcf938   Data           0  da14535_symbols.txt ABSOLUTE
    custom_preidlecheck                      0x07fcf93c   Data           0  da14535_symbols.txt ABSOLUTE
    custom_pti_set                           0x07fcf940   Data           0  da14535_symbols.txt ABSOLUTE
    REG_BLE_EM_TX_BUFFER_SIZE                0x07fcf944   Data           0  da14535_symbols.txt ABSOLUTE
    REG_BLE_EM_RX_BUFFER_SIZE                0x07fcf948   Data           0  da14535_symbols.txt ABSOLUTE
    _ble_base                                0x07fcf94c   Data           0  da14535_symbols.txt ABSOLUTE
    gap_cfg_user                             0x07fcf950   Data           0  da14535_symbols.txt ABSOLUTE
    rom_func_addr_table                      0x07fcf954   Data           0  da14535_symbols.txt ABSOLUTE
    rom_cfg_table                            0x07fcf958   Data           0  da14535_symbols.txt ABSOLUTE
    BLE_TX_DESC_DATA_USER                    0x07fcf95c   Data           0  da14535_symbols.txt ABSOLUTE
    BLE_TX_DESC_CNTL_USER                    0x07fcf960   Data           0  da14535_symbols.txt ABSOLUTE
    LLM_LE_ADV_DUMMY_IDX                     0x07fcf964   Data           0  da14535_symbols.txt ABSOLUTE
    LLM_LE_SCAN_CON_REQ_ADV_DIR_IDX          0x07fcf968   Data           0  da14535_symbols.txt ABSOLUTE
    LLM_LE_SCAN_RSP_IDX                      0x07fcf96c   Data           0  da14535_symbols.txt ABSOLUTE
    LLM_LE_ADV_IDX                           0x07fcf970   Data           0  da14535_symbols.txt ABSOLUTE
    length_exchange_needed                   0x07fcf974   Data           0  da14535_symbols.txt ABSOLUTE
    lld_force_timeout_refresh                0x07fcf97a   Data           0  da14535_symbols.txt ABSOLUTE
    rx_pkt_cnt                               0x07fcf980   Data           0  da14535_symbols.txt ABSOLUTE
    rx_pkt_cnt_bad                           0x07fcf984   Data           0  da14535_symbols.txt ABSOLUTE
    rx_pkt_cnt_bad_adv                       0x07fcf988   Data           0  da14535_symbols.txt ABSOLUTE
    rx_pkt_cnt_bad_scn                       0x07fcf98c   Data           0  da14535_symbols.txt ABSOLUTE
    rx_pkt_cnt_bad_oth                       0x07fcf990   Data           0  da14535_symbols.txt ABSOLUTE
    rx_pkt_cnt_bad_wo_sync_err               0x07fcf994   Data           0  da14535_symbols.txt ABSOLUTE
    llc_state                                0x07fcf998   Data           0  da14535_symbols.txt ABSOLUTE
    lld_sleep_env                            0x07fcf99c   Data           0  da14535_symbols.txt ABSOLUTE
    lld_wlcoex_enable                        0x07fcf9a0   Data           0  da14535_symbols.txt ABSOLUTE
    ble_duplicate_filter_max                 0x07fcf9a1   Data           0  da14535_symbols.txt ABSOLUTE
    ble_duplicate_filter_found               0x07fcf9a2   Data           0  da14535_symbols.txt ABSOLUTE
    set_adv_data_discard_old                 0x07fcf9a3   Data           0  da14535_symbols.txt ABSOLUTE
    llm_local_le_feats                       0x07fcf9a4   Data           0  da14535_symbols.txt ABSOLUTE
    llm_local_le_states                      0x07fcf9ac   Data           0  da14535_symbols.txt ABSOLUTE
    llm_bt_env                               0x07fcf9b4   Data           0  da14535_symbols.txt ABSOLUTE
    tx_cnt_cntl_cnt                          0x07fcf9bc   Data           0  da14535_symbols.txt ABSOLUTE
    llm_state                                0x07fcf9c0   Data           0  da14535_symbols.txt ABSOLUTE
    delay_us_cnt                             0x07fcf9c2   Data           0  da14535_symbols.txt ABSOLUTE
    gtl_state                                0x07fcf9c4   Data           0  da14535_symbols.txt ABSOLUTE
    use_h4tl                                 0x07fcf9c5   Data           0  da14535_symbols.txt ABSOLUTE
    hci_cmd_desc_root_tab                    0x07fcf9c8   Data           0  da14535_symbols.txt ABSOLUTE
    gattc_state                              0x07fcf9f8   Data           0  da14535_symbols.txt ABSOLUTE
    gattm_state                              0x07fcf9fb   Data           0  da14535_symbols.txt ABSOLUTE
    l2cc_state                               0x07fcf9fc   Data           0  da14535_symbols.txt ABSOLUTE
    l2cm_env                                 0x07fcfa00   Data           0  da14535_symbols.txt ABSOLUTE
    gapc_state                               0x07fcfa06   Data           0  da14535_symbols.txt ABSOLUTE
    gapm_state                               0x07fcfa09   Data           0  da14535_symbols.txt ABSOLUTE
    whitelist_fix                            0x07fcfa0a   Data           0  da14535_symbols.txt ABSOLUTE
    ke_free_bad                              0x07fcfa0c   Data           0  da14535_symbols.txt ABSOLUTE
    DISABLE_KE_TASK_ALTERNATIVE_SAVED_QUEUE  0x07fcfa10   Data           0  da14535_symbols.txt ABSOLUTE
    rwip_env                                 0x07fcfa18   Data           0  da14535_symbols.txt ABSOLUTE
    _rand_state_ROM_DATA                     0x07fcfa20   Data           0  da14535_symbols.txt ABSOLUTE
    custom_msg_handlers                      0x07fcfa24   Data           0  da14535_symbols.txt ABSOLUTE
    ble_reg_save                             0x07fcfa28   Data           0  da14535_symbols.txt ABSOLUTE
    sleep_env                                0x07fcfa78   Data           0  da14535_symbols.txt ABSOLUTE
    uart_env                                 0x07fcfa7c   Data           0  da14535_symbols.txt ABSOLUTE
    ke_mem_heaps_used                        0x07fcfaa0   Data           0  da14535_symbols.txt ABSOLUTE
    co_buf_env                               0x07fcfaa4   Data           0  da14535_symbols.txt ABSOLUTE
    llc_env                                  0x07fcfb3c   Data           0  da14535_symbols.txt ABSOLUTE
    lld_evt_env                              0x07fcfb48   Data           0  da14535_symbols.txt ABSOLUTE
    llm_le_env                               0x07fcfb74   Data           0  da14535_symbols.txt ABSOLUTE
    llm_local_cmds                           0x07fcfc3c   Data           0  da14535_symbols.txt ABSOLUTE
    gtl_env                                  0x07fcfcbc   Data           0  da14535_symbols.txt ABSOLUTE
    hci_env                                  0x07fcfd04   Data           0  da14535_symbols.txt ABSOLUTE
    h4tl_env                                 0x07fcfd14   Data           0  da14535_symbols.txt ABSOLUTE
    gattc_env                                0x07fcfd2c   Data           0  da14535_symbols.txt ABSOLUTE
    gattm_env                                0x07fcfd38   Data           0  da14535_symbols.txt ABSOLUTE
    l2cc_env                                 0x07fcfd5c   Data           0  da14535_symbols.txt ABSOLUTE
    ecdh_key                                 0x07fcfd68   Data           0  da14535_symbols.txt ABSOLUTE
    gapc_env                                 0x07fcfdc8   Data           0  da14535_symbols.txt ABSOLUTE
    gapm_env                                 0x07fcfdd4   Data           0  da14535_symbols.txt ABSOLUTE
    ke_env                                   0x07fcfe00   Data           0  da14535_symbols.txt ABSOLUTE
    rwip_rf                                  0x07fcfee4   Data           0  da14535_symbols.txt ABSOLUTE



==============================================================================

Memory Map of the image

  Image Entry point : 0x07fc0111

  Load Region LR_IROM1 (Base: 0x07fc0000, Size: 0x000000a8, Max: 0x000000c0, ABSOLUTE)

    Execution Region ER_IROM1 (Exec base: 0x07fc0000, Load base: 0x07fc0000, Size: 0x000000a8, Max: 0x000000c0, ABSOLUTE)

    Exec Addr    Load Addr    Size         Type   Attr      Idx    E Section Name        Object

    0x07fc0000   0x07fc0000   0x000000a0   Data   RO           16    RESET               startup_da14535.o
    0x07fc00a0   0x07fc00a0   0x00000008   Data   RW          145    otp_cs_booter       otp_cs.o



  Load Region LR_IROM2 (Base: 0x07fc00c0, Size: 0x00000000, Max: 0x00000050, ABSOLUTE)

    Execution Region ER_IROM2 (Exec base: 0x07fc00c0, Load base: 0x07fc00c0, Size: 0x00000050, Max: 0x00000050, ABSOLUTE)

    Exec Addr    Load Addr    Size         Type   Attr      Idx    E Section Name        Object

    0x07fc00c0        -       0x00000050   Zero   RW            1    ER_IROM2.bss        anon$$obj.o



  Load Region LR_IROM3 (Base: 0x07fc0110, Size: 0x0000516c, Max: 0x0000cab0, ABSOLUTE)

    Execution Region ER_IROM3 (Exec base: 0x07fc0110, Load base: 0x07fc0110, Size: 0x0000516c, Max: 0x0000cab0, ABSOLUTE)

    Exec Addr    Load Addr    Size         Type   Attr      Idx    E Section Name        Object

    0x07fc0110   0x07fc0110   0x00000000   Code   RO          665  * .ARM.Collect$$$$00000000  mc_p.l(entry.o)
    0x07fc0110   0x07fc0110   0x00000004   Code   RO          666    .ARM.Collect$$$$00000003  mc_p.l(entry4.o)
    0x07fc0114   0x07fc0114   0x00000004   Code   RO          669    .ARM.Collect$$$$00000004  mc_p.l(entry5.o)
    0x07fc0118   0x07fc0118   0x00000000   Code   RO          671    .ARM.Collect$$$$00000008  mc_p.l(entry7b.o)
    0x07fc0118   0x07fc0118   0x00000000   Code   RO          673    .ARM.Collect$$$$0000000A  mc_p.l(entry8b.o)
    0x07fc0118   0x07fc0118   0x00000008   Code   RO          674    .ARM.Collect$$$$0000000B  mc_p.l(entry9a.o)
    0x07fc0120   0x07fc0120   0x00000000   Code   RO          676    .ARM.Collect$$$$0000000D  mc_p.l(entry10a.o)
    0x07fc0120   0x07fc0120   0x00000000   Code   RO          678    .ARM.Collect$$$$0000000F  mc_p.l(entry11a.o)
    0x07fc0120   0x07fc0120   0x00000004   Code   RO          667    .ARM.Collect$$$$00002714  mc_p.l(entry4.o)
    0x07fc0124   0x07fc0124   0x00000034   Code   RO           42    .text               arch_console.o
    0x07fc0158   0x07fc0158   0x00000198   Code   RO           60    .text               arch_main.o
    0x07fc02f0   0x07fc02f0   0x00000088   Code   RO           70    .text               jump_table.o
    0x07fc0378   0x07fc0378   0x000002d4   Code   RO           84    .text               arch_sleep.o
    0x07fc064c   0x07fc064c   0x00000504   Code   RO           94    .text               arch_system.o
    0x07fc0b50   0x07fc0b50   0x00000194   Code   RO          115    .text               arch_rom.o
    0x07fc0ce4   0x07fc0ce4   0x00000014   Code   RO          134    .text               system_library_535.o
    0x07fc0cf8   0x07fc0cf8   0x00000200   Code   RO          143    .text               otp_cs.o
    0x07fc0ef8   0x07fc0ef8   0x00000010   Code   RO          154    .text               otp_hdr.o
    0x07fc0f08   0x07fc0f08   0x00000030   Code   RO          162    .text               syscntl.o
    0x07fc0f38   0x07fc0f38   0x000001c4   Code   RO          171    .text               gpio.o
    0x07fc10fc   0x07fc10fc   0x000000dc   Code   RO          181    .text               wkupct_quadec.o
    0x07fc11d8   0x07fc11d8   0x000001ec   Code   RO          199    .text               adc_531.o
    0x07fc13c4   0x07fc13c4   0x00000084   Code   RO          210    .text               trng.o
    0x07fc1448   0x07fc1448   0x000000b4   Code   RO          249    .text               systick.o
    0x07fc14fc   0x07fc14fc   0x00000348   Code   RO          258    .text               uart.o
    0x07fc1844   0x07fc1844   0x00000048   Code   RO          268    .text               hw_otpc_531.o
    0x07fc188c   0x07fc188c   0x00000368   Code   RO          278    .text               i2c.o
    0x07fc1bf4   0x07fc1bf4   0x00000170   Code   RO          289    .text               rwble.o
    0x07fc1d64   0x07fc1d64   0x000001c0   Code   RO          299    .text               rwip.o
    0x07fc1f24   0x07fc1f24   0x000001f4   Code   RO          309    .text               ble_arp.o
    0x07fc2118   0x07fc2118   0x00000654   Code   RO          318    .text               rf_531.o
    0x07fc276c   0x07fc276c   0x0000018c   Code   RO          341    .text               diss.o
    0x07fc28f8   0x07fc28f8   0x00000200   Code   RO          351    .text               diss_task.o
    0x07fc2af8   0x07fc2af8   0x000001e8   Code   RO          441    .text               app_default_handlers.o
    0x07fc2ce0   0x07fc2ce0   0x0000052c   Code   RO          451    .text               app.o
    0x07fc320c   0x07fc320c   0x0000003c   Code   RO          480    .text               app_diss.o
    0x07fc3248   0x07fc3248   0x000000d8   Code   RO          488    .text               app_diss_task.o
    0x07fc3320   0x07fc3320   0x00000044   Code   RO          509    .text               app_msg_utils.o
    0x07fc3364   0x07fc3364   0x00000288   Code   RO          527    .text               app_easy_timer.o
    0x07fc35ec   0x07fc35ec   0x00000058   Code   RO          537    .text               app_customs.o
    0x07fc3644   0x07fc3644   0x0000001a   Code   RO          545    .text               app_customs_task.o
    0x07fc365e   0x07fc365e   0x00000002   PAD
    0x07fc3660   0x07fc3660   0x00000050   Code   RO          562    .text               app_utils.o
    0x07fc36b0   0x07fc36b0   0x000002a4   Code   RO          615    .text               user_periph_setup.o
    0x07fc3954   0x07fc3954   0x0000043c   Code   RO          626    .text               user_peripheral.o
    0x07fc3d90   0x07fc3d90   0x000005f4   Code   RO          637    .text               user_custs1_impl.o
    0x07fc4384   0x07fc4384   0x000002e0   Code   RO          648    .text               user_aht20.o
    0x07fc4664   0x07fc4664   0x00000148   Code   RO          658    .text               da14535.lib(patch_3.o)
    0x07fc47ac   0x07fc47ac   0x0000003c   Code   RO          663    .text               da14535.lib(common.o)
    0x07fc47e8   0x07fc47e8   0x00000030   Code   RO          680    .text               mc_p.l(init.o)
    0x07fc4818   0x07fc4818   0x00000088   Code   RO           25    .text.HardFault_HandlerC  hardfault_handler.o
    0x07fc48a0   0x07fc48a0   0x000000c0   Code   RO           34    .text.NMI_HandlerC  nmi_handler.o
    0x07fc4960   0x07fc4960   0x0000000e   Code   RO          684    i.__scatterload_copy  mc_p.l(handlers.o)
    0x07fc496e   0x07fc496e   0x00000002   Code   RO          685    i.__scatterload_null  mc_p.l(handlers.o)
    0x07fc4970   0x07fc4970   0x0000000e   Code   RO          686    i.__scatterload_zeroinit  mc_p.l(handlers.o)
    0x07fc497e   0x07fc497e   0x00000002   PAD
    0x07fc4980   0x07fc4980   0x00000054   Code   RO           14    startup_code_DA14xxx  startup_da14535.o
    0x07fc49d4   0x07fc49d4   0x00000010   Code   RO            4    system_DA14xxx      system_da14535.o
    0x07fc49e4   0x07fc49e4   0x0000000c   Data   RO          203    .rodata..L__const.adc_offset_calibrate.fixed  adc_531.o
    0x07fc49f0   0x07fc49f0   0x00000010   Data   RO          605    .rodata.SVC1_BUTTONS_UUID_128  user_custs1_def.o
    0x07fc4a00   0x07fc4a00   0x00000010   Data   RO          609    .rodata.SVC1_HUMIDITY_UUID_128  user_custs1_def.o
    0x07fc4a10   0x07fc4a10   0x00000010   Data   RO          604    .rodata.SVC1_OUTPUTS_UUID_128  user_custs1_def.o
    0x07fc4a20   0x07fc4a20   0x00000010   Data   RO          601    .rodata.SVC1_SET_TIME_UUID_128  user_custs1_def.o
    0x07fc4a30   0x07fc4a30   0x00000010   Data   RO          608    .rodata.SVC1_TEMPERATURE_UUID_128  user_custs1_def.o
    0x07fc4a40   0x07fc4a40   0x00000010   Data   RO          607    .rodata.SVC1_TIME_UUID_128  user_custs1_def.o
    0x07fc4a50   0x07fc4a50   0x00000010   Data   RO          455    .rodata.TASK_DESC_APP  app.o
    0x07fc4a60   0x07fc4a60   0x00000008   Data   RO          490    .rodata.app_diss_process_handlers  app_diss_task.o
    0x07fc4a68   0x07fc4a68   0x00000014   Data   RO          501    .rodata.app_process_handlers  app_entry_point.o
    0x07fc4a7c   0x07fc4a7c   0x00000002   Data   RO          600    .rodata.att_decl_char  user_custs1_def.o
    0x07fc4a7e   0x07fc4a7e   0x00000002   Data   RO          598    .rodata.att_decl_svc  user_custs1_def.o
    0x07fc4a80   0x07fc4a80   0x00000002   Data   RO          606    .rodata.att_desc_cfg  user_custs1_def.o
    0x07fc4a82   0x07fc4a82   0x00000002   Data   RO          602    .rodata.att_desc_user_desc  user_custs1_def.o
    0x07fc4a84   0x07fc4a84   0x00000058   Data   RO          291    .rodata.ble_irq     rwble.o
    0x07fc4adc   0x07fc4adc   0x00000038   Data   RO          589    .rodata.cust_prf_funcs  user_custs_config.o
    0x07fc4b14   0x07fc4b14   0x000001cc   Data   RO          610    .rodata.custs1_att_db  user_custs1_def.o
    0x07fc4ce0   0x07fc4ce0   0x00000002   Data   RO          595    .rodata.custs1_services  user_custs1_def.o
    0x07fc4ce2   0x07fc4ce2   0x00000001   Data   RO          596    .rodata.custs1_services_size  user_custs1_def.o
    0x07fc4ce3   0x07fc4ce3   0x00000010   Data   RO          599    .rodata.custs1_svc1  user_custs1_def.o
    0x07fc4cf3   0x07fc4cf3   0x00000001   PAD
    0x07fc4cf4   0x07fc4cf4   0x000000e4   Data   RO          343    .rodata.diss_att_db  diss.o
    0x07fc4dd8   0x07fc4dd8   0x00000008   Data   RO          354    .rodata.diss_default_handler  diss_task.o
    0x07fc4de0   0x07fc4de0   0x00000018   Data   RO          353    .rodata.diss_default_state  diss_task.o
    0x07fc4df8   0x07fc4df8   0x00000010   Data   RO          344    .rodata.diss_itf    diss.o
    0x07fc4e08   0x07fc4e08   0x00000014   Data   RO          443    .rodata.irk_key_seed  app_default_handlers.o
    0x07fc4e1c   0x07fc4e1c   0x00000008   Data   RO          136    .rodata.my_custom_msg_handlers  system_library_535.o
    0x07fc4e24   0x07fc4e24   0x0000000e   Data   RO           54    .rodata.nvds_data_storage  nvds.o
    0x07fc4e32   0x07fc4e32   0x00000010   Data   RO          617    .rodata.periph_init.i2c_cfg  user_periph_setup.o
    0x07fc4e42   0x07fc4e42   0x00000002   PAD
    0x07fc4e44   0x07fc4e44   0x00000018   Data   RO          453    .rodata.prf_funcs   app.o
    0x07fc4e5c   0x07fc4e5c   0x00000018   Data   RO          433    .rodata.prf_if      prf.o
    0x07fc4e74   0x07fc4e74   0x00000020   Data   RO          504    .rodata.rom_app_task_cfg  app_entry_point.o
    0x07fc4e94   0x07fc4e94   0x000000f8   Data   RO           77    .rodata.rom_cfg_table_var  jump_table.o
    0x07fc4f8c   0x07fc4f8c   0x00000010   Data   RO          125    .rodata.rom_chacha20_cfg  chacha20.o
    0x07fc4f9c   0x07fc4f9c   0x00000024   Data   RO           46    .rodata.rom_console_cfg  arch_console.o
    0x07fc4fc0   0x07fc4fc0   0x00000010   Data   RO          424    .rodata.rom_cust_prf_cfg  custs1.o
    0x07fc4fd0   0x07fc4fd0   0x00000180   Data   RO           72    .rodata.rom_func_addr_table_var  jump_table.o
    0x07fc5150   0x07fc5150   0x00000008   Data   RO           55    .rodata.rom_nvds_cfg  nvds.o
    0x07fc5158   0x07fc5158   0x0000000c   Data   RO          435    .rodata.rom_prf_cfg  prf.o
    0x07fc5164   0x07fc5164   0x00000016   Data   RO          491    .rodata.str1.1      app_diss_task.o
    0x07fc517a   0x07fc517a   0x0000002e   Data   RO          603    .rodata.str1.1      user_custs1_def.o
    0x07fc51a8   0x07fc51a8   0x00000007   Data   RO          640    .rodata.str1.1      user_custs1_impl.o
    0x07fc51af   0x07fc51af   0x00000001   PAD
    0x07fc51b0   0x07fc51b0   0x00000023   Data   RO          454    .rodata.str1.4      app.o
    0x07fc51d3   0x07fc51d3   0x00000001   PAD
    0x07fc51d4   0x07fc51d4   0x00000018   Data   RO          618    .rodata.uart_cfg    user_periph_setup.o
    0x07fc51ec   0x07fc51ec   0x00000058   Data   RO          503    .rodata.user_app_callbacks  app_entry_point.o
    0x07fc5244   0x07fc5244   0x00000030   Data   RO          683    Region$$Table       anon$$obj.o
    0x07fc5274   0x07fc5274   0x00000001   Data   RW          320    .data.pa_en_dcf_tx_setting  rf_531.o
    0x07fc5275   0x07fc5275   0x00000003   PAD
    0x07fc5278   0x07fc5278   0x00000004   Data   RW           96    .data.startup_sleep_delay  arch_system.o


    Execution Region ER_PRODTEST (Exec base: 0x07fc5280, Load base: 0x07fc527c, Size: 0x00000000, Max: 0xffffffff, ABSOLUTE, UNINIT)

    **** No section assigned to this execution region ****


    Execution Region ER_ZI (Exec base: 0x07fc5280, Load base: 0x07fc527c, Size: 0x00000180, Max: 0xffffffff, ABSOLUTE)

    Exec Addr    Load Addr    Size         Type   Attr      Idx    E Section Name        Object

    0x07fc5280        -       0x00000008   Zero   RW          147    .bss..L_MergedGlobals  otp_cs.o
    0x07fc5288        -       0x00000014   Zero   RW          213    .bss..L_MergedGlobals  trng.o
    0x07fc529c        -       0x00000008   Zero   RW          302    .bss..L_MergedGlobals  rwip.o
    0x07fc52a4        -       0x00000018   Zero   RW          641    .bss..L_MergedGlobals  user_custs1_impl.o
    0x07fc52bc        -       0x00000008   Zero   RW           99    .bss..L_MergedGlobals.1  arch_system.o
    0x07fc52c4        -       0x00000002   Zero   RW          201    .bss.cal_val        adc_531.o
    0x07fc52c6        -       0x0000002a   Zero   RW          321    .bss.calibration_res  rf_531.o
    0x07fc52f0        -       0x00000100   Zero   RW           44    .bss.current_msg_buffer  arch_console.o
    0x07fc53f0        -       0x00000004   Zero   RW          322    .bss.fsm_ctrl_reg   rf_531.o
    0x07fc53f4        -       0x00000004   Zero   RW           97    .bss.otp_hdr_timestamp  arch_system.o
    0x07fc53f8        -       0x00000002   Zero   RW          651    .bss.s_last_abort   user_aht20.o
    0x07fc53fa        -       0x00000001   Zero   RW          639    .bss.s_outputs_mask  user_custs1_impl.o
    0x07fc53fb        -       0x00000002   Zero   RW          164    .bss.syscntl_dcdc_state  syscntl.o


    Execution Region ARM_LIB_STACK (Exec base: 0x07fc5400, Load base: 0x07fc527c, Size: 0x00000700, Max: 0xffffffff, ABSOLUTE)

    Exec Addr    Load Addr    Size         Type   Attr      Idx    E Section Name        Object

    0x07fc5400        -       0x00000700   Zero   RW           17    .bss.stack          startup_da14535.o


    Execution Region ER_NZI (Exec base: 0x07fc5b00, Load base: 0x07fc527c, Size: 0x0000040c, Max: 0xffffffff, ABSOLUTE, UNINIT)

    Exec Addr    Load Addr    Size         Type   Attr      Idx    E Section Name        Object

    0x07fc5b00        -       0x0000040c   Zero   RW           73    .bss.heap_mem_area_not_ret  jump_table.o


    Execution Region ER_STATEFUL_HIBERNATION (Exec base: 0x07fc5f0c, Load base: 0x07fc527c, Size: 0x00000000, Max: 0xffffffff, ABSOLUTE, UNINIT)

    **** No section assigned to this execution region ****



  Load Region LR_RETAINED_RAM0 (Base: 0x07fccbc0, Size: 0x00000000, Max: 0x00001444, ABSOLUTE)

    Execution Region RET_DATA_UNINIT (Exec base: 0x07fccbc0, Load base: 0x07fccbc0, Size: 0x00000000, Max: 0x00000000, ABSOLUTE, UNINIT)

    **** No section assigned to this execution region ****


    Execution Region RET_DATA (Exec base: 0x07fccbc0, Load base: 0x07fccbc0, Size: 0x00000328, Max: 0x00000800, ABSOLUTE)

    Exec Addr    Load Addr    Size         Type   Attr      Idx    E Section Name        Object

    0x07fccbc0        -       0x00000009   Zero   RW           45    .bss.retention_mem_area0  arch_console.o
    0x07fccbc9        -       0x00000004   Zero   RW           86    .bss.retention_mem_area0  arch_sleep.o
    0x07fccbcd   0x07fccbc0   0x00000003   PAD
    0x07fccbd0        -       0x00000058   Zero   RW           98    .bss.retention_mem_area0  arch_system.o
    0x07fccc28        -       0x00000003   Zero   RW          137    .bss.retention_mem_area0  system_library_535.o
    0x07fccc2b   0x07fccbc0   0x00000001   PAD
    0x07fccc2c        -       0x0000008c   Zero   RW          146    .bss.retention_mem_area0  otp_cs.o
    0x07fcccb8        -       0x00000050   Zero   RW          173    .bss.retention_mem_area0  gpio.o
    0x07fccd08        -       0x0000000c   Zero   RW          183    .bss.retention_mem_area0  wkupct_quadec.o
    0x07fccd14        -       0x00000008   Zero   RW          202    .bss.retention_mem_area0  adc_531.o
    0x07fccd1c        -       0x00000004   Zero   RW          251    .bss.retention_mem_area0  systick.o
    0x07fccd20        -       0x00000040   Zero   RW          260    .bss.retention_mem_area0  uart.o
    0x07fccd60        -       0x00000001   Zero   RW          270    .bss.retention_mem_area0  hw_otpc_531.o
    0x07fccd61   0x07fccbc0   0x00000003   PAD
    0x07fccd64        -       0x00000038   Zero   RW          280    .bss.retention_mem_area0  i2c.o
    0x07fccd9c        -       0x00000008   Zero   RW          292    .bss.retention_mem_area0  rwble.o
    0x07fccda4        -       0x0000000c   Zero   RW          301    .bss.retention_mem_area0  rwip.o
    0x07fccdb0        -       0x00000008   Zero   RW          323    .bss.retention_mem_area0  rf_531.o
    0x07fccdb8        -       0x00000030   Zero   RW          434    .bss.retention_mem_area0  prf.o
    0x07fccde8        -       0x00000060   Zero   RW          456    .bss.retention_mem_area0  app.o
    0x07fcce48        -       0x00000001   Zero   RW          466    .bss.retention_mem_area0  app_task.o
    0x07fcce49   0x07fccbc0   0x00000003   PAD
    0x07fcce4c        -       0x00000050   Zero   RW          529    .bss.retention_mem_area0  app_easy_timer.o
    0x07fcce9c        -       0x0000004a   Zero   RW          629    .bss.retention_mem_area0  user_peripheral.o


    Execution Region RET_HEAP_DB (Exec base: 0x07fccee8, Load base: 0x07fccbc0, Size: 0x0000040c, Max: 0xffffffff, ABSOLUTE, UNINIT)

    Exec Addr    Load Addr    Size         Type   Attr      Idx    E Section Name        Object

    0x07fccee8        -       0x0000040c   Zero   RW           75    .bss.heap_db_area   jump_table.o


    Execution Region RET_HEAP_ENV (Exec base: 0x07fcd2f4, Load base: 0x07fccbc0, Size: 0x000002bc, Max: 0xffffffff, ABSOLUTE, UNINIT)

    Exec Addr    Load Addr    Size         Type   Attr      Idx    E Section Name        Object

    0x07fcd2f4        -       0x000002bc   Zero   RW           74    .bss.heap_env_area  jump_table.o


    Execution Region RET_HEAP_MSG (Exec base: 0x07fcd5b0, Load base: 0x07fccbc0, Size: 0x0000057c, Max: 0xffffffff, ABSOLUTE, UNINIT)

    Exec Addr    Load Addr    Size         Type   Attr      Idx    E Section Name        Object

    0x07fcd5b0        -       0x0000057c   Zero   RW           76    .bss.heap_msg_area  jump_table.o



  Load Region LR_FREE_AREA (Base: 0x07fce000, Size: 0x00000000, Max: 0x00001900, ABSOLUTE)

    Execution Region ER_FREE_AREA_AT_TX_CNTL_BUFFER (Exec base: 0x07fce884, Load base: 0x07fce000, Size: 0x00000000, Max: 0x000000de, ABSOLUTE)

    **** No section assigned to this execution region ****


    Execution Region ER_FREE_AREA_AT_TX_ADV_1_BUFFER (Exec base: 0x07fce988, Load base: 0x07fce000, Size: 0x00000000, Max: 0x000000e0, ABSOLUTE)

    **** No section assigned to this execution region ****


    Execution Region ER_FREE_AREA_AT_TX_ADV_2_BUFFER (Exec base: 0x07fcea90, Load base: 0x07fce000, Size: 0x00000000, Max: 0x000000de, ABSOLUTE)

    **** No section assigned to this execution region ****


    Execution Region ER_FREE_AREA_AT_TX_ADV_3_BUFFER (Exec base: 0x07fceb94, Load base: 0x07fce000, Size: 0x00000000, Max: 0x000000e0, ABSOLUTE)

    **** No section assigned to this execution region ****


    Execution Region ER_FREE_AREA (Exec base: 0x07fcf4ac, Load base: 0x07fce000, Size: 0x00000000, Max: 0x000003f0, ABSOLUTE)

    **** No section assigned to this execution region ****



  Load Region LR_RETAINED_TRNG_STATE (Base: 0x07fcf89c, Size: 0x00000000, Max: 0x00000004, ABSOLUTE)

    Execution Region RET_DATA_UNINIT_TRNG_STATE (Exec base: 0x07fcf89c, Load base: 0x07fcf89c, Size: 0x00000004, Max: 0x00000004, ABSOLUTE, UNINIT)

    Exec Addr    Load Addr    Size         Type   Attr      Idx    E Section Name        Object

    0x07fcf89c        -       0x00000004   Zero   RW          212    .bss.trng_state     trng.o



  Load Region LR_RETAINED_CHACHA_STATE (Base: 0x07fcf8a0, Size: 0x00000000, Max: 0x00000060, ABSOLUTE)

    Execution Region RET_DATA_UNINIT_CHACHA_STATE (Exec base: 0x07fcf8a0, Load base: 0x07fcf8a0, Size: 0x00000060, Max: 0x00000060, ABSOLUTE, UNINIT)

    Exec Addr    Load Addr    Size         Type   Attr      Idx    E Section Name        Object

    0x07fcf8a0        -       0x00000060   Zero   RW          124    .bss.chacha20_state  chacha20.o


==============================================================================

Image component sizes


      Code (inc. data)   RO Data    RW Data    ZI Data      Debug   Object Name

       492        120         12          0         10       6546   adc_531.o
      1324        192         75          0         96      20823   app.o
        88          8          0          0          0       7055   app_customs.o
        26          0          0          0          0       1400   app_customs_task.o
       488         92         20          0          0      12263   app_default_handlers.o
        60          4          0          0          0       6328   app_diss.o
       216         74         30          0          0       3438   app_diss_task.o
       648         76          0          0         80       6173   app_easy_timer.o
         0          0        140          0          0       6630   app_entry_point.o
        68         12          0          0          0       1375   app_msg_utils.o
         0          0          0          0          1        905   app_task.o
        80          0          0          0          0       2192   app_utils.o
        52          8         36          0        265       4273   arch_console.o
       408         28          0          0          0       5498   arch_main.o
       404        192          0          0          0       3203   arch_rom.o
       724        124          0          0          4       5641   arch_sleep.o
      1284        208          0          4        100      11799   arch_system.o
       500         80          0          0          0       4834   ble_arp.o
         0          0         16          0         96       1042   chacha20.o
         0          0         16          0          0       2912   custs1.o
       396         16        244          0          0      22225   diss.o
       512         16         32          0          0      13393   diss_task.o
       452         16          0          0         80       7205   gpio.o
       136          4          0          0          0       2360   hardfault_handler.o
        72         24          0          0          1       2357   hw_otpc_531.o
       872        160          0          0         56      10744   i2c.o
       136         16        632          0       4176       3262   jump_table.o
       192         28          0          0          0       3682   nmi_handler.o
         0          0         22          0          0       1289   nvds.o
       512        108          0          8        148       5085   otp_cs.o
        16          4          0          0          0        750   otp_hdr.o
         0          0         36          0         48       2109   prf.o
      1620        264          0          1         54       8299   rf_531.o
       368         56         88          0          8       3286   rwble.o
       448         92          0          0         20       4642   rwip.o
        84         12        160          0       1792       1359   startup_da14535.o
        48         12          0          0          2       2231   syscntl.o
        16          4          0          0          0        810   system_da14535.o
        20          8          8          0          3       1373   system_library_535.o
       180         24          0          0          4       1811   systick.o
       132         28          0          0         24       1355   trng.o
       840        100          0          0         64      12808   uart.o
       736        240          0          0          2       6766   user_aht20.o
         0          0        629          0          0       1823   user_custs1_def.o
      1524        376          7          0         25      16388   user_custs1_impl.o
         0          0         56          0          0       3043   user_custs_config.o
       676         40         40          0          0       8452   user_periph_setup.o
      1084        324          0          0         74      18403   user_peripheral.o
       220         32          0          0         12       2406   wkupct_quadec.o

    ----------------------------------------------------------------------
     18156       3222       2352         16       7340     284046   Object Totals
         0          0         48          0         80          0   (incl. Generated)
         2          0          5          3         15          0   (incl. Padding)

    ----------------------------------------------------------------------

      Code (inc. data)   RO Data    RW Data    ZI Data      Debug   Library Member Name

        60         10          0          0          0        164   common.o
       328         32          0          0          0        176   patch_3.o
         0          0          0          0          0          0   entry.o
         0          0          0          0          0          0   entry10a.o
         0          0          0          0          0          0   entry11a.o
         8          4          0          0          0          0   entry4.o
         4          0          0          0          0          0   entry5.o
         0          0          0          0          0          0   entry7b.o
         0          0          0          0          0          0   entry8b.o
         8          4          0          0          0          0   entry9a.o
        30          0          0          0          0          0   handlers.o
        48         10          0          0          0         68   init.o

    ----------------------------------------------------------------------
       488         60          0          0          0        408   Library Totals
         2          0          0          0          0          0   (incl. Padding)

    ----------------------------------------------------------------------

      Code (inc. data)   RO Data    RW Data    ZI Data      Debug   Library Name

       388         42          0          0          0        340   da14535.lib
        98         18          0          0          0         68   mc_p.l

    ----------------------------------------------------------------------
       488         60          0          0          0        408   Library Totals

    ----------------------------------------------------------------------

==============================================================================


      Code (inc. data)   RO Data    RW Data    ZI Data      Debug   

     18644       3282       2352         16       7340     283814   Grand Totals
     18644       3282       2352         16       7340     283814   ELF Image Totals
     18644       3282       2352         16          0          0   ROM Totals

==============================================================================

    Total RO  Size (Code + RO Data)                20996 (  20.50kB)
    Total RW  Size (RW Data + ZI Data)              7356 (   7.18kB)
    Total ROM Size (Code + RO Data + RW Data)      21012 (  20.52kB)

==============================================================================

