	.text
	.syntax unified
	.eabi_attribute	67, "2.09"	@ Tag_conformance
	.cpu	cortex-m0plus
	.eabi_attribute	6, 12	@ Tag_CPU_arch
	.eabi_attribute	7, 77	@ Tag_CPU_arch_profile
	.eabi_attribute	8, 0	@ Tag_ARM_ISA_use
	.eabi_attribute	9, 1	@ Tag_THUMB_ISA_use
	.eabi_attribute	34, 0	@ Tag_CPU_unaligned_access
	.eabi_attribute	17, 1	@ Tag_ABI_PCS_GOT_use
	.eabi_attribute	20, 2	@ Tag_ABI_FP_denormal
	.eabi_attribute	21, 0	@ Tag_ABI_FP_exceptions
	.eabi_attribute	23, 1	@ Tag_ABI_FP_number_model
	.eabi_attribute	24, 1	@ Tag_ABI_align_needed
	.eabi_attribute	25, 1	@ Tag_ABI_align_preserved
	.eabi_attribute	38, 1	@ Tag_ABI_FP_16bit_format
	.eabi_attribute	18, 2	@ Tag_ABI_PCS_wchar_t
	.eabi_attribute	26, 1	@ Tag_ABI_enum_size
	.eabi_attribute	14, 0	@ Tag_ABI_PCS_R9_use
	.file	"syscntl.c"
	.file	1 "C:\\Users\\teodor\\Desktop\\stem\\codeless\\6.0.24.1464\\projects\\target_apps\\ble_examples\\empty_peripheral_template\\Keil_5" "../../../../../sdk/platform/driver/syscntl\\syscntl.h"
	.file	2 "C:\\Users\\teodor\\Desktop\\stem\\codeless\\6.0.24.1464\\projects\\target_apps\\ble_examples\\empty_peripheral_template\\Keil_5" "../../../../../sdk/platform/driver/syscntl/syscntl.c"
	.hidden	syscntl_dcdc_turn_off           @ -- Begin function syscntl_dcdc_turn_off
	.globl	syscntl_dcdc_turn_off
	.p2align	2
	.type	syscntl_dcdc_turn_off,%function
	.code	16                              @ @syscntl_dcdc_turn_off
	.thumb_func
syscntl_dcdc_turn_off:
.Lfunc_begin0:
	.loc	2 148 0                         @ ../../../../../sdk/platform/driver/syscntl/syscntl.c:148:0
	.fnstart
	.cfi_sections .debug_frame
	.cfi_startproc
@ %bb.0:
	.save	{r7, lr}
	push	{r7, lr}
	.cfi_def_cfa_offset 8
	.cfi_offset lr, -4
	.cfi_offset r7, -8
.Ltmp0:
	.loc	2 149 39 prologue_end           @ ../../../../../sdk/platform/driver/syscntl/syscntl.c:149:39
	ldr	r0, __arm_cp.0_0
	ldrb	r0, [r0]
	.loc	2 149 13 is_stmt 0              @ ../../../../../sdk/platform/driver/syscntl/syscntl.c:149:13
	bl	syscntl_dcdc_turn_off_ROM
.Ltmp1:
	.loc	2 149 5 epilogue_begin          @ ../../../../../sdk/platform/driver/syscntl/syscntl.c:149:5
	pop	{r7, pc}
.Ltmp2:
	.loc	2 0 5                           @ :0:5
.Ltmp3:
	.p2align	2
@ %bb.1:
__arm_cp.0_0:
	.long	dcdc_reserved
.Lcpi_end0:
	.size	__arm_cp.0_0, .Lcpi_end0-__arm_cp.0_0
.Lfunc_end0:
	.size	syscntl_dcdc_turn_off, .Lfunc_end0-syscntl_dcdc_turn_off
	.cfi_endproc
	.cantunwind
	.fnend
                                        @ -- End function
	.hidden	syscntl_dcdc_turn_on_in_boost   @ -- Begin function syscntl_dcdc_turn_on_in_boost
	.globl	syscntl_dcdc_turn_on_in_boost
	.p2align	2
	.type	syscntl_dcdc_turn_on_in_boost,%function
	.code	16                              @ @syscntl_dcdc_turn_on_in_boost
	.thumb_func
syscntl_dcdc_turn_on_in_boost:
.Lfunc_begin1:
	.loc	2 185 0 is_stmt 1               @ ../../../../../sdk/platform/driver/syscntl/syscntl.c:185:0
	.fnstart
	.cfi_startproc
@ %bb.0:
	@DEBUG_VALUE: syscntl_dcdc_turn_on_in_boost:level <- $r0
	.save	{r7, lr}
	push	{r7, lr}
	.cfi_def_cfa_offset 8
	.cfi_offset lr, -4
	.cfi_offset r7, -8
.Ltmp4:
	.loc	2 186 75 prologue_end           @ ../../../../../sdk/platform/driver/syscntl/syscntl.c:186:75
	ldr	r1, __arm_cp.1_0
	ldrb	r2, [r1]
	.loc	2 186 13 is_stmt 0              @ ../../../../../sdk/platform/driver/syscntl/syscntl.c:186:13
	ldr	r1, __arm_cp.1_1
	bl	syscntl_dcdc_turn_on_in_boost_ROM
.Ltmp5:
	@DEBUG_VALUE: syscntl_dcdc_turn_on_in_boost:level <- [DW_OP_LLVM_entry_value 1] $r0
	.loc	2 186 5 epilogue_begin          @ ../../../../../sdk/platform/driver/syscntl/syscntl.c:186:5
	pop	{r7, pc}
.Ltmp6:
	.loc	2 0 5                           @ :0:5
.Ltmp7:
	.p2align	2
@ %bb.1:
__arm_cp.1_0:
	.long	dcdc_reserved
.Lcpi_end1:
	.size	__arm_cp.1_0, .Lcpi_end1-__arm_cp.1_0
__arm_cp.1_1:
	.long	syscntl_dcdc_state
.Lcpi_end2:
	.size	__arm_cp.1_1, .Lcpi_end2-__arm_cp.1_1
.Lfunc_end1:
	.size	syscntl_dcdc_turn_on_in_boost, .Lfunc_end1-syscntl_dcdc_turn_on_in_boost
	.cfi_endproc
	.cantunwind
	.fnend
                                        @ -- End function
	.hidden	syscntl_dcdc_turn_on_in_buck    @ -- Begin function syscntl_dcdc_turn_on_in_buck
	.globl	syscntl_dcdc_turn_on_in_buck
	.p2align	1
	.type	syscntl_dcdc_turn_on_in_buck,%function
	.code	16                              @ @syscntl_dcdc_turn_on_in_buck
	.thumb_func
syscntl_dcdc_turn_on_in_buck:
.Lfunc_begin2:
	.loc	2 221 0 is_stmt 1               @ ../../../../../sdk/platform/driver/syscntl/syscntl.c:221:0
	.fnstart
	.cfi_startproc
@ %bb.0:
	@DEBUG_VALUE: syscntl_dcdc_turn_on_in_buck:level <- $r0
	.save	{r7, lr}
	push	{r7, lr}
	.cfi_def_cfa_offset 8
	.cfi_offset lr, -4
	.cfi_offset r7, -8
.Ltmp8:
	.loc	2 222 12 prologue_end           @ ../../../../../sdk/platform/driver/syscntl/syscntl.c:222:12
	bl	syscntl_dcdc_turn_on_in_buck_ROM
.Ltmp9:
	@DEBUG_VALUE: syscntl_dcdc_turn_on_in_buck:level <- [DW_OP_LLVM_entry_value 1] $r0
	.loc	2 222 5 epilogue_begin is_stmt 0 @ ../../../../../sdk/platform/driver/syscntl/syscntl.c:222:5
	pop	{r7, pc}
.Ltmp10:
.Lfunc_end2:
	.size	syscntl_dcdc_turn_on_in_buck, .Lfunc_end2-syscntl_dcdc_turn_on_in_buck
	.cfi_endproc
	.cantunwind
	.fnend
                                        @ -- End function
	.hidden	syscntl_dcdc_state              @ @syscntl_dcdc_state
	.type	syscntl_dcdc_state,%object
	.section	.bss.syscntl_dcdc_state,"aw",%nobits
	.globl	syscntl_dcdc_state
syscntl_dcdc_state:
	.zero	2
	.size	syscntl_dcdc_state, 2

	.file	3 "C:\\Users\\teodor" "AppData\\Local\\Keil_v5\\ARM\\ARMCLANG\\bin\\..\\include\\stdint.h"
	.section	.debug_loc,"",%progbits
.Ldebug_loc0:
	.long	.Lfunc_begin1-.Lfunc_begin0
	.long	.Ltmp5-.Lfunc_begin0
	.short	1                               @ Loc expr size
	.byte	80                              @ DW_OP_reg0
	.long	.Ltmp5-.Lfunc_begin0
	.long	.Ltmp6-.Lfunc_begin0
	.short	4                               @ Loc expr size
	.byte	243                             @ DW_OP_GNU_entry_value
	.byte	1                               @ 1
	.byte	80                              @ DW_OP_reg0
	.byte	159                             @ DW_OP_stack_value
	.long	0
	.long	0
.Ldebug_loc1:
	.long	.Lfunc_begin2-.Lfunc_begin0
	.long	.Ltmp9-.Lfunc_begin0
	.short	1                               @ Loc expr size
	.byte	80                              @ DW_OP_reg0
	.long	.Ltmp9-.Lfunc_begin0
	.long	.Lfunc_end2-.Lfunc_begin0
	.short	4                               @ Loc expr size
	.byte	243                             @ DW_OP_GNU_entry_value
	.byte	1                               @ 1
	.byte	80                              @ DW_OP_reg0
	.byte	159                             @ DW_OP_stack_value
	.long	0
	.long	0
	.section	.debug_abbrev,"",%progbits
	.byte	1                               @ Abbreviation Code
	.byte	17                              @ DW_TAG_compile_unit
	.byte	1                               @ DW_CHILDREN_yes
	.byte	37                              @ DW_AT_producer
	.byte	14                              @ DW_FORM_strp
	.byte	19                              @ DW_AT_language
	.byte	5                               @ DW_FORM_data2
	.byte	3                               @ DW_AT_name
	.byte	14                              @ DW_FORM_strp
	.byte	16                              @ DW_AT_stmt_list
	.byte	23                              @ DW_FORM_sec_offset
	.byte	27                              @ DW_AT_comp_dir
	.byte	14                              @ DW_FORM_strp
	.byte	17                              @ DW_AT_low_pc
	.byte	1                               @ DW_FORM_addr
	.byte	18                              @ DW_AT_high_pc
	.byte	6                               @ DW_FORM_data4
	.byte	0                               @ EOM(1)
	.byte	0                               @ EOM(2)
	.byte	2                               @ Abbreviation Code
	.byte	52                              @ DW_TAG_variable
	.byte	0                               @ DW_CHILDREN_no
	.byte	3                               @ DW_AT_name
	.byte	14                              @ DW_FORM_strp
	.byte	73                              @ DW_AT_type
	.byte	19                              @ DW_FORM_ref4
	.byte	63                              @ DW_AT_external
	.byte	25                              @ DW_FORM_flag_present
	.byte	58                              @ DW_AT_decl_file
	.byte	11                              @ DW_FORM_data1
	.byte	59                              @ DW_AT_decl_line
	.byte	11                              @ DW_FORM_data1
	.byte	2                               @ DW_AT_location
	.byte	24                              @ DW_FORM_exprloc
	.byte	0                               @ EOM(1)
	.byte	0                               @ EOM(2)
	.byte	3                               @ Abbreviation Code
	.byte	22                              @ DW_TAG_typedef
	.byte	0                               @ DW_CHILDREN_no
	.byte	73                              @ DW_AT_type
	.byte	19                              @ DW_FORM_ref4
	.byte	3                               @ DW_AT_name
	.byte	14                              @ DW_FORM_strp
	.byte	58                              @ DW_AT_decl_file
	.byte	11                              @ DW_FORM_data1
	.byte	59                              @ DW_AT_decl_line
	.byte	11                              @ DW_FORM_data1
	.byte	0                               @ EOM(1)
	.byte	0                               @ EOM(2)
	.byte	4                               @ Abbreviation Code
	.byte	19                              @ DW_TAG_structure_type
	.byte	1                               @ DW_CHILDREN_yes
	.byte	11                              @ DW_AT_byte_size
	.byte	11                              @ DW_FORM_data1
	.byte	58                              @ DW_AT_decl_file
	.byte	11                              @ DW_FORM_data1
	.byte	59                              @ DW_AT_decl_line
	.byte	11                              @ DW_FORM_data1
	.byte	0                               @ EOM(1)
	.byte	0                               @ EOM(2)
	.byte	5                               @ Abbreviation Code
	.byte	13                              @ DW_TAG_member
	.byte	0                               @ DW_CHILDREN_no
	.byte	3                               @ DW_AT_name
	.byte	14                              @ DW_FORM_strp
	.byte	73                              @ DW_AT_type
	.byte	19                              @ DW_FORM_ref4
	.byte	58                              @ DW_AT_decl_file
	.byte	11                              @ DW_FORM_data1
	.byte	59                              @ DW_AT_decl_line
	.byte	11                              @ DW_FORM_data1
	.byte	56                              @ DW_AT_data_member_location
	.byte	11                              @ DW_FORM_data1
	.byte	0                               @ EOM(1)
	.byte	0                               @ EOM(2)
	.byte	6                               @ Abbreviation Code
	.byte	4                               @ DW_TAG_enumeration_type
	.byte	1                               @ DW_CHILDREN_yes
	.byte	73                              @ DW_AT_type
	.byte	19                              @ DW_FORM_ref4
	.byte	11                              @ DW_AT_byte_size
	.byte	11                              @ DW_FORM_data1
	.byte	58                              @ DW_AT_decl_file
	.byte	11                              @ DW_FORM_data1
	.byte	59                              @ DW_AT_decl_line
	.byte	11                              @ DW_FORM_data1
	.byte	0                               @ EOM(1)
	.byte	0                               @ EOM(2)
	.byte	7                               @ Abbreviation Code
	.byte	40                              @ DW_TAG_enumerator
	.byte	0                               @ DW_CHILDREN_no
	.byte	3                               @ DW_AT_name
	.byte	14                              @ DW_FORM_strp
	.byte	28                              @ DW_AT_const_value
	.byte	15                              @ DW_FORM_udata
	.byte	0                               @ EOM(1)
	.byte	0                               @ EOM(2)
	.byte	8                               @ Abbreviation Code
	.byte	36                              @ DW_TAG_base_type
	.byte	0                               @ DW_CHILDREN_no
	.byte	3                               @ DW_AT_name
	.byte	14                              @ DW_FORM_strp
	.byte	62                              @ DW_AT_encoding
	.byte	11                              @ DW_FORM_data1
	.byte	11                              @ DW_AT_byte_size
	.byte	11                              @ DW_FORM_data1
	.byte	0                               @ EOM(1)
	.byte	0                               @ EOM(2)
	.byte	9                               @ Abbreviation Code
	.byte	46                              @ DW_TAG_subprogram
	.byte	0                               @ DW_CHILDREN_no
	.byte	17                              @ DW_AT_low_pc
	.byte	1                               @ DW_FORM_addr
	.byte	18                              @ DW_AT_high_pc
	.byte	6                               @ DW_FORM_data4
	.byte	64                              @ DW_AT_frame_base
	.byte	24                              @ DW_FORM_exprloc
	.ascii	"\227B"                         @ DW_AT_GNU_all_call_sites
	.byte	25                              @ DW_FORM_flag_present
	.byte	3                               @ DW_AT_name
	.byte	14                              @ DW_FORM_strp
	.byte	58                              @ DW_AT_decl_file
	.byte	11                              @ DW_FORM_data1
	.byte	59                              @ DW_AT_decl_line
	.byte	11                              @ DW_FORM_data1
	.byte	39                              @ DW_AT_prototyped
	.byte	25                              @ DW_FORM_flag_present
	.byte	73                              @ DW_AT_type
	.byte	19                              @ DW_FORM_ref4
	.byte	63                              @ DW_AT_external
	.byte	25                              @ DW_FORM_flag_present
	.byte	0                               @ EOM(1)
	.byte	0                               @ EOM(2)
	.byte	10                              @ Abbreviation Code
	.byte	46                              @ DW_TAG_subprogram
	.byte	1                               @ DW_CHILDREN_yes
	.byte	17                              @ DW_AT_low_pc
	.byte	1                               @ DW_FORM_addr
	.byte	18                              @ DW_AT_high_pc
	.byte	6                               @ DW_FORM_data4
	.byte	64                              @ DW_AT_frame_base
	.byte	24                              @ DW_FORM_exprloc
	.ascii	"\227B"                         @ DW_AT_GNU_all_call_sites
	.byte	25                              @ DW_FORM_flag_present
	.byte	3                               @ DW_AT_name
	.byte	14                              @ DW_FORM_strp
	.byte	58                              @ DW_AT_decl_file
	.byte	11                              @ DW_FORM_data1
	.byte	59                              @ DW_AT_decl_line
	.byte	11                              @ DW_FORM_data1
	.byte	39                              @ DW_AT_prototyped
	.byte	25                              @ DW_FORM_flag_present
	.byte	73                              @ DW_AT_type
	.byte	19                              @ DW_FORM_ref4
	.byte	63                              @ DW_AT_external
	.byte	25                              @ DW_FORM_flag_present
	.byte	0                               @ EOM(1)
	.byte	0                               @ EOM(2)
	.byte	11                              @ Abbreviation Code
	.byte	5                               @ DW_TAG_formal_parameter
	.byte	0                               @ DW_CHILDREN_no
	.byte	2                               @ DW_AT_location
	.byte	23                              @ DW_FORM_sec_offset
	.byte	3                               @ DW_AT_name
	.byte	14                              @ DW_FORM_strp
	.byte	58                              @ DW_AT_decl_file
	.byte	11                              @ DW_FORM_data1
	.byte	59                              @ DW_AT_decl_line
	.byte	11                              @ DW_FORM_data1
	.byte	73                              @ DW_AT_type
	.byte	19                              @ DW_FORM_ref4
	.byte	0                               @ EOM(1)
	.byte	0                               @ EOM(2)
	.byte	0                               @ EOM(3)
	.section	.debug_info,"",%progbits
.Lcu_begin0:
	.long	.Ldebug_info_end0-.Ldebug_info_start0 @ Length of Unit
.Ldebug_info_start0:
	.short	4                               @ DWARF version number
	.long	.debug_abbrev                   @ Offset Into Abbrev. Section
	.byte	4                               @ Address Size (in bytes)
	.byte	1                               @ Abbrev [1] 0xb:0x1a8 DW_TAG_compile_unit
	.long	.Linfo_string0                  @ DW_AT_producer
	.short	12                              @ DW_AT_language
	.long	.Linfo_string1                  @ DW_AT_name
	.long	.Lline_table_start0             @ DW_AT_stmt_list
	.long	.Linfo_string2                  @ DW_AT_comp_dir
	.long	.Lfunc_begin0                   @ DW_AT_low_pc
	.long	.Lfunc_end2-.Lfunc_begin0       @ DW_AT_high_pc
	.byte	2                               @ Abbrev [2] 0x26:0x11 DW_TAG_variable
	.long	.Linfo_string3                  @ DW_AT_name
	.long	55                              @ DW_AT_type
                                        @ DW_AT_external
	.byte	2                               @ DW_AT_decl_file
	.byte	55                              @ DW_AT_decl_line
	.byte	5                               @ DW_AT_location
	.byte	3
	.long	syscntl_dcdc_state
	.byte	3                               @ Abbrev [3] 0x37:0xb DW_TAG_typedef
	.long	66                              @ DW_AT_type
	.long	.Linfo_string41                 @ DW_AT_name
	.byte	1                               @ DW_AT_decl_file
	.byte	225                             @ DW_AT_decl_line
	.byte	4                               @ Abbrev [4] 0x42:0x1d DW_TAG_structure_type
	.byte	2                               @ DW_AT_byte_size
	.byte	1                               @ DW_AT_decl_file
	.byte	218                             @ DW_AT_decl_line
	.byte	5                               @ Abbrev [5] 0x46:0xc DW_TAG_member
	.long	.Linfo_string4                  @ DW_AT_name
	.long	95                              @ DW_AT_type
	.byte	1                               @ DW_AT_decl_file
	.byte	221                             @ DW_AT_decl_line
	.byte	0                               @ DW_AT_data_member_location
	.byte	5                               @ Abbrev [5] 0x52:0xc DW_TAG_member
	.long	.Linfo_string39                 @ DW_AT_name
	.long	314                             @ DW_AT_type
	.byte	1                               @ DW_AT_decl_file
	.byte	224                             @ DW_AT_decl_line
	.byte	1                               @ DW_AT_data_member_location
	.byte	0                               @ End Of Children Mark
	.byte	3                               @ Abbrev [3] 0x5f:0xb DW_TAG_typedef
	.long	106                             @ DW_AT_type
	.long	.Linfo_string38                 @ DW_AT_name
	.byte	1                               @ DW_AT_decl_file
	.byte	215                             @ DW_AT_decl_line
	.byte	6                               @ Abbrev [6] 0x6a:0xc9 DW_TAG_enumeration_type
	.long	307                             @ DW_AT_type
	.byte	1                               @ DW_AT_byte_size
	.byte	1                               @ DW_AT_decl_file
	.byte	116                             @ DW_AT_decl_line
	.byte	7                               @ Abbrev [7] 0x72:0x6 DW_TAG_enumerator
	.long	.Linfo_string6                  @ DW_AT_name
	.byte	0                               @ DW_AT_const_value
	.byte	7                               @ Abbrev [7] 0x78:0x6 DW_TAG_enumerator
	.long	.Linfo_string7                  @ DW_AT_name
	.byte	1                               @ DW_AT_const_value
	.byte	7                               @ Abbrev [7] 0x7e:0x6 DW_TAG_enumerator
	.long	.Linfo_string8                  @ DW_AT_name
	.byte	2                               @ DW_AT_const_value
	.byte	7                               @ Abbrev [7] 0x84:0x6 DW_TAG_enumerator
	.long	.Linfo_string9                  @ DW_AT_name
	.byte	3                               @ DW_AT_const_value
	.byte	7                               @ Abbrev [7] 0x8a:0x6 DW_TAG_enumerator
	.long	.Linfo_string10                 @ DW_AT_name
	.byte	4                               @ DW_AT_const_value
	.byte	7                               @ Abbrev [7] 0x90:0x6 DW_TAG_enumerator
	.long	.Linfo_string11                 @ DW_AT_name
	.byte	5                               @ DW_AT_const_value
	.byte	7                               @ Abbrev [7] 0x96:0x6 DW_TAG_enumerator
	.long	.Linfo_string12                 @ DW_AT_name
	.byte	6                               @ DW_AT_const_value
	.byte	7                               @ Abbrev [7] 0x9c:0x6 DW_TAG_enumerator
	.long	.Linfo_string13                 @ DW_AT_name
	.byte	7                               @ DW_AT_const_value
	.byte	7                               @ Abbrev [7] 0xa2:0x6 DW_TAG_enumerator
	.long	.Linfo_string14                 @ DW_AT_name
	.byte	8                               @ DW_AT_const_value
	.byte	7                               @ Abbrev [7] 0xa8:0x6 DW_TAG_enumerator
	.long	.Linfo_string15                 @ DW_AT_name
	.byte	9                               @ DW_AT_const_value
	.byte	7                               @ Abbrev [7] 0xae:0x6 DW_TAG_enumerator
	.long	.Linfo_string16                 @ DW_AT_name
	.byte	10                              @ DW_AT_const_value
	.byte	7                               @ Abbrev [7] 0xb4:0x6 DW_TAG_enumerator
	.long	.Linfo_string17                 @ DW_AT_name
	.byte	11                              @ DW_AT_const_value
	.byte	7                               @ Abbrev [7] 0xba:0x6 DW_TAG_enumerator
	.long	.Linfo_string18                 @ DW_AT_name
	.byte	12                              @ DW_AT_const_value
	.byte	7                               @ Abbrev [7] 0xc0:0x6 DW_TAG_enumerator
	.long	.Linfo_string19                 @ DW_AT_name
	.byte	13                              @ DW_AT_const_value
	.byte	7                               @ Abbrev [7] 0xc6:0x6 DW_TAG_enumerator
	.long	.Linfo_string20                 @ DW_AT_name
	.byte	14                              @ DW_AT_const_value
	.byte	7                               @ Abbrev [7] 0xcc:0x6 DW_TAG_enumerator
	.long	.Linfo_string21                 @ DW_AT_name
	.byte	15                              @ DW_AT_const_value
	.byte	7                               @ Abbrev [7] 0xd2:0x6 DW_TAG_enumerator
	.long	.Linfo_string22                 @ DW_AT_name
	.byte	16                              @ DW_AT_const_value
	.byte	7                               @ Abbrev [7] 0xd8:0x6 DW_TAG_enumerator
	.long	.Linfo_string23                 @ DW_AT_name
	.byte	17                              @ DW_AT_const_value
	.byte	7                               @ Abbrev [7] 0xde:0x6 DW_TAG_enumerator
	.long	.Linfo_string24                 @ DW_AT_name
	.byte	18                              @ DW_AT_const_value
	.byte	7                               @ Abbrev [7] 0xe4:0x6 DW_TAG_enumerator
	.long	.Linfo_string25                 @ DW_AT_name
	.byte	19                              @ DW_AT_const_value
	.byte	7                               @ Abbrev [7] 0xea:0x6 DW_TAG_enumerator
	.long	.Linfo_string26                 @ DW_AT_name
	.byte	20                              @ DW_AT_const_value
	.byte	7                               @ Abbrev [7] 0xf0:0x6 DW_TAG_enumerator
	.long	.Linfo_string27                 @ DW_AT_name
	.byte	21                              @ DW_AT_const_value
	.byte	7                               @ Abbrev [7] 0xf6:0x6 DW_TAG_enumerator
	.long	.Linfo_string28                 @ DW_AT_name
	.byte	22                              @ DW_AT_const_value
	.byte	7                               @ Abbrev [7] 0xfc:0x6 DW_TAG_enumerator
	.long	.Linfo_string29                 @ DW_AT_name
	.byte	23                              @ DW_AT_const_value
	.byte	7                               @ Abbrev [7] 0x102:0x6 DW_TAG_enumerator
	.long	.Linfo_string30                 @ DW_AT_name
	.byte	24                              @ DW_AT_const_value
	.byte	7                               @ Abbrev [7] 0x108:0x6 DW_TAG_enumerator
	.long	.Linfo_string31                 @ DW_AT_name
	.byte	25                              @ DW_AT_const_value
	.byte	7                               @ Abbrev [7] 0x10e:0x6 DW_TAG_enumerator
	.long	.Linfo_string32                 @ DW_AT_name
	.byte	26                              @ DW_AT_const_value
	.byte	7                               @ Abbrev [7] 0x114:0x6 DW_TAG_enumerator
	.long	.Linfo_string33                 @ DW_AT_name
	.byte	27                              @ DW_AT_const_value
	.byte	7                               @ Abbrev [7] 0x11a:0x6 DW_TAG_enumerator
	.long	.Linfo_string34                 @ DW_AT_name
	.byte	28                              @ DW_AT_const_value
	.byte	7                               @ Abbrev [7] 0x120:0x6 DW_TAG_enumerator
	.long	.Linfo_string35                 @ DW_AT_name
	.byte	29                              @ DW_AT_const_value
	.byte	7                               @ Abbrev [7] 0x126:0x6 DW_TAG_enumerator
	.long	.Linfo_string36                 @ DW_AT_name
	.byte	30                              @ DW_AT_const_value
	.byte	7                               @ Abbrev [7] 0x12c:0x6 DW_TAG_enumerator
	.long	.Linfo_string37                 @ DW_AT_name
	.byte	31                              @ DW_AT_const_value
	.byte	0                               @ End Of Children Mark
	.byte	8                               @ Abbrev [8] 0x133:0x7 DW_TAG_base_type
	.long	.Linfo_string5                  @ DW_AT_name
	.byte	8                               @ DW_AT_encoding
	.byte	1                               @ DW_AT_byte_size
	.byte	8                               @ Abbrev [8] 0x13a:0x7 DW_TAG_base_type
	.long	.Linfo_string40                 @ DW_AT_name
	.byte	2                               @ DW_AT_encoding
	.byte	1                               @ DW_AT_byte_size
	.byte	9                               @ Abbrev [9] 0x141:0x15 DW_TAG_subprogram
	.long	.Lfunc_begin0                   @ DW_AT_low_pc
	.long	.Lfunc_end0-.Lfunc_begin0       @ DW_AT_high_pc
	.byte	1                               @ DW_AT_frame_base
	.byte	93
                                        @ DW_AT_GNU_all_call_sites
	.long	.Linfo_string42                 @ DW_AT_name
	.byte	2                               @ DW_AT_decl_file
	.byte	147                             @ DW_AT_decl_line
                                        @ DW_AT_prototyped
	.long	416                             @ DW_AT_type
                                        @ DW_AT_external
	.byte	10                              @ Abbrev [10] 0x156:0x25 DW_TAG_subprogram
	.long	.Lfunc_begin1                   @ DW_AT_low_pc
	.long	.Lfunc_end1-.Lfunc_begin1       @ DW_AT_high_pc
	.byte	1                               @ DW_AT_frame_base
	.byte	93
                                        @ DW_AT_GNU_all_call_sites
	.long	.Linfo_string45                 @ DW_AT_name
	.byte	2                               @ DW_AT_decl_file
	.byte	184                             @ DW_AT_decl_line
                                        @ DW_AT_prototyped
	.long	416                             @ DW_AT_type
                                        @ DW_AT_external
	.byte	11                              @ Abbrev [11] 0x16b:0xf DW_TAG_formal_parameter
	.long	.Ldebug_loc0                    @ DW_AT_location
	.long	.Linfo_string4                  @ DW_AT_name
	.byte	2                               @ DW_AT_decl_file
	.byte	184                             @ DW_AT_decl_line
	.long	95                              @ DW_AT_type
	.byte	0                               @ End Of Children Mark
	.byte	10                              @ Abbrev [10] 0x17b:0x25 DW_TAG_subprogram
	.long	.Lfunc_begin2                   @ DW_AT_low_pc
	.long	.Lfunc_end2-.Lfunc_begin2       @ DW_AT_high_pc
	.byte	1                               @ DW_AT_frame_base
	.byte	93
                                        @ DW_AT_GNU_all_call_sites
	.long	.Linfo_string46                 @ DW_AT_name
	.byte	2                               @ DW_AT_decl_file
	.byte	220                             @ DW_AT_decl_line
                                        @ DW_AT_prototyped
	.long	416                             @ DW_AT_type
                                        @ DW_AT_external
	.byte	11                              @ Abbrev [11] 0x190:0xf DW_TAG_formal_parameter
	.long	.Ldebug_loc1                    @ DW_AT_location
	.long	.Linfo_string4                  @ DW_AT_name
	.byte	2                               @ DW_AT_decl_file
	.byte	220                             @ DW_AT_decl_line
	.long	95                              @ DW_AT_type
	.byte	0                               @ End Of Children Mark
	.byte	3                               @ Abbrev [3] 0x1a0:0xb DW_TAG_typedef
	.long	427                             @ DW_AT_type
	.long	.Linfo_string44                 @ DW_AT_name
	.byte	3                               @ DW_AT_decl_file
	.byte	56                              @ DW_AT_decl_line
	.byte	8                               @ Abbrev [8] 0x1ab:0x7 DW_TAG_base_type
	.long	.Linfo_string43                 @ DW_AT_name
	.byte	6                               @ DW_AT_encoding
	.byte	1                               @ DW_AT_byte_size
	.byte	0                               @ End Of Children Mark
.Ldebug_info_end0:
	.section	.debug_str,"MS",%progbits,1
.Linfo_string0:
	.asciz	"Component: Arm Compiler for Embedded 6.23 Tool: armclang [5f103000]" @ string offset=0
.Linfo_string1:
	.asciz	"../../../../../sdk/platform/driver/syscntl\\syscntl.c" @ string offset=68
.Linfo_string2:
	.asciz	"C:\\Users\\teodor\\Desktop\\stem\\codeless\\6.0.24.1464\\projects\\target_apps\\ble_examples\\empty_peripheral_template\\Keil_5" @ string offset=121
.Linfo_string3:
	.asciz	"syscntl_dcdc_state"            @ string offset=238
.Linfo_string4:
	.asciz	"level"                         @ string offset=257
.Linfo_string5:
	.asciz	"unsigned char"                 @ string offset=263
.Linfo_string6:
	.asciz	"SYSCNTL_DCDC_LEVEL_1V025"      @ string offset=277
.Linfo_string7:
	.asciz	"SYSCNTL_DCDC_LEVEL_1V05"       @ string offset=302
.Linfo_string8:
	.asciz	"SYSCNTL_DCDC_LEVEL_1V075"      @ string offset=326
.Linfo_string9:
	.asciz	"SYSCNTL_DCDC_LEVEL_1V1"        @ string offset=351
.Linfo_string10:
	.asciz	"SYSCNTL_DCDC_LEVEL_1V125"      @ string offset=374
.Linfo_string11:
	.asciz	"SYSCNTL_DCDC_LEVEL_1V150"      @ string offset=399
.Linfo_string12:
	.asciz	"SYSCNTL_DCDC_LEVEL_1V175"      @ string offset=424
.Linfo_string13:
	.asciz	"SYSCNTL_DCDC_LEVEL_1V2"        @ string offset=449
.Linfo_string14:
	.asciz	"SYSCNTL_DCDC_LEVEL_1V725"      @ string offset=472
.Linfo_string15:
	.asciz	"SYSCNTL_DCDC_LEVEL_1V75"       @ string offset=497
.Linfo_string16:
	.asciz	"SYSCNTL_DCDC_LEVEL_1V775"      @ string offset=521
.Linfo_string17:
	.asciz	"SYSCNTL_DCDC_LEVEL_1V8"        @ string offset=546
.Linfo_string18:
	.asciz	"SYSCNTL_DCDC_LEVEL_1V825"      @ string offset=569
.Linfo_string19:
	.asciz	"SYSCNTL_DCDC_LEVEL_1V850"      @ string offset=594
.Linfo_string20:
	.asciz	"SYSCNTL_DCDC_LEVEL_1V875"      @ string offset=619
.Linfo_string21:
	.asciz	"SYSCNTL_DCDC_LEVEL_1V9"        @ string offset=644
.Linfo_string22:
	.asciz	"SYSCNTL_DCDC_LEVEL_2V425"      @ string offset=667
.Linfo_string23:
	.asciz	"SYSCNTL_DCDC_LEVEL_2V45"       @ string offset=692
.Linfo_string24:
	.asciz	"SYSCNTL_DCDC_LEVEL_2V475"      @ string offset=716
.Linfo_string25:
	.asciz	"SYSCNTL_DCDC_LEVEL_2V5"        @ string offset=741
.Linfo_string26:
	.asciz	"SYSCNTL_DCDC_LEVEL_2V525"      @ string offset=764
.Linfo_string27:
	.asciz	"SYSCNTL_DCDC_LEVEL_2V550"      @ string offset=789
.Linfo_string28:
	.asciz	"SYSCNTL_DCDC_LEVEL_2V575"      @ string offset=814
.Linfo_string29:
	.asciz	"SYSCNTL_DCDC_LEVEL_2V6"        @ string offset=839
.Linfo_string30:
	.asciz	"SYSCNTL_DCDC_LEVEL_2V925"      @ string offset=862
.Linfo_string31:
	.asciz	"SYSCNTL_DCDC_LEVEL_2V95"       @ string offset=887
.Linfo_string32:
	.asciz	"SYSCNTL_DCDC_LEVEL_2V975"      @ string offset=911
.Linfo_string33:
	.asciz	"SYSCNTL_DCDC_LEVEL_3V0"        @ string offset=936
.Linfo_string34:
	.asciz	"SYSCNTL_DCDC_LEVEL_3V025"      @ string offset=959
.Linfo_string35:
	.asciz	"SYSCNTL_DCDC_LEVEL_3V050"      @ string offset=984
.Linfo_string36:
	.asciz	"SYSCNTL_DCDC_LEVEL_3V075"      @ string offset=1009
.Linfo_string37:
	.asciz	"SYSCNTL_DCDC_LEVEL_3V1"        @ string offset=1034
.Linfo_string38:
	.asciz	"syscntl_dcdc_level_t"          @ string offset=1057
.Linfo_string39:
	.asciz	"status"                        @ string offset=1078
.Linfo_string40:
	.asciz	"_Bool"                         @ string offset=1085
.Linfo_string41:
	.asciz	"syscntl_dcdc_state_t"          @ string offset=1091
.Linfo_string42:
	.asciz	"syscntl_dcdc_turn_off"         @ string offset=1112
.Linfo_string43:
	.asciz	"signed char"                   @ string offset=1134
.Linfo_string44:
	.asciz	"int8_t"                        @ string offset=1146
.Linfo_string45:
	.asciz	"syscntl_dcdc_turn_on_in_boost" @ string offset=1153
.Linfo_string46:
	.asciz	"syscntl_dcdc_turn_on_in_buck"  @ string offset=1183
	.ident	"Component: Arm Compiler for Embedded 6.23 Tool: armclang [5f103000]"
	.section	".note.GNU-stack","",%progbits
	.eabi_attribute	30, 4	@ Tag_ABI_optimization_goals
	.ARM_attribute	16, 1	@ Tag_AV_eba
	.section	.debug_line,"",%progbits
.Lline_table_start0:
