	.text
	.syntax unified
	.eabi_attribute	67, "2.09"	@ Tag_conformance
	.cpu	cortex-m0plus
	.eabi_attribute	6, 12	@ Tag_CPU_arch
	.eabi_attribute	7, 77	@ Tag_CPU_arch_profile
	.eabi_attribute	8, 0	@ Tag_ARM_ISA_use
	.eabi_attribute	9, 1	@ Tag_THUMB_ISA_use
	.eabi_attribute	34, 0	@ Tag_CPU_unaligned_access
	.eabi_attribute	17, 1	@ Tag_ABI_PCS_GOT_use
	.eabi_attribute	20, 2	@ Tag_ABI_FP_denormal
	.eabi_attribute	21, 0	@ Tag_ABI_FP_exceptions
	.eabi_attribute	23, 1	@ Tag_ABI_FP_number_model
	.eabi_attribute	24, 1	@ Tag_ABI_align_needed
	.eabi_attribute	25, 1	@ Tag_ABI_align_preserved
	.eabi_attribute	38, 1	@ Tag_ABI_FP_16bit_format
	.eabi_attribute	18, 2	@ Tag_ABI_PCS_wchar_t
	.eabi_attribute	26, 1	@ Tag_ABI_enum_size
	.eabi_attribute	14, 0	@ Tag_ABI_PCS_R9_use
	.file	"systick.c"
	.file	1 "C:\\Users\\teodor\\Desktop\\stem\\codeless\\6.0.24.1464\\projects\\target_apps\\ble_examples\\empty_peripheral_template\\Keil_5" "../../../../../sdk/platform/driver/systick\\systick.h"
	.file	2 "C:\\Users\\teodor\\Desktop\\stem\\codeless\\6.0.24.1464\\projects\\target_apps\\ble_examples\\empty_peripheral_template\\Keil_5" "../../../../../sdk/platform/driver/systick/systick.c"
	.file	3 "C:\\Users\\teodor" "AppData\\Local\\Keil_v5\\ARM\\ARMCLANG\\bin\\..\\include\\stdint.h"
	.file	4 "C:\\Users\\teodor\\Desktop\\stem\\codeless\\6.0.24.1464\\projects\\target_apps\\ble_examples\\empty_peripheral_template\\Keil_5" "../../../../../sdk/platform/include/CMSIS/5.9.0/CMSIS/Core/Include\\core_cm0plus.h"
	.hidden	systick_register_callback       @ -- Begin function systick_register_callback
	.globl	systick_register_callback
	.p2align	2
	.type	systick_register_callback,%function
	.code	16                              @ @systick_register_callback
	.thumb_func
systick_register_callback:
.Lfunc_begin0:
	.fnstart
	.cfi_sections .debug_frame
	.cfi_startproc
@ %bb.0:
	@DEBUG_VALUE: systick_register_callback:callback <- $r0
	.loc	2 44 23 prologue_end            @ ../../../../../sdk/platform/driver/systick/systick.c:44:23
	ldr	r1, __arm_cp.0_0
	str	r0, [r1]
	.loc	2 45 1                          @ ../../../../../sdk/platform/driver/systick/systick.c:45:1
	bx	lr
.Ltmp0:
	.loc	2 0 1 is_stmt 0                 @ :0:1
.Ltmp1:
	.p2align	2
@ %bb.1:
__arm_cp.0_0:
	.long	callback_function
.Lcpi_end0:
	.size	__arm_cp.0_0, .Lcpi_end0-__arm_cp.0_0
.Lfunc_end0:
	.size	systick_register_callback, .Lfunc_end0-systick_register_callback
	.cfi_endproc
	.cantunwind
	.fnend
                                        @ -- End function
	.hidden	SysTick_Handler                 @ -- Begin function SysTick_Handler
	.globl	SysTick_Handler
	.p2align	2
	.type	SysTick_Handler,%function
	.code	16                              @ @SysTick_Handler
	.thumb_func
SysTick_Handler:
.Lfunc_begin1:
	.loc	2 49 0 is_stmt 1                @ ../../../../../sdk/platform/driver/systick/systick.c:49:0
	.fnstart
	.cfi_startproc
@ %bb.0:
	.save	{r7, lr}
	push	{r7, lr}
	.cfi_def_cfa_offset 8
	.cfi_offset lr, -4
	.cfi_offset r7, -8
.Ltmp2:
	.loc	2 50 9 prologue_end             @ ../../../../../sdk/platform/driver/systick/systick.c:50:9
	ldr	r0, __arm_cp.1_0
	ldr	r0, [r0]
.Ltmp3:
	.loc	2 50 9 is_stmt 0                @ ../../../../../sdk/platform/driver/systick/systick.c:50:9
	cmp	r0, #0
	beq	.LBB1_2
@ %bb.1:
.Ltmp4:
	.loc	2 51 9 is_stmt 1                @ ../../../../../sdk/platform/driver/systick/systick.c:51:9
	blx	r0
.Ltmp5:
.LBB1_2:
	.loc	2 52 1 epilogue_begin           @ ../../../../../sdk/platform/driver/systick/systick.c:52:1
	pop	{r7, pc}
.Ltmp6:
	.loc	2 0 1 is_stmt 0                 @ :0:1
.Ltmp7:
	.p2align	2
@ %bb.3:
__arm_cp.1_0:
	.long	callback_function
.Lcpi_end1:
	.size	__arm_cp.1_0, .Lcpi_end1-__arm_cp.1_0
.Lfunc_end1:
	.size	SysTick_Handler, .Lfunc_end1-SysTick_Handler
	.cfi_endproc
	.cantunwind
	.fnend
                                        @ -- End function
	.hidden	systick_start                   @ -- Begin function systick_start
	.globl	systick_start
	.p2align	2
	.type	systick_start,%function
	.code	16                              @ @systick_start
	.thumb_func
systick_start:
.Lfunc_begin2:
	.loc	2 56 0 is_stmt 1                @ ../../../../../sdk/platform/driver/systick/systick.c:56:0
	.fnstart
	.cfi_startproc
@ %bb.0:
	@DEBUG_VALUE: systick_start:usec <- $r0
	@DEBUG_VALUE: systick_start:exception <- $r1
	.save	{r4, r5, r7, lr}
	push	{r4, r5, r7, lr}
	.cfi_def_cfa_offset 16
	.cfi_offset lr, -4
	.cfi_offset r7, -8
	.cfi_offset r5, -12
	.cfi_offset r4, -16
	ldr	r2, __arm_cp.2_0
.Ltmp8:
	.loc	2 57 5 prologue_end             @ ../../../../../sdk/platform/driver/systick/systick.c:57:5
	ldr	r4, [r2]
	movs	r3, #1
	bics	r4, r3
	str	r4, [r2]
	movs	r4, #255
	lsls	r4, r4, #24
	.loc	2 58 5                          @ ../../../../../sdk/platform/driver/systick/systick.c:58:5
	ldr	r5, [r2, #4]
	ands	r5, r4
	subs	r0, r0, #1
.Ltmp9:
	@DEBUG_VALUE: systick_start:usec <- [DW_OP_LLVM_entry_value 1] $r0
	orrs	r0, r5
	str	r0, [r2, #4]
	.loc	2 59 5                          @ ../../../../../sdk/platform/driver/systick/systick.c:59:5
	ldr	r0, [r2, #8]
	ands	r0, r4
	str	r0, [r2, #8]
	.loc	2 60 5                          @ ../../../../../sdk/platform/driver/systick/systick.c:60:5
	ldr	r0, [r2]
	movs	r4, #2
	bics	r0, r4
	lsls	r1, r1, #1
.Ltmp10:
	@DEBUG_VALUE: systick_start:exception <- [DW_OP_LLVM_entry_value 1] $r1
	orrs	r1, r0
	str	r1, [r2]
	.loc	2 61 5                          @ ../../../../../sdk/platform/driver/systick/systick.c:61:5
	ldr	r0, [r2]
	movs	r1, #4
	bics	r0, r1
	str	r0, [r2]
	.loc	2 62 5                          @ ../../../../../sdk/platform/driver/systick/systick.c:62:5
	ldr	r0, [r2]
	orrs	r0, r3
	str	r0, [r2]
	.loc	2 63 1 epilogue_begin           @ ../../../../../sdk/platform/driver/systick/systick.c:63:1
	pop	{r4, r5, r7, pc}
.Ltmp11:
	.loc	2 0 1 is_stmt 0                 @ :0:1
.Ltmp12:
	.p2align	2
@ %bb.1:
__arm_cp.2_0:
	.long	3758153744                      @ 0xe000e010
.Lcpi_end2:
	.size	__arm_cp.2_0, .Lcpi_end2-__arm_cp.2_0
.Lfunc_end2:
	.size	systick_start, .Lfunc_end2-systick_start
	.cfi_endproc
	.cantunwind
	.fnend
                                        @ -- End function
	.hidden	systick_stop                    @ -- Begin function systick_stop
	.globl	systick_stop
	.p2align	2
	.type	systick_stop,%function
	.code	16                              @ @systick_stop
	.thumb_func
systick_stop:
.Lfunc_begin3:
	.loc	2 66 0 is_stmt 1                @ ../../../../../sdk/platform/driver/systick/systick.c:66:0
	.fnstart
	.cfi_startproc
@ %bb.0:
	movs	r0, #255
	lsls	r0, r0, #24
	ldr	r1, __arm_cp.3_0
.Ltmp13:
	.loc	2 67 5 prologue_end             @ ../../../../../sdk/platform/driver/systick/systick.c:67:5
	ldr	r2, [r1, #8]
	ands	r2, r0
	str	r2, [r1, #8]
	.loc	2 68 5                          @ ../../../../../sdk/platform/driver/systick/systick.c:68:5
	ldr	r0, [r1]
	movs	r2, #1
	bics	r0, r2
	str	r0, [r1]
	.loc	2 69 1                          @ ../../../../../sdk/platform/driver/systick/systick.c:69:1
	bx	lr
.Ltmp14:
	.loc	2 0 1 is_stmt 0                 @ :0:1
.Ltmp15:
	.p2align	2
@ %bb.1:
__arm_cp.3_0:
	.long	3758153744                      @ 0xe000e010
.Lcpi_end3:
	.size	__arm_cp.3_0, .Lcpi_end3-__arm_cp.3_0
.Lfunc_end3:
	.size	systick_stop, .Lfunc_end3-systick_stop
	.cfi_endproc
	.cantunwind
	.fnend
                                        @ -- End function
	.hidden	systick_wait                    @ -- Begin function systick_wait
	.globl	systick_wait
	.p2align	2
	.type	systick_wait,%function
	.code	16                              @ @systick_wait
	.thumb_func
systick_wait:
.Lfunc_begin4:
	.loc	2 72 0 is_stmt 1                @ ../../../../../sdk/platform/driver/systick/systick.c:72:0
	.fnstart
	.cfi_startproc
@ %bb.0:
	@DEBUG_VALUE: systick_wait:usec <- $r0
	.save	{r7, lr}
	push	{r7, lr}
	.cfi_def_cfa_offset 8
	.cfi_offset lr, -4
	.cfi_offset r7, -8
	movs	r1, #0
.Ltmp16:
	.loc	2 73 5 prologue_end             @ ../../../../../sdk/platform/driver/systick/systick.c:73:5
	bl	systick_start
.Ltmp17:
	@DEBUG_VALUE: systick_wait:usec <- [DW_OP_LLVM_entry_value 1] $r0
	.loc	2 0 5 is_stmt 0                 @ ../../../../../sdk/platform/driver/systick/systick.c:0:5
	ldr	r0, __arm_cp.4_0
.Ltmp18:
.LBB4_1:                                @ =>This Inner Loop Header: Depth=1
	@DEBUG_VALUE: systick_wait:usec <- [DW_OP_LLVM_entry_value 1] $r0
	.loc	2 77 13 is_stmt 1               @ ../../../../../sdk/platform/driver/systick/systick.c:77:13
	ldr	r1, [r0]
	.loc	2 77 5 is_stmt 0                @ ../../../../../sdk/platform/driver/systick/systick.c:77:5
	lsls	r1, r1, #15
	bpl	.LBB4_1
.Ltmp19:
@ %bb.2:
	@DEBUG_VALUE: systick_wait:usec <- [DW_OP_LLVM_entry_value 1] $r0
	.loc	2 0 5                           @ ../../../../../sdk/platform/driver/systick/systick.c:0:5
	movs	r1, #255
	lsls	r1, r1, #24
.Ltmp20:
	.loc	2 67 5 is_stmt 1                @ ../../../../../sdk/platform/driver/systick/systick.c:67:5
	ldr	r2, [r0, #8]
	ands	r2, r1
	str	r2, [r0, #8]
	.loc	2 68 5                          @ ../../../../../sdk/platform/driver/systick/systick.c:68:5
	ldr	r1, [r0]
	movs	r2, #1
	bics	r1, r2
	str	r1, [r0]
.Ltmp21:
	.loc	2 80 1 epilogue_begin           @ ../../../../../sdk/platform/driver/systick/systick.c:80:1
	pop	{r7, pc}
.Ltmp22:
	.loc	2 0 1 is_stmt 0                 @ :0:1
.Ltmp23:
	.p2align	2
@ %bb.3:
__arm_cp.4_0:
	.long	3758153744                      @ 0xe000e010
.Lcpi_end4:
	.size	__arm_cp.4_0, .Lcpi_end4-__arm_cp.4_0
.Lfunc_end4:
	.size	systick_wait, .Lfunc_end4-systick_wait
	.cfi_endproc
	.cantunwind
	.fnend
                                        @ -- End function
	.hidden	systick_value                   @ -- Begin function systick_value
	.globl	systick_value
	.p2align	2
	.type	systick_value,%function
	.code	16                              @ @systick_value
	.thumb_func
systick_value:
.Lfunc_begin5:
	.loc	2 83 0 is_stmt 1                @ ../../../../../sdk/platform/driver/systick/systick.c:83:0
	.fnstart
	.cfi_startproc
@ %bb.0:
	movs	r0, #255
	lsls	r1, r0, #24
	ldr	r0, __arm_cp.5_0
.Ltmp24:
	.loc	2 84 12 prologue_end            @ ../../../../../sdk/platform/driver/systick/systick.c:84:12
	ldr	r0, [r0]
	bics	r0, r1
	.loc	2 84 5 is_stmt 0                @ ../../../../../sdk/platform/driver/systick/systick.c:84:5
	bx	lr
.Ltmp25:
	.loc	2 0 5                           @ :0:5
.Ltmp26:
	.p2align	2
@ %bb.1:
__arm_cp.5_0:
	.long	3758153752                      @ 0xe000e018
.Lcpi_end5:
	.size	__arm_cp.5_0, .Lcpi_end5-__arm_cp.5_0
.Lfunc_end5:
	.size	systick_value, .Lfunc_end5-systick_value
	.cfi_endproc
	.cantunwind
	.fnend
                                        @ -- End function
	.type	callback_function,%object       @ @callback_function
	.section	.bss.retention_mem_area0,"aw",%nobits
	.p2align	2, 0x0
callback_function:
	.long	0
	.size	callback_function, 4

	.section	.debug_loc,"",%progbits
.Ldebug_loc0:
	.long	.Lfunc_begin2-.Lfunc_begin0
	.long	.Ltmp9-.Lfunc_begin0
	.short	1                               @ Loc expr size
	.byte	80                              @ DW_OP_reg0
	.long	.Ltmp9-.Lfunc_begin0
	.long	.Ltmp11-.Lfunc_begin0
	.short	4                               @ Loc expr size
	.byte	243                             @ DW_OP_GNU_entry_value
	.byte	1                               @ 1
	.byte	80                              @ DW_OP_reg0
	.byte	159                             @ DW_OP_stack_value
	.long	0
	.long	0
.Ldebug_loc1:
	.long	.Lfunc_begin2-.Lfunc_begin0
	.long	.Ltmp10-.Lfunc_begin0
	.short	1                               @ Loc expr size
	.byte	81                              @ DW_OP_reg1
	.long	.Ltmp10-.Lfunc_begin0
	.long	.Ltmp11-.Lfunc_begin0
	.short	4                               @ Loc expr size
	.byte	243                             @ DW_OP_GNU_entry_value
	.byte	1                               @ 1
	.byte	81                              @ DW_OP_reg1
	.byte	159                             @ DW_OP_stack_value
	.long	0
	.long	0
.Ldebug_loc2:
	.long	.Lfunc_begin4-.Lfunc_begin0
	.long	.Ltmp17-.Lfunc_begin0
	.short	1                               @ Loc expr size
	.byte	80                              @ DW_OP_reg0
	.long	.Ltmp17-.Lfunc_begin0
	.long	.Ltmp22-.Lfunc_begin0
	.short	4                               @ Loc expr size
	.byte	243                             @ DW_OP_GNU_entry_value
	.byte	1                               @ 1
	.byte	80                              @ DW_OP_reg0
	.byte	159                             @ DW_OP_stack_value
	.long	0
	.long	0
	.section	.debug_abbrev,"",%progbits
	.byte	1                               @ Abbreviation Code
	.byte	17                              @ DW_TAG_compile_unit
	.byte	1                               @ DW_CHILDREN_yes
	.byte	37                              @ DW_AT_producer
	.byte	14                              @ DW_FORM_strp
	.byte	19                              @ DW_AT_language
	.byte	5                               @ DW_FORM_data2
	.byte	3                               @ DW_AT_name
	.byte	14                              @ DW_FORM_strp
	.byte	16                              @ DW_AT_stmt_list
	.byte	23                              @ DW_FORM_sec_offset
	.byte	27                              @ DW_AT_comp_dir
	.byte	14                              @ DW_FORM_strp
	.byte	17                              @ DW_AT_low_pc
	.byte	1                               @ DW_FORM_addr
	.byte	18                              @ DW_AT_high_pc
	.byte	6                               @ DW_FORM_data4
	.byte	0                               @ EOM(1)
	.byte	0                               @ EOM(2)
	.byte	2                               @ Abbreviation Code
	.byte	52                              @ DW_TAG_variable
	.byte	0                               @ DW_CHILDREN_no
	.byte	3                               @ DW_AT_name
	.byte	14                              @ DW_FORM_strp
	.byte	73                              @ DW_AT_type
	.byte	19                              @ DW_FORM_ref4
	.byte	58                              @ DW_AT_decl_file
	.byte	11                              @ DW_FORM_data1
	.byte	59                              @ DW_AT_decl_line
	.byte	11                              @ DW_FORM_data1
	.byte	2                               @ DW_AT_location
	.byte	24                              @ DW_FORM_exprloc
	.byte	0                               @ EOM(1)
	.byte	0                               @ EOM(2)
	.byte	3                               @ Abbreviation Code
	.byte	22                              @ DW_TAG_typedef
	.byte	0                               @ DW_CHILDREN_no
	.byte	73                              @ DW_AT_type
	.byte	19                              @ DW_FORM_ref4
	.byte	3                               @ DW_AT_name
	.byte	14                              @ DW_FORM_strp
	.byte	58                              @ DW_AT_decl_file
	.byte	11                              @ DW_FORM_data1
	.byte	59                              @ DW_AT_decl_line
	.byte	11                              @ DW_FORM_data1
	.byte	0                               @ EOM(1)
	.byte	0                               @ EOM(2)
	.byte	4                               @ Abbreviation Code
	.byte	15                              @ DW_TAG_pointer_type
	.byte	0                               @ DW_CHILDREN_no
	.byte	73                              @ DW_AT_type
	.byte	19                              @ DW_FORM_ref4
	.byte	0                               @ EOM(1)
	.byte	0                               @ EOM(2)
	.byte	5                               @ Abbreviation Code
	.byte	21                              @ DW_TAG_subroutine_type
	.byte	0                               @ DW_CHILDREN_no
	.byte	39                              @ DW_AT_prototyped
	.byte	25                              @ DW_FORM_flag_present
	.byte	0                               @ EOM(1)
	.byte	0                               @ EOM(2)
	.byte	6                               @ Abbreviation Code
	.byte	53                              @ DW_TAG_volatile_type
	.byte	0                               @ DW_CHILDREN_no
	.byte	73                              @ DW_AT_type
	.byte	19                              @ DW_FORM_ref4
	.byte	0                               @ EOM(1)
	.byte	0                               @ EOM(2)
	.byte	7                               @ Abbreviation Code
	.byte	36                              @ DW_TAG_base_type
	.byte	0                               @ DW_CHILDREN_no
	.byte	3                               @ DW_AT_name
	.byte	14                              @ DW_FORM_strp
	.byte	62                              @ DW_AT_encoding
	.byte	11                              @ DW_FORM_data1
	.byte	11                              @ DW_AT_byte_size
	.byte	11                              @ DW_FORM_data1
	.byte	0                               @ EOM(1)
	.byte	0                               @ EOM(2)
	.byte	8                               @ Abbreviation Code
	.byte	22                              @ DW_TAG_typedef
	.byte	0                               @ DW_CHILDREN_no
	.byte	73                              @ DW_AT_type
	.byte	19                              @ DW_FORM_ref4
	.byte	3                               @ DW_AT_name
	.byte	14                              @ DW_FORM_strp
	.byte	58                              @ DW_AT_decl_file
	.byte	11                              @ DW_FORM_data1
	.byte	59                              @ DW_AT_decl_line
	.byte	5                               @ DW_FORM_data2
	.byte	0                               @ EOM(1)
	.byte	0                               @ EOM(2)
	.byte	9                               @ Abbreviation Code
	.byte	19                              @ DW_TAG_structure_type
	.byte	1                               @ DW_CHILDREN_yes
	.byte	11                              @ DW_AT_byte_size
	.byte	11                              @ DW_FORM_data1
	.byte	58                              @ DW_AT_decl_file
	.byte	11                              @ DW_FORM_data1
	.byte	59                              @ DW_AT_decl_line
	.byte	5                               @ DW_FORM_data2
	.byte	0                               @ EOM(1)
	.byte	0                               @ EOM(2)
	.byte	10                              @ Abbreviation Code
	.byte	13                              @ DW_TAG_member
	.byte	0                               @ DW_CHILDREN_no
	.byte	3                               @ DW_AT_name
	.byte	14                              @ DW_FORM_strp
	.byte	73                              @ DW_AT_type
	.byte	19                              @ DW_FORM_ref4
	.byte	58                              @ DW_AT_decl_file
	.byte	11                              @ DW_FORM_data1
	.byte	59                              @ DW_AT_decl_line
	.byte	5                               @ DW_FORM_data2
	.byte	56                              @ DW_AT_data_member_location
	.byte	11                              @ DW_FORM_data1
	.byte	0                               @ EOM(1)
	.byte	0                               @ EOM(2)
	.byte	11                              @ Abbreviation Code
	.byte	38                              @ DW_TAG_const_type
	.byte	0                               @ DW_CHILDREN_no
	.byte	73                              @ DW_AT_type
	.byte	19                              @ DW_FORM_ref4
	.byte	0                               @ EOM(1)
	.byte	0                               @ EOM(2)
	.byte	12                              @ Abbreviation Code
	.byte	46                              @ DW_TAG_subprogram
	.byte	1                               @ DW_CHILDREN_yes
	.byte	17                              @ DW_AT_low_pc
	.byte	1                               @ DW_FORM_addr
	.byte	18                              @ DW_AT_high_pc
	.byte	6                               @ DW_FORM_data4
	.byte	64                              @ DW_AT_frame_base
	.byte	24                              @ DW_FORM_exprloc
	.ascii	"\227B"                         @ DW_AT_GNU_all_call_sites
	.byte	25                              @ DW_FORM_flag_present
	.byte	3                               @ DW_AT_name
	.byte	14                              @ DW_FORM_strp
	.byte	58                              @ DW_AT_decl_file
	.byte	11                              @ DW_FORM_data1
	.byte	59                              @ DW_AT_decl_line
	.byte	11                              @ DW_FORM_data1
	.byte	39                              @ DW_AT_prototyped
	.byte	25                              @ DW_FORM_flag_present
	.byte	63                              @ DW_AT_external
	.byte	25                              @ DW_FORM_flag_present
	.byte	0                               @ EOM(1)
	.byte	0                               @ EOM(2)
	.byte	13                              @ Abbreviation Code
	.byte	5                               @ DW_TAG_formal_parameter
	.byte	0                               @ DW_CHILDREN_no
	.byte	2                               @ DW_AT_location
	.byte	24                              @ DW_FORM_exprloc
	.byte	3                               @ DW_AT_name
	.byte	14                              @ DW_FORM_strp
	.byte	58                              @ DW_AT_decl_file
	.byte	11                              @ DW_FORM_data1
	.byte	59                              @ DW_AT_decl_line
	.byte	11                              @ DW_FORM_data1
	.byte	73                              @ DW_AT_type
	.byte	19                              @ DW_FORM_ref4
	.byte	0                               @ EOM(1)
	.byte	0                               @ EOM(2)
	.byte	14                              @ Abbreviation Code
	.byte	46                              @ DW_TAG_subprogram
	.byte	0                               @ DW_CHILDREN_no
	.byte	17                              @ DW_AT_low_pc
	.byte	1                               @ DW_FORM_addr
	.byte	18                              @ DW_AT_high_pc
	.byte	6                               @ DW_FORM_data4
	.byte	64                              @ DW_AT_frame_base
	.byte	24                              @ DW_FORM_exprloc
	.ascii	"\227B"                         @ DW_AT_GNU_all_call_sites
	.byte	25                              @ DW_FORM_flag_present
	.byte	3                               @ DW_AT_name
	.byte	14                              @ DW_FORM_strp
	.byte	58                              @ DW_AT_decl_file
	.byte	11                              @ DW_FORM_data1
	.byte	59                              @ DW_AT_decl_line
	.byte	11                              @ DW_FORM_data1
	.byte	39                              @ DW_AT_prototyped
	.byte	25                              @ DW_FORM_flag_present
	.byte	63                              @ DW_AT_external
	.byte	25                              @ DW_FORM_flag_present
	.byte	0                               @ EOM(1)
	.byte	0                               @ EOM(2)
	.byte	15                              @ Abbreviation Code
	.byte	5                               @ DW_TAG_formal_parameter
	.byte	0                               @ DW_CHILDREN_no
	.byte	2                               @ DW_AT_location
	.byte	23                              @ DW_FORM_sec_offset
	.byte	3                               @ DW_AT_name
	.byte	14                              @ DW_FORM_strp
	.byte	58                              @ DW_AT_decl_file
	.byte	11                              @ DW_FORM_data1
	.byte	59                              @ DW_AT_decl_line
	.byte	11                              @ DW_FORM_data1
	.byte	73                              @ DW_AT_type
	.byte	19                              @ DW_FORM_ref4
	.byte	0                               @ EOM(1)
	.byte	0                               @ EOM(2)
	.byte	16                              @ Abbreviation Code
	.byte	46                              @ DW_TAG_subprogram
	.byte	0                               @ DW_CHILDREN_no
	.byte	17                              @ DW_AT_low_pc
	.byte	1                               @ DW_FORM_addr
	.byte	18                              @ DW_AT_high_pc
	.byte	6                               @ DW_FORM_data4
	.byte	64                              @ DW_AT_frame_base
	.byte	24                              @ DW_FORM_exprloc
	.ascii	"\227B"                         @ DW_AT_GNU_all_call_sites
	.byte	25                              @ DW_FORM_flag_present
	.byte	49                              @ DW_AT_abstract_origin
	.byte	19                              @ DW_FORM_ref4
	.byte	0                               @ EOM(1)
	.byte	0                               @ EOM(2)
	.byte	17                              @ Abbreviation Code
	.byte	46                              @ DW_TAG_subprogram
	.byte	0                               @ DW_CHILDREN_no
	.byte	3                               @ DW_AT_name
	.byte	14                              @ DW_FORM_strp
	.byte	58                              @ DW_AT_decl_file
	.byte	11                              @ DW_FORM_data1
	.byte	59                              @ DW_AT_decl_line
	.byte	11                              @ DW_FORM_data1
	.byte	39                              @ DW_AT_prototyped
	.byte	25                              @ DW_FORM_flag_present
	.byte	63                              @ DW_AT_external
	.byte	25                              @ DW_FORM_flag_present
	.byte	32                              @ DW_AT_inline
	.byte	11                              @ DW_FORM_data1
	.byte	0                               @ EOM(1)
	.byte	0                               @ EOM(2)
	.byte	18                              @ Abbreviation Code
	.byte	29                              @ DW_TAG_inlined_subroutine
	.byte	0                               @ DW_CHILDREN_no
	.byte	49                              @ DW_AT_abstract_origin
	.byte	19                              @ DW_FORM_ref4
	.byte	17                              @ DW_AT_low_pc
	.byte	1                               @ DW_FORM_addr
	.byte	18                              @ DW_AT_high_pc
	.byte	6                               @ DW_FORM_data4
	.byte	88                              @ DW_AT_call_file
	.byte	11                              @ DW_FORM_data1
	.byte	89                              @ DW_AT_call_line
	.byte	11                              @ DW_FORM_data1
	.byte	87                              @ DW_AT_call_column
	.byte	11                              @ DW_FORM_data1
	.byte	0                               @ EOM(1)
	.byte	0                               @ EOM(2)
	.byte	19                              @ Abbreviation Code
	.byte	46                              @ DW_TAG_subprogram
	.byte	0                               @ DW_CHILDREN_no
	.byte	17                              @ DW_AT_low_pc
	.byte	1                               @ DW_FORM_addr
	.byte	18                              @ DW_AT_high_pc
	.byte	6                               @ DW_FORM_data4
	.byte	64                              @ DW_AT_frame_base
	.byte	24                              @ DW_FORM_exprloc
	.ascii	"\227B"                         @ DW_AT_GNU_all_call_sites
	.byte	25                              @ DW_FORM_flag_present
	.byte	3                               @ DW_AT_name
	.byte	14                              @ DW_FORM_strp
	.byte	58                              @ DW_AT_decl_file
	.byte	11                              @ DW_FORM_data1
	.byte	59                              @ DW_AT_decl_line
	.byte	11                              @ DW_FORM_data1
	.byte	39                              @ DW_AT_prototyped
	.byte	25                              @ DW_FORM_flag_present
	.byte	73                              @ DW_AT_type
	.byte	19                              @ DW_FORM_ref4
	.byte	63                              @ DW_AT_external
	.byte	25                              @ DW_FORM_flag_present
	.byte	0                               @ EOM(1)
	.byte	0                               @ EOM(2)
	.byte	0                               @ EOM(3)
	.section	.debug_info,"",%progbits
.Lcu_begin0:
	.long	.Ldebug_info_end0-.Ldebug_info_start0 @ Length of Unit
.Ldebug_info_start0:
	.short	4                               @ DWARF version number
	.long	.debug_abbrev                   @ Offset Into Abbrev. Section
	.byte	4                               @ Address Size (in bytes)
	.byte	1                               @ Abbrev [1] 0xb:0x179 DW_TAG_compile_unit
	.long	.Linfo_string0                  @ DW_AT_producer
	.short	12                              @ DW_AT_language
	.long	.Linfo_string1                  @ DW_AT_name
	.long	.Lline_table_start0             @ DW_AT_stmt_list
	.long	.Linfo_string2                  @ DW_AT_comp_dir
	.long	.Lfunc_begin0                   @ DW_AT_low_pc
	.long	.Lfunc_end5-.Lfunc_begin0       @ DW_AT_high_pc
	.byte	2                               @ Abbrev [2] 0x26:0x11 DW_TAG_variable
	.long	.Linfo_string3                  @ DW_AT_name
	.long	55                              @ DW_AT_type
	.byte	2                               @ DW_AT_decl_file
	.byte	40                              @ DW_AT_decl_line
	.byte	5                               @ DW_AT_location
	.byte	3
	.long	callback_function
	.byte	3                               @ Abbrev [3] 0x37:0xb DW_TAG_typedef
	.long	66                              @ DW_AT_type
	.long	.Linfo_string4                  @ DW_AT_name
	.byte	1                               @ DW_AT_decl_file
	.byte	55                              @ DW_AT_decl_line
	.byte	4                               @ Abbrev [4] 0x42:0x5 DW_TAG_pointer_type
	.long	71                              @ DW_AT_type
	.byte	5                               @ Abbrev [5] 0x47:0x1 DW_TAG_subroutine_type
                                        @ DW_AT_prototyped
	.byte	4                               @ Abbrev [4] 0x48:0x5 DW_TAG_pointer_type
	.long	77                              @ DW_AT_type
	.byte	6                               @ Abbrev [6] 0x4d:0x5 DW_TAG_volatile_type
	.long	82                              @ DW_AT_type
	.byte	3                               @ Abbrev [3] 0x52:0xb DW_TAG_typedef
	.long	93                              @ DW_AT_type
	.long	.Linfo_string6                  @ DW_AT_name
	.byte	3                               @ DW_AT_decl_file
	.byte	64                              @ DW_AT_decl_line
	.byte	7                               @ Abbrev [7] 0x5d:0x7 DW_TAG_base_type
	.long	.Linfo_string5                  @ DW_AT_name
	.byte	7                               @ DW_AT_encoding
	.byte	4                               @ DW_AT_byte_size
	.byte	4                               @ Abbrev [4] 0x64:0x5 DW_TAG_pointer_type
	.long	105                             @ DW_AT_type
	.byte	8                               @ Abbrev [8] 0x69:0xc DW_TAG_typedef
	.long	117                             @ DW_AT_type
	.long	.Linfo_string11                 @ DW_AT_name
	.byte	4                               @ DW_AT_decl_file
	.short	478                             @ DW_AT_decl_line
	.byte	9                               @ Abbrev [9] 0x75:0x3a DW_TAG_structure_type
	.byte	16                              @ DW_AT_byte_size
	.byte	4                               @ DW_AT_decl_file
	.short	472                             @ DW_AT_decl_line
	.byte	10                              @ Abbrev [10] 0x7a:0xd DW_TAG_member
	.long	.Linfo_string7                  @ DW_AT_name
	.long	77                              @ DW_AT_type
	.byte	4                               @ DW_AT_decl_file
	.short	474                             @ DW_AT_decl_line
	.byte	0                               @ DW_AT_data_member_location
	.byte	10                              @ Abbrev [10] 0x87:0xd DW_TAG_member
	.long	.Linfo_string8                  @ DW_AT_name
	.long	77                              @ DW_AT_type
	.byte	4                               @ DW_AT_decl_file
	.short	475                             @ DW_AT_decl_line
	.byte	4                               @ DW_AT_data_member_location
	.byte	10                              @ Abbrev [10] 0x94:0xd DW_TAG_member
	.long	.Linfo_string9                  @ DW_AT_name
	.long	77                              @ DW_AT_type
	.byte	4                               @ DW_AT_decl_file
	.short	476                             @ DW_AT_decl_line
	.byte	8                               @ DW_AT_data_member_location
	.byte	10                              @ Abbrev [10] 0xa1:0xd DW_TAG_member
	.long	.Linfo_string10                 @ DW_AT_name
	.long	175                             @ DW_AT_type
	.byte	4                               @ DW_AT_decl_file
	.short	477                             @ DW_AT_decl_line
	.byte	12                              @ DW_AT_data_member_location
	.byte	0                               @ End Of Children Mark
	.byte	11                              @ Abbrev [11] 0xaf:0x5 DW_TAG_const_type
	.long	77                              @ DW_AT_type
	.byte	12                              @ Abbrev [12] 0xb4:0x1f DW_TAG_subprogram
	.long	.Lfunc_begin0                   @ DW_AT_low_pc
	.long	.Lfunc_end0-.Lfunc_begin0       @ DW_AT_high_pc
	.byte	1                               @ DW_AT_frame_base
	.byte	93
                                        @ DW_AT_GNU_all_call_sites
	.long	.Linfo_string13                 @ DW_AT_name
	.byte	2                               @ DW_AT_decl_file
	.byte	42                              @ DW_AT_decl_line
                                        @ DW_AT_prototyped
                                        @ DW_AT_external
	.byte	13                              @ Abbrev [13] 0xc5:0xd DW_TAG_formal_parameter
	.byte	1                               @ DW_AT_location
	.byte	80
	.long	.Linfo_string18                 @ DW_AT_name
	.byte	2                               @ DW_AT_decl_file
	.byte	42                              @ DW_AT_decl_line
	.long	55                              @ DW_AT_type
	.byte	0                               @ End Of Children Mark
	.byte	14                              @ Abbrev [14] 0xd3:0x11 DW_TAG_subprogram
	.long	.Lfunc_begin1                   @ DW_AT_low_pc
	.long	.Lfunc_end1-.Lfunc_begin1       @ DW_AT_high_pc
	.byte	1                               @ DW_AT_frame_base
	.byte	93
                                        @ DW_AT_GNU_all_call_sites
	.long	.Linfo_string14                 @ DW_AT_name
	.byte	2                               @ DW_AT_decl_file
	.byte	48                              @ DW_AT_decl_line
                                        @ DW_AT_prototyped
                                        @ DW_AT_external
	.byte	12                              @ Abbrev [12] 0xe4:0x30 DW_TAG_subprogram
	.long	.Lfunc_begin2                   @ DW_AT_low_pc
	.long	.Lfunc_end2-.Lfunc_begin2       @ DW_AT_high_pc
	.byte	1                               @ DW_AT_frame_base
	.byte	93
                                        @ DW_AT_GNU_all_call_sites
	.long	.Linfo_string15                 @ DW_AT_name
	.byte	2                               @ DW_AT_decl_file
	.byte	55                              @ DW_AT_decl_line
                                        @ DW_AT_prototyped
                                        @ DW_AT_external
	.byte	15                              @ Abbrev [15] 0xf5:0xf DW_TAG_formal_parameter
	.long	.Ldebug_loc0                    @ DW_AT_location
	.long	.Linfo_string19                 @ DW_AT_name
	.byte	2                               @ DW_AT_decl_file
	.byte	55                              @ DW_AT_decl_line
	.long	82                              @ DW_AT_type
	.byte	15                              @ Abbrev [15] 0x104:0xf DW_TAG_formal_parameter
	.long	.Ldebug_loc1                    @ DW_AT_location
	.long	.Linfo_string20                 @ DW_AT_name
	.byte	2                               @ DW_AT_decl_file
	.byte	55                              @ DW_AT_decl_line
	.long	369                             @ DW_AT_type
	.byte	0                               @ End Of Children Mark
	.byte	16                              @ Abbrev [16] 0x114:0xf DW_TAG_subprogram
	.long	.Lfunc_begin3                   @ DW_AT_low_pc
	.long	.Lfunc_end3-.Lfunc_begin3       @ DW_AT_high_pc
	.byte	1                               @ DW_AT_frame_base
	.byte	93
                                        @ DW_AT_GNU_all_call_sites
	.long	291                             @ DW_AT_abstract_origin
	.byte	17                              @ Abbrev [17] 0x123:0x8 DW_TAG_subprogram
	.long	.Linfo_string12                 @ DW_AT_name
	.byte	2                               @ DW_AT_decl_file
	.byte	65                              @ DW_AT_decl_line
                                        @ DW_AT_prototyped
                                        @ DW_AT_external
	.byte	1                               @ DW_AT_inline
	.byte	12                              @ Abbrev [12] 0x12b:0x31 DW_TAG_subprogram
	.long	.Lfunc_begin4                   @ DW_AT_low_pc
	.long	.Lfunc_end4-.Lfunc_begin4       @ DW_AT_high_pc
	.byte	1                               @ DW_AT_frame_base
	.byte	93
                                        @ DW_AT_GNU_all_call_sites
	.long	.Linfo_string16                 @ DW_AT_name
	.byte	2                               @ DW_AT_decl_file
	.byte	71                              @ DW_AT_decl_line
                                        @ DW_AT_prototyped
                                        @ DW_AT_external
	.byte	15                              @ Abbrev [15] 0x13c:0xf DW_TAG_formal_parameter
	.long	.Ldebug_loc2                    @ DW_AT_location
	.long	.Linfo_string19                 @ DW_AT_name
	.byte	2                               @ DW_AT_decl_file
	.byte	71                              @ DW_AT_decl_line
	.long	82                              @ DW_AT_type
	.byte	18                              @ Abbrev [18] 0x14b:0x10 DW_TAG_inlined_subroutine
	.long	291                             @ DW_AT_abstract_origin
	.long	.Ltmp20                         @ DW_AT_low_pc
	.long	.Ltmp21-.Ltmp20                 @ DW_AT_high_pc
	.byte	2                               @ DW_AT_call_file
	.byte	79                              @ DW_AT_call_line
	.byte	5                               @ DW_AT_call_column
	.byte	0                               @ End Of Children Mark
	.byte	19                              @ Abbrev [19] 0x15c:0x15 DW_TAG_subprogram
	.long	.Lfunc_begin5                   @ DW_AT_low_pc
	.long	.Lfunc_end5-.Lfunc_begin5       @ DW_AT_high_pc
	.byte	1                               @ DW_AT_frame_base
	.byte	93
                                        @ DW_AT_GNU_all_call_sites
	.long	.Linfo_string17                 @ DW_AT_name
	.byte	2                               @ DW_AT_decl_file
	.byte	82                              @ DW_AT_decl_line
                                        @ DW_AT_prototyped
	.long	82                              @ DW_AT_type
                                        @ DW_AT_external
	.byte	3                               @ Abbrev [3] 0x171:0xb DW_TAG_typedef
	.long	380                             @ DW_AT_type
	.long	.Linfo_string22                 @ DW_AT_name
	.byte	3                               @ DW_AT_decl_file
	.byte	62                              @ DW_AT_decl_line
	.byte	7                               @ Abbrev [7] 0x17c:0x7 DW_TAG_base_type
	.long	.Linfo_string21                 @ DW_AT_name
	.byte	8                               @ DW_AT_encoding
	.byte	1                               @ DW_AT_byte_size
	.byte	0                               @ End Of Children Mark
.Ldebug_info_end0:
	.section	.debug_str,"MS",%progbits,1
.Linfo_string0:
	.asciz	"Component: Arm Compiler for Embedded 6.23 Tool: armclang [5f103000]" @ string offset=0
.Linfo_string1:
	.asciz	"../../../../../sdk/platform/driver/systick\\systick.c" @ string offset=68
.Linfo_string2:
	.asciz	"C:\\Users\\teodor\\Desktop\\stem\\codeless\\6.0.24.1464\\projects\\target_apps\\ble_examples\\empty_peripheral_template\\Keil_5" @ string offset=121
.Linfo_string3:
	.asciz	"callback_function"             @ string offset=238
.Linfo_string4:
	.asciz	"systick_callback_function_t"   @ string offset=256
.Linfo_string5:
	.asciz	"unsigned int"                  @ string offset=284
.Linfo_string6:
	.asciz	"uint32_t"                      @ string offset=297
.Linfo_string7:
	.asciz	"CTRL"                          @ string offset=306
.Linfo_string8:
	.asciz	"LOAD"                          @ string offset=311
.Linfo_string9:
	.asciz	"VAL"                           @ string offset=316
.Linfo_string10:
	.asciz	"CALIB"                         @ string offset=320
.Linfo_string11:
	.asciz	"SysTick_Type"                  @ string offset=326
.Linfo_string12:
	.asciz	"systick_stop"                  @ string offset=339
.Linfo_string13:
	.asciz	"systick_register_callback"     @ string offset=352
.Linfo_string14:
	.asciz	"SysTick_Handler"               @ string offset=378
.Linfo_string15:
	.asciz	"systick_start"                 @ string offset=394
.Linfo_string16:
	.asciz	"systick_wait"                  @ string offset=408
.Linfo_string17:
	.asciz	"systick_value"                 @ string offset=421
.Linfo_string18:
	.asciz	"callback"                      @ string offset=435
.Linfo_string19:
	.asciz	"usec"                          @ string offset=444
.Linfo_string20:
	.asciz	"exception"                     @ string offset=449
.Linfo_string21:
	.asciz	"unsigned char"                 @ string offset=459
.Linfo_string22:
	.asciz	"uint8_t"                       @ string offset=473
	.ident	"Component: Arm Compiler for Embedded 6.23 Tool: armclang [5f103000]"
	.section	".note.GNU-stack","",%progbits
	.eabi_attribute	30, 4	@ Tag_ABI_optimization_goals
	.ARM_attribute	16, 1	@ Tag_AV_eba
	.section	.debug_line,"",%progbits
.Lline_table_start0:
