	.text
	.syntax unified
	.eabi_attribute	67, "2.09"	@ Tag_conformance
	.cpu	cortex-m0plus
	.eabi_attribute	6, 12	@ Tag_CPU_arch
	.eabi_attribute	7, 77	@ Tag_CPU_arch_profile
	.eabi_attribute	8, 0	@ Tag_ARM_ISA_use
	.eabi_attribute	9, 1	@ Tag_THUMB_ISA_use
	.eabi_attribute	34, 0	@ Tag_CPU_unaligned_access
	.eabi_attribute	17, 1	@ Tag_ABI_PCS_GOT_use
	.eabi_attribute	20, 2	@ Tag_ABI_FP_denormal
	.eabi_attribute	21, 0	@ Tag_ABI_FP_exceptions
	.eabi_attribute	23, 1	@ Tag_ABI_FP_number_model
	.eabi_attribute	24, 1	@ Tag_ABI_align_needed
	.eabi_attribute	25, 1	@ Tag_ABI_align_preserved
	.eabi_attribute	38, 1	@ Tag_ABI_FP_16bit_format
	.eabi_attribute	18, 2	@ Tag_ABI_PCS_wchar_t
	.eabi_attribute	26, 1	@ Tag_ABI_enum_size
	.eabi_attribute	14, 0	@ Tag_ABI_PCS_R9_use
	.file	"user_custs_config.c"
	.file	1 "C:\\Users\\teodor\\Desktop\\stem\\codeless\\6.0.24.1464\\projects\\target_apps\\ble_examples\\empty_peripheral_template\\Keil_5" "./../../../../../sdk/platform/core_modules/rwip/api\\rwip_config.h"
	.file	2 "C:\\Users\\teodor\\Desktop\\stem\\codeless\\6.0.24.1464\\projects\\target_apps\\ble_examples\\empty_peripheral_template\\Keil_5" "./../../../../../sdk/app_modules/api\\app_prf_types.h"
	.file	3 "C:\\Users\\teodor" "AppData\\Local\\Keil_v5\\ARM\\ARMCLANG\\bin\\..\\include\\stdint.h"
	.file	4 "C:\\Users\\teodor\\Desktop\\stem\\codeless\\6.0.24.1464\\projects\\target_apps\\ble_examples\\empty_peripheral_template\\Keil_5" "./../../../../../sdk/ble_stack/host/att/attm\\attm_db_128.h"
	.file	5 "C:\\Users\\teodor\\Desktop\\stem\\codeless\\6.0.24.1464\\projects\\target_apps\\ble_examples\\empty_peripheral_template\\Keil_5" "./../../../../../sdk/ble_stack/host/att/attm\\attm.h"
	.file	6 "C:\\Users\\teodor\\Desktop\\stem\\codeless\\6.0.24.1464\\projects\\target_apps\\ble_examples\\empty_peripheral_template\\Keil_5" "./../../../../../sdk/ble_stack/host/att\\att.h"
	.file	7 "C:\\Users\\teodor\\Desktop\\stem\\codeless\\6.0.24.1464\\projects\\target_apps\\ble_examples\\empty_peripheral_template\\Keil_5" "../src/custom_profile/user_custs_config.c"
	.hidden	cust_prf_funcs                  @ @cust_prf_funcs
	.type	cust_prf_funcs,%object
	.section	.rodata.cust_prf_funcs,"a",%progbits
	.globl	cust_prf_funcs
	.p2align	2, 0x0
cust_prf_funcs:
	.byte	253                             @ 0xfd
	.zero	3
	.long	custs1_att_db
	.byte	23                              @ 0x17
	.zero	3
	.long	app_custs1_create_db
	.long	0
	.long	0
	.long	0
	.byte	255                             @ 0xff
	.zero	3
	.long	0
	.byte	0                               @ 0x0
	.zero	3
	.long	0
	.long	0
	.long	0
	.long	0
	.size	cust_prf_funcs, 56

	.section	.debug_abbrev,"",%progbits
	.byte	1                               @ Abbreviation Code
	.byte	17                              @ DW_TAG_compile_unit
	.byte	1                               @ DW_CHILDREN_yes
	.byte	37                              @ DW_AT_producer
	.byte	14                              @ DW_FORM_strp
	.byte	19                              @ DW_AT_language
	.byte	5                               @ DW_FORM_data2
	.byte	3                               @ DW_AT_name
	.byte	14                              @ DW_FORM_strp
	.byte	16                              @ DW_AT_stmt_list
	.byte	23                              @ DW_FORM_sec_offset
	.byte	27                              @ DW_AT_comp_dir
	.byte	14                              @ DW_FORM_strp
	.byte	0                               @ EOM(1)
	.byte	0                               @ EOM(2)
	.byte	2                               @ Abbreviation Code
	.byte	52                              @ DW_TAG_variable
	.byte	0                               @ DW_CHILDREN_no
	.byte	3                               @ DW_AT_name
	.byte	14                              @ DW_FORM_strp
	.byte	73                              @ DW_AT_type
	.byte	19                              @ DW_FORM_ref4
	.byte	63                              @ DW_AT_external
	.byte	25                              @ DW_FORM_flag_present
	.byte	58                              @ DW_AT_decl_file
	.byte	11                              @ DW_FORM_data1
	.byte	59                              @ DW_AT_decl_line
	.byte	11                              @ DW_FORM_data1
	.byte	2                               @ DW_AT_location
	.byte	24                              @ DW_FORM_exprloc
	.byte	0                               @ EOM(1)
	.byte	0                               @ EOM(2)
	.byte	3                               @ Abbreviation Code
	.byte	1                               @ DW_TAG_array_type
	.byte	1                               @ DW_CHILDREN_yes
	.byte	73                              @ DW_AT_type
	.byte	19                              @ DW_FORM_ref4
	.byte	0                               @ EOM(1)
	.byte	0                               @ EOM(2)
	.byte	4                               @ Abbreviation Code
	.byte	33                              @ DW_TAG_subrange_type
	.byte	0                               @ DW_CHILDREN_no
	.byte	73                              @ DW_AT_type
	.byte	19                              @ DW_FORM_ref4
	.byte	55                              @ DW_AT_count
	.byte	11                              @ DW_FORM_data1
	.byte	0                               @ EOM(1)
	.byte	0                               @ EOM(2)
	.byte	5                               @ Abbreviation Code
	.byte	38                              @ DW_TAG_const_type
	.byte	0                               @ DW_CHILDREN_no
	.byte	73                              @ DW_AT_type
	.byte	19                              @ DW_FORM_ref4
	.byte	0                               @ EOM(1)
	.byte	0                               @ EOM(2)
	.byte	6                               @ Abbreviation Code
	.byte	19                              @ DW_TAG_structure_type
	.byte	1                               @ DW_CHILDREN_yes
	.byte	3                               @ DW_AT_name
	.byte	14                              @ DW_FORM_strp
	.byte	11                              @ DW_AT_byte_size
	.byte	11                              @ DW_FORM_data1
	.byte	58                              @ DW_AT_decl_file
	.byte	11                              @ DW_FORM_data1
	.byte	59                              @ DW_AT_decl_line
	.byte	11                              @ DW_FORM_data1
	.byte	0                               @ EOM(1)
	.byte	0                               @ EOM(2)
	.byte	7                               @ Abbreviation Code
	.byte	13                              @ DW_TAG_member
	.byte	0                               @ DW_CHILDREN_no
	.byte	3                               @ DW_AT_name
	.byte	14                              @ DW_FORM_strp
	.byte	73                              @ DW_AT_type
	.byte	19                              @ DW_FORM_ref4
	.byte	58                              @ DW_AT_decl_file
	.byte	11                              @ DW_FORM_data1
	.byte	59                              @ DW_AT_decl_line
	.byte	11                              @ DW_FORM_data1
	.byte	56                              @ DW_AT_data_member_location
	.byte	11                              @ DW_FORM_data1
	.byte	0                               @ EOM(1)
	.byte	0                               @ EOM(2)
	.byte	8                               @ Abbreviation Code
	.byte	4                               @ DW_TAG_enumeration_type
	.byte	1                               @ DW_CHILDREN_yes
	.byte	73                              @ DW_AT_type
	.byte	19                              @ DW_FORM_ref4
	.byte	3                               @ DW_AT_name
	.byte	14                              @ DW_FORM_strp
	.byte	11                              @ DW_AT_byte_size
	.byte	11                              @ DW_FORM_data1
	.byte	58                              @ DW_AT_decl_file
	.byte	11                              @ DW_FORM_data1
	.byte	59                              @ DW_AT_decl_line
	.byte	5                               @ DW_FORM_data2
	.byte	0                               @ EOM(1)
	.byte	0                               @ EOM(2)
	.byte	9                               @ Abbreviation Code
	.byte	40                              @ DW_TAG_enumerator
	.byte	0                               @ DW_CHILDREN_no
	.byte	3                               @ DW_AT_name
	.byte	14                              @ DW_FORM_strp
	.byte	28                              @ DW_AT_const_value
	.byte	15                              @ DW_FORM_udata
	.byte	0                               @ EOM(1)
	.byte	0                               @ EOM(2)
	.byte	10                              @ Abbreviation Code
	.byte	36                              @ DW_TAG_base_type
	.byte	0                               @ DW_CHILDREN_no
	.byte	3                               @ DW_AT_name
	.byte	14                              @ DW_FORM_strp
	.byte	62                              @ DW_AT_encoding
	.byte	11                              @ DW_FORM_data1
	.byte	11                              @ DW_AT_byte_size
	.byte	11                              @ DW_FORM_data1
	.byte	0                               @ EOM(1)
	.byte	0                               @ EOM(2)
	.byte	11                              @ Abbreviation Code
	.byte	15                              @ DW_TAG_pointer_type
	.byte	0                               @ DW_CHILDREN_no
	.byte	73                              @ DW_AT_type
	.byte	19                              @ DW_FORM_ref4
	.byte	0                               @ EOM(1)
	.byte	0                               @ EOM(2)
	.byte	12                              @ Abbreviation Code
	.byte	22                              @ DW_TAG_typedef
	.byte	0                               @ DW_CHILDREN_no
	.byte	73                              @ DW_AT_type
	.byte	19                              @ DW_FORM_ref4
	.byte	3                               @ DW_AT_name
	.byte	14                              @ DW_FORM_strp
	.byte	58                              @ DW_AT_decl_file
	.byte	11                              @ DW_FORM_data1
	.byte	59                              @ DW_AT_decl_line
	.byte	11                              @ DW_FORM_data1
	.byte	0                               @ EOM(1)
	.byte	0                               @ EOM(2)
	.byte	13                              @ Abbreviation Code
	.byte	22                              @ DW_TAG_typedef
	.byte	0                               @ DW_CHILDREN_no
	.byte	73                              @ DW_AT_type
	.byte	19                              @ DW_FORM_ref4
	.byte	3                               @ DW_AT_name
	.byte	14                              @ DW_FORM_strp
	.byte	58                              @ DW_AT_decl_file
	.byte	11                              @ DW_FORM_data1
	.byte	59                              @ DW_AT_decl_line
	.byte	5                               @ DW_FORM_data2
	.byte	0                               @ EOM(1)
	.byte	0                               @ EOM(2)
	.byte	14                              @ Abbreviation Code
	.byte	21                              @ DW_TAG_subroutine_type
	.byte	0                               @ DW_CHILDREN_no
	.byte	39                              @ DW_AT_prototyped
	.byte	25                              @ DW_FORM_flag_present
	.byte	0                               @ EOM(1)
	.byte	0                               @ EOM(2)
	.byte	15                              @ Abbreviation Code
	.byte	21                              @ DW_TAG_subroutine_type
	.byte	1                               @ DW_CHILDREN_yes
	.byte	39                              @ DW_AT_prototyped
	.byte	25                              @ DW_FORM_flag_present
	.byte	0                               @ EOM(1)
	.byte	0                               @ EOM(2)
	.byte	16                              @ Abbreviation Code
	.byte	5                               @ DW_TAG_formal_parameter
	.byte	0                               @ DW_CHILDREN_no
	.byte	73                              @ DW_AT_type
	.byte	19                              @ DW_FORM_ref4
	.byte	0                               @ EOM(1)
	.byte	0                               @ EOM(2)
	.byte	17                              @ Abbreviation Code
	.byte	21                              @ DW_TAG_subroutine_type
	.byte	1                               @ DW_CHILDREN_yes
	.byte	73                              @ DW_AT_type
	.byte	19                              @ DW_FORM_ref4
	.byte	39                              @ DW_AT_prototyped
	.byte	25                              @ DW_FORM_flag_present
	.byte	0                               @ EOM(1)
	.byte	0                               @ EOM(2)
	.byte	18                              @ Abbreviation Code
	.byte	36                              @ DW_TAG_base_type
	.byte	0                               @ DW_CHILDREN_no
	.byte	3                               @ DW_AT_name
	.byte	14                              @ DW_FORM_strp
	.byte	11                              @ DW_AT_byte_size
	.byte	11                              @ DW_FORM_data1
	.byte	62                              @ DW_AT_encoding
	.byte	11                              @ DW_FORM_data1
	.byte	0                               @ EOM(1)
	.byte	0                               @ EOM(2)
	.byte	0                               @ EOM(3)
	.section	.debug_info,"",%progbits
.Lcu_begin0:
	.long	.Ldebug_info_end0-.Ldebug_info_start0 @ Length of Unit
.Ldebug_info_start0:
	.short	4                               @ DWARF version number
	.long	.debug_abbrev                   @ Offset Into Abbrev. Section
	.byte	4                               @ Address Size (in bytes)
	.byte	1                               @ Abbrev [1] 0xb:0x36d DW_TAG_compile_unit
	.long	.Linfo_string0                  @ DW_AT_producer
	.short	12                              @ DW_AT_language
	.long	.Linfo_string1                  @ DW_AT_name
	.long	.Lline_table_start0             @ DW_AT_stmt_list
	.long	.Linfo_string2                  @ DW_AT_comp_dir
	.byte	2                               @ Abbrev [2] 0x1e:0x11 DW_TAG_variable
	.long	.Linfo_string3                  @ DW_AT_name
	.long	47                              @ DW_AT_type
                                        @ DW_AT_external
	.byte	7                               @ DW_AT_decl_file
	.byte	63                              @ DW_AT_decl_line
	.byte	5                               @ DW_AT_location
	.byte	3
	.long	cust_prf_funcs
	.byte	3                               @ Abbrev [3] 0x2f:0xc DW_TAG_array_type
	.long	59                              @ DW_AT_type
	.byte	4                               @ Abbrev [4] 0x34:0x6 DW_TAG_subrange_type
	.long	880                             @ DW_AT_type
	.byte	2                               @ DW_AT_count
	.byte	0                               @ End Of Children Mark
	.byte	5                               @ Abbrev [5] 0x3b:0x5 DW_TAG_const_type
	.long	64                              @ DW_AT_type
	.byte	6                               @ Abbrev [6] 0x40:0x5d DW_TAG_structure_type
	.long	.Linfo_string103                @ DW_AT_name
	.byte	28                              @ DW_AT_byte_size
	.byte	2                               @ DW_AT_decl_file
	.byte	73                              @ DW_AT_decl_line
	.byte	7                               @ Abbrev [7] 0x48:0xc DW_TAG_member
	.long	.Linfo_string4                  @ DW_AT_name
	.long	157                             @ DW_AT_type
	.byte	2                               @ DW_AT_decl_file
	.byte	76                              @ DW_AT_decl_line
	.byte	0                               @ DW_AT_data_member_location
	.byte	7                               @ Abbrev [7] 0x54:0xc DW_TAG_member
	.long	.Linfo_string80                 @ DW_AT_name
	.long	621                             @ DW_AT_type
	.byte	2                               @ DW_AT_decl_file
	.byte	78                              @ DW_AT_decl_line
	.byte	4                               @ DW_AT_data_member_location
	.byte	7                               @ Abbrev [7] 0x60:0xc DW_TAG_member
	.long	.Linfo_string95                 @ DW_AT_name
	.long	717                             @ DW_AT_type
	.byte	2                               @ DW_AT_decl_file
	.byte	80                              @ DW_AT_decl_line
	.byte	8                               @ DW_AT_data_member_location
	.byte	7                               @ Abbrev [7] 0x6c:0xc DW_TAG_member
	.long	.Linfo_string96                 @ DW_AT_name
	.long	798                             @ DW_AT_type
	.byte	2                               @ DW_AT_decl_file
	.byte	82                              @ DW_AT_decl_line
	.byte	12                              @ DW_AT_data_member_location
	.byte	7                               @ Abbrev [7] 0x78:0xc DW_TAG_member
	.long	.Linfo_string98                 @ DW_AT_name
	.long	815                             @ DW_AT_type
	.byte	2                               @ DW_AT_decl_file
	.byte	84                              @ DW_AT_decl_line
	.byte	16                              @ DW_AT_data_member_location
	.byte	7                               @ Abbrev [7] 0x84:0xc DW_TAG_member
	.long	.Linfo_string100                @ DW_AT_name
	.long	798                             @ DW_AT_type
	.byte	2                               @ DW_AT_decl_file
	.byte	86                              @ DW_AT_decl_line
	.byte	20                              @ DW_AT_data_member_location
	.byte	7                               @ Abbrev [7] 0x90:0xc DW_TAG_member
	.long	.Linfo_string101                @ DW_AT_name
	.long	838                             @ DW_AT_type
	.byte	2                               @ DW_AT_decl_file
	.byte	88                              @ DW_AT_decl_line
	.byte	24                              @ DW_AT_data_member_location
	.byte	0                               @ End Of Children Mark
	.byte	8                               @ Abbrev [8] 0x9d:0x1c9 DW_TAG_enumeration_type
	.long	614                             @ DW_AT_type
	.long	.Linfo_string79                 @ DW_AT_name
	.byte	1                               @ DW_AT_byte_size
	.byte	1                               @ DW_AT_decl_file
	.short	514                             @ DW_AT_decl_line
	.byte	9                               @ Abbrev [9] 0xaa:0x6 DW_TAG_enumerator
	.long	.Linfo_string6                  @ DW_AT_name
	.byte	0                               @ DW_AT_const_value
	.byte	9                               @ Abbrev [9] 0xb0:0x6 DW_TAG_enumerator
	.long	.Linfo_string7                  @ DW_AT_name
	.byte	1                               @ DW_AT_const_value
	.byte	9                               @ Abbrev [9] 0xb6:0x6 DW_TAG_enumerator
	.long	.Linfo_string8                  @ DW_AT_name
	.byte	2                               @ DW_AT_const_value
	.byte	9                               @ Abbrev [9] 0xbc:0x6 DW_TAG_enumerator
	.long	.Linfo_string9                  @ DW_AT_name
	.byte	3                               @ DW_AT_const_value
	.byte	9                               @ Abbrev [9] 0xc2:0x6 DW_TAG_enumerator
	.long	.Linfo_string10                 @ DW_AT_name
	.byte	4                               @ DW_AT_const_value
	.byte	9                               @ Abbrev [9] 0xc8:0x6 DW_TAG_enumerator
	.long	.Linfo_string11                 @ DW_AT_name
	.byte	5                               @ DW_AT_const_value
	.byte	9                               @ Abbrev [9] 0xce:0x6 DW_TAG_enumerator
	.long	.Linfo_string12                 @ DW_AT_name
	.byte	6                               @ DW_AT_const_value
	.byte	9                               @ Abbrev [9] 0xd4:0x6 DW_TAG_enumerator
	.long	.Linfo_string13                 @ DW_AT_name
	.byte	7                               @ DW_AT_const_value
	.byte	9                               @ Abbrev [9] 0xda:0x6 DW_TAG_enumerator
	.long	.Linfo_string14                 @ DW_AT_name
	.byte	8                               @ DW_AT_const_value
	.byte	9                               @ Abbrev [9] 0xe0:0x6 DW_TAG_enumerator
	.long	.Linfo_string15                 @ DW_AT_name
	.byte	9                               @ DW_AT_const_value
	.byte	9                               @ Abbrev [9] 0xe6:0x6 DW_TAG_enumerator
	.long	.Linfo_string16                 @ DW_AT_name
	.byte	10                              @ DW_AT_const_value
	.byte	9                               @ Abbrev [9] 0xec:0x6 DW_TAG_enumerator
	.long	.Linfo_string17                 @ DW_AT_name
	.byte	11                              @ DW_AT_const_value
	.byte	9                               @ Abbrev [9] 0xf2:0x6 DW_TAG_enumerator
	.long	.Linfo_string18                 @ DW_AT_name
	.byte	12                              @ DW_AT_const_value
	.byte	9                               @ Abbrev [9] 0xf8:0x6 DW_TAG_enumerator
	.long	.Linfo_string19                 @ DW_AT_name
	.byte	13                              @ DW_AT_const_value
	.byte	9                               @ Abbrev [9] 0xfe:0x6 DW_TAG_enumerator
	.long	.Linfo_string20                 @ DW_AT_name
	.byte	14                              @ DW_AT_const_value
	.byte	9                               @ Abbrev [9] 0x104:0x6 DW_TAG_enumerator
	.long	.Linfo_string21                 @ DW_AT_name
	.byte	15                              @ DW_AT_const_value
	.byte	9                               @ Abbrev [9] 0x10a:0x6 DW_TAG_enumerator
	.long	.Linfo_string22                 @ DW_AT_name
	.byte	16                              @ DW_AT_const_value
	.byte	9                               @ Abbrev [9] 0x110:0x6 DW_TAG_enumerator
	.long	.Linfo_string23                 @ DW_AT_name
	.byte	20                              @ DW_AT_const_value
	.byte	9                               @ Abbrev [9] 0x116:0x6 DW_TAG_enumerator
	.long	.Linfo_string24                 @ DW_AT_name
	.byte	21                              @ DW_AT_const_value
	.byte	9                               @ Abbrev [9] 0x11c:0x6 DW_TAG_enumerator
	.long	.Linfo_string25                 @ DW_AT_name
	.byte	22                              @ DW_AT_const_value
	.byte	9                               @ Abbrev [9] 0x122:0x6 DW_TAG_enumerator
	.long	.Linfo_string26                 @ DW_AT_name
	.byte	23                              @ DW_AT_const_value
	.byte	9                               @ Abbrev [9] 0x128:0x6 DW_TAG_enumerator
	.long	.Linfo_string27                 @ DW_AT_name
	.byte	24                              @ DW_AT_const_value
	.byte	9                               @ Abbrev [9] 0x12e:0x6 DW_TAG_enumerator
	.long	.Linfo_string28                 @ DW_AT_name
	.byte	25                              @ DW_AT_const_value
	.byte	9                               @ Abbrev [9] 0x134:0x6 DW_TAG_enumerator
	.long	.Linfo_string29                 @ DW_AT_name
	.byte	26                              @ DW_AT_const_value
	.byte	9                               @ Abbrev [9] 0x13a:0x6 DW_TAG_enumerator
	.long	.Linfo_string30                 @ DW_AT_name
	.byte	27                              @ DW_AT_const_value
	.byte	9                               @ Abbrev [9] 0x140:0x6 DW_TAG_enumerator
	.long	.Linfo_string31                 @ DW_AT_name
	.byte	28                              @ DW_AT_const_value
	.byte	9                               @ Abbrev [9] 0x146:0x6 DW_TAG_enumerator
	.long	.Linfo_string32                 @ DW_AT_name
	.byte	29                              @ DW_AT_const_value
	.byte	9                               @ Abbrev [9] 0x14c:0x6 DW_TAG_enumerator
	.long	.Linfo_string33                 @ DW_AT_name
	.byte	30                              @ DW_AT_const_value
	.byte	9                               @ Abbrev [9] 0x152:0x6 DW_TAG_enumerator
	.long	.Linfo_string34                 @ DW_AT_name
	.byte	31                              @ DW_AT_const_value
	.byte	9                               @ Abbrev [9] 0x158:0x6 DW_TAG_enumerator
	.long	.Linfo_string35                 @ DW_AT_name
	.byte	32                              @ DW_AT_const_value
	.byte	9                               @ Abbrev [9] 0x15e:0x6 DW_TAG_enumerator
	.long	.Linfo_string36                 @ DW_AT_name
	.byte	33                              @ DW_AT_const_value
	.byte	9                               @ Abbrev [9] 0x164:0x6 DW_TAG_enumerator
	.long	.Linfo_string37                 @ DW_AT_name
	.byte	34                              @ DW_AT_const_value
	.byte	9                               @ Abbrev [9] 0x16a:0x6 DW_TAG_enumerator
	.long	.Linfo_string38                 @ DW_AT_name
	.byte	35                              @ DW_AT_const_value
	.byte	9                               @ Abbrev [9] 0x170:0x6 DW_TAG_enumerator
	.long	.Linfo_string39                 @ DW_AT_name
	.byte	36                              @ DW_AT_const_value
	.byte	9                               @ Abbrev [9] 0x176:0x6 DW_TAG_enumerator
	.long	.Linfo_string40                 @ DW_AT_name
	.byte	37                              @ DW_AT_const_value
	.byte	9                               @ Abbrev [9] 0x17c:0x6 DW_TAG_enumerator
	.long	.Linfo_string41                 @ DW_AT_name
	.byte	38                              @ DW_AT_const_value
	.byte	9                               @ Abbrev [9] 0x182:0x6 DW_TAG_enumerator
	.long	.Linfo_string42                 @ DW_AT_name
	.byte	39                              @ DW_AT_const_value
	.byte	9                               @ Abbrev [9] 0x188:0x6 DW_TAG_enumerator
	.long	.Linfo_string43                 @ DW_AT_name
	.byte	40                              @ DW_AT_const_value
	.byte	9                               @ Abbrev [9] 0x18e:0x6 DW_TAG_enumerator
	.long	.Linfo_string44                 @ DW_AT_name
	.byte	41                              @ DW_AT_const_value
	.byte	9                               @ Abbrev [9] 0x194:0x6 DW_TAG_enumerator
	.long	.Linfo_string45                 @ DW_AT_name
	.byte	42                              @ DW_AT_const_value
	.byte	9                               @ Abbrev [9] 0x19a:0x6 DW_TAG_enumerator
	.long	.Linfo_string46                 @ DW_AT_name
	.byte	43                              @ DW_AT_const_value
	.byte	9                               @ Abbrev [9] 0x1a0:0x6 DW_TAG_enumerator
	.long	.Linfo_string47                 @ DW_AT_name
	.byte	44                              @ DW_AT_const_value
	.byte	9                               @ Abbrev [9] 0x1a6:0x6 DW_TAG_enumerator
	.long	.Linfo_string48                 @ DW_AT_name
	.byte	45                              @ DW_AT_const_value
	.byte	9                               @ Abbrev [9] 0x1ac:0x6 DW_TAG_enumerator
	.long	.Linfo_string49                 @ DW_AT_name
	.byte	46                              @ DW_AT_const_value
	.byte	9                               @ Abbrev [9] 0x1b2:0x6 DW_TAG_enumerator
	.long	.Linfo_string50                 @ DW_AT_name
	.byte	47                              @ DW_AT_const_value
	.byte	9                               @ Abbrev [9] 0x1b8:0x6 DW_TAG_enumerator
	.long	.Linfo_string51                 @ DW_AT_name
	.byte	48                              @ DW_AT_const_value
	.byte	9                               @ Abbrev [9] 0x1be:0x6 DW_TAG_enumerator
	.long	.Linfo_string52                 @ DW_AT_name
	.byte	49                              @ DW_AT_const_value
	.byte	9                               @ Abbrev [9] 0x1c4:0x6 DW_TAG_enumerator
	.long	.Linfo_string53                 @ DW_AT_name
	.byte	50                              @ DW_AT_const_value
	.byte	9                               @ Abbrev [9] 0x1ca:0x6 DW_TAG_enumerator
	.long	.Linfo_string54                 @ DW_AT_name
	.byte	51                              @ DW_AT_const_value
	.byte	9                               @ Abbrev [9] 0x1d0:0x6 DW_TAG_enumerator
	.long	.Linfo_string55                 @ DW_AT_name
	.byte	52                              @ DW_AT_const_value
	.byte	9                               @ Abbrev [9] 0x1d6:0x6 DW_TAG_enumerator
	.long	.Linfo_string56                 @ DW_AT_name
	.byte	53                              @ DW_AT_const_value
	.byte	9                               @ Abbrev [9] 0x1dc:0x6 DW_TAG_enumerator
	.long	.Linfo_string57                 @ DW_AT_name
	.byte	54                              @ DW_AT_const_value
	.byte	9                               @ Abbrev [9] 0x1e2:0x6 DW_TAG_enumerator
	.long	.Linfo_string58                 @ DW_AT_name
	.byte	55                              @ DW_AT_const_value
	.byte	9                               @ Abbrev [9] 0x1e8:0x6 DW_TAG_enumerator
	.long	.Linfo_string59                 @ DW_AT_name
	.byte	56                              @ DW_AT_const_value
	.byte	9                               @ Abbrev [9] 0x1ee:0x6 DW_TAG_enumerator
	.long	.Linfo_string60                 @ DW_AT_name
	.byte	57                              @ DW_AT_const_value
	.byte	9                               @ Abbrev [9] 0x1f4:0x6 DW_TAG_enumerator
	.long	.Linfo_string61                 @ DW_AT_name
	.byte	58                              @ DW_AT_const_value
	.byte	9                               @ Abbrev [9] 0x1fa:0x6 DW_TAG_enumerator
	.long	.Linfo_string62                 @ DW_AT_name
	.byte	59                              @ DW_AT_const_value
	.byte	9                               @ Abbrev [9] 0x200:0x6 DW_TAG_enumerator
	.long	.Linfo_string63                 @ DW_AT_name
	.byte	60                              @ DW_AT_const_value
	.byte	9                               @ Abbrev [9] 0x206:0x6 DW_TAG_enumerator
	.long	.Linfo_string64                 @ DW_AT_name
	.byte	61                              @ DW_AT_const_value
	.byte	9                               @ Abbrev [9] 0x20c:0x6 DW_TAG_enumerator
	.long	.Linfo_string65                 @ DW_AT_name
	.byte	62                              @ DW_AT_const_value
	.byte	9                               @ Abbrev [9] 0x212:0x6 DW_TAG_enumerator
	.long	.Linfo_string66                 @ DW_AT_name
	.byte	63                              @ DW_AT_const_value
	.byte	9                               @ Abbrev [9] 0x218:0x6 DW_TAG_enumerator
	.long	.Linfo_string67                 @ DW_AT_name
	.byte	64                              @ DW_AT_const_value
	.byte	9                               @ Abbrev [9] 0x21e:0x6 DW_TAG_enumerator
	.long	.Linfo_string68                 @ DW_AT_name
	.byte	65                              @ DW_AT_const_value
	.byte	9                               @ Abbrev [9] 0x224:0x6 DW_TAG_enumerator
	.long	.Linfo_string69                 @ DW_AT_name
	.byte	66                              @ DW_AT_const_value
	.byte	9                               @ Abbrev [9] 0x22a:0x6 DW_TAG_enumerator
	.long	.Linfo_string70                 @ DW_AT_name
	.byte	69                              @ DW_AT_const_value
	.byte	9                               @ Abbrev [9] 0x230:0x6 DW_TAG_enumerator
	.long	.Linfo_string71                 @ DW_AT_name
	.byte	70                              @ DW_AT_const_value
	.byte	9                               @ Abbrev [9] 0x236:0x6 DW_TAG_enumerator
	.long	.Linfo_string72                 @ DW_AT_name
	.byte	67                              @ DW_AT_const_value
	.byte	9                               @ Abbrev [9] 0x23c:0x6 DW_TAG_enumerator
	.long	.Linfo_string73                 @ DW_AT_name
	.byte	68                              @ DW_AT_const_value
	.byte	9                               @ Abbrev [9] 0x242:0x7 DW_TAG_enumerator
	.long	.Linfo_string74                 @ DW_AT_name
	.ascii	"\240\001"                      @ DW_AT_const_value
	.byte	9                               @ Abbrev [9] 0x249:0x7 DW_TAG_enumerator
	.long	.Linfo_string75                 @ DW_AT_name
	.ascii	"\374\001"                      @ DW_AT_const_value
	.byte	9                               @ Abbrev [9] 0x250:0x7 DW_TAG_enumerator
	.long	.Linfo_string76                 @ DW_AT_name
	.ascii	"\375\001"                      @ DW_AT_const_value
	.byte	9                               @ Abbrev [9] 0x257:0x7 DW_TAG_enumerator
	.long	.Linfo_string77                 @ DW_AT_name
	.ascii	"\376\001"                      @ DW_AT_const_value
	.byte	9                               @ Abbrev [9] 0x25e:0x7 DW_TAG_enumerator
	.long	.Linfo_string78                 @ DW_AT_name
	.ascii	"\377\001"                      @ DW_AT_const_value
	.byte	0                               @ End Of Children Mark
	.byte	10                              @ Abbrev [10] 0x266:0x7 DW_TAG_base_type
	.long	.Linfo_string5                  @ DW_AT_name
	.byte	8                               @ DW_AT_encoding
	.byte	1                               @ DW_AT_byte_size
	.byte	11                              @ Abbrev [11] 0x26d:0x5 DW_TAG_pointer_type
	.long	626                             @ DW_AT_type
	.byte	5                               @ Abbrev [5] 0x272:0x5 DW_TAG_const_type
	.long	631                             @ DW_AT_type
	.byte	6                               @ Abbrev [6] 0x277:0x51 DW_TAG_structure_type
	.long	.Linfo_string94                 @ DW_AT_name
	.byte	20                              @ DW_AT_byte_size
	.byte	4                               @ DW_AT_decl_file
	.byte	52                              @ DW_AT_decl_line
	.byte	7                               @ Abbrev [7] 0x27f:0xc DW_TAG_member
	.long	.Linfo_string81                 @ DW_AT_name
	.long	712                             @ DW_AT_type
	.byte	4                               @ DW_AT_decl_file
	.byte	55                              @ DW_AT_decl_line
	.byte	0                               @ DW_AT_data_member_location
	.byte	7                               @ Abbrev [7] 0x28b:0xc DW_TAG_member
	.long	.Linfo_string83                 @ DW_AT_name
	.long	722                             @ DW_AT_type
	.byte	4                               @ DW_AT_decl_file
	.byte	57                              @ DW_AT_decl_line
	.byte	4                               @ DW_AT_data_member_location
	.byte	7                               @ Abbrev [7] 0x297:0xc DW_TAG_member
	.long	.Linfo_string84                 @ DW_AT_name
	.long	733                             @ DW_AT_type
	.byte	4                               @ DW_AT_decl_file
	.byte	59                              @ DW_AT_decl_line
	.byte	8                               @ DW_AT_data_member_location
	.byte	7                               @ Abbrev [7] 0x2a3:0xc DW_TAG_member
	.long	.Linfo_string88                 @ DW_AT_name
	.long	763                             @ DW_AT_type
	.byte	4                               @ DW_AT_decl_file
	.byte	63                              @ DW_AT_decl_line
	.byte	12                              @ DW_AT_data_member_location
	.byte	7                               @ Abbrev [7] 0x2af:0xc DW_TAG_member
	.long	.Linfo_string92                 @ DW_AT_name
	.long	763                             @ DW_AT_type
	.byte	4                               @ DW_AT_decl_file
	.byte	66                              @ DW_AT_decl_line
	.byte	14                              @ DW_AT_data_member_location
	.byte	7                               @ Abbrev [7] 0x2bb:0xc DW_TAG_member
	.long	.Linfo_string93                 @ DW_AT_name
	.long	793                             @ DW_AT_type
	.byte	4                               @ DW_AT_decl_file
	.byte	68                              @ DW_AT_decl_line
	.byte	16                              @ DW_AT_data_member_location
	.byte	0                               @ End Of Children Mark
	.byte	11                              @ Abbrev [11] 0x2c8:0x5 DW_TAG_pointer_type
	.long	717                             @ DW_AT_type
	.byte	5                               @ Abbrev [5] 0x2cd:0x5 DW_TAG_const_type
	.long	722                             @ DW_AT_type
	.byte	12                              @ Abbrev [12] 0x2d2:0xb DW_TAG_typedef
	.long	614                             @ DW_AT_type
	.long	.Linfo_string82                 @ DW_AT_name
	.byte	3                               @ DW_AT_decl_file
	.byte	62                              @ DW_AT_decl_line
	.byte	13                              @ Abbrev [13] 0x2dd:0xc DW_TAG_typedef
	.long	745                             @ DW_AT_type
	.long	.Linfo_string87                 @ DW_AT_name
	.byte	5                               @ DW_AT_decl_file
	.short	347                             @ DW_AT_decl_line
	.byte	12                              @ Abbrev [12] 0x2e9:0xb DW_TAG_typedef
	.long	756                             @ DW_AT_type
	.long	.Linfo_string86                 @ DW_AT_name
	.byte	3                               @ DW_AT_decl_file
	.byte	64                              @ DW_AT_decl_line
	.byte	10                              @ Abbrev [10] 0x2f4:0x7 DW_TAG_base_type
	.long	.Linfo_string85                 @ DW_AT_name
	.byte	7                               @ DW_AT_encoding
	.byte	4                               @ DW_AT_byte_size
	.byte	13                              @ Abbrev [13] 0x2fb:0xc DW_TAG_typedef
	.long	775                             @ DW_AT_type
	.long	.Linfo_string91                 @ DW_AT_name
	.byte	6                               @ DW_AT_decl_file
	.short	771                             @ DW_AT_decl_line
	.byte	12                              @ Abbrev [12] 0x307:0xb DW_TAG_typedef
	.long	786                             @ DW_AT_type
	.long	.Linfo_string90                 @ DW_AT_name
	.byte	3                               @ DW_AT_decl_file
	.byte	63                              @ DW_AT_decl_line
	.byte	10                              @ Abbrev [10] 0x312:0x7 DW_TAG_base_type
	.long	.Linfo_string89                 @ DW_AT_name
	.byte	7                               @ DW_AT_encoding
	.byte	2                               @ DW_AT_byte_size
	.byte	11                              @ Abbrev [11] 0x319:0x5 DW_TAG_pointer_type
	.long	722                             @ DW_AT_type
	.byte	12                              @ Abbrev [12] 0x31e:0xb DW_TAG_typedef
	.long	809                             @ DW_AT_type
	.long	.Linfo_string97                 @ DW_AT_name
	.byte	2                               @ DW_AT_decl_file
	.byte	55                              @ DW_AT_decl_line
	.byte	11                              @ Abbrev [11] 0x329:0x5 DW_TAG_pointer_type
	.long	814                             @ DW_AT_type
	.byte	14                              @ Abbrev [14] 0x32e:0x1 DW_TAG_subroutine_type
                                        @ DW_AT_prototyped
	.byte	12                              @ Abbrev [12] 0x32f:0xb DW_TAG_typedef
	.long	826                             @ DW_AT_type
	.long	.Linfo_string99                 @ DW_AT_name
	.byte	2                               @ DW_AT_decl_file
	.byte	57                              @ DW_AT_decl_line
	.byte	11                              @ Abbrev [11] 0x33a:0x5 DW_TAG_pointer_type
	.long	831                             @ DW_AT_type
	.byte	15                              @ Abbrev [15] 0x33f:0x7 DW_TAG_subroutine_type
                                        @ DW_AT_prototyped
	.byte	16                              @ Abbrev [16] 0x340:0x5 DW_TAG_formal_parameter
	.long	722                             @ DW_AT_type
	.byte	0                               @ End Of Children Mark
	.byte	12                              @ Abbrev [12] 0x346:0xb DW_TAG_typedef
	.long	849                             @ DW_AT_type
	.long	.Linfo_string102                @ DW_AT_name
	.byte	2                               @ DW_AT_decl_file
	.byte	59                              @ DW_AT_decl_line
	.byte	11                              @ Abbrev [11] 0x351:0x5 DW_TAG_pointer_type
	.long	854                             @ DW_AT_type
	.byte	17                              @ Abbrev [17] 0x356:0x1a DW_TAG_subroutine_type
	.long	722                             @ DW_AT_type
                                        @ DW_AT_prototyped
	.byte	16                              @ Abbrev [16] 0x35b:0x5 DW_TAG_formal_parameter
	.long	775                             @ DW_AT_type
	.byte	16                              @ Abbrev [16] 0x360:0x5 DW_TAG_formal_parameter
	.long	775                             @ DW_AT_type
	.byte	16                              @ Abbrev [16] 0x365:0x5 DW_TAG_formal_parameter
	.long	775                             @ DW_AT_type
	.byte	16                              @ Abbrev [16] 0x36a:0x5 DW_TAG_formal_parameter
	.long	793                             @ DW_AT_type
	.byte	0                               @ End Of Children Mark
	.byte	18                              @ Abbrev [18] 0x370:0x7 DW_TAG_base_type
	.long	.Linfo_string104                @ DW_AT_name
	.byte	8                               @ DW_AT_byte_size
	.byte	7                               @ DW_AT_encoding
	.byte	0                               @ End Of Children Mark
.Ldebug_info_end0:
	.section	.debug_str,"MS",%progbits,1
.Linfo_string0:
	.asciz	"Component: Arm Compiler for Embedded 6.23 Tool: armclang [5f103000]" @ string offset=0
.Linfo_string1:
	.asciz	"../src/custom_profile\\user_custs_config.c" @ string offset=68
.Linfo_string2:
	.asciz	"C:\\Users\\teodor\\Desktop\\stem\\codeless\\6.0.24.1464\\projects\\target_apps\\ble_examples\\empty_peripheral_template\\Keil_5" @ string offset=110
.Linfo_string3:
	.asciz	"cust_prf_funcs"                @ string offset=227
.Linfo_string4:
	.asciz	"task_id"                       @ string offset=242
.Linfo_string5:
	.asciz	"unsigned char"                 @ string offset=250
.Linfo_string6:
	.asciz	"TASK_ID_LLM"                   @ string offset=264
.Linfo_string7:
	.asciz	"TASK_ID_LLC"                   @ string offset=276
.Linfo_string8:
	.asciz	"TASK_ID_LLD"                   @ string offset=288
.Linfo_string9:
	.asciz	"TASK_ID_DBG"                   @ string offset=300
.Linfo_string10:
	.asciz	"TASK_ID_LM"                    @ string offset=312
.Linfo_string11:
	.asciz	"TASK_ID_LC"                    @ string offset=323
.Linfo_string12:
	.asciz	"TASK_ID_LB"                    @ string offset=334
.Linfo_string13:
	.asciz	"TASK_ID_LD"                    @ string offset=345
.Linfo_string14:
	.asciz	"TASK_ID_HCI"                   @ string offset=356
.Linfo_string15:
	.asciz	"TASK_ID_DISPLAY"               @ string offset=368
.Linfo_string16:
	.asciz	"TASK_ID_L2CC"                  @ string offset=384
.Linfo_string17:
	.asciz	"TASK_ID_GATTM"                 @ string offset=397
.Linfo_string18:
	.asciz	"TASK_ID_GATTC"                 @ string offset=411
.Linfo_string19:
	.asciz	"TASK_ID_GAPM"                  @ string offset=425
.Linfo_string20:
	.asciz	"TASK_ID_GAPC"                  @ string offset=438
.Linfo_string21:
	.asciz	"TASK_ID_APP"                   @ string offset=451
.Linfo_string22:
	.asciz	"TASK_ID_GTL"                   @ string offset=463
.Linfo_string23:
	.asciz	"TASK_ID_DISS"                  @ string offset=475
.Linfo_string24:
	.asciz	"TASK_ID_DISC"                  @ string offset=488
.Linfo_string25:
	.asciz	"TASK_ID_PROXM"                 @ string offset=501
.Linfo_string26:
	.asciz	"TASK_ID_PROXR"                 @ string offset=515
.Linfo_string27:
	.asciz	"TASK_ID_FINDL"                 @ string offset=529
.Linfo_string28:
	.asciz	"TASK_ID_FINDT"                 @ string offset=543
.Linfo_string29:
	.asciz	"TASK_ID_HTPC"                  @ string offset=557
.Linfo_string30:
	.asciz	"TASK_ID_HTPT"                  @ string offset=570
.Linfo_string31:
	.asciz	"TASK_ID_BLPS"                  @ string offset=583
.Linfo_string32:
	.asciz	"TASK_ID_BLPC"                  @ string offset=596
.Linfo_string33:
	.asciz	"TASK_ID_HRPS"                  @ string offset=609
.Linfo_string34:
	.asciz	"TASK_ID_HRPC"                  @ string offset=622
.Linfo_string35:
	.asciz	"TASK_ID_TIPS"                  @ string offset=635
.Linfo_string36:
	.asciz	"TASK_ID_TIPC"                  @ string offset=648
.Linfo_string37:
	.asciz	"TASK_ID_SCPPS"                 @ string offset=661
.Linfo_string38:
	.asciz	"TASK_ID_SCPPC"                 @ string offset=675
.Linfo_string39:
	.asciz	"TASK_ID_BASS"                  @ string offset=689
.Linfo_string40:
	.asciz	"TASK_ID_BASC"                  @ string offset=702
.Linfo_string41:
	.asciz	"TASK_ID_HOGPD"                 @ string offset=715
.Linfo_string42:
	.asciz	"TASK_ID_HOGPBH"                @ string offset=729
.Linfo_string43:
	.asciz	"TASK_ID_HOGPRH"                @ string offset=744
.Linfo_string44:
	.asciz	"TASK_ID_GLPS"                  @ string offset=759
.Linfo_string45:
	.asciz	"TASK_ID_GLPC"                  @ string offset=772
.Linfo_string46:
	.asciz	"TASK_ID_RSCPS"                 @ string offset=785
.Linfo_string47:
	.asciz	"TASK_ID_RSCPC"                 @ string offset=799
.Linfo_string48:
	.asciz	"TASK_ID_CSCPS"                 @ string offset=813
.Linfo_string49:
	.asciz	"TASK_ID_CSCPC"                 @ string offset=827
.Linfo_string50:
	.asciz	"TASK_ID_ANPS"                  @ string offset=841
.Linfo_string51:
	.asciz	"TASK_ID_ANPC"                  @ string offset=854
.Linfo_string52:
	.asciz	"TASK_ID_PASPS"                 @ string offset=867
.Linfo_string53:
	.asciz	"TASK_ID_PASPC"                 @ string offset=881
.Linfo_string54:
	.asciz	"TASK_ID_CPPS"                  @ string offset=895
.Linfo_string55:
	.asciz	"TASK_ID_CPPC"                  @ string offset=908
.Linfo_string56:
	.asciz	"TASK_ID_LANS"                  @ string offset=921
.Linfo_string57:
	.asciz	"TASK_ID_LANC"                  @ string offset=934
.Linfo_string58:
	.asciz	"TASK_ID_BMSS"                  @ string offset=947
.Linfo_string59:
	.asciz	"TASK_ID_BMSC"                  @ string offset=960
.Linfo_string60:
	.asciz	"TASK_ID_BCSS"                  @ string offset=973
.Linfo_string61:
	.asciz	"TASK_ID_BCSC"                  @ string offset=986
.Linfo_string62:
	.asciz	"TASK_ID_UDSS"                  @ string offset=999
.Linfo_string63:
	.asciz	"TASK_ID_UDSC"                  @ string offset=1012
.Linfo_string64:
	.asciz	"TASK_ID_WSSS"                  @ string offset=1025
.Linfo_string65:
	.asciz	"TASK_ID_WSSC"                  @ string offset=1038
.Linfo_string66:
	.asciz	"TASK_ID_CTSS"                  @ string offset=1051
.Linfo_string67:
	.asciz	"TASK_ID_CTSC"                  @ string offset=1064
.Linfo_string68:
	.asciz	"TASK_ID_ANCC"                  @ string offset=1077
.Linfo_string69:
	.asciz	"TASK_ID_GATT_CLIENT"           @ string offset=1090
.Linfo_string70:
	.asciz	"TASK_ID_CGMS"                  @ string offset=1110
.Linfo_string71:
	.asciz	"TASK_ID_CGMC"                  @ string offset=1123
.Linfo_string72:
	.asciz	"TASK_ID_PLXS"                  @ string offset=1136
.Linfo_string73:
	.asciz	"TASK_ID_PLXC"                  @ string offset=1149
.Linfo_string74:
	.asciz	"TASK_ID_FSP_EXT"               @ string offset=1162
.Linfo_string75:
	.asciz	"TASK_ID_SUOTAR"                @ string offset=1178
.Linfo_string76:
	.asciz	"TASK_ID_CUSTS1"                @ string offset=1193
.Linfo_string77:
	.asciz	"TASK_ID_CUSTS2"                @ string offset=1208
.Linfo_string78:
	.asciz	"TASK_ID_INVALID"               @ string offset=1223
.Linfo_string79:
	.asciz	"KE_API_ID"                     @ string offset=1239
.Linfo_string80:
	.asciz	"att_db"                        @ string offset=1249
.Linfo_string81:
	.asciz	"uuid"                          @ string offset=1256
.Linfo_string82:
	.asciz	"uint8_t"                       @ string offset=1261
.Linfo_string83:
	.asciz	"uuid_size"                     @ string offset=1269
.Linfo_string84:
	.asciz	"perm"                          @ string offset=1279
.Linfo_string85:
	.asciz	"unsigned int"                  @ string offset=1284
.Linfo_string86:
	.asciz	"uint32_t"                      @ string offset=1297
.Linfo_string87:
	.asciz	"att_perm_type"                 @ string offset=1306
.Linfo_string88:
	.asciz	"max_length"                    @ string offset=1320
.Linfo_string89:
	.asciz	"unsigned short"                @ string offset=1331
.Linfo_string90:
	.asciz	"uint16_t"                      @ string offset=1346
.Linfo_string91:
	.asciz	"att_size_t"                    @ string offset=1355
.Linfo_string92:
	.asciz	"length"                        @ string offset=1366
.Linfo_string93:
	.asciz	"value"                         @ string offset=1373
.Linfo_string94:
	.asciz	"attm_desc_128"                 @ string offset=1379
.Linfo_string95:
	.asciz	"max_nb_att"                    @ string offset=1393
.Linfo_string96:
	.asciz	"db_create_func"                @ string offset=1404
.Linfo_string97:
	.asciz	"prf_func_void_t"               @ string offset=1419
.Linfo_string98:
	.asciz	"enable_func"                   @ string offset=1435
.Linfo_string99:
	.asciz	"prf_func_uint8_t"              @ string offset=1447
.Linfo_string100:
	.asciz	"init_func"                     @ string offset=1464
.Linfo_string101:
	.asciz	"value_wr_validation_func"      @ string offset=1474
.Linfo_string102:
	.asciz	"prf_func_validate_t"           @ string offset=1499
.Linfo_string103:
	.asciz	"cust_prf_func_callbacks"       @ string offset=1519
.Linfo_string104:
	.asciz	"__ARRAY_SIZE_TYPE__"           @ string offset=1543
	.ident	"Component: Arm Compiler for Embedded 6.23 Tool: armclang [5f103000]"
	.section	".note.GNU-stack","",%progbits
	.ARM_attribute	16, 1	@ Tag_AV_eba
	.section	.debug_line,"",%progbits
.Lline_table_start0:
